################################################################################
#                                                                              #
#      IAR Universal Linker V5.0.2.5/W32                                       #
#                                                                              #
#           Link time     =  04/Dec/2016  22:38:11                             #
#           Target CPU    =  x51                                               #
#           List file     =  C:\Users\freeman\Documents\work\NBK\Nikon\NikonSt #
#                            m32\Nikon_Rf\SimpliciTI-IAR-1.2.0\Projects\Exampl #
#                            es\SRF05_8051\nik_sb5000\IAR\LinkTo\List\UART_Bri #
#                            dge.map                                           #
#           Output file 1 =  C:\Users\freeman\Documents\work\NBK\Nikon\NikonSt #
#                            m32\Nikon_Rf\SimpliciTI-IAR-1.2.0\Projects\Exampl #
#                            es\SRF05_8051\nik_sb5000\IAR\LinkTo\Exe\UART_Brid #
#                            ge.sim                                            #
#                            Format: simple-code                               #
#           Output file 2 =  C:\Users\freeman\Documents\work\NBK\Nikon\NikonSt #
#                            m32\Nikon_Rf\SimpliciTI-IAR-1.2.0\Projects\Exampl #
#                            es\SRF05_8051\nik_sb5000\IAR\LinkTo\Exe\UART_Brid #
#                            ge.a51                                            #
#                            Format: debug                                     #
#                            UBROF version 10.0.3                              #
#                            Using library modules for C-SPY (-rt)             #
#           Command line  =  "-IC:\Program Files (x86)\IAR Systems\Embedded Wo #
#                            rkbench 6.0\8051\CONFIG\"                         #
#                            -D_NR_OF_BANKS=0x07 -D_CODEBANK_END=0xFFFF        #
#                            -D_CODEBANK_START=0x8000 -D?CBANK_MASK=0x07       #
#                            -D?CBANK=0x9F                                     #
#                            C:\Users\freeman\Documents\work\NBK\Nikon\NikonSt #
#                            m32\Nikon_Rf\SimpliciTI-IAR-1.2.0\Projects\Exampl #
#                            es\SRF05_8051\nik_sb5000\IAR\LinkTo\Obj\OSAL.r51  #
#                            C:\Users\freeman\Documents\work\NBK\Nikon\NikonSt #
#                            m32\Nikon_Rf\SimpliciTI-IAR-1.2.0\Projects\Exampl #
#                            es\SRF05_8051\nik_sb5000\IAR\LinkTo\Obj\OSAL_Cloc #
#                            k.r51                                             #
#                            C:\Users\freeman\Documents\work\NBK\Nikon\NikonSt #
#                            m32\Nikon_Rf\SimpliciTI-IAR-1.2.0\Projects\Exampl #
#                            es\SRF05_8051\nik_sb5000\IAR\LinkTo\Obj\OSAL_Memo #
#                            ry.r51                                            #
#                            C:\Users\freeman\Documents\work\NBK\Nikon\NikonSt #
#                            m32\Nikon_Rf\SimpliciTI-IAR-1.2.0\Projects\Exampl #
#                            es\SRF05_8051\nik_sb5000\IAR\LinkTo\Obj\OSAL_Nv.r #
#                            51                                                #
#                            C:\Users\freeman\Documents\work\NBK\Nikon\NikonSt #
#                            m32\Nikon_Rf\SimpliciTI-IAR-1.2.0\Projects\Exampl #
#                            es\SRF05_8051\nik_sb5000\IAR\LinkTo\Obj\OSAL_PwrM #
#                            gr.r51                                            #
#                            C:\Users\freeman\Documents\work\NBK\Nikon\NikonSt #
#                            m32\Nikon_Rf\SimpliciTI-IAR-1.2.0\Projects\Exampl #
#                            es\SRF05_8051\nik_sb5000\IAR\LinkTo\Obj\OSAL_Time #
#                            rs.r51                                            #
#                            C:\Users\freeman\Documents\work\NBK\Nikon\NikonSt #
#                            m32\Nikon_Rf\SimpliciTI-IAR-1.2.0\Projects\Exampl #
#                            es\SRF05_8051\nik_sb5000\IAR\LinkTo\Obj\OnBoard.r #
#                            51                                                #
#                            C:\Users\freeman\Documents\work\NBK\Nikon\NikonSt #
#                            m32\Nikon_Rf\SimpliciTI-IAR-1.2.0\Projects\Exampl #
#                            es\SRF05_8051\nik_sb5000\IAR\LinkTo\Obj\bsp.r51   #
#                            C:\Users\freeman\Documents\work\NBK\Nikon\NikonSt #
#                            m32\Nikon_Rf\SimpliciTI-IAR-1.2.0\Projects\Exampl #
#                            es\SRF05_8051\nik_sb5000\IAR\LinkTo\Obj\chipcon_c #
#                            startup.r51                                       #
#                            C:\Users\freeman\Documents\work\NBK\Nikon\NikonSt #
#                            m32\Nikon_Rf\SimpliciTI-IAR-1.2.0\Projects\Exampl #
#                            es\SRF05_8051\nik_sb5000\IAR\LinkTo\Obj\hal_adc.r #
#                            51                                                #
#                            C:\Users\freeman\Documents\work\NBK\Nikon\NikonSt #
#                            m32\Nikon_Rf\SimpliciTI-IAR-1.2.0\Projects\Exampl #
#                            es\SRF05_8051\nik_sb5000\IAR\LinkTo\Obj\hal_asser #
#                            t.r51                                             #
#                            C:\Users\freeman\Documents\work\NBK\Nikon\NikonSt #
#                            m32\Nikon_Rf\SimpliciTI-IAR-1.2.0\Projects\Exampl #
#                            es\SRF05_8051\nik_sb5000\IAR\LinkTo\Obj\hal_dma.r #
#                            51                                                #
#                            C:\Users\freeman\Documents\work\NBK\Nikon\NikonSt #
#                            m32\Nikon_Rf\SimpliciTI-IAR-1.2.0\Projects\Exampl #
#                            es\SRF05_8051\nik_sb5000\IAR\LinkTo\Obj\hal_drive #
#                            rs.r51                                            #
#                            C:\Users\freeman\Documents\work\NBK\Nikon\NikonSt #
#                            m32\Nikon_Rf\SimpliciTI-IAR-1.2.0\Projects\Exampl #
#                            es\SRF05_8051\nik_sb5000\IAR\LinkTo\Obj\hal_flash #
#                            .r51                                              #
#                            C:\Users\freeman\Documents\work\NBK\Nikon\NikonSt #
#                            m32\Nikon_Rf\SimpliciTI-IAR-1.2.0\Projects\Exampl #
#                            es\SRF05_8051\nik_sb5000\IAR\LinkTo\Obj\hal_key.r #
#                            51                                                #
#                            C:\Users\freeman\Documents\work\NBK\Nikon\NikonSt #
#                            m32\Nikon_Rf\SimpliciTI-IAR-1.2.0\Projects\Exampl #
#                            es\SRF05_8051\nik_sb5000\IAR\LinkTo\Obj\hal_lcd.r #
#                            51                                                #
#                            C:\Users\freeman\Documents\work\NBK\Nikon\NikonSt #
#                            m32\Nikon_Rf\SimpliciTI-IAR-1.2.0\Projects\Exampl #
#                            es\SRF05_8051\nik_sb5000\IAR\LinkTo\Obj\hal_led.r #
#                            51                                                #
#                            C:\Users\freeman\Documents\work\NBK\Nikon\NikonSt #
#                            m32\Nikon_Rf\SimpliciTI-IAR-1.2.0\Projects\Exampl #
#                            es\SRF05_8051\nik_sb5000\IAR\LinkTo\Obj\hal_sleep #
#                            .r51                                              #
#                            C:\Users\freeman\Documents\work\NBK\Nikon\NikonSt #
#                            m32\Nikon_Rf\SimpliciTI-IAR-1.2.0\Projects\Exampl #
#                            es\SRF05_8051\nik_sb5000\IAR\LinkTo\Obj\hal_start #
#                            up.r51                                            #
#                            C:\Users\freeman\Documents\work\NBK\Nikon\NikonSt #
#                            m32\Nikon_Rf\SimpliciTI-IAR-1.2.0\Projects\Exampl #
#                            es\SRF05_8051\nik_sb5000\IAR\LinkTo\Obj\hal_timer #
#                            .r51                                              #
#                            C:\Users\freeman\Documents\work\NBK\Nikon\NikonSt #
#                            m32\Nikon_Rf\SimpliciTI-IAR-1.2.0\Projects\Exampl #
#                            es\SRF05_8051\nik_sb5000\IAR\LinkTo\Obj\hal_uart. #
#                            r51                                               #
#                            C:\Users\freeman\Documents\work\NBK\Nikon\NikonSt #
#                            m32\Nikon_Rf\SimpliciTI-IAR-1.2.0\Projects\Exampl #
#                            es\SRF05_8051\nik_sb5000\IAR\LinkTo\Obj\mac_autop #
#                            end.r51                                           #
#                            C:\Users\freeman\Documents\work\NBK\Nikon\NikonSt #
#                            m32\Nikon_Rf\SimpliciTI-IAR-1.2.0\Projects\Exampl #
#                            es\SRF05_8051\nik_sb5000\IAR\LinkTo\Obj\mac_backo #
#                            ff_timer.r51                                      #
#                            C:\Users\freeman\Documents\work\NBK\Nikon\NikonSt #
#                            m32\Nikon_Rf\SimpliciTI-IAR-1.2.0\Projects\Exampl #
#                            es\SRF05_8051\nik_sb5000\IAR\LinkTo\Obj\mac_cfg.r #
#                            51                                                #
#                            C:\Users\freeman\Documents\work\NBK\Nikon\NikonSt #
#                            m32\Nikon_Rf\SimpliciTI-IAR-1.2.0\Projects\Exampl #
#                            es\SRF05_8051\nik_sb5000\IAR\LinkTo\Obj\mac_low_l #
#                            evel.r51                                          #
#                            C:\Users\freeman\Documents\work\NBK\Nikon\NikonSt #
#                            m32\Nikon_Rf\SimpliciTI-IAR-1.2.0\Projects\Exampl #
#                            es\SRF05_8051\nik_sb5000\IAR\LinkTo\Obj\mac_radio #
#                            .r51                                              #
#                            C:\Users\freeman\Documents\work\NBK\Nikon\NikonSt #
#                            m32\Nikon_Rf\SimpliciTI-IAR-1.2.0\Projects\Exampl #
#                            es\SRF05_8051\nik_sb5000\IAR\LinkTo\Obj\mac_rx.r5 #
#                            1                                                 #
#                            C:\Users\freeman\Documents\work\NBK\Nikon\NikonSt #
#                            m32\Nikon_Rf\SimpliciTI-IAR-1.2.0\Projects\Exampl #
#                            es\SRF05_8051\nik_sb5000\IAR\LinkTo\Obj\mac_rx_on #
#                            off.r51                                           #
#                            C:\Users\freeman\Documents\work\NBK\Nikon\NikonSt #
#                            m32\Nikon_Rf\SimpliciTI-IAR-1.2.0\Projects\Exampl #
#                            es\SRF05_8051\nik_sb5000\IAR\LinkTo\Obj\mac_sleep #
#                            .r51                                              #
#                            C:\Users\freeman\Documents\work\NBK\Nikon\NikonSt #
#                            m32\Nikon_Rf\SimpliciTI-IAR-1.2.0\Projects\Exampl #
#                            es\SRF05_8051\nik_sb5000\IAR\LinkTo\Obj\mac_tx.r5 #
#                            1                                                 #
#                            C:\Users\freeman\Documents\work\NBK\Nikon\NikonSt #
#                            m32\Nikon_Rf\SimpliciTI-IAR-1.2.0\Projects\Exampl #
#                            es\SRF05_8051\nik_sb5000\IAR\LinkTo\Obj\main_UART #
#                            _Bridge.r51                                       #
#                            C:\Users\freeman\Documents\work\NBK\Nikon\NikonSt #
#                            m32\Nikon_Rf\SimpliciTI-IAR-1.2.0\Projects\Exampl #
#                            es\SRF05_8051\nik_sb5000\IAR\LinkTo\Obj\mrfi.r51  #
#                            C:\Users\freeman\Documents\work\NBK\Nikon\NikonSt #
#                            m32\Nikon_Rf\SimpliciTI-IAR-1.2.0\Projects\Exampl #
#                            es\SRF05_8051\nik_sb5000\IAR\LinkTo\Obj\nwk.r51   #
#                            C:\Users\freeman\Documents\work\NBK\Nikon\NikonSt #
#                            m32\Nikon_Rf\SimpliciTI-IAR-1.2.0\Projects\Exampl #
#                            es\SRF05_8051\nik_sb5000\IAR\LinkTo\Obj\nwk_QMgmt #
#                            .r51                                              #
#                            C:\Users\freeman\Documents\work\NBK\Nikon\NikonSt #
#                            m32\Nikon_Rf\SimpliciTI-IAR-1.2.0\Projects\Exampl #
#                            es\SRF05_8051\nik_sb5000\IAR\LinkTo\Obj\nwk_api.r #
#                            51                                                #
#                            C:\Users\freeman\Documents\work\NBK\Nikon\NikonSt #
#                            m32\Nikon_Rf\SimpliciTI-IAR-1.2.0\Projects\Exampl #
#                            es\SRF05_8051\nik_sb5000\IAR\LinkTo\Obj\nwk_frame #
#                            .r51                                              #
#                            C:\Users\freeman\Documents\work\NBK\Nikon\NikonSt #
#                            m32\Nikon_Rf\SimpliciTI-IAR-1.2.0\Projects\Exampl #
#                            es\SRF05_8051\nik_sb5000\IAR\LinkTo\Obj\nwk_freq. #
#                            r51                                               #
#                            C:\Users\freeman\Documents\work\NBK\Nikon\NikonSt #
#                            m32\Nikon_Rf\SimpliciTI-IAR-1.2.0\Projects\Exampl #
#                            es\SRF05_8051\nik_sb5000\IAR\LinkTo\Obj\nwk_globa #
#                            ls.r51                                            #
#                            C:\Users\freeman\Documents\work\NBK\Nikon\NikonSt #
#                            m32\Nikon_Rf\SimpliciTI-IAR-1.2.0\Projects\Exampl #
#                            es\SRF05_8051\nik_sb5000\IAR\LinkTo\Obj\nwk_ioctl #
#                            .r51                                              #
#                            C:\Users\freeman\Documents\work\NBK\Nikon\NikonSt #
#                            m32\Nikon_Rf\SimpliciTI-IAR-1.2.0\Projects\Exampl #
#                            es\SRF05_8051\nik_sb5000\IAR\LinkTo\Obj\nwk_join. #
#                            r51                                               #
#                            C:\Users\freeman\Documents\work\NBK\Nikon\NikonSt #
#                            m32\Nikon_Rf\SimpliciTI-IAR-1.2.0\Projects\Exampl #
#                            es\SRF05_8051\nik_sb5000\IAR\LinkTo\Obj\nwk_link. #
#                            r51                                               #
#                            C:\Users\freeman\Documents\work\NBK\Nikon\NikonSt #
#                            m32\Nikon_Rf\SimpliciTI-IAR-1.2.0\Projects\Exampl #
#                            es\SRF05_8051\nik_sb5000\IAR\LinkTo\Obj\nwk_mgmt. #
#                            r51                                               #
#                            C:\Users\freeman\Documents\work\NBK\Nikon\NikonSt #
#                            m32\Nikon_Rf\SimpliciTI-IAR-1.2.0\Projects\Exampl #
#                            es\SRF05_8051\nik_sb5000\IAR\LinkTo\Obj\nwk_ping. #
#                            r51                                               #
#                            C:\Users\freeman\Documents\work\NBK\Nikon\NikonSt #
#                            m32\Nikon_Rf\SimpliciTI-IAR-1.2.0\Projects\Exampl #
#                            es\SRF05_8051\nik_sb5000\IAR\LinkTo\Obj\nwk_pll.r #
#                            51                                                #
#                            C:\Users\freeman\Documents\work\NBK\Nikon\NikonSt #
#                            m32\Nikon_Rf\SimpliciTI-IAR-1.2.0\Projects\Exampl #
#                            es\SRF05_8051\nik_sb5000\IAR\LinkTo\Obj\nwk_secur #
#                            ity.r51                                           #
#                            C:\Users\freeman\Documents\work\NBK\Nikon\NikonSt #
#                            m32\Nikon_Rf\SimpliciTI-IAR-1.2.0\Projects\Exampl #
#                            es\SRF05_8051\nik_sb5000\IAR\LinkTo\Obj\saddr.r51 #
#                            C:\Users\freeman\Documents\work\NBK\Nikon\NikonSt #
#                            m32\Nikon_Rf\SimpliciTI-IAR-1.2.0\Projects\Exampl #
#                            es\SRF05_8051\nik_sb5000\IAR\LinkTo\Obj\uart.r51  #
#                            C:\Users\freeman\Documents\work\NBK\Nikon\NikonSt #
#                            m32\Nikon_Rf\SimpliciTI-IAR-1.2.0\Projects\Exampl #
#                            es\SRF05_8051\nik_sb5000\IAR\LinkTo\Obj\uart_intf #
#                            c.r51                                             #
#                            -o                                                #
#                            C:\Users\freeman\Documents\work\NBK\Nikon\NikonSt #
#                            m32\Nikon_Rf\SimpliciTI-IAR-1.2.0\Projects\Exampl #
#                            es\SRF05_8051\nik_sb5000\IAR\LinkTo\Exe\UART_Brid #
#                            ge.a51                                            #
#                            -l                                                #
#                            C:\Users\freeman\Documents\work\NBK\Nikon\NikonSt #
#                            m32\Nikon_Rf\SimpliciTI-IAR-1.2.0\Projects\Exampl #
#                            es\SRF05_8051\nik_sb5000\IAR\LinkTo\List\UART_Bri #
#                            dge.map                                           #
#                            -xmsn                                             #
#                            "-IC:\Program Files (x86)\IAR Systems\Embedded Wo #
#                            rkbench 6.0\8051\LIB\"                            #
#                            -f                                                #
#                            C:\Users\freeman\Documents\work\NBK\Nikon\NikonSt #
#                            m32\Nikon_Rf\SimpliciTI-IAR-1.2.0\Projects\Exampl #
#                            es\SRF05_8051\nik_sb5000\IAR\Tools\CC2530DB\oad.x #
#                            cl                                                #
#                            (-D_XDATA_START=0x0001 -D_XDATA_END=0x1EFF        #
#                            -D_IDATA_END=0xFF -D_CODE_START=0x2000            #
#                            -D_CODE_END=0x7FFF -D_FIRST_BANK_ADDR=0x10000     #
#                            -D?REGISTER_BANK=0 -D_REGISTER_BANK_START=0       #
#                            -D?PBANK_NUMBER=00 -D?PBANK=93                    #
#                            -D_BREG_START=0x00 -D?VB=0x20                     #
#                            -Z(BIT)BREG=_BREG_START -Z(BIT)BIT_N=0-7F         #
#                            -Z(DATA)REGISTERS+8=_REGISTER_BANK_START          #
#                            -Z(DATA)BDATA_Z,BDATA_N,BDATA_I=20-2F             #
#                            -Z(DATA)VREG+_NR_OF_VIRTUAL_REGISTERS=08-7F       #
#                            -Z(DATA)PSP,XSP=08-7F -Z(DATA)DOVERLAY=08-7F      #
#                            -Z(DATA)DATA_I,DATA_Z,DATA_N=08-7F                #
#                            -U(IDATA)0-7F=(DATA)0-7F                          #
#                            -Z(IDATA)IDATA_I,IDATA_Z,IDATA_N=08-_IDATA_END    #
#                            -Z(IDATA)ISTACK+_IDATA_STACK_SIZE#08-_IDATA_END   #
#                            -Z(IDATA)IOVERLAY=08-FF                           #
#                            -Z(CODE)INTVEC=_CODE_START                        #
#                            -Z(CODE)CHECKSUM=0x2088-0x2089                    #
#                            -Z(CODE)CRC_SHDW=0x208A-0x208B                    #
#                            -Z(CODE)PREAMBLE=0x208C-0x2097                    #
#                            -Z(CODE)BIT_ID,BDATA_ID,DATA_ID,IDATA_ID,IXDATA_I #
#                            D,PDATA_ID,XDATA_ID=_CODE_START-_CODE_END         #
#                            -Z(CODE)RAM_CODE_FLASH=_RAM_CODE_FLASH_START-_RAM #
#                            _CODE_FLASH_END                                   #
#                            -D_SLEEP_CODE_SPACE_START=(_CODE_END-7)           #
#                            -D_SLEEP_CODE_SPACE_END=(_CODE_END)               #
#                            -Z(CODE)SLEEP_CODE=_SLEEP_CODE_SPACE_START-_SLEEP #
#                            _CODE_SPACE_END                                   #
#                            -P(CODE)CSTART,BANK_RELAYS,RCODE,DIFUNCT,NEAR_COD #
#                            E=_CODE_START-_CODE_END                           #
#                            -P(CODE)CODE_C=_CODE_START-_CODE_END              #
#                            -P(CONST)XDATA_ROM_C=0x8000-0xFFFF                #
#                            -P(CODE)XDATA_ROM_C_FLASH=0x18000-0x1FFFF         #
#                            -QXDATA_ROM_C=XDATA_ROM_C_FLASH                   #
#                            -P(CODE)BANKED_CODE=_CODE_START-_CODE_END,0x18000 #
#                            -0x1FFFF,0x28000-0x2FFFF,0x38000-0x3FFFF,0x48000- #
#                            0x4FFFF,0x58000-0x5FFFF,0x68000-0x6FFFF,0x78000-0 #
#                            x7C7FF                                            #
#                            -Z(XDATA)XSTACK+_XDATA_STACK_SIZE=_XDATA_START-_X #
#                            DATA_END                                          #
#                            -Z(XDATA)XDATA_Z,XDATA_I=_XDATA_START-_XDATA_END  #
#                            -P(XDATA)XDATA_N=_XDATA_START-_XDATA_END -cx51    #
#                            -D_RAM_CODE_XDATA_START=0x01EDD                   #
#                            -D_RAM_CODE_XDATA_END=(_RAM_CODE_XDATA_START+0x22 #
#                            )                                                 #
#                            -Z(XDATA)RAM_CODE_XDATA=_RAM_CODE_XDATA_START-_RA #
#                            M_CODE_XDATA_END                                  #
#                            -D_RAM_CODE_FLASH_START=0x39EDD                   #
#                            -D_RAM_CODE_FLASH_END=(_RAM_CODE_FLASH_START+0x22 #
#                            )                                                 #
#                            -D_ZIGNV_ADDRESS_SPACE_START=(((_NR_OF_BANKS+1)*_ #
#                            FIRST_BANK_ADDR)-0x3800)                          #
#                            -D_ZIGNV_ADDRESS_SPACE_END=(_ZIGNV_ADDRESS_SPACE_ #
#                            START+0x2FFF)                                     #
#                            -Z(CODE)ZIGNV_ADDRESS_SPACE=_ZIGNV_ADDRESS_SPACE_ #
#                            START-_ZIGNV_ADDRESS_SPACE_END                    #
#                            -D_IEEE_ADDRESS_SPACE_START=(((_NR_OF_BANKS+1)*_F #
#                            IRST_BANK_ADDR)-0x18)                             #
#                            -D_IEEE_ADDRESS_SPACE_END=(_IEEE_ADDRESS_SPACE_ST #
#                            ART+7)                                            #
#                            -Z(CODE)IEEE_ADDRESS_SPACE=_IEEE_ADDRESS_SPACE_ST #
#                            ART-_IEEE_ADDRESS_SPACE_END                       #
#                            -J2,crc16,=800-887,88C-7C7FF -HFFFF)              #
#                            -e?BCALL_07=?BCALL -e?BRET_07=?BRET               #
#                            -e?BDISPATCH_07=?BDISPATCH                        #
#                            -D_NR_OF_VIRTUAL_REGISTERS=10 -D?PBANK=0x93       #
#                            -e_small_write=_formatted_write                   #
#                            -e_medium_read=_formatted_read -rt                #
#                            -Osimple-code=C:\Users\freeman\Documents\work\NBK #
#                            \Nikon\NikonStm32\Nikon_Rf\SimpliciTI-IAR-1.2.0\P #
#                            rojects\Examples\SRF05_8051\nik_sb5000\IAR\LinkTo #
#                            \Exe\UART_Bridge.sim                              #
#                            -s __program_start                                #
#                            "C:\Program Files (x86)\IAR Systems\Embedded Work #
#                            bench 6.0\8051\LIB\CLIB\cl-pli-blxd-1e16x01.r51"  #
#                            -D_IDATA_STACK_SIZE=0xC0                          #
#                            -D_EXTENDED_STACK_START=0x00                      #
#                            -D_EXTENDED_STACK_SIZE=0x00                       #
#                            -D_PDATA_STACK_SIZE=0x80                          #
#                            -D_XDATA_STACK_SIZE=0x3FF                         #
#                            -D_XDATA_HEAP_SIZE=0x00 -D_FAR_HEAP_SIZE=0x000    #
#                            -D_HUGE_HEAP_SIZE=0x00 -D_FAR22_HEAP_SIZE=0xFFF   #
#                                                                              #
#                           Copyright (C) 1987-2010 IAR Systems AB.            #
################################################################################





                ****************************************
                *                                      *
                *           CROSS REFERENCE            *
                *                                      *
                ****************************************

       Program entry at : CODE      000025B5  Relocatable, from module : CSTARTUP




                ****************************************
                *                                      *
                *            RUNTIME MODEL             *
                *                                      *
                ****************************************

  __SystemLibrary          = CLib
  __calling_convention     = xdata_reentrant
  __code_model             = banked
  __core                   = plain
  __data_model             = large
  __dptr_size              = 16
  __extended_stack         = disabled
  __location_for_constants = data
  __number_of_dptrs        = 1
  __rt_version             = 1



                ****************************************
                *                                      *
                *              MODULE MAP              *
                *                                      *
                ****************************************


  DEFINED ABSOLUTE ENTRIES
  PROGRAM MODULE, NAME : ?ABS_ENTRY_MOD

Absolute parts
           ENTRY                   ADDRESS         REF BY
           =====                   =======         ======
           _FAR22_HEAP_SIZE        00000FFF 
           _HUGE_HEAP_SIZE         00000000 
           _FAR_HEAP_SIZE          00000000 
           _XDATA_HEAP_SIZE        00000000 
           _XDATA_STACK_SIZE       000003FF 
           _PDATA_STACK_SIZE       00000080 
           _EXTENDED_STACK_SIZE    00000000 
           _EXTENDED_STACK_START   00000000 
           _IDATA_STACK_SIZE       000000C0 
           _NR_OF_VIRTUAL_REGISTERS
                                   00000010 
           _IEEE_ADDRESS_SPACE_END
                                   0007FFEF 
           _IEEE_ADDRESS_SPACE_START
                                   0007FFE8 
           _ZIGNV_ADDRESS_SPACE_END
                                   0007F7FF 
           _ZIGNV_ADDRESS_SPACE_START
                                   0007C800 
           _RAM_CODE_FLASH_END     00039EFF 
           _RAM_CODE_FLASH_START   00039EDD 
           _RAM_CODE_XDATA_END     00001EFF 
           _RAM_CODE_XDATA_START   00001EDD 
           _SLEEP_CODE_SPACE_END   00007FFF 
           _SLEEP_CODE_SPACE_START
                                   00007FF8 
           ?VB                     00000020        ?BANKED_ENTER_XDATA (?BANKED_ENTER_XDATA)
                                                   ?BANKED_LEAVE_XDATA (?BANKED_LEAVE_XDATA)
                                                   ?INTERRUPT_ENTER_SP (?INTERRUPT_ENTER_SP)
                                                   ?INTERRUPT_ENTER_XSP (?INTERRUPT_ENTER_XSP)
                                                   ?INTERRUPT_LEAVE_SP (?INTERRUPT_LEAVE_SP)
                                                   ?INTERRUPT_LEAVE_XSP (?INTERRUPT_LEAVE_XSP)
                                                   Mrfi_DelayUsecLong (mrfi)
           _BREG_START             00000000 
           ?PBANK                  00000093 
           ?PBANK_NUMBER           00000000 
           _REGISTER_BANK_START    00000000 
           ?REGISTER_BANK          00000000        Segment part 6 (CSTARTUP)
           _FIRST_BANK_ADDR        00010000 
           _CODE_END               00007FFF 
           _CODE_START             00002000 
           _IDATA_END              000000FF 
           _XDATA_END              00001EFF 
           _XDATA_START            00000001 
           ?CBANK                  0000009F        Segment part 3 (?BANKED_CODE_SUPPORT)
           ?CBANK_MASK             00000007 
           _CODEBANK_START         00008000 
           _CODEBANK_END           0000FFFF 
           _NR_OF_BANKS            00000007 
    *************************************************************************

  FILE NAME : C:\Users\freeman\Documents\work\NBK\Nikon\NikonStm32\Nikon_Rf\SimpliciTI-IAR-1.2.0\Projects\Examples\SRF05_8051\nik_sb5000\IAR\LinkTo\Obj\OSAL.r51
  PROGRAM MODULE, NAME : OSAL

  SEGMENTS IN THE MODULE
  ======================
SFR_AN
  Relative segment, address: DATA 000000A8 - 000000A8 (0x1 bytes), align: 0
  Segment part 1. ROOT.       Intra module refs:   BSP_Init (bsp)
                                                   HalFlashRead (hal_flash)
                                                   HalUARTPollDMA (hal_uart)
                                                   HalUARTWriteDMA (hal_uart)
                                                   InitBoard (OnBoard)
                                                   MRFI_Init (mrfi)
                                                   MRFI_ReplyDelay (mrfi)
                                                   MRFI_Rssi (mrfi)
                                                   MRFI_RxIdle (mrfi)
                                                   MRFI_RxIsr (mrfi)
                                                   MRFI_RxOn (mrfi)
                                                   MRFI_SetLogicalChannel (mrfi)
                                                   MRFI_Transmit (mrfi)
                                                   Mrfi_DelayUsec (mrfi)
                                                   Mrfi_DelayUsecLong (mrfi)
                                                   UartDMAIntSend (hal_uart)
                                                   halAssertHandler (hal_assert)
                                                   nwk_QadjustOrder (nwk_QMgmt)
                                                   nwk_QfindOldest (nwk_QMgmt)
                                                   osal_int_disable
                                                   osal_mem_alloc (OSAL_Memory)
                                                   osal_mem_free (OSAL_Memory)
                                                   osal_msg_enqueue
                                                   osal_set_event
                                                   uart_0_rx_irq (uart)
                                                   uart_0_tx_irq (uart)
                                                   uart_1_rx_irq (uart)
                                                   uart_1_tx_irq (uart)
                                                   uart_rx_irq (uart)
                                                   uart_tx_irq (uart)
           ENTRY                   ADDRESS         REF BY
           =====                   =======         ======
           _A_IEN0                 000000A8 
           LOCAL                   ADDRESS         
           =====                   =======         
           IEN0                    000000A8 
    -------------------------------------------------------------------------
XDATA_Z
  Relative segment, address: XDATA 00000400 - 00000401 (0x2 bytes), align: 0
  Segment part 12.            Intra module refs:   osal_msg_send
           ENTRY                   ADDRESS         REF BY
           =====                   =======         ======
           osal_qHead              00000400 
    -------------------------------------------------------------------------
<BANKED_CODE,BANK_RELAYS..> 1 (was BANKED_CODE)
  Relative segment, address: CODE 00003B4C - 00003B69 (0x1e bytes), align: 0
  Segment part 29.            Intra module refs:   osal_memset::?relay
           ENTRY                   ADDRESS         REF BY
           =====                   =======         ======
           osal_memset             00003B4C 
               calls direct
               XSTACK = 00000000 ( 0000000C )
    -------------------------------------------------------------------------
<BANKED_CODE,BANK_RELAYS..> 1 (was BANKED_CODE)
  Relative segment, address: CODE 00003B6A - 00003B6E (0x5 bytes), align: 0
  Segment part 31.            Intra module refs:   osal_memset
                                                   osal_msg_allocate
           LOCAL                   ADDRESS         
           =====                   =======         
           ?Subroutine4            00003B6A 
    -------------------------------------------------------------------------
<BANKED_CODE,BANK_RELAYS..> 1 (was BANKED_CODE)
  Relative segment, address: CODE 00003B6F - 00003BBB (0x4d bytes), align: 0
  Segment part 48.            Intra module refs:   osal_msg_allocate::?relay
           ENTRY                   ADDRESS         REF BY
           =====                   =======         ======
           osal_msg_allocate       00003B6F 
               calls direct
               XSTACK = 00000000 ( 0000000A )
    -------------------------------------------------------------------------
<BANKED_CODE,BANK_RELAYS..> 1 (was BANKED_CODE)
  Relative segment, address: CODE 00003BBC - 00003BC2 (0x7 bytes), align: 0
  Segment part 50.            Intra module refs:   osal_msg_allocate
           LOCAL                   ADDRESS         
           =====                   =======         
           ?Subroutine21           00003BBC 
    -------------------------------------------------------------------------
<BANKED_CODE,BANK_RELAYS..> 1 (was BANKED_CODE)
  Relative segment, address: CODE 00003BC3 - 00003BE4 (0x22 bytes), align: 0
  Segment part 51.            Intra module refs:   osal_msg_deallocate::?relay
           ENTRY                   ADDRESS         REF BY
           =====                   =======         ======
           osal_msg_deallocate     00003BC3 
               calls direct
               XSTACK = 00000009 ( 00000000 )
               ISTACK = 00000000 ( 00000002 )
    -------------------------------------------------------------------------
<BANKED_CODE,BANK_RELAYS..> 1 (was BANKED_CODE)
  Relative segment, address: CODE 00003BE5 - 00003BEB (0x7 bytes), align: 0
  Segment part 53.            Intra module refs:   osal_msg_deallocate
           LOCAL                   ADDRESS         
           =====                   =======         
           ?Subroutine0            00003BE5 
    -------------------------------------------------------------------------
<BANKED_CODE,BANK_RELAYS..> 1 (was BANKED_CODE)
  Relative segment, address: CODE 00003BEC - 00003C37 (0x4c bytes), align: 0
  Segment part 54.            Intra module refs:   osal_msg_send::?relay
           ENTRY                   ADDRESS         REF BY
           =====                   =======         ======
           osal_msg_send           00003BEC 
               calls direct
               XSTACK = 00000000 ( 00000009 )
               ISTACK = 00000000 ( 00000001 )
    -------------------------------------------------------------------------
<BANKED_CODE,BANK_RELAYS..> 1 (was BANKED_CODE)
  Relative segment, address: CODE 00003C38 - 00003C44 (0xd bytes), align: 0
  Segment part 56.            Intra module refs:   osal_msg_deallocate
                                                   osal_msg_send
           LOCAL                   ADDRESS         
           =====                   =======         
           ?Subroutine19           00003C38 
    -------------------------------------------------------------------------
<BANKED_CODE,BANK_RELAYS..> 1 (was BANKED_CODE)
  Relative segment, address: CODE 00003C45 - 00003C46 (0x2 bytes), align: 0
  Segment part 57.            Intra module refs:   osal_msg_enqueue
           LOCAL                   ADDRESS         
           =====                   =======         
           ?Subroutine1            00003C45 
    -------------------------------------------------------------------------
<BANKED_CODE,BANK_RELAYS..> 1 (was BANKED_CODE)
  Relative segment, address: CODE 00003C47 - 00003C4B (0x5 bytes), align: 0
  Segment part 58.            Intra module refs:   ?Subroutine1
                                                   osal_msg_send
                                                   osal_set_event
    -------------------------------------------------------------------------
<BANKED_CODE,BANK_RELAYS..> 1 (was BANKED_CODE)
  Relative segment, address: CODE 00003C4C - 00003C86 (0x3b bytes), align: 0
  Segment part 64.            Intra module refs:   osal_msg_enqueue::?relay
           ENTRY                   ADDRESS         REF BY
           =====                   =======         ======
           osal_msg_enqueue        00003C4C 
               XSTACK = 00000009 ( 00000009 )
    -------------------------------------------------------------------------
<BANKED_CODE,BANK_RELAYS..> 1 (was BANKED_CODE)
  Relative segment, address: CODE 00003C87 - 00003C92 (0xc bytes), align: 0
  Segment part 66.            Intra module refs:   osal_msg_enqueue
           LOCAL                   ADDRESS         
           =====                   =======         
           ?Subroutine14           00003C87 
    -------------------------------------------------------------------------
<BANKED_CODE,BANK_RELAYS..> 1 (was BANKED_CODE)
  Relative segment, address: CODE 00003C93 - 00003C98 (0x6 bytes), align: 0
  Segment part 67.            Intra module refs:   ?Subroutine14
    -------------------------------------------------------------------------
<BANKED_CODE,BANK_RELAYS..> 1 (was BANKED_CODE)
  Relative segment, address: CODE 00003C99 - 00003C9B (0x3 bytes), align: 0
  Segment part 74.            Intra module refs:   osal_msg_send
           LOCAL                   ADDRESS         
           =====                   =======         
           ?Subroutine20           00003C99 
    -------------------------------------------------------------------------
<BANKED_CODE,BANK_RELAYS..> 1 (was BANKED_CODE)
  Relative segment, address: CODE 00003C9C - 00003C9E (0x3 bytes), align: 0
  Segment part 75.            Intra module refs:   ?Subroutine20
    -------------------------------------------------------------------------
<BANKED_CODE,BANK_RELAYS..> 1 (was BANKED_CODE)
  Relative segment, address: CODE 00003C9F - 00003CA3 (0x5 bytes), align: 0
  Segment part 76.            Intra module refs:   Segment part 75
                                                   osal_msg_enqueue
    -------------------------------------------------------------------------
<BANKED_CODE,BANK_RELAYS..> 1 (was BANKED_CODE)
  Relative segment, address: CODE 00003CA4 - 00003CA9 (0x6 bytes), align: 0
  Segment part 78.            Intra module refs:   Segment part 67
           LOCAL                   ADDRESS         
           =====                   =======         
           ?Subroutine25           00003CA4 
    -------------------------------------------------------------------------
<BANKED_CODE,BANK_RELAYS..> 1 (was BANKED_CODE)
  Relative segment, address: CODE 00003CAA - 00003CAF (0x6 bytes), align: 0
  Segment part 79.            Intra module refs:   osal_msg_enqueue
           LOCAL                   ADDRESS         
           =====                   =======         
           ?Subroutine12           00003CAA 
    -------------------------------------------------------------------------
<BANKED_CODE,BANK_RELAYS..> 1 (was BANKED_CODE)
  Relative segment, address: CODE 00003CB0 - 00003CEE (0x3f bytes), align: 0
  Segment part 82.            Intra module refs:   osal_set_event::?relay
           ENTRY                   ADDRESS         REF BY
           =====                   =======         ======
           osal_set_event          00003CB0 
               XSTACK = 0000000E ( 00000009 )
    -------------------------------------------------------------------------
<BANKED_CODE,BANK_RELAYS..> 1 (was BANKED_CODE)
  Relative segment, address: CODE 00003CEF - 00003D00 (0x12 bytes), align: 0
  Segment part 90.            Intra module refs:   osal_int_disable::?relay
           ENTRY                   ADDRESS         REF BY
           =====                   =======         ======
           osal_int_disable        00003CEF 
    -------------------------------------------------------------------------
<BANKED_CODE,BANK_RELAYS..> 1 (was BANKED_CODE)
  Relative segment, address: CODE 00003D01 - 00003D04 (0x4 bytes), align: 0
  Segment part 98.            Intra module refs:   osal_msg_enqueue
           LOCAL                   ADDRESS         
           =====                   =======         
           ?Subroutine7            00003D01 
    -------------------------------------------------------------------------
<BANKED_CODE,BANK_RELAYS..> 1 (was BANKED_CODE)
  Relative segment, address: CODE 00003D05 - 00003D0C (0x8 bytes), align: 0
  Segment part 99.            Intra module refs:   ?Subroutine7
                                                   osal_msg_send
    -------------------------------------------------------------------------
<BANKED_CODE,BANK_RELAYS..> 1 (was BANK_RELAYS)
  Relative segment, address: CODE 000028D8 - 000028DD (0x6 bytes), align: 0
  Segment part 30.
           ENTRY                   ADDRESS         REF BY
           =====                   =======         ======
           osal_memset::?relay     000028D8        HalUARTOpenDMA (hal_uart)
                                                   UartProcessData (uart_intfc)
    -------------------------------------------------------------------------
<BANKED_CODE,BANK_RELAYS..> 1 (was BANK_RELAYS)
  Relative segment, address: CODE 000028D2 - 000028D7 (0x6 bytes), align: 0
  Segment part 49.
           ENTRY                   ADDRESS         REF BY
           =====                   =======         ======
           osal_msg_allocate::?relay
                                   000028D2        OnBoard_SendKeys (OnBoard)
    -------------------------------------------------------------------------
<BANKED_CODE,BANK_RELAYS..> 1 (was BANK_RELAYS)
  Relative segment, address: CODE 000028CC - 000028D1 (0x6 bytes), align: 0
  Segment part 52.            Intra module refs:   osal_msg_send
           ENTRY                   ADDRESS         REF BY
           =====                   =======         ======
           osal_msg_deallocate::?relay
                                   000028CC 
    -------------------------------------------------------------------------
<BANKED_CODE,BANK_RELAYS..> 1 (was BANK_RELAYS)
  Relative segment, address: CODE 000028C6 - 000028CB (0x6 bytes), align: 0
  Segment part 55.
           ENTRY                   ADDRESS         REF BY
           =====                   =======         ======
           osal_msg_send::?relay   000028C6        OnBoard_SendKeys (OnBoard)
    -------------------------------------------------------------------------
<BANKED_CODE,BANK_RELAYS..> 1 (was BANK_RELAYS)
  Relative segment, address: CODE 000028C0 - 000028C5 (0x6 bytes), align: 0
  Segment part 65.            Intra module refs:   osal_msg_send
           ENTRY                   ADDRESS         REF BY
           =====                   =======         ======
           osal_msg_enqueue::?relay
                                   000028C0 
    -------------------------------------------------------------------------
<BANKED_CODE,BANK_RELAYS..> 1 (was BANK_RELAYS)
  Relative segment, address: CODE 000028BA - 000028BF (0x6 bytes), align: 0
  Segment part 83.            Intra module refs:   osal_msg_send
           ENTRY                   ADDRESS         REF BY
           =====                   =======         ======
           osal_set_event::?relay
                                   000028BA        HalLedBlink (hal_led)
    -------------------------------------------------------------------------
<BANKED_CODE,BANK_RELAYS..> 1 (was BANK_RELAYS)
  Relative segment, address: CODE 000028B4 - 000028B9 (0x6 bytes), align: 0
  Segment part 91.
           ENTRY                   ADDRESS         REF BY
           =====                   =======         ======
           osal_int_disable::?relay
                                   000028B4        InitBoard (OnBoard)
                                                   main (main_UART_Bridge)

    *************************************************************************

  FILE NAME : C:\Users\freeman\Documents\work\NBK\Nikon\NikonStm32\Nikon_Rf\SimpliciTI-IAR-1.2.0\Projects\Examples\SRF05_8051\nik_sb5000\IAR\LinkTo\Obj\OSAL_Clock.r51
    *************************************************************************

  FILE NAME : C:\Users\freeman\Documents\work\NBK\Nikon\NikonStm32\Nikon_Rf\SimpliciTI-IAR-1.2.0\Projects\Examples\SRF05_8051\nik_sb5000\IAR\LinkTo\Obj\OSAL_Memory.r51
  PROGRAM MODULE, NAME : OSAL_Memory

  SEGMENTS IN THE MODULE
  ======================
XDATA_Z
  Relative segment, address: XDATA 00000402 - 00000403 (0x2 bytes), align: 0
  Segment part 7.             Intra module refs:   osal_mem_alloc
                                                   osal_mem_free
           LOCAL                   ADDRESS         
           =====                   =======         
           ff1                     00000402 
    -------------------------------------------------------------------------
XDATA_Z
  Relative segment, address: XDATA 00000404 - 00000405 (0x2 bytes), align: 0
  Segment part 8.             Intra module refs:   osal_mem_alloc
           LOCAL                   ADDRESS         
           =====                   =======         
           ff2                     00000404 
    -------------------------------------------------------------------------
XDATA_Z
  Relative segment, address: XDATA 00000406 - 00000C05 (0x800 bytes), align: 0
  Segment part 9.             Intra module refs:   osal_mem_free
           LOCAL                   ADDRESS         
           =====                   =======         
           _theHeap                00000406 
    -------------------------------------------------------------------------
<BANKED_CODE,BANK_RELAYS..> 1 (was BANKED_CODE)
  Relative segment, address: CODE 0000437B - 00004473 (0xf9 bytes), align: 0
  Segment part 18.            Intra module refs:   osal_mem_alloc::?relay
           ENTRY                   ADDRESS         REF BY
           =====                   =======         ======
           osal_mem_alloc          0000437B 
               XSTACK = 00000000 ( 0000000D )
    -------------------------------------------------------------------------
<BANKED_CODE,BANK_RELAYS..> 1 (was BANKED_CODE)
  Relative segment, address: CODE 00004474 - 000044E1 (0x6e bytes), align: 0
  Segment part 20.            Intra module refs:   osal_mem_free::?relay
           ENTRY                   ADDRESS         REF BY
           =====                   =======         ======
           osal_mem_free           00004474 
               calls direct
               XSTACK = 00000000 ( 00000009 )
    -------------------------------------------------------------------------
<BANKED_CODE,BANK_RELAYS..> 1 (was BANK_RELAYS)
  Relative segment, address: CODE 000028AE - 000028B3 (0x6 bytes), align: 0
  Segment part 19.
           ENTRY                   ADDRESS         REF BY
           =====                   =======         ======
           osal_mem_alloc::?relay
                                   000028AE        osal_msg_allocate (OSAL)
    -------------------------------------------------------------------------
<BANKED_CODE,BANK_RELAYS..> 1 (was BANK_RELAYS)
  Relative segment, address: CODE 000028A8 - 000028AD (0x6 bytes), align: 0
  Segment part 21.
           ENTRY                   ADDRESS         REF BY
           =====                   =======         ======
           osal_mem_free::?relay   000028A8        osal_msg_deallocate (OSAL)

    *************************************************************************

  FILE NAME : C:\Users\freeman\Documents\work\NBK\Nikon\NikonStm32\Nikon_Rf\SimpliciTI-IAR-1.2.0\Projects\Examples\SRF05_8051\nik_sb5000\IAR\LinkTo\Obj\OSAL_Nv.r51
    *************************************************************************

  FILE NAME : C:\Users\freeman\Documents\work\NBK\Nikon\NikonStm32\Nikon_Rf\SimpliciTI-IAR-1.2.0\Projects\Examples\SRF05_8051\nik_sb5000\IAR\LinkTo\Obj\OSAL_PwrMgr.r51
    *************************************************************************

  FILE NAME : C:\Users\freeman\Documents\work\NBK\Nikon\NikonStm32\Nikon_Rf\SimpliciTI-IAR-1.2.0\Projects\Examples\SRF05_8051\nik_sb5000\IAR\LinkTo\Obj\OSAL_Timers.r51
  PROGRAM MODULE, NAME : OSAL_Timers

  SEGMENTS IN THE MODULE
  ======================
XDATA_Z
  Relative segment, address: XDATA 00000C06 - 00000C09 (0x4 bytes), align: 0
  Segment part 8.             Intra module refs:   osal_GetSystemClock
           LOCAL                   ADDRESS         
           =====                   =======         
           osal_systemClock        00000C06 
    -------------------------------------------------------------------------
<BANKED_CODE,BANK_RELAYS..> 1 (was BANKED_CODE)
  Relative segment, address: CODE 00004CDD - 00004CE3 (0x7 bytes), align: 0
  Segment part 20.            Intra module refs:   osal_GetSystemClock
           LOCAL                   ADDRESS         
           =====                   =======         
           ?Subroutine0            00004CDD 
    -------------------------------------------------------------------------
<BANKED_CODE,BANK_RELAYS..> 1 (was BANKED_CODE)
  Relative segment, address: CODE 00004CE4 - 00004CF0 (0xd bytes), align: 0
  Segment part 37.            Intra module refs:   osal_GetSystemClock::?relay
           ENTRY                   ADDRESS         REF BY
           =====                   =======         ======
           osal_GetSystemClock     00004CE4 
               ISTACK = 00000000 ( 00000002 )
    -------------------------------------------------------------------------
<BANKED_CODE,BANK_RELAYS..> 1 (was BANK_RELAYS)
  Relative segment, address: CODE 00002896 - 0000289B (0x6 bytes), align: 0
  Segment part 38.
           ENTRY                   ADDRESS         REF BY
           =====                   =======         ======
           osal_GetSystemClock::?relay
                                   00002896        HalLedBlink (hal_led)

    *************************************************************************

  FILE NAME : C:\Users\freeman\Documents\work\NBK\Nikon\NikonStm32\Nikon_Rf\SimpliciTI-IAR-1.2.0\Projects\Examples\SRF05_8051\nik_sb5000\IAR\LinkTo\Obj\OnBoard.r51
  PROGRAM MODULE, NAME : OnBoard

  SEGMENTS IN THE MODULE
  ======================
SFR_AN
  Relative segment, address: DATA 0000009D - 0000009D (0x1 bytes), align: 0
  Segment part 1. ROOT.       Intra module refs:   InitBoard
                                                   MRFI_Init (mrfi)
                                                   main (main_UART_Bridge)
           ENTRY                   ADDRESS         REF BY
           =====                   =======         ======
           SLEEPSTA                0000009D 
    -------------------------------------------------------------------------
XDATA_Z
  Relative segment, address: XDATA 00000C0A - 00000C0A (0x1 bytes), align: 0
  Segment part 8.             Intra module refs:   InitBoard
           ENTRY                   ADDRESS         REF BY
           =====                   =======         ======
           OnboardKeyIntEnable     00000C0A 
    -------------------------------------------------------------------------
XDATA_I
  Relative segment, address: XDATA 00001080 - 00001080 (0x1 bytes), align: 0
  Segment part 10.            Intra module refs:   OnBoard_SendKeys
           LOCAL                   ADDRESS         
           =====                   =======         
           registeredKeysTaskID    00001080 
    -------------------------------------------------------------------------
<BANKED_CODE,BANK_RELAYS..> 1 (was BANKED_CODE)
  Relative segment, address: CODE 0000471D - 00004784 (0x68 bytes), align: 0
  Segment part 12.            Intra module refs:   InitBoard::?relay
           ENTRY                   ADDRESS         REF BY
           =====                   =======         ======
           InitBoard               0000471D 
               calls direct
               XSTACK = 00000000 ( 00000009 )
    -------------------------------------------------------------------------
<BANKED_CODE,BANK_RELAYS..> 1 (was BANKED_CODE)
  Relative segment, address: CODE 00004785 - 00004789 (0x5 bytes), align: 0
  Segment part 14.            Intra module refs:   InitBoard
                                                   OnBoard_KeyCallback
           LOCAL                   ADDRESS         
           =====                   =======         
           ?Subroutine0            00004785 
    -------------------------------------------------------------------------
<BANKED_CODE,BANK_RELAYS..> 1 (was BANKED_CODE)
  Relative segment, address: CODE 0000478A - 000047CB (0x42 bytes), align: 0
  Segment part 18.            Intra module refs:   OnBoard_SendKeys::?relay
           ENTRY                   ADDRESS         REF BY
           =====                   =======         ======
           OnBoard_SendKeys        0000478A 
               calls direct
               XSTACK = 00000009 ( 0000000A )
               ISTACK = 00000000 ( 00000001 )
    -------------------------------------------------------------------------
<BANKED_CODE,BANK_RELAYS..> 1 (was BANKED_CODE)
  Relative segment, address: CODE 000047CC - 000047DB (0x10 bytes), align: 0
  Segment part 20.            Intra module refs:   OnBoard_KeyCallback::?relay
           ENTRY                   ADDRESS         REF BY
           =====                   =======         ======
           OnBoard_KeyCallback     000047CC 
               calls direct, is indirectly called
               XSTACK = 00000000 ( 00000009 )
    -------------------------------------------------------------------------
<BANKED_CODE,BANK_RELAYS..> 1 (was BANKED_CODE)
  Relative segment, address: CODE 000047DC - 000047F3 (0x18 bytes), align: 0
  Segment part 28.            Intra module refs:   Onboard_wait::?relay
           ENTRY                   ADDRESS         REF BY
           =====                   =======         ======
           Onboard_wait            000047DC 
               XSTACK = 00000009 ( 00000000 )
    -------------------------------------------------------------------------
XDATA_ID
  Relative segment, address: CODE 0000208A - 0000208A (0x1 bytes), align: 0
  Segment part 11.            Intra module refs:   registeredKeysTaskID
    -------------------------------------------------------------------------
<BANKED_CODE,BANK_RELAYS..> 1 (was BANK_RELAYS)
  Relative segment, address: CODE 00002890 - 00002895 (0x6 bytes), align: 0
  Segment part 13.
           ENTRY                   ADDRESS         REF BY
           =====                   =======         ======
           InitBoard::?relay       00002890        main (main_UART_Bridge)
    -------------------------------------------------------------------------
<BANKED_CODE,BANK_RELAYS..> 1 (was BANK_RELAYS)
  Relative segment, address: CODE 0000288A - 0000288F (0x6 bytes), align: 0
  Segment part 19.            Intra module refs:   OnBoard_KeyCallback
           ENTRY                   ADDRESS         REF BY
           =====                   =======         ======
           OnBoard_SendKeys::?relay
                                   0000288A 
    -------------------------------------------------------------------------
<BANKED_CODE,BANK_RELAYS..> 1 (was BANK_RELAYS)
  Relative segment, address: CODE 00002884 - 00002889 (0x6 bytes), align: 0
  Segment part 21.            Intra module refs:   InitBoard
           ENTRY                   ADDRESS         REF BY
           =====                   =======         ======
           OnBoard_KeyCallback::?relay
                                   00002884 
    -------------------------------------------------------------------------
<BANKED_CODE,BANK_RELAYS..> 1 (was BANK_RELAYS)
  Relative segment, address: CODE 00002878 - 0000287D (0x6 bytes), align: 0
  Segment part 29.            Intra module refs:   InitBoard
           ENTRY                   ADDRESS         REF BY
           =====                   =======         ======
           Onboard_wait::?relay    00002878 

    *************************************************************************

  FILE NAME : C:\Users\freeman\Documents\work\NBK\Nikon\NikonStm32\Nikon_Rf\SimpliciTI-IAR-1.2.0\Projects\Examples\SRF05_8051\nik_sb5000\IAR\LinkTo\Obj\bsp.r51
  PROGRAM MODULE, NAME : bsp

  SEGMENTS IN THE MODULE
  ======================
SFR_AN
  Relative segment, address: DATA 0000008F - 0000008F (0x1 bytes), align: 0
  Segment part 1. ROOT.       Intra module refs:   BSP_InitButtons
           ENTRY                   ADDRESS         REF BY
           =====                   =======         ======
           P0INP                   0000008F 
    -------------------------------------------------------------------------
SFR_AN
  Relative segment, address: DATA 00000090 - 00000090 (0x1 bytes), align: 0
  Segment part 2. ROOT.       Intra module refs:   BSP_InitLeds
                                                   HalLedOnOff (hal_led)
                                                   main (main_UART_Bridge)
           ENTRY                   ADDRESS         REF BY
           =====                   =======         ======
           _A_P1                   00000090 
           LOCAL                   ADDRESS         
           =====                   =======         
           P1                      00000090 
    -------------------------------------------------------------------------
SFR_AN
  Relative segment, address: DATA 000000CB - 000000CB (0x1 bytes), align: 0
  Segment part 4. ROOT.       Intra module refs:   BSP_Delay
           ENTRY                   ADDRESS         REF BY
           =====                   =======         ======
           T3CTL                   000000CB 
    -------------------------------------------------------------------------
SFR_AN
  Relative segment, address: DATA 000000CC - 000000CC (0x1 bytes), align: 0
  Segment part 5. ROOT.       Intra module refs:   BSP_Delay
           ENTRY                   ADDRESS         REF BY
           =====                   =======         ======
           T3CCTL0                 000000CC 
    -------------------------------------------------------------------------
SFR_AN
  Relative segment, address: DATA 000000CD - 000000CD (0x1 bytes), align: 0
  Segment part 6. ROOT.       Intra module refs:   BSP_Delay
           ENTRY                   ADDRESS         REF BY
           =====                   =======         ======
           T3CC0                   000000CD 
    -------------------------------------------------------------------------
SFR_AN
  Relative segment, address: DATA 000000D8 - 000000D8 (0x1 bytes), align: 0
  Segment part 7. ROOT.       Intra module refs:   BSP_Delay
                                                   halProcessTimer3 (hal_timer)
                                                   halProcessTimer4 (hal_timer)
           ENTRY                   ADDRESS         REF BY
           =====                   =======         ======
           _A_TIMIF                000000D8 
           LOCAL                   ADDRESS         
           =====                   =======         
           TIMIF                   000000D8 
    -------------------------------------------------------------------------
SFR_AN
  Relative segment, address: DATA 000000F7 - 000000F7 (0x1 bytes), align: 0
  Segment part 8. ROOT.       Intra module refs:   BSP_InitButtons
           ENTRY                   ADDRESS         REF BY
           =====                   =======         ======
           P2INP                   000000F7 
    -------------------------------------------------------------------------
SFR_AN
  Relative segment, address: DATA 000000FE - 000000FE (0x1 bytes), align: 0
  Segment part 9. ROOT.       Intra module refs:   BSP_InitLeds
                                                   main (main_UART_Bridge)
           ENTRY                   ADDRESS         REF BY
           =====                   =======         ======
           P1DIR                   000000FE 
    -------------------------------------------------------------------------
<BANKED_CODE,BANK_RELAYS..> 1 (was BANKED_CODE)
  Relative segment, address: CODE 00004B94 - 00004BC0 (0x2d bytes), align: 0
  Segment part 15.            Intra module refs:   BSP_Init::?relay
           ENTRY                   ADDRESS         REF BY
           =====                   =======         ======
           BSP_Init                00004B94 
               calls direct
               XSTACK = 00000000 ( 00000002 )
               ISTACK = 00000000 ( 00000002 )
    -------------------------------------------------------------------------
<BANKED_CODE,BANK_RELAYS..> 1 (was BANKED_CODE)
  Relative segment, address: CODE 00004BC1 - 00004BC7 (0x7 bytes), align: 0
  Segment part 17.            Intra module refs:   BSP_Init
           LOCAL                   ADDRESS         
           =====                   =======         
           ?Subroutine0            00004BC1 
    -------------------------------------------------------------------------
<BANKED_CODE,BANK_RELAYS..> 1 (was BANKED_CODE)
  Relative segment, address: CODE 00004BC8 - 00004BE4 (0x1d bytes), align: 0
  Segment part 20.            Intra module refs:   BSP_Delay::?relay
           ENTRY                   ADDRESS         REF BY
           =====                   =======         ======
           BSP_Delay               00004BC8 
    -------------------------------------------------------------------------
<BANKED_CODE,BANK_RELAYS..> 1 (was BANKED_CODE)
  Relative segment, address: CODE 00004BE5 - 00004BF1 (0xd bytes), align: 0
  Segment part 24.            Intra module refs:   BSP_InitLeds::?relay
           ENTRY                   ADDRESS         REF BY
           =====                   =======         ======
           BSP_InitLeds            00004BE5 
               XSTACK = 00000002 ( 00000000 )
    -------------------------------------------------------------------------
<BANKED_CODE,BANK_RELAYS..> 1 (was BANKED_CODE)
  Relative segment, address: CODE 00004BF2 - 00004BFA (0x9 bytes), align: 0
  Segment part 26.            Intra module refs:   BSP_InitButtons::?relay
           ENTRY                   ADDRESS         REF BY
           =====                   =======         ======
           BSP_InitButtons         00004BF2 
               XSTACK = 00000002 ( 00000000 )
    -------------------------------------------------------------------------
<BANKED_CODE,BANK_RELAYS..> 1 (was BANK_RELAYS)
  Relative segment, address: CODE 00002854 - 00002859 (0x6 bytes), align: 0
  Segment part 16.
           ENTRY                   ADDRESS         REF BY
           =====                   =======         ======
           BSP_Init::?relay        00002854        main (main_UART_Bridge)
    -------------------------------------------------------------------------
<BANKED_CODE,BANK_RELAYS..> 1 (was BANK_RELAYS)
  Relative segment, address: CODE 0000273A - 0000273F (0x6 bytes), align: 0
  Segment part 21.
           ENTRY                   ADDRESS         REF BY
           =====                   =======         ======
           BSP_Delay::?relay       0000273A        ?Subroutine4 (mrfi)
                                                   MRFI_ReplyDelay (mrfi)
                                                   Mrfi_DelayUsecLong (mrfi)
    -------------------------------------------------------------------------
<BANKED_CODE,BANK_RELAYS..> 1 (was BANK_RELAYS)
  Relative segment, address: CODE 000028A2 - 000028A7 (0x6 bytes), align: 0
  Segment part 25.            Intra module refs:   BSP_Init
           ENTRY                   ADDRESS         REF BY
           =====                   =======         ======
           BSP_InitLeds::?relay    000028A2 
    -------------------------------------------------------------------------
<BANKED_CODE,BANK_RELAYS..> 1 (was BANK_RELAYS)
  Relative segment, address: CODE 0000287E - 00002883 (0x6 bytes), align: 0
  Segment part 27.            Intra module refs:   BSP_Init
           ENTRY                   ADDRESS         REF BY
           =====                   =======         ======
           BSP_InitButtons::?relay
                                   0000287E 

    *************************************************************************

  FILE NAME : C:\Users\freeman\Documents\work\NBK\Nikon\NikonStm32\Nikon_Rf\SimpliciTI-IAR-1.2.0\Projects\Examples\SRF05_8051\nik_sb5000\IAR\LinkTo\Obj\chipcon_cstartup.r51
  PROGRAM MODULE, NAME : CSTARTUP

  SEGMENTS IN THE MODULE
  ======================
REGISTERS
  Relative segment, address: DATA 00000000, align: 0
  Segment part 0.             Intra module refs:   Segment part 6
           ENTRY                   ADDRESS         REF BY
           =====                   =======         ======
           ?REGISTERS              00000000 
    -------------------------------------------------------------------------
ISTACK
  Relative segment, address: IDATA 00000040, align: 0
  Segment part 1.             Intra module refs:   Segment part 6
           ENTRY                   ADDRESS         REF BY
           =====                   =======         ======
           ?ISTACK_START           00000040 
    -------------------------------------------------------------------------
XSTACK
  Relative segment, address: XDATA 00000001, align: 0
  Segment part 3.             Intra module refs:   ?RESET_XSP
           ENTRY                   ADDRESS         REF BY
           =====                   =======         ======
           ?XSTACK_START           00000001 
    -------------------------------------------------------------------------
INTVEC
  Common segment, address: CODE 00002000 - 00002002 (0x3 bytes), align: 0
  Segment part 5. ROOT.       Intra module refs:   Segment part 6
           LOCAL                   ADDRESS         
           =====                   =======         
           ?reset_vector           00002000 
    -------------------------------------------------------------------------
<BANKED_CODE,BANK_RELAYS..> 1 (was CSTART)
  Relative segment, address: CODE 000025B5 - 000025BA (0x6 bytes), align: 0
  Segment part 6. ROOT.       Intra module refs:   ?reset_vector
           ENTRY                   ADDRESS         REF BY
           =====                   =======         ======
           __program_start         000025B5        Absolute parts (?ABS_ENTRY_MOD)
           ?RESET_SP               000025B8 
    -------------------------------------------------------------------------
<BANKED_CODE,BANK_RELAYS..> 1 (was CSTART)
  Relative segment, address: CODE 000025BB - 000025C0 (0x6 bytes), align: 0
  Segment part 8.
           ENTRY                   ADDRESS         REF BY
           =====                   =======         ======
           ?RESET_XSP              000025BB        ?XSP (VIRTUAL_REGISTERS)
    -------------------------------------------------------------------------
<BANKED_CODE,BANK_RELAYS..> 1 (was CSTART)
  Relative segment, address: CODE 000025C1 - 000025C1 (0x1 bytes), align: 0
  Segment part 9.
           ENTRY                   ADDRESS         REF BY
           =====                   =======         ======
           ?RESET_CODE_BANK        000025C1        Absolute parts (?BANKED_CODE_SUPPORT)
    -------------------------------------------------------------------------
<BANKED_CODE,BANK_RELAYS..> 1 (was CSTART)
  Relative segment, address: CODE 000025C2 - 000025C4 (0x3 bytes), align: 0
  Segment part 11.            Intra module refs:   Absolute parts
           LOCAL                   ADDRESS         
           =====                   =======         
           __call_main             000025C2 

    -------------------------------------------------------------------------
  LIBRARY MODULE, NAME : VIRTUAL_REGISTERS

  SEGMENTS IN THE MODULE
  ======================
BREG
  Relative segment, address: BIT 00000020.0 - 00000020.7 (0x8 bits), align: 0
  Segment part 0.
           ENTRY                   ADDRESS         REF BY
           =====                   =======         ======
           ?B0                     00000020.0      Absolute parts (CSTARTUP)
    -------------------------------------------------------------------------
VREG
  Relative segment, address: DATA 00000008, align: 0
  Segment part 1.
           ENTRY                   ADDRESS         REF BY
           =====                   =======         ======
           ?V0                     00000008        ?BANKED_ENTER_XDATA (?BANKED_ENTER_XDATA)
                                                   ?BANKED_LEAVE_XDATA (?BANKED_LEAVE_XDATA)
                                                   ?INTERRUPT_ENTER_SP (?INTERRUPT_ENTER_SP)
                                                   ?INTERRUPT_ENTER_XSP (?INTERRUPT_ENTER_XSP)
                                                   ?INTERRUPT_LEAVE_SP (?INTERRUPT_LEAVE_SP)
                                                   ?INTERRUPT_LEAVE_XSP (?INTERRUPT_LEAVE_XSP)
                                                   ?Subroutine1 (hal_led)
                                                   ?Subroutine1 (nwk_frame)
                                                   ?Subroutine11 (hal_uart)
                                                   ?Subroutine12 (hal_uart)
                                                   ?Subroutine3 (hal_uart)
                                                   ?Subroutine4 (hal_uart)
                                                   ?Subroutine4 (mrfi)
                                                   ?Subroutine5 (hal_uart)
                                                   ?Subroutine9 (hal_uart)
                                                   HalFlashInit (hal_flash)
                                                   HalFlashRead (hal_flash)
                                                   HalLedBlink (hal_led)
                                                   HalLedSet (hal_led)
                                                   HalUARTPollDMA (hal_uart)
                                                   HalUARTReadDMA (hal_uart)
                                                   HalUARTWriteDMA (hal_uart)
                                                   MRFI_Init (mrfi)
                                                   MRFI_ReplyDelay (mrfi)
                                                   MRFI_RxIsr (mrfi)
                                                   MRFI_SetLogicalChannel (mrfi)
                                                   MRFI_SetRFPwr (mrfi)
                                                   MRFI_Transmit (mrfi)
                                                   Mrfi_DelayUsec (mrfi)
                                                   Mrfi_DelayUsecLong (mrfi)
                                                   NIK_Init (nwk_api)
                                                   SMPL_Ioctl (nwk_api)
                                                   Segment part 49 (hal_uart)
                                                   Segment part 8 (?memmove)
                                                   UartProcessData (uart_intfc)
                                                   halTimerSendCallBack (hal_timer)
                                                   memcpy (?memcpy)
                                                   memmove (?memmove)
                                                   nwk_QInit (nwk_QMgmt)
                                                   nwk_QfindOldest (nwk_QMgmt)
                                                   nwk_QfindSlot (nwk_QMgmt)
                                                   nwk_buildFrame (nwk_frame)
                                                   nwk_deviceAddress (nwk_ioctl)
                                                   nwk_globalsInit (nwk_globals)
                                                   nwk_join (nwk_join)
                                                   nwk_joinInit (nwk_join)
                                                   nwk_linkInit (nwk_link)
                                                   nwk_nwkInit (nwk)
                                                   nwk_putNumObjectIntoMsg (nwk)
                                                   nwk_radioControl (nwk_ioctl)
                                                   nwk_rawReceive (nwk_ioctl)
                                                   nwk_rawSend (nwk_ioctl)
                                                   nwk_retrieveFrame (nwk_frame)
                                                   nwk_setAPAddress (nwk_globals)
                                                   nwk_setLinkToken (nwk_link)
                                                   nwk_setMyAddress (nwk_globals)
                                                   osal_mem_alloc (OSAL_Memory)
                                                   osal_mem_free (OSAL_Memory)
                                                   osal_memset (OSAL)
                                                   osal_msg_allocate (OSAL)
    -------------------------------------------------------------------------
XSP
  Relative segment, address: DATA 00000018 - 00000019 (0x2 bytes), align: 0
  Segment part 3.
           ENTRY                   ADDRESS         REF BY
           =====                   =======         ======
           ?XSP                    00000018        ?ADD_XSTACK_DISP0_8 (?ADD_XSTACK_DISP8)
                                                   ?ALLOC_XSTACK8 (?ALLOC_XSTACK8)
                                                   ?BANKED_ENTER_XDATA (?BANKED_ENTER_XDATA)
                                                   ?BANKED_LEAVE_XDATA (?BANKED_LEAVE_XDATA)
                                                   ?DEALLOC_XSTACK8 (?DEALLOC_XSTACK8)
                                                   ?INTERRUPT_ENTER_XSP (?INTERRUPT_ENTER_XSP)
                                                   ?INTERRUPT_LEAVE_XSP (?INTERRUPT_LEAVE_XSP)
                                                   ?PUSH_XSTACK8_X (?PUSH_XSTACK8_X)
                                                   ?RESET_XSP (CSTARTUP)
                                                   ?XSTACK_DISP0_8 (?XSTACK_DISP8)
                                                   BSP_Init (bsp)
                                                   DmaUartInit (uart_intfc)
                                                   nwk_QfindOldest (nwk_QMgmt)
                                                   nwk_getConnInfo (nwk)
                                                   nwk_join (nwk_join)
                                                   nwk_putNumObjectIntoMsg (nwk)
                                                   nwk_rawReceive (nwk_ioctl)
                                                   uart_tx_irq (uart)

    *************************************************************************

  FILE NAME : C:\Users\freeman\Documents\work\NBK\Nikon\NikonStm32\Nikon_Rf\SimpliciTI-IAR-1.2.0\Projects\Examples\SRF05_8051\nik_sb5000\IAR\LinkTo\Obj\hal_adc.r51
  PROGRAM MODULE, NAME : hal_adc

  SEGMENTS IN THE MODULE
  ======================
SFR_AN
  Relative segment, address: DATA 00000088 - 00000088 (0x1 bytes), align: 0
  Segment part 1. ROOT.
           ENTRY                   ADDRESS         REF BY
           =====                   =======         ======
           _A_TCON                 00000088 
           LOCAL                   ADDRESS         
           =====                   =======         
           TCON                    00000088 
    -------------------------------------------------------------------------
SFR_AN
  Relative segment, address: DATA 000000B6 - 000000B6 (0x1 bytes), align: 0
  Segment part 2. ROOT.
           ENTRY                   ADDRESS         REF BY
           =====                   =======         ======
           ADCCON3                 000000B6 
    -------------------------------------------------------------------------
SFR_AN
  Relative segment, address: DATA 000000BA - 000000BA (0x1 bytes), align: 0
  Segment part 3. ROOT.
           ENTRY                   ADDRESS         REF BY
           =====                   =======         ======
           ADCL                    000000BA 
    -------------------------------------------------------------------------
SFR_AN
  Relative segment, address: DATA 000000BB - 000000BB (0x1 bytes), align: 0
  Segment part 4. ROOT.
           ENTRY                   ADDRESS         REF BY
           =====                   =======         ======
           ADCH                    000000BB 

    *************************************************************************

  FILE NAME : C:\Users\freeman\Documents\work\NBK\Nikon\NikonStm32\Nikon_Rf\SimpliciTI-IAR-1.2.0\Projects\Examples\SRF05_8051\nik_sb5000\IAR\LinkTo\Obj\hal_assert.r51
  PROGRAM MODULE, NAME : hal_assert

  SEGMENTS IN THE MODULE
  ======================
SFR_AN
  Relative segment, address: DATA 00000080 - 00000080 (0x1 bytes), align: 0
  Segment part 1. ROOT.       Intra module refs:   HalUARTOpenDMA (hal_uart)
                                                   HalUARTPollDMA (hal_uart)
                                                   HalUARTReadDMA (hal_uart)
           ENTRY                   ADDRESS         REF BY
           =====                   =======         ======
           _A_P0                   00000080 
           LOCAL                   ADDRESS         
           =====                   =======         
           P0                      00000080 
    -------------------------------------------------------------------------
SFR_AN
  Relative segment, address: DATA 0000009E - 0000009E (0x1 bytes), align: 0
  Segment part 4. ROOT.       Intra module refs:   MRFI_Init (mrfi)
                                                   main (main_UART_Bridge)
           ENTRY                   ADDRESS         REF BY
           =====                   =======         ======
           CLKCONSTA               0000009E 
[...]
                                                   nwk_setAPAddress (nwk_globals)
                                                   nwk_setMyAddress (nwk_globals)
                                                   osal_memset (OSAL)
    -------------------------------------------------------------------------
<BANKED_CODE,BANK_RELAYS..> 1 (was RCODE)
  Relative segment, address: CODE 000025A8 - 000025B4 (0xd bytes), align: 0
  Segment part 4.             Intra module refs:   ?PUSH_XSTACK_I_TWO
           ENTRY                   ADDRESS         REF BY
           =====                   =======         ======
           ?PUSH_XSTACK_I          000025A8 

    -------------------------------------------------------------------------
  LIBRARY MODULE, NAME : ?PUSH_XSTACK8_X

  SEGMENTS IN THE MODULE
  ======================
<BANKED_CODE,BANK_RELAYS..> 1 (was RCODE)
  Relative segment, address: CODE 000024A7 - 000024AA (0x4 bytes), align: 0
  Segment part 3.
           ENTRY                   ADDRESS         REF BY
           =====                   =======         ======
           ?PUSH_XSTACK8_X_TWO     000024A7        nwk_rawReceive (nwk_ioctl)
    -------------------------------------------------------------------------
<BANKED_CODE,BANK_RELAYS..> 1 (was RCODE)
  Relative segment, address: CODE 000024AB - 000024D3 (0x29 bytes), align: 0
  Segment part 5.             Intra module refs:   ?PUSH_XSTACK8_X_TWO
           ENTRY                   ADDRESS         REF BY
           =====                   =======         ======
           ?PUSH_XSTACK8_X         000024AB 

    -------------------------------------------------------------------------
  LIBRARY MODULE, NAME : ?memcmp

  SEGMENTS IN THE MODULE
  ======================
<BANKED_CODE,BANK_RELAYS..> 1 (was BANKED_CODE)
  Relative segment, address: CODE 00004BFB - 00004C50 (0x56 bytes), align: 0
  Segment part 6.             Intra module refs:   memcmp::?relay
           ENTRY                   ADDRESS         REF BY
           =====                   =======         ======
           memcmp                  00004BFB 
               XSTACK = 00000002 ( 00000009 )
    -------------------------------------------------------------------------
<BANKED_CODE,BANK_RELAYS..> 1 (was BANK_RELAYS)
  Relative segment, address: CODE 0000283C - 00002841 (0x6 bytes), align: 0
  Segment part 7.
           ENTRY                   ADDRESS         REF BY
           =====                   =======         ======
           memcmp::?relay          0000283C        nwk_QfindOldest (nwk_QMgmt)

    -------------------------------------------------------------------------
  LIBRARY MODULE, NAME : ?memcpy

  SEGMENTS IN THE MODULE
  ======================
<BANKED_CODE,BANK_RELAYS..> 1 (was BANKED_CODE)
  Relative segment, address: CODE 00004C51 - 00004C96 (0x46 bytes), align: 0
  Segment part 6.             Intra module refs:   memcpy::?relay
           ENTRY                   ADDRESS         REF BY
           =====                   =======         ======
           memcpy                  00004C51 
               XSTACK = 00000002 ( 0000000A )
               ISTACK = 00000000 ( 00000001 )
    -------------------------------------------------------------------------
<BANKED_CODE,BANK_RELAYS..> 1 (was BANK_RELAYS)
  Relative segment, address: CODE 00002842 - 00002847 (0x6 bytes), align: 0
  Segment part 7.
           ENTRY                   ADDRESS         REF BY
           =====                   =======         ======
           memcpy::?relay          00002842        NIK_Init (nwk_api)
                                                   SMPL_Ioctl (nwk_api)
                                                   Segment part 17 (nwk_frame)
                                                   nwk_deviceAddress (nwk_ioctl)
                                                   nwk_globalsInit (nwk_globals)
                                                   nwk_join (nwk_join)
                                                   nwk_nwkInit (nwk)
                                                   nwk_radioControl (nwk_ioctl)
                                                   nwk_rawSend (nwk_ioctl)
                                                   nwk_setAPAddress (nwk_globals)
                                                   nwk_setMyAddress (nwk_globals)

    -------------------------------------------------------------------------
  LIBRARY MODULE, NAME : ?memmove

  SEGMENTS IN THE MODULE
  ======================
<BANKED_CODE,BANK_RELAYS..> 1 (was BANKED_CODE)
  Relative segment, address: CODE 00004A13 - 00004A98 (0x86 bytes), align: 0
  Segment part 6.             Intra module refs:   memmove::?relay
           ENTRY                   ADDRESS         REF BY
           =====                   =======         ======
           memmove                 00004A13 
               XSTACK = 00000002 ( 0000000A )
               ISTACK = 00000000 ( 00000001 )
    -------------------------------------------------------------------------
<BANKED_CODE,BANK_RELAYS..> 1 (was BANKED_CODE)
  Relative segment, address: CODE 00004A99 - 00004AAB (0x13 bytes), align: 0
  Segment part 8.             Intra module refs:   memmove
    -------------------------------------------------------------------------
<BANKED_CODE,BANK_RELAYS..> 1 (was BANK_RELAYS)
  Relative segment, address: CODE 00002848 - 0000284D (0x6 bytes), align: 0
  Segment part 7.
           ENTRY                   ADDRESS         REF BY
           =====                   =======         ======
           memmove::?relay         00002848        nwk_putNumObjectIntoMsg (nwk)

    -------------------------------------------------------------------------
  LIBRARY MODULE, NAME : ?memset

  SEGMENTS IN THE MODULE
  ======================
<BANKED_CODE,BANK_RELAYS..> 1 (was BANKED_CODE)
  Relative segment, address: CODE 00004C97 - 00004CC3 (0x2d bytes), align: 0
  Segment part 6.             Intra module refs:   memset::?relay
           ENTRY                   ADDRESS         REF BY
           =====                   =======         ======
           memset                  00004C97 
               XSTACK = 00000002 ( 00000009 )
               ISTACK = 00000000 ( 00000001 )
    -------------------------------------------------------------------------
<BANKED_CODE,BANK_RELAYS..> 1 (was BANK_RELAYS)
  Relative segment, address: CODE 0000284E - 00002853 (0x6 bytes), align: 0
  Segment part 7.
           ENTRY                   ADDRESS         REF BY
           =====                   =======         ======
           memset::?relay          0000284E        MRFI_Init (mrfi)
                                                   MRFI_RxIsr (mrfi)
                                                   nwk_QInit (nwk_QMgmt)
                                                   nwk_globalsInit (nwk_globals)
                                                   nwk_linkInit (nwk_link)
                                                   nwk_nwkInit (nwk)
                                                   osal_memset (OSAL)

    *************************************************************************

  DEFINED ABSOLUTE ENTRIES
  PROGRAM MODULE, NAME : ?FILLER_BYTES

  SEGMENTS IN THE MODULE
  ======================
INTVEC
  Common segment, address: CODE 00002000 - 00002085 (0x86 bytes), align: 0
  Segment part 9.
    -------------------------------------------------------------------------
?FILL9
  Relative segment, address: CODE 00078000 - 0007C7FF (0x4800 bytes), align: 0
  Segment part 8.
    -------------------------------------------------------------------------
?FILL8
  Relative segment, address: CODE 00068000 - 0006FFFF (0x8000 bytes), align: 0
  Segment part 7.
    -------------------------------------------------------------------------
?FILL7
  Relative segment, address: CODE 00058000 - 0005FFFF (0x8000 bytes), align: 0
  Segment part 6.
    -------------------------------------------------------------------------
?FILL6
  Relative segment, address: CODE 00048000 - 0004FFFF (0x8000 bytes), align: 0
  Segment part 5.
    -------------------------------------------------------------------------
?FILL5
  Relative segment, address: CODE 00038000 - 0003FFFF (0x8000 bytes), align: 0
  Segment part 4.
    -------------------------------------------------------------------------
?FILL4
  Relative segment, address: CODE 00028000 - 0002FFFF (0x8000 bytes), align: 0
  Segment part 3.
    -------------------------------------------------------------------------
?FILL3
  Relative segment, address: CODE 00018000 - 0001FFFF (0x8000 bytes), align: 0
  Segment part 2.
    -------------------------------------------------------------------------
?FILL2
  Relative segment, address: CODE 00004D3D - 00007FFF (0x32c3 bytes), align: 0
  Segment part 1.
    -------------------------------------------------------------------------
?FILL1
  Relative segment, address: CODE 00002086 - 00002087 (0x2 bytes), align: 0
  Segment part 0.

    *************************************************************************

  DEFINED ABSOLUTE ENTRIES
  PROGRAM MODULE, NAME : ?CHECKSUM

  SEGMENTS IN THE MODULE
  ======================
CHECKSUM
  Relative segment, address: CODE 00002088 - 00002089 (0x2 bytes), align: 0
  Segment part 1. ROOT.
           ENTRY                   ADDRESS         REF BY
           =====                   =======         ======
           __checksum              00002088 




                ****************************************
                *                                      *
                *            MODULE SUMMARY            *
                *                                      *
                ****************************************

Module                      CODE      DATA      XDATA  IDATA    BIT
------                      ----      ----      -----  -----    ---
                           (Rel)  (Rel)  (Abs)  (Rel)  (Rel)  (Rel)
?ADD_XSTACK_DISP8             27
?ALLOC_XSTACK8                22
?BANKED_CODE_SUPPORT          74
?BANKED_ENTER_XDATA          108
?BANKED_LEAVE_XDATA           70
?CALL_IND                      2
?CHECKSUM                      2
?DEALLOC_XSTACK8              26
?FILLER_BYTES            228 037
  + common                   134
?INTERRUPT_ENTER_SP           55
?INTERRUPT_ENTER_XSP          95
?INTERRUPT_LEAVE_SP           47
?INTERRUPT_LEAVE_XSP          88
?L_ADD_X                      19
?L_MOV_TO_X                   15
?L_MOV_X                      15
?MOVE_LONG8_XDATA_IDATA       13
?MOVE_LONG8_XDATA_XDATA       33
?PUSH_XSTACK8_X               45
?PUSH_XSTACK_I                17
?S_SHL                        19
?US_SHR                       15
?XLOAD_R2345                  12
?XSTACK_DISP8                 10
?XSTORE_R2345                 12
?cexit                         5
?cmain                        88
?memcmp                       92
?memcpy                       76
?memmove                     159
?memset                       51
CSTARTUP                      16
  + common                     3
OSAL                         491                    2
  + shared                                   1
OSAL_Memory                  371                2 052
OSAL_Timers                   26                    4
OnBoard                      240                    2
  + shared                                   1
VIRTUAL_REGISTERS                     2                           8
bsp                          127             3
  + shared                                   5
hal_adc                                      4
hal_assert                    16             1
  + shared                                   4
hal_dma                       48             4     40
  + shared                    70             3
  + common
hal_drivers                   31                    1
hal_flash                    184                   35
  + shared                                   2
hal_key                        9
hal_led                      465                   39
hal_sleep                      3             4
  + shared                    46             2
  + common
hal_startup                   11
hal_timer                    413             8     30
  + common                   102
hal_uart                   1 516             9    526
  + shared                                   1
mac_backoff_timer              4             2
  + shared                                   1      4
mac_rx
  + shared                                   4
main_UART_Bridge             200                   81
mrfi                       1 766             6     70
  + common                   134
nwk                          489                   38
nwk_QMgmt                    709                  306
nwk_api                      405                   54
nwk_frame                    689                    7
nwk_freq                       9
nwk_globals                  251                   18
nwk_ioctl                    534
nwk_join                     419                   11
nwk_link                     125                   11
nwk_mgmt                      25                    1
nwk_ping                      25                    1
nwk_security                   9
uart                         231            10      4
  + common                   118
uart_intfc                   276                   81
N/A (command line)                   24         1 023    192
N/A (alignment)
----------               -------     --     --  -----    ---      -
Total:                   239 482     26     75  4 441    192      8
  + common                   134


                ****************************************
                *                                      *
                *      SEGMENTS IN ADDRESS ORDER       *
                *                                      *
                ****************************************


SEGMENT              SPACE    START ADDRESS   END ADDRESS     SIZE  TYPE  ALIGN
=======              =====    =============   ===========     ====  ====  =====
INTVEC               CODE          00002000 - 00002085          86   com    0
BDATA_ID             CODE               00002086                     dse    0
PDATA_ID             CODE               00002086                     dse    0
IXDATA_ID            CODE               00002086                     dse    0
IDATA_ID             CODE               00002086                     dse    0
DATA_ID              CODE               00002086                     dse    0
BIT_ID               CODE               00002086                     dse    0
?FILL1               CODE          00002086 - 00002087           2   rel    0
CHECKSUM             CODE          00002088 - 00002089           2   rel    0
XDATA_ID             CODE          0000208A - 00002140          B7   rel    0
<BANKED_CODE,BANK_RELAYS..> 1
                     CODE          00002141 - 00004D3C        2BFC   rel    0
?FILL2               CODE          00004D3D - 00007FFF        32C3   rel    0
?FILL3               CODE          00018000 - 0001FFFF        8000   rel    0
?FILL4               CODE          00028000 - 0002FFFF        8000   rel    0
?FILL5               CODE          00038000 - 0003FFFF        8000   rel    0
?FILL6               CODE          00048000 - 0004FFFF        8000   rel    0
?FILL7               CODE          00058000 - 0005FFFF        8000   rel    0
?FILL8               CODE          00068000 - 0006FFFF        8000   rel    0
?FILL9               CODE          00078000 - 0007C7FF        4800   rel    0
REGISTERS            DATA          00000000 - 00000007           8   rel    0
VREG                 DATA          00000008 - 00000017          10   rel    0
PSP                  DATA               00000018                     dse    0
XSP                  DATA          00000018 - 00000019           2   rel    0
BREG                 BIT        00000020.0  -  00000020.7        8   rel    0
SFR_AN               DATA          00000080 - 00000080           1   rel    0
                     DATA          00000086 - 00000086           1 
                     DATA          00000086 - 00000088           3 
                     DATA          0000008F - 00000091           3 
                     DATA          00000094 - 00000097           4 
                     DATA          0000009A - 0000009A           1 
                     DATA          0000009A - 0000009B           2 
                     DATA          0000009D - 0000009E           2 
                     DATA          000000A1 - 000000A1           1 
                     DATA          000000A7 - 000000A9           3 
                     DATA          000000AD - 000000AD           1 
                     DATA          000000B4 - 000000B4           1 
                     DATA          000000B6 - 000000B6           1 
                     DATA          000000B8 - 000000BE           7 
                     DATA          000000C0 - 000000C2           3 
                     DATA          000000C4 - 000000C4           1 
                     DATA          000000C4 - 000000C5           2 
                     DATA          000000C5 - 000000C7           3 
                     DATA          000000C9 - 000000C9           1 
                     DATA          000000CB - 000000CE           4 
                     DATA          000000D1 - 000000D9           9 
                     DATA          000000E1 - 000000E1           1 
                     DATA          000000E4 - 000000E9           6 
                     DATA          000000EB - 000000EC           2 
                     DATA          000000EE - 000000EE           1 
                     DATA          000000F1 - 000000F1           1 
                     DATA          000000F1 - 000000F2           2 
                     DATA          000000F2 - 000000F3           2 
                     DATA          000000F3 - 000000F3           1 
                     DATA          000000F5 - 000000F5           1 
                     DATA          000000F7 - 000000F7           1 
                     DATA          000000FD - 000000FF           3 
XSTACK               XDATA         00000001 - 000003FF         3FF   rel    0
XDATA_Z              XDATA         00000400 - 0000107F         C80   rel    0
XDATA_I              XDATA         00001080 - 00001136          B7   rel    0
RAM_CODE_XDATA       XDATA         00001EDD - 00001EFF          23   rel    0
ISTACK               IDATA         00000040 - 000000FF          C0   rel    0


                ****************************************
                *                                      *
                *              CHECKSUMS               *
                *                                      *
                ****************************************

Symbol      Checksum  Memory  Start      End       Initial value
------      --------  ------  -----      ---       -------------
__checksum    0x5f88   CODE   00002000 - 00002087  0x0000 (#0x0000)
                       CODE   0000208A - 00007FFF
                       CODE   00018000 - 0001FFFF
                       CODE   00028000 - 0002FFFF
                       CODE   00038000 - 0003FFFF
                       CODE   00048000 - 0004FFFF
                       CODE   00058000 - 0005FFFF
                       CODE   00068000 - 0006FFFF
                       CODE   00078000 - 0007C7FF

                ****************************************
                *                                      *
                *        END OF CROSS REFERENCE        *
                *                                      *
                ****************************************

 11 579 bytes of CODE  memory (+             228 037 range fill )
     26 bytes of DATA  memory (+ 75 absolute )
  4 441 bytes of XDATA memory
    192 bytes of IDATA memory
      8 bits  of BIT   memory

Errors: none
Warnings: 1

