###############################################################################
#                                                                             #
# IAR C/C++ Compiler V8.10.4.40412/W32 for 8051         22/Jul/2016  22:50:13 #
# Copyright 2004-2011 IAR Systems AB.                                         #
#                                                                             #
#    Core               =  plain                                              #
#    Code model         =  banked                                             #
#    Data model         =  large                                              #
#    Calling convention =  xdata reentrant                                    #
#    Constant location  =  data                                               #
#    Dptr setup         =  1,16                                               #
#    Source file        =  C:\Users\freeman\Documents\work\NBK\Nikon\Nikon_Rf #
#                          \SimpliciTI-IAR-1.2.0\Components\hal\common\hal_as #
#                          sert.c                                             #
#    Command line       =  -f C:\Users\freeman\Documents\work\NBK\Nikon\Nikon #
#                          _Rf\SimpliciTI-IAR-1.2.0\Projects\Examples\SRF05_8 #
#                          051\nik_sb5000\IAR\Configuration\LinkTo\smpl_confi #
#                          g.dat ("-DTHIS_DEVICE_ADDRESS={0x79, 0x56, 0x34,   #
#                          0x12}" -DxNWK_PLL_REFERENCE_CLOCK -DLINK_TO) -f    #
#                          C:\Users\freeman\Documents\work\NBK\Nikon\Nikon_Rf #
#                          \SimpliciTI-IAR-1.2.0\Projects\Examples\SRF05_8051 #
#                          \nik_sb5000\IAR\Configuration\smpl_nwk_config.dat  #
#                          (-DMAX_HOPS=3 -DMAX_HOPS_FROM_AP=1                 #
#                          -DMAX_NWK_PAYLOAD=34 -DMAX_APP_PAYLOAD=10          #
#                          -DDEFAULT_LINK_TOKEN=0x01020304                    #
#                          -DDEFAULT_JOIN_TOKEN=0x05060708                    #
#                          -DxFREQUENCY_AGILITY -DxAPP_AUTO_ACK               #
#                          -DxEXTENDED_API -DxSMPL_SECURE                     #
#                          -DxNVOBJECT_SUPPORT -DxSW_TIMER                    #
#                          -DNUM_CONNECTIONS=2 -DSIZE_INFRAME_Q=4             #
#                          -DSIZE_OUTFRAME_Q=2 -DxFREQUENCY_HOPPING           #
#                          -DNWK_PLL_SHOW_LOCATION_INDICATORS                 #
#                          -DUART_NUMBER=UART_NUMBER_0                        #
#                          -DUART_LOCATION=UART_LOCATION_1                    #
#                          -DUART_BAUD_RATE=115200 -DUART_FLOW_CONTROL=UART_F #
#                          LOW_CONTROL_OFF -DUART_PARITY_MODE=UART_PARITY_NON #
#                          E -DUART_STOP_BITS=UART_1_STOP_BIT                 #
#                          -DBSP_TIMER_USED=1 -DEND_DEVICE)                   #
#                          C:\Users\freeman\Documents\work\NBK\Nikon\Nikon_Rf #
#                          \SimpliciTI-IAR-1.2.0\Components\hal\common\hal_as #
#                          sert.c -D MCU_H=<ioCC2530.h> -D MRFI_CC2530 -D     #
#                          ZTOOL_P1 -D MRFI_PA_LNA_ENABLED -lC                #
#                          C:\Users\freeman\Documents\work\NBK\Nikon\Nikon_Rf #
#                          \SimpliciTI-IAR-1.2.0\Projects\Examples\SRF05_8051 #
#                          \nik_sb5000\IAR\LinkTo\List\ -lA                   #
#                          C:\Users\freeman\Documents\work\NBK\Nikon\Nikon_Rf #
#                          \SimpliciTI-IAR-1.2.0\Projects\Examples\SRF05_8051 #
#                          \nik_sb5000\IAR\LinkTo\List\ -o                    #
#                          C:\Users\freeman\Documents\work\NBK\Nikon\Nikon_Rf #
#                          \SimpliciTI-IAR-1.2.0\Projects\Examples\SRF05_8051 #
#                          \nik_sb5000\IAR\LinkTo\Obj\ -e --debug             #
#                          --core=plain --dptr=16,1 --data_model=large        #
#                          --code_model=banked --calling_convention=xdata_ree #
#                          ntrant --place_constants=data --nr_virtual_regs    #
#                          16 -I C:\Users\freeman\Documents\work\NBK\Nikon\Ni #
#                          kon_Rf\SimpliciTI-IAR-1.2.0\Projects\Examples\SRF0 #
#                          5_8051\nik_sb5000\IAR\..\..\..\..\..\Components\bs #
#                          p\ -I C:\Users\freeman\Documents\work\NBK\Nikon\Ni #
#                          kon_Rf\SimpliciTI-IAR-1.2.0\Projects\Examples\SRF0 #
#                          5_8051\nik_sb5000\IAR\..\..\..\..\..\Components\bs #
#                          p\drivers\ -I C:\Users\freeman\Documents\work\NBK\ #
#                          Nikon\Nikon_Rf\SimpliciTI-IAR-1.2.0\Projects\Examp #
#                          les\SRF05_8051\nik_sb5000\IAR\..\..\..\..\..\Compo #
#                          nents\bsp\boards\CC2530EM\ -I                      #
#                          C:\Users\freeman\Documents\work\NBK\Nikon\Nikon_Rf #
#                          \SimpliciTI-IAR-1.2.0\Projects\Examples\SRF05_8051 #
#                          \nik_sb5000\IAR\..\..\..\..\..\Components\mrfi\    #
#                          -I C:\Users\freeman\Documents\work\NBK\Nikon\Nikon #
#                          _Rf\SimpliciTI-IAR-1.2.0\Projects\Examples\SRF05_8 #
#                          051\nik_sb5000\IAR\..\..\..\..\..\Components\Simpl #
#                          iciTI\nwk\ -I C:\Users\freeman\Documents\work\NBK\ #
#                          Nikon\Nikon_Rf\SimpliciTI-IAR-1.2.0\Projects\Examp #
#                          les\SRF05_8051\nik_sb5000\IAR\..\..\..\Application #
#                          s\ -I C:\Users\freeman\Documents\work\NBK\Nikon\Ni #
#                          kon_Rf\SimpliciTI-IAR-1.2.0\Projects\Examples\SRF0 #
#                          5_8051\nik_sb5000\IAR\..\..\..\..\..\Components\Si #
#                          mpliciTI\nwk_applications\ -I                      #
#                          C:\Users\freeman\Documents\work\NBK\Nikon\Nikon_Rf #
#                          \SimpliciTI-IAR-1.2.0\Projects\Examples\SRF05_8051 #
#                          \nik_sb5000\IAR\..\..\..\..\..\Components\OSAL\INC #
#                          LUDE\ -I C:\Users\freeman\Documents\work\NBK\Nikon #
#                          \Nikon_Rf\SimpliciTI-IAR-1.2.0\Projects\Examples\S #
#                          RF05_8051\nik_sb5000\IAR\..\..\..\..\..\Components #
#                          \OSAL\MCU\CCSOC\ -I C:\Users\freeman\Documents\wor #
#                          k\NBK\Nikon\Nikon_Rf\SimpliciTI-IAR-1.2.0\Projects #
#                          \Examples\SRF05_8051\nik_sb5000\IAR\..\..\..\..\.. #
#                          \Components\HAL\INCLUDE\ -I                        #
#                          C:\Users\freeman\Documents\work\NBK\Nikon\Nikon_Rf #
#                          \SimpliciTI-IAR-1.2.0\Projects\Examples\SRF05_8051 #
#                          \nik_sb5000\IAR\..\..\..\..\..\Components\HAL\TARG #
#                          ET\CC2530EB\ -I C:\Users\freeman\Documents\work\NB #
#                          K\Nikon\Nikon_Rf\SimpliciTI-IAR-1.2.0\Projects\Exa #
#                          mples\SRF05_8051\nik_sb5000\IAR\..\..\..\..\..\Com #
#                          ponents\SERVICES\SADDR\ -I                         #
#                          C:\Users\freeman\Documents\work\NBK\Nikon\Nikon_Rf #
#                          \SimpliciTI-IAR-1.2.0\Projects\Examples\SRF05_8051 #
#                          \nik_sb5000\IAR\..\..\..\..\..\Components\SERVICES #
#                          \SDATA\ -I C:\Users\freeman\Documents\work\NBK\Nik #
#                          on\Nikon_Rf\SimpliciTI-IAR-1.2.0\Projects\Examples #
#                          \SRF05_8051\nik_sb5000\IAR\..\..\..\..\..\Componen #
#                          ts\MT\ -I C:\Users\freeman\Documents\work\NBK\Niko #
#                          n\Nikon_Rf\SimpliciTI-IAR-1.2.0\Projects\Examples\ #
#                          SRF05_8051\nik_sb5000\IAR\..\..\..\..\..\Component #
#                          s\STACK\AF\ -I C:\Users\freeman\Documents\work\NBK #
#                          \Nikon\Nikon_Rf\SimpliciTI-IAR-1.2.0\Projects\Exam #
#                          ples\SRF05_8051\nik_sb5000\IAR\..\..\..\..\..\Comp #
#                          onents\STACK\NWK\ -I C:\Users\freeman\Documents\wo #
#                          rk\NBK\Nikon\Nikon_Rf\SimpliciTI-IAR-1.2.0\Project #
#                          s\Examples\SRF05_8051\nik_sb5000\IAR\..\..\..\..\. #
#                          .\Components\STACK\SEC\ -I                         #
#                          C:\Users\freeman\Documents\work\NBK\Nikon\Nikon_Rf #
#                          \SimpliciTI-IAR-1.2.0\Projects\Examples\SRF05_8051 #
#                          \nik_sb5000\IAR\..\..\..\..\..\Components\STACK\SA #
#                          PI\ -I C:\Users\freeman\Documents\work\NBK\Nikon\N #
#                          ikon_Rf\SimpliciTI-IAR-1.2.0\Projects\Examples\SRF #
#                          05_8051\nik_sb5000\IAR\..\..\..\..\..\Components\S #
#                          TACK\SYS\ -I C:\Users\freeman\Documents\work\NBK\N #
#                          ikon\Nikon_Rf\SimpliciTI-IAR-1.2.0\Projects\Exampl #
#                          es\SRF05_8051\nik_sb5000\IAR\..\..\..\..\..\Compon #
#                          ents\STACK\ZDO\ -I C:\Users\freeman\Documents\work #
#                          \NBK\Nikon\Nikon_Rf\SimpliciTI-IAR-1.2.0\Projects\ #
#                          Examples\SRF05_8051\nik_sb5000\IAR\..\..\..\..\..\ #
#                          Components\MAC\INCLUDE\ -I                         #
#                          C:\Users\freeman\Documents\work\NBK\Nikon\Nikon_Rf #
#                          \SimpliciTI-IAR-1.2.0\Projects\Examples\SRF05_8051 #
#                          \nik_sb5000\IAR\..\..\..\..\..\Components\MAC\HIGH #
#                          _LEVEL\ -I C:\Users\freeman\Documents\work\NBK\Nik #
#                          on\Nikon_Rf\SimpliciTI-IAR-1.2.0\Projects\Examples #
#                          \SRF05_8051\nik_sb5000\IAR\..\..\..\..\..\Componen #
#                          ts\MAC\LOW_LEVEL\srf04\ -I                         #
#                          C:\Users\freeman\Documents\work\NBK\Nikon\Nikon_Rf #
#                          \SimpliciTI-IAR-1.2.0\Projects\Examples\SRF05_8051 #
#                          \nik_sb5000\IAR\..\..\..\..\..\Components\MAC\LOW_ #
#                          LEVEL\srf04\SINGLE_CHIP\ -Ohz --require_prototypes #
#    List file          =  C:\Users\freeman\Documents\work\NBK\Nikon\Nikon_Rf #
#                          \SimpliciTI-IAR-1.2.0\Projects\Examples\SRF05_8051 #
#                          \nik_sb5000\IAR\LinkTo\List\hal_assert.lst         #
#    Object file        =  C:\Users\freeman\Documents\work\NBK\Nikon\Nikon_Rf #
#                          \SimpliciTI-IAR-1.2.0\Projects\Examples\SRF05_8051 #
#                          \nik_sb5000\IAR\LinkTo\Obj\hal_assert.r51          #
#                                                                             #
#                                                                             #
###############################################################################

C:\Users\freeman\Documents\work\NBK\Nikon\Nikon_Rf\SimpliciTI-IAR-1.2.0\Components\hal\common\hal_assert.c
      1          /**************************************************************************************************
      2            Filename:       hal_assert.c
      3            Revised:        $Date: 2010-01-07 10:10:43 -0800 (Thu, 07 Jan 2010) $
      4            Revision:       $Revision: 21451 $
      5          
      6            Description:    Describe the purpose and contents of the file.
      7          
      8          
      9            Copyright 2006-2010 Texas Instruments Incorporated. All rights reserved.
     10          
     11            IMPORTANT: Your use of this Software is limited to those specific rights
     12            granted under the terms of a software license agreement between the user
     13            who downloaded the software, his/her employer (which must be your employer)
     14            and Texas Instruments Incorporated (the "License").  You may not use this
     15            Software unless you agree to abide by the terms of the License. The License
     16            limits your use, and you acknowledge, that the Software may not be modified,
     17            copied or distributed unless embedded on a Texas Instruments microcontroller
     18            or used solely and exclusively in conjunction with a Texas Instruments radio
     19            frequency transceiver, which is integrated into your product.  Other than for
     20            the foregoing purpose, you may not use, reproduce, copy, prepare derivative
     21            works of, modify, distribute, perform, display or sell this Software and/or
     22            its documentation for any purpose.
     23          
     24            YOU FURTHER ACKNOWLEDGE AND AGREE THAT THE SOFTWARE AND DOCUMENTATION ARE
     25            PROVIDED “AS IS” WITHOUT WARRANTY OF ANY KIND, EITHER EXPRESS OR IMPLIED,
     26            INCLUDING WITHOUT LIMITATION, ANY WARRANTY OF MERCHANTABILITY, TITLE,
     27            NON-INFRINGEMENT AND FITNESS FOR A PARTICULAR PURPOSE. IN NO EVENT SHALL
     28            TEXAS INSTRUMENTS OR ITS LICENSORS BE LIABLE OR OBLIGATED UNDER CONTRACT,
     29            NEGLIGENCE, STRICT LIABILITY, CONTRIBUTION, BREACH OF WARRANTY, OR OTHER
     30            LEGAL EQUITABLE THEORY ANY DIRECT OR INDIRECT DAMAGES OR EXPENSES
     31            INCLUDING BUT NOT LIMITED TO ANY INCIDENTAL, SPECIAL, INDIRECT, PUNITIVE
     32            OR CONSEQUENTIAL DAMAGES, LOST PROFITS OR LOST DATA, COST OF PROCUREMENT
     33            OF SUBSTITUTE GOODS, TECHNOLOGY, SERVICES, OR ANY CLAIMS BY THIRD PARTIES
     34            (INCLUDING BUT NOT LIMITED TO ANY DEFENSE THEREOF), OR OTHER SIMILAR COSTS.
     35          
     36            Should you have any questions regarding your right to use this Software,
     37            contact Texas Instruments Incorporated at www.TI.com.
     38          **************************************************************************************************/
     39          
     40          
     41          /* ------------------------------------------------------------------------------------------------
     42           *                                          Includes
     43           * ------------------------------------------------------------------------------------------------
     44           */
     45          #include "hal_assert.h"
     46          #include "hal_types.h"
     47          #include "hal_board.h"

   \                                 In  segment SFR_AN, at 0x80
   \   union <unnamed> volatile __sfr _A_P0
   \                     _A_P0:
   \   000000                DS 1

   \                                 In  segment SFR_AN, at 0x8f
   \   unsigned char volatile __sfr P0INP
   \                     P0INP:
   \   000000                DS 1

   \                                 In  segment SFR_AN, at 0x90
   \   union <unnamed> volatile __sfr _A_P1
   \                     _A_P1:
   \   000000                DS 1

   \                                 In  segment SFR_AN, at 0x9d
   \   unsigned char volatile __sfr SLEEPSTA
   \                     SLEEPSTA:
   \   000000                DS 1

   \                                 In  segment SFR_AN, at 0x9e
   \   unsigned char volatile __sfr CLKCONSTA
   \                     CLKCONSTA:
   \   000000                DS 1

   \                                 In  segment SFR_AN, at 0xa8
   \   union <unnamed> volatile __sfr _A_IEN0
   \                     _A_IEN0:
   \   000000                DS 1

   \                                 In  segment SFR_AN, at 0xbe
   \   unsigned char volatile __sfr SLEEPCMD
   \                     SLEEPCMD:
   \   000000                DS 1

   \                                 In  segment SFR_AN, at 0xc6
   \   unsigned char volatile __sfr CLKCONCMD
   \                     CLKCONCMD:
   \   000000                DS 1

   \                                 In  segment SFR_AN, at 0xc9
   \   unsigned char volatile __sfr WDCTL
   \                     WDCTL:
   \   000000                DS 1

   \                                 In  segment SFR_AN, at 0xfd
   \   unsigned char volatile __sfr P0DIR
   \                     P0DIR:
   \   000000                DS 1

   \                                 In  segment SFR_AN, at 0xfe
   \   unsigned char volatile __sfr P1DIR
   \                     P1DIR:
   \   000000                DS 1
     48          #include "hal_defs.h"
     49          #include "hal_mcu.h"
     50          
     51          #if (defined HAL_MCU_AVR) || (defined HAL_MCU_CC2430) || (defined HAL_MCU_CC2530) || \
     52            (defined HAL_MCU_CC2533) || (defined HAL_MCU_MSP430)
     53            /* for access to debug data */
     54            #include "mac_rx.h"
     55            #include "mac_tx.h"
     56          #endif
     57          
     58          /* ------------------------------------------------------------------------------------------------
     59           *                                       Local Prototypes
     60           * ------------------------------------------------------------------------------------------------
     61           */
     62          void halAssertHazardLights(void);
     63          
     64          
     65          /**************************************************************************************************
     66           * @fn          halAssertHandler
     67           *
     68           * @brief       Logic to handle an assert.
     69           *
     70           * @param       none
     71           *
     72           * @return      none
     73           **************************************************************************************************
     74           */

   \                                 In  segment BANKED_CODE, align 1, keep-with-next
     75          void halAssertHandler(void)
   \                     halAssertHandler:
     76          {
   \   000000                ; Saved register size: 0
   \   000000                ; Auto size: 0
     77            /* execute code that handles asserts */
     78          #ifdef ASSERT_RESET
     79            HAL_SYSTEM_RESET();
   \   000000   C2AF         CLR     0xa8.7
   \   000002   75C9AB       MOV     0xc9,#-0x55
   \   000005   75C95B       MOV     0xc9,#0x5b
   \                     ??halAssertHandler_0:
   \   000008   80FE         SJMP    ??halAssertHandler_0
   \   00000A                REQUIRE _A_IEN0
   \   00000A                REQUIRE WDCTL
     80          #else
     81            halAssertHazardLights();
     82          #endif
     83          
     84          }
     85          
     86          
     87          /**************************************************************************************************
     88           * @fn          halAssertHazardLights
     89           *
     90           * @brief       Blink LEDs to indicate an error.
     91           *
     92           * @param       none
     93           *
     94           * @return      none
     95           **************************************************************************************************
     96           */

   \                                 In  segment BANKED_CODE, align 1, keep-with-next
     97          void halAssertHazardLights(void)
   \                     halAssertHazardLights:
     98          {
   \   000000   74F4         MOV     A,#-0xc
   \   000002   12....       LCALL   ?BANKED_ENTER_XDATA
   \   000005                ; Saved register size: 12
   \   000005                ; Auto size: 10
   \   000005   74F6         MOV     A,#-0xa
   \   000007   12....       LCALL   ?ALLOC_XSTACK8
     99            enum
    100            {
    101              DEBUG_DATA_RSTACK_HIGH_OFS,
    102              DEBUG_DATA_RSTACK_LOW_OFS,
    103              DEBUG_DATA_TX_ACTIVE_OFS,
    104              DEBUG_DATA_RX_ACTIVE_OFS,
    105          
    106          #if (defined HAL_MCU_AVR) || (defined HAL_MCU_CC2430)
    107              DEBUG_DATA_INT_MASK_OFS,
    108          #elif (defined HAL_MCU_CC2530) || (defined HAL_MCU_CC2533)
    109              DEBUG_DATA_INT_MASK0_OFS,
    110              DEBUG_DATA_INT_MASK1_OFS,
    111          #endif
    112          
    113              DEBUG_DATA_SIZE
    114            };
    115          
    116            uint8 buttonHeld;
    117            uint8 debugData[DEBUG_DATA_SIZE];
    118          
    119            /* disable all interrupts before anything else */
    120            HAL_DISABLE_INTERRUPTS();
   \   00000A   C2AF         CLR     0xa8.7
    121          
    122            /*-------------------------------------------------------------------------------
    123             *  Initialize LEDs and turn them off.
    124             */
    125            HAL_BOARD_INIT();
   \   00000C   53BEFB       ANL     0xbe,#0xfb
   \                     ??halAssertHazardLights_0:
   \   00000F   E59D         MOV     A,0x9d
   \   000011   A2E6         MOV     C,0xE0 /* A   */.6
   \   000013   50FA         JNC     ??halAssertHazardLights_0
   \   000015   00           NOP
   \   000016   78F8         MOV     R0,#-0x8
   \   000018   7901         MOV     R1,#0x1
   \                     ??halAssertHazardLights_1:
   \   00001A   00           NOP
   \   00001B   E8           MOV     A,R0
   \   00001C   24FF         ADD     A,#-0x1
   \   00001E   18           DEC     R0
   \   00001F   E9           MOV     A,R1
   \   000020   34FF         ADDC    A,#-0x1
   \   000022   F9           MOV     R1,A
   \   000023   E8           MOV     A,R0
   \   000024   49           ORL     A,R1
   \   000025   70F3         JNZ     ??halAssertHazardLights_1
   \   000027   75C680       MOV     0xc6,#-0x80
   \                     ??halAssertHazardLights_2:
   \   00002A   7480         MOV     A,#-0x80
   \   00002C   659E         XRL     A,0x9e
   \   00002E   70FA         JNZ     ??halAssertHazardLights_2
   \   000030   43BE04       ORL     0xbe,#0x4
   \   000033   906270       MOV     DPTR,#0x6270
   \   000036   7408         MOV     A,#0x8
   \   000038   F0           MOVX    @DPTR,A
   \   000039   43FE04       ORL     0xfe,#0x4
   \   00003C   43FD80       ORL     0xfd,#0x80
   \   00003F   438F01       ORL     0x8f,#0x1
   \   000042                ; Setup parameters for call to function MAC_RfFrontendSetup
   \   000042   12....       LCALL   ??MAC_RfFrontendSetup?relay
   \   000045   43FE04       ORL     0xfe,#0x4
   \   000048   43FE08       ORL     0xfe,#0x8
    126          
    127            HAL_TURN_OFF_LED1();
   \   00004B   D292         SETB    0x90.2
    128            HAL_TURN_OFF_LED2();
   \   00004D   D293         SETB    0x90.3
    129            HAL_TURN_OFF_LED3();
   \   00004F   D293         SETB    0x90.3
    130            HAL_TURN_OFF_LED4();
   \   000051   8017         SJMP    ??halAssertHazardLights_3
    131          
    132            /*-------------------------------------------------------------------------------
    133             *  Master infinite loop.
    134             */
    135            for (;;)
    136            {
    137              buttonHeld = 0;
    138          
    139              /*-------------------------------------------------------------------------------
    140               *  "Hazard lights" loop.  A held keypress will exit this loop.
    141               */
    142              do
    143              {
    144                HAL_LED_BLINK_DELAY();
    145          
    146                /* toggle LEDS, the #ifdefs are in case HAL has logically remapped non-existent LEDs */
    147          #if (HAL_NUM_LEDS >= 1)
    148                HAL_TOGGLE_LED1();
    149          #if (HAL_NUM_LEDS >= 2)
    150                HAL_TOGGLE_LED2();
    151          #if (HAL_NUM_LEDS >= 3)
    152                HAL_TOGGLE_LED3();
    153          #if (HAL_NUM_LEDS >= 4)
    154                HAL_TOGGLE_LED4();
    155          #endif
    156          #endif
    157          #endif
    158          #endif
    159          
    160                /* escape hatch to continue execution, set escape to '1' to continue execution */
    161                {
    162                  static uint8 escape = 0;
    163                  if (escape)
    164                  {
    165                    escape = 0;
    166                    return;
    167                  }
    168                }
    169          
    170                /* break out of loop if button is held long enough */
    171                if (HAL_PUSH_BUTTON1())
    172                {
    173                  buttonHeld++;
    174                }
    175                else
    176                {
    177                  buttonHeld = 0;
    178                }
    179              }
    180              while (buttonHeld != 10);  /* loop until button is held specified number of loops */
    181          
    182              /*-------------------------------------------------------------------------------
    183               *  Just exited from "hazard lights" loop.
    184               */
    185          
    186              /* turn off all LEDs */
    187              HAL_TURN_OFF_LED1();
    188              HAL_TURN_OFF_LED2();
    189              HAL_TURN_OFF_LED3();
    190              HAL_TURN_OFF_LED4();
    191          
    192              /* wait for button release */
    193              HAL_DEBOUNCE(!HAL_PUSH_BUTTON1());
    194          
    195              /*-------------------------------------------------------------------------------
    196               *  Load debug data into memory.
    197               */
    198          #ifdef HAL_MCU_AVR
    199              {
    200                uint8 * pStack;
    201                pStack = (uint8 *) SP;
    202                pStack++; /* point to return address on stack */
    203                debugData[DEBUG_DATA_RSTACK_HIGH_OFS] = *pStack;
    204                pStack++;
    205                debugData[DEBUG_DATA_RSTACK_LOW_OFS] = *pStack;
    206              }
    207              debugData[DEBUG_DATA_INT_MASK_OFS] = EIMSK;
    208          #endif
    209          
    210          #if (defined HAL_MCU_CC2430)
    211              debugData[DEBUG_DATA_INT_MASK_OFS] = RFIM;
    212          #elif (defined HAL_MCU_CC2530) || (defined HAL_MCU_CC2533)
    213          
    214              debugData[DEBUG_DATA_INT_MASK0_OFS] = RFIRQM0;
    215              debugData[DEBUG_DATA_INT_MASK1_OFS] = RFIRQM1;
    216          #endif
    217          
    218          
    219          #if (defined HAL_MCU_AVR) || (defined HAL_MCU_CC2430) || (defined HAL_MCU_CC2530) || \
    220            (defined HAL_MCU_CC2533) || (defined HAL_MCU_MSP430)
    221              debugData[DEBUG_DATA_TX_ACTIVE_OFS] = macTxActive;
    222              debugData[DEBUG_DATA_RX_ACTIVE_OFS] = macRxActive;
    223          #endif
    224          
    225             /* initialize for data dump loop */
    226              {
    227                uint8 iBit;
    228                uint8 iByte;
    229          
    230                iBit  = 0;
    231                iByte = 0;
    232          
    233                /*-------------------------------------------------------------------------------
    234                 *  Data dump loop.  A button press cycles data bits to an LED.
    235                 */
    236                while (iByte < DEBUG_DATA_SIZE)
    237                {
    238                  /* wait for key press */
    239                  while(!HAL_PUSH_BUTTON1());
    240          
    241                  /* turn on all LEDs for first bit of byte, turn on three LEDs if not first bit */
    242                  HAL_TURN_ON_LED1();
    243                  HAL_TURN_ON_LED2();
    244                  HAL_TURN_ON_LED3();
    245                  if (iBit == 0)
    246                  {
    247                    HAL_TURN_ON_LED4();
    248                  }
    249                  else
    250                  {
    251                    HAL_TURN_OFF_LED4();
    252                  }
    253          
    254                  /* wait for debounced key release */
    255                  HAL_DEBOUNCE(!HAL_PUSH_BUTTON1());
    256          
    257                  /* turn off all LEDs */
    258                  HAL_TURN_OFF_LED1();
    259                  HAL_TURN_OFF_LED2();
    260                  HAL_TURN_OFF_LED3();
    261                  HAL_TURN_OFF_LED4();
    262          
    263                  /* output value of data bit to LED1 */
    264                  if (debugData[iByte] & (1 << (7 - iBit)))
    265                  {
    266                    HAL_TURN_ON_LED1();
    267                  }
    268                  else
    269                  {
    270                    HAL_TURN_OFF_LED1();
   \                     ??halAssertHazardLights_4:
   \   000053   D292         SETB    0x90.2
    271                  }
    272          
    273                  /* advance to next bit */
    274                  iBit++;
   \                     ??halAssertHazardLights_5:
   \   000055   0B           INC     R3
    275                  if (iBit == 8)
   \   000056   7408         MOV     A,#0x8
   \   000058   6B           XRL     A,R3
   \   000059   6003         JZ      $+5
   \   00005B   02....       LJMP    ??halAssertHazardLights_6 & 0xFFFF
    276                  {
    277                    iBit = 0;
   \   00005E   7B00         MOV     R3,#0x0
    278                    iByte++;
   \   000060   0A           INC     R2
    279                  }
   \   000061   EA           MOV     A,R2
   \   000062   C3           CLR     C
   \   000063   9406         SUBB    A,#0x6
   \   000065   5003         JNC     $+5
   \   000067   02....       LJMP    ??halAssertHazardLights_6 & 0xFFFF
    280                }
    281              }
    282          
    283              /*
    284               *  About to enter "hazard lights" loop again.  Turn off LED1 in case the last bit
    285               *  displayed happened to be one.  This guarantees all LEDs are off at the start of
    286               *  the flashing loop which uses a toggle operation to change LED states.
    287               */
    288              HAL_TURN_OFF_LED1();
   \                     ??halAssertHazardLights_3:
   \   00006A   D292         SETB    0x90.2
   \                     ??halAssertHazardLights_7:
   \   00006C   7900         MOV     R1,#0x0
   \                     ??halAssertHazardLights_8:
   \   00006E   90....       MOV     DPTR,#__Constant_0
   \   000071   12....       LCALL   ?XLOAD_R2345
   \   000074   7406         MOV     A,#0x6
   \   000076   12....       LCALL   ?XSTACK_DISP0_8
   \   000079   12....       LCALL   ?XSTORE_R2345
   \   00007C   8012         SJMP    ??halAssertHazardLights_9
   \                     ??halAssertHazardLights_10:
   \   00007E   90....       MOV     DPTR,#__Constant_1
   \   000081   78..         MOV     R0,#?V0 + 0
   \   000083   12....       LCALL   ?L_MOV_X
   \   000086   7406         MOV     A,#0x6
   \   000088   12....       LCALL   ?XSTACK_DISP0_8
   \   00008B   78..         MOV     R0,#?V0 + 0
   \   00008D   12....       LCALL   ?L_ADD_TO_X
   \                     ??halAssertHazardLights_9:
   \   000090   7406         MOV     A,#0x6
   \   000092   12....       LCALL   ?XSTACK_DISP0_8
   \   000095   C082         PUSH    DPL
   \   000097   C083         PUSH    DPH
   \   000099   90....       MOV     DPTR,#__Constant_5800
   \   00009C   78..         MOV     R0,#?V0 + 0
   \   00009E   12....       LCALL   ?L_MOV_X
   \   0000A1   D083         POP     DPH
   \   0000A3   D082         POP     DPL
   \   0000A5   78..         MOV     R0,#?V0 + 0
   \   0000A7   12....       LCALL   ?UL_GT_X
   \   0000AA   40D2         JC      ??halAssertHazardLights_10
   \   0000AC   A292         MOV     C,0x90.2
   \   0000AE   5004         JNC     ??halAssertHazardLights_11
   \   0000B0   C292         CLR     0x90.2
   \   0000B2   8002         SJMP    ??halAssertHazardLights_12
   \                     ??halAssertHazardLights_11:
   \   0000B4   D292         SETB    0x90.2
   \                     ??halAssertHazardLights_12:
   \   0000B6   A281         MOV     C,0x80.1
   \   0000B8   50B2         JNC     ??halAssertHazardLights_7
   \   0000BA   09           INC     R1
   \   0000BB   740A         MOV     A,#0xa
   \   0000BD   69           XRL     A,R1
   \   0000BE   70AE         JNZ     ??halAssertHazardLights_8
   \   0000C0   D292         SETB    0x90.2
   \   0000C2   D293         SETB    0x90.3
   \   0000C4   D293         SETB    0x90.3
   \   0000C6   D292         SETB    0x90.2
   \   0000C8   7800         MOV     R0,#0x0
   \   0000CA   7900         MOV     R1,#0x0
   \                     ??halAssertHazardLights_13:
   \   0000CC   A281         MOV     C,0x80.1
   \   0000CE   5004         JNC     ??halAssertHazardLights_14
   \   0000D0   7800         MOV     R0,#0x0
   \   0000D2   7900         MOV     R1,#0x0
   \                     ??halAssertHazardLights_14:
   \   0000D4   12....       LCALL   ?Subroutine0 & 0xFFFF
   \                     ??CrossCallReturnLabel_0:
   \   0000D7   40F3         JC      ??halAssertHazardLights_13
   \   0000D9   9061A3       MOV     DPTR,#0x61a3
   \   0000DC   E0           MOVX    A,@DPTR
   \   0000DD   C0E0         PUSH    A
   \   0000DF   7404         MOV     A,#0x4
   \   0000E1   12....       LCALL   ?XSTACK_DISP0_8
   \   0000E4   D0E0         POP     A
   \   0000E6   F0           MOVX    @DPTR,A
   \   0000E7   9061A4       MOV     DPTR,#0x61a4
   \   0000EA   E0           MOVX    A,@DPTR
   \   0000EB   C0E0         PUSH    A
   \   0000ED   7405         MOV     A,#0x5
   \   0000EF   12....       LCALL   ?XSTACK_DISP0_8
   \   0000F2   D0E0         POP     A
   \   0000F4   F0           MOVX    @DPTR,A
   \   0000F5   90....       MOV     DPTR,#macTxActive
   \   0000F8   E0           MOVX    A,@DPTR
   \   0000F9   C0E0         PUSH    A
   \   0000FB   7402         MOV     A,#0x2
   \   0000FD   12....       LCALL   ?XSTACK_DISP0_8
   \   000100   D0E0         POP     A
   \   000102   F0           MOVX    @DPTR,A
   \   000103   90....       MOV     DPTR,#macRxActive
   \   000106   E0           MOVX    A,@DPTR
   \   000107   C0E0         PUSH    A
   \   000109   7403         MOV     A,#0x3
   \   00010B   12....       LCALL   ?XSTACK_DISP0_8
   \   00010E   D0E0         POP     A
   \   000110   F0           MOVX    @DPTR,A
   \   000111   7B00         MOV     R3,#0x0
   \   000113   7A00         MOV     R2,#0x0
   \                     ??halAssertHazardLights_6:
   \   000115   A281         MOV     C,0x80.1
   \   000117   50FC         JNC     ??halAssertHazardLights_6
   \   000119   C292         CLR     0x90.2
   \   00011B   C293         CLR     0x90.3
   \   00011D   C293         CLR     0x90.3
   \   00011F   EB           MOV     A,R3
   \   000120   7004         JNZ     ??halAssertHazardLights_15
   \   000122   C292         CLR     0x90.2
   \   000124   8002         SJMP    ??halAssertHazardLights_16
   \                     ??halAssertHazardLights_15:
   \   000126   D292         SETB    0x90.2
   \                     ??halAssertHazardLights_16:
   \   000128   7800         MOV     R0,#0x0
   \   00012A   7900         MOV     R1,#0x0
   \                     ??halAssertHazardLights_17:
   \   00012C   A281         MOV     C,0x80.1
   \   00012E   5004         JNC     ??halAssertHazardLights_18
   \   000130   7800         MOV     R0,#0x0
   \   000132   7900         MOV     R1,#0x0
   \                     ??halAssertHazardLights_18:
   \   000134   12....       LCALL   ?Subroutine0 & 0xFFFF
   \                     ??CrossCallReturnLabel_1:
   \   000137   40F3         JC      ??halAssertHazardLights_17
   \   000139   D292         SETB    0x90.2
   \   00013B   D293         SETB    0x90.3
   \   00013D   D293         SETB    0x90.3
   \   00013F   D292         SETB    0x90.2
   \   000141   75..01       MOV     ?V0 + 0,#0x1
   \   000144   75..00       MOV     ?V0 + 1,#0x0
   \   000147   7407         MOV     A,#0x7
   \   000149   C3           CLR     C
   \   00014A   9B           SUBB    A,R3
   \   00014B   78..         MOV     R0,#?V0 + 0
   \   00014D   12....       LCALL   ?S_SHL
   \   000150   8A..         MOV     ?V0 + 2,R2
   \   000152   85..82       MOV     DPL,?XSP + 0
   \   000155   85..83       MOV     DPH,?XSP + 1
   \   000158   E582         MOV     A,DPL
   \   00015A   25..         ADD     A,?V0 + 2
   \   00015C   F582         MOV     DPL,A
   \   00015E   E583         MOV     A,DPH
   \   000160   3400         ADDC    A,#0x0
   \   000162   F583         MOV     DPH,A
   \   000164   E0           MOVX    A,@DPTR
   \   000165   55..         ANL     A,?V0 + 0
   \   000167   7003         JNZ     $+5
   \   000169   02....       LJMP    ??halAssertHazardLights_4 & 0xFFFF
   \   00016C   C292         CLR     0x90.2
   \   00016E   02....       LJMP    ??halAssertHazardLights_5 & 0xFFFF
   \   000171                REQUIRE _A_IEN0
   \   000171                REQUIRE SLEEPCMD
   \   000171                REQUIRE SLEEPSTA
   \   000171                REQUIRE CLKCONCMD
   \   000171                REQUIRE CLKCONSTA
   \   000171                REQUIRE P1DIR
   \   000171                REQUIRE P0DIR
   \   000171                REQUIRE P0INP
   \   000171                REQUIRE _A_P1
   \   000171                REQUIRE _A_P0
    289            }
    290          }

   \                                 In  segment BANKED_CODE, align 1, keep-with-next
   \                     ?Subroutine0:
   \   000000   E8           MOV     A,R0
   \   000001   2401         ADD     A,#0x1
   \   000003   08           INC     R0
   \   000004   E9           MOV     A,R1
   \   000005   3400         ADDC    A,#0x0
   \   000007   F9           MOV     R1,A
   \   000008   C3           CLR     C
   \   000009   E8           MOV     A,R0
   \   00000A   94F4         SUBB    A,#-0xc
   \   00000C   E9           MOV     A,R1
   \   00000D   9401         SUBB    A,#0x1
   \   00000F   A2D2         MOV     C,0xD0 /* PSW */.2
   \   000011   65D0         XRL     A,PSW
   \   000013   33           RLC     A
   \   000014   22           RET

   \                                 In  segment XDATA_I, align 1, keep-with-next
   \                     __Constant_0:
   \   000000                DS 4
   \   000004                REQUIRE `?<Initializer for __Constant_0>`
   \   000004                REQUIRE __INIT_XDATA_I

   \                                 In  segment XDATA_ID, align 1, keep-with-next
   \                     `?<Initializer for __Constant_0>`:
   \   000000   00000000     DD 0

   \                                 In  segment XDATA_I, align 1, keep-with-next
   \                     __Constant_1:
   \   000000                DS 4
   \   000004                REQUIRE `?<Initializer for __Constant_1>`
   \   000004                REQUIRE __INIT_XDATA_I

   \                                 In  segment XDATA_ID, align 1, keep-with-next
   \                     `?<Initializer for __Constant_1>`:
   \   000000   01000000     DD 1

   \                                 In  segment XDATA_I, align 1, keep-with-next
   \                     __Constant_5800:
   \   000000                DS 4
   \   000004                REQUIRE `?<Initializer for __Constant_5800>`
   \   000004                REQUIRE __INIT_XDATA_I

   \                                 In  segment XDATA_ID, align 1, keep-with-next
   \                     `?<Initializer for __Constant_5800>`:
   \   000000   00580000     DD 22528

   \                                 In  segment BANK_RELAYS, align 1
   \                     ??halAssertHandler?relay:
   \   000000   12....       LCALL   ?BDISPATCH
   \   000003   ......       DC24    halAssertHandler

   \                                 In  segment BANK_RELAYS, align 1
   \                     ??halAssertHazardLights?relay:
   \   000000   12....       LCALL   ?BDISPATCH
   \   000003   ......       DC24    halAssertHazardLights
    291          
    292          
    293          /* ------------------------------------------------------------------------------------------------
    294           *                                    Compile Time Assertions
    295           * ------------------------------------------------------------------------------------------------
    296           */
    297          
    298          /* integrity check of type sizes */
    299          HAL_ASSERT_SIZE(  int8, 1);
    300          HAL_ASSERT_SIZE( uint8, 1);
    301          HAL_ASSERT_SIZE( int16, 2);
    302          HAL_ASSERT_SIZE(uint16, 2);
    303          HAL_ASSERT_SIZE( int32, 4);
    304          HAL_ASSERT_SIZE(uint32, 4);
    305          
    306          
    307          /**************************************************************************************************
    308          */

   Maximum stack usage in bytes:

     Function                 ISTACK PSTACK XSTACK
     --------                 ------ ------ ------
     halAssertHandler             0      0      0
     halAssertHazardLights        2      0     22
       -> MAC_RfFrontendSetup     0      0     44


   Segment part sizes:

     Function/Label                     Bytes
     --------------                     -----
     _A_P0                                 1
     P0INP                                 1
     _A_P1                                 1
     SLEEPSTA                              1
     CLKCONSTA                             1
     _A_IEN0                               1
     SLEEPCMD                              1
     CLKCONCMD                             1
     WDCTL                                 1
     P0DIR                                 1
     P1DIR                                 1
     halAssertHandler                     10
     halAssertHazardLights               369
     ?Subroutine0                         21
     __Constant_0                          4
     ?<Initializer for __Constant_0>       4
     __Constant_1                          4
     ?<Initializer for __Constant_1>       4
     __Constant_5800                       4
     ?<Initializer for __Constant_5800>    4
     ??halAssertHandler?relay              6
     ??halAssertHazardLights?relay         6

 
 400 bytes in segment BANKED_CODE
  12 bytes in segment BANK_RELAYS
  11 bytes in segment SFR_AN
  12 bytes in segment XDATA_I
  12 bytes in segment XDATA_ID
 
 412 bytes of CODE  memory (+ 12 bytes shared)
   0 bytes of DATA  memory (+ 11 bytes shared)
   0 bytes of XDATA memory (+ 12 bytes shared)

Errors: none
Warnings: none
