################################################################################
#                                                                              #
#      IAR Universal Linker V5.0.2.5/W32                                       #
#                                                                              #
#           Link time     =  19/Jun/2016  18:59:08                             #
#           Target CPU    =  x51                                               #
#           List file     =  C:\Users\freeman\Documents\work\SN\module\Project #
#                            s\zstack\Utilities\OAD\CC2530DB\OAD-Boot\List\Boo #
#                            t.map                                             #
#           Output file 1 =  C:\Users\freeman\Documents\work\SN\module\Project #
#                            s\zstack\Utilities\OAD\CC2530DB\OAD-Boot\Exe\Boot #
#                            .hex                                              #
#                            Format: intel-extended                            #
#           Output file 2 =  C:\Users\freeman\Documents\work\SN\module\Project #
#                            s\zstack\Utilities\OAD\CC2530DB\OAD-Boot\Exe\Boot #
#                            .d51                                              #
#                            Format: debug                                     #
#                            UBROF version 10.0.3                              #
#                            Using library modules for C-SPY (-rt)             #
#           Command line  =  -a -D_NR_OF_BANKS=0 -D_CODEBANK_END=0             #
#                            -D_CODEBANK_START=0                               #
#                            "-IC:\Program Files (x86)\IAR Systems\Embedded Wo #
#                            rkbench 6.0\8051\CONFIG\"                         #
#                            C:\Users\freeman\Documents\work\SN\module\Project #
#                            s\zstack\Utilities\OAD\CC2530DB\OAD-Boot\Obj\chip #
#                            con_cstartup.r51                                  #
#                            C:\Users\freeman\Documents\work\SN\module\Project #
#                            s\zstack\Utilities\OAD\CC2530DB\OAD-Boot\Obj\hal_ #
#                            flash.r51                                         #
#                            C:\Users\freeman\Documents\work\SN\module\Project #
#                            s\zstack\Utilities\OAD\CC2530DB\OAD-Boot\Obj\hal_ #
#                            oad.r51                                           #
#                            C:\Users\freeman\Documents\work\SN\module\Project #
#                            s\zstack\Utilities\OAD\CC2530DB\OAD-Boot\Obj\hal_ #
#                            uart.r51                                          #
#                            C:\Users\freeman\Documents\work\SN\module\Project #
#                            s\zstack\Utilities\OAD\CC2530DB\OAD-Boot\Obj\inte #
#                            rrupt_stubs.r51                                   #
#                            -o                                                #
#                            C:\Users\freeman\Documents\work\SN\module\Project #
#                            s\zstack\Utilities\OAD\CC2530DB\OAD-Boot\Exe\Boot #
#                            .d51                                              #
#                            -l                                                #
#                            C:\Users\freeman\Documents\work\SN\module\Project #
#                            s\zstack\Utilities\OAD\CC2530DB\OAD-Boot\List\Boo #
#                            t.map                                             #
#                            -xmsn                                             #
#                            "-IC:\Program Files (x86)\IAR Systems\Embedded Wo #
#                            rkbench 6.0\8051\LIB\"                            #
#                            -f                                                #
#                            C:\Users\freeman\Documents\work\SN\module\Project #
#                            s\zstack\Utilities\OAD\CC2530DB\..\..\..\Tools\CC #
#                            2530DB\oad-boot.xcl                               #
#                            (-D_XDATA_START=0x0001 -D_XDATA_END=0x1EFF        #
#                            -D_IDATA_END=0xFF -D_CODE_START=0x0000            #
#                            -D_CODE_END=0x1FFF -D?REGISTER_BANK=0             #
#                            -D_REGISTER_BANK_START=0 -D?PBANK_NUMBER=00       #
#                            -D?PBANK=93 -D_BREG_START=0x00 -D?VB=0x20         #
#                            -Z(BIT)BREG=_BREG_START -Z(BIT)BIT_N=0-7F         #
#                            -Z(DATA)REGISTERS+8=_REGISTER_BANK_START          #
#                            -Z(DATA)BDATA_Z,BDATA_N,BDATA_I=20-2F             #
#                            -Z(DATA)VREG+_NR_OF_VIRTUAL_REGISTERS=08-7F       #
#                            -Z(DATA)PSP,XSP=08-7F -Z(DATA)DOVERLAY=08-7F      #
#                            -Z(DATA)DATA_I,DATA_Z,DATA_N=08-7F                #
#                            -U(IDATA)0-7F=(DATA)0-7F                          #
#                            -Z(IDATA)IDATA_I,IDATA_Z,IDATA_N=08-_IDATA_END    #
#                            -Z(IDATA)ISTACK+_IDATA_STACK_SIZE#08-_IDATA_END   #
#                            -Z(IDATA)IOVERLAY=08-FF                           #
#                            -Z(CODE)INTVEC=_CODE_START                        #
#                            -Z(CODE)BIT_ID,BDATA_ID,DATA_ID,IDATA_ID,IXDATA_I #
#                            D,PDATA_ID,XDATA_ID=_CODE_START-_CODE_END         #
#                            -Z(CODE)RAM_CODE_FLASH=_RAM_CODE_FLASH_START-_RAM #
#                            _CODE_FLASH_END                                   #
#                            -P(CODE)CSTART,BANK_RELAYS,RCODE,DIFUNCT,NEAR_COD #
#                            E=_CODE_START-_CODE_END                           #
#                            -Z(XDATA)XSTACK+_XDATA_STACK_SIZE=_XDATA_START-_X #
#                            DATA_END                                          #
#                            -Z(XDATA)XDATA_Z,XDATA_I=_XDATA_START-_XDATA_END  #
#                            -P(XDATA)XDATA_N=_XDATA_START-_XDATA_END -cx51    #
#                            -D_RAM_CODE_XDATA_START=0x07E3                    #
#                            -D_RAM_CODE_XDATA_END=(_RAM_CODE_XDATA_START+0x1C #
#                            )                                                 #
#                            -Z(XDATA)RAM_CODE_XDATA=_RAM_CODE_XDATA_START-_RA #
#                            M_CODE_XDATA_END                                  #
#                            -D_RAM_CODE_FLASH_START=0x07E3                    #
#                            -D_RAM_CODE_FLASH_END=(_RAM_CODE_FLASH_START+0x1C #
#                            )                                                 #
#                            -HFFFF) -D_NR_OF_VIRTUAL_REGISTERS=10             #
#                            -D?PBANK=0xA0 -D?DPL1=0x84 -D?DPH1=0x85 -we24=i   #
#                            -rt                                               #
#                            -Ointel-extended=C:\Users\freeman\Documents\work\ #
#                            SN\module\Projects\zstack\Utilities\OAD\CC2530DB\ #
#                            OAD-Boot\Exe\Boot.hex                             #
#                            -s __program_start                                #
#                            "C:\Program Files (x86)\IAR Systems\Embedded Work #
#                            bench 6.0\8051\LIB\CLIB\cl-pli-nlxd-1e16x01.r51"  #
#                            -D_IDATA_STACK_SIZE=0xC0                          #
#                            -D_EXTENDED_STACK_START=0x00                      #
#                            -D_EXTENDED_STACK_SIZE=0x00                       #
#                            -D_PDATA_STACK_SIZE=0x80                          #
#                            -D_XDATA_STACK_SIZE=0x100                         #
#                            -D_XDATA_HEAP_SIZE=0x00 -D_FAR_HEAP_SIZE=0x000    #
#                            -D_HUGE_HEAP_SIZE=0x000                           #
#                            -D_FAR22_HEAP_SIZE=0xFFF                          #
#                                                                              #
#                           Copyright (C) 1987-2010 IAR Systems AB.            #
################################################################################





                ****************************************
                *                                      *
                *           CROSS REFERENCE            *
                *                                      *
                ****************************************

       Program entry at : CODE      000002C0  Relocatable, from module : CSTARTUP




                ****************************************
                *                                      *
                *            RUNTIME MODEL             *
                *                                      *
                ****************************************

  __SystemLibrary          = CLib
  __calling_convention     = xdata_reentrant
  __code_model             = near
  __core                   = plain
  __data_model             = large
  __dptr_size              = 16
  __extended_stack         = disabled
  __location_for_constants = data
  __number_of_dptrs        = 1
  __rt_version             = 1



                ****************************************
                *                                      *
                *              MODULE MAP              *
                *                                      *
                ****************************************


  DEFINED ABSOLUTE ENTRIES
  PROGRAM MODULE, NAME : ?ABS_ENTRY_MOD

Absolute parts
           ENTRY                   ADDRESS         REF BY
           =====                   =======         ======
           _FAR22_HEAP_SIZE        00000FFF 
           _HUGE_HEAP_SIZE         00000000 
           _FAR_HEAP_SIZE          00000000 
           _XDATA_HEAP_SIZE        00000000 
           _XDATA_STACK_SIZE       00000100 
           _PDATA_STACK_SIZE       00000080 
           _EXTENDED_STACK_SIZE    00000000 
           _EXTENDED_STACK_START   00000000 
           _IDATA_STACK_SIZE       000000C0 
           ?DPH1                   00000085 
           ?DPL1                   00000084 
           _NR_OF_VIRTUAL_REGISTERS
                                   00000010 
           _RAM_CODE_FLASH_END     000007FF 
           _RAM_CODE_FLASH_START   000007E3 
           _RAM_CODE_XDATA_END     000007FF 
           _RAM_CODE_XDATA_START   000007E3 
           ?VB                     00000020        ?FUNC_ENTER_XDATA (?FUNC_ENTER_XDATA)
                                                   ?FUNC_LEAVE_XDATA (?FUNC_LEAVE_XDATA)
           _BREG_START             00000000 
           ?PBANK                  000000A0 
           ?PBANK_NUMBER           00000000 
           _REGISTER_BANK_START    00000000 
           ?REGISTER_BANK          00000000        Segment part 6 (CSTARTUP)
           _CODE_END               00001FFF 
           _CODE_START             00000000 
           _IDATA_END              000000FF 
           _XDATA_END              00001EFF 
           _XDATA_START            00000001 
           _CODEBANK_START         00000000 
           _CODEBANK_END           00000000 
           _NR_OF_BANKS            00000000 
    *************************************************************************

  FILE NAME : C:\Users\freeman\Documents\work\SN\module\Projects\zstack\Utilities\OAD\CC2530DB\OAD-Boot\Obj\chipcon_cstartup.r51
  PROGRAM MODULE, NAME : CSTARTUP

  SEGMENTS IN THE MODULE
  ======================
REGISTERS
  Relative segment, address: DATA 00000000, align: 0
  Segment part 0.             Intra module refs:   Segment part 6
           ENTRY                   ADDRESS         REF BY
           =====                   =======         ======
           ?REGISTERS              00000000 
    -------------------------------------------------------------------------
ISTACK
  Relative segment, address: IDATA 00000040, align: 0
  Segment part 1.             Intra module refs:   Segment part 6
           ENTRY                   ADDRESS         REF BY
           =====                   =======         ======
           ?ISTACK_START           00000040 
    -------------------------------------------------------------------------
XSTACK
  Relative segment, address: XDATA 00000001, align: 0
  Segment part 3.             Intra module refs:   ?RESET_XSP
           ENTRY                   ADDRESS         REF BY
           =====                   =======         ======
           ?XSTACK_START           00000001 
    -------------------------------------------------------------------------
INTVEC
  Common segment, address: CODE 00000000 - 00000002 (0x3 bytes), align: 0
  Segment part 5. ROOT.       Intra module refs:   Segment part 6
           LOCAL                   ADDRESS         
           =====                   =======         
           ?reset_vector           00000000 
    -------------------------------------------------------------------------
<CSTART,RCODE> 1 (was CSTART)
  Relative segment, address: CODE 000002C0 - 000002C5 (0x6 bytes), align: 0
  Segment part 6. ROOT.       Intra module refs:   ?reset_vector
           ENTRY                   ADDRESS         REF BY
           =====                   =======         ======
           __program_start         000002C0        Absolute parts (?ABS_ENTRY_MOD)
           ?RESET_SP               000002C3 
    -------------------------------------------------------------------------
<CSTART,RCODE> 1 (was CSTART)
  Relative segment, address: CODE 000002C6 - 000002CB (0x6 bytes), align: 0
  Segment part 8.
           ENTRY                   ADDRESS         REF BY
           =====                   =======         ======
           ?RESET_XSP              000002C6        ?XSP (VIRTUAL_REGISTERS)
    -------------------------------------------------------------------------
<CSTART,RCODE> 1 (was CSTART)
  Relative segment, address: CODE 000002CC - 000002CE (0x3 bytes), align: 0
  Segment part 11.            Intra module refs:   Absolute parts
           LOCAL                   ADDRESS         
           =====                   =======         
           __call_main             000002CC 

    -------------------------------------------------------------------------
  LIBRARY MODULE, NAME : VIRTUAL_REGISTERS

  SEGMENTS IN THE MODULE
  ======================
BREG
  Relative segment, address: BIT 00000020.0 - 00000020.7 (0x8 bits), align: 0
  Segment part 0.
           ENTRY                   ADDRESS         REF BY
           =====                   =======         ======
           ?B0                     00000020.0      Absolute parts (CSTARTUP)
    -------------------------------------------------------------------------
VREG
  Relative segment, address: DATA 00000008, align: 0
  Segment part 1.
           ENTRY                   ADDRESS         REF BY
           =====                   =======         ======
           ?V0                     00000008        ?FUNC_ENTER_XDATA (?FUNC_ENTER_XDATA)
                                                   ?FUNC_LEAVE_XDATA (?FUNC_LEAVE_XDATA)
                                                   ?Subroutine6 (hal_flash)
                                                   ?Subroutine8 (hal_flash)
                                                   ?Subroutine9 (hal_flash)
                                                   ?UL_GE_X (?UL_GE_X)
                                                   HalFlashRead (hal_flash)
                                                   HalFlashWrite (hal_flash)
                                                   HalOADRead (hal_flash)
                                                   Message_Rcv (hal_flash)
                                                   Message_Send (hal_flash)
                                                   crcCalc (hal_flash)
                                                   dl2rc (hal_flash)
                                                   halAesEncrDecr (hal_flash)
                                                   main (hal_flash)
                                                   runPoly (hal_flash)
    -------------------------------------------------------------------------
XSP
  Relative segment, address: DATA 00000018 - 00000019 (0x2 bytes), align: 0
  Segment part 3.
           ENTRY                   ADDRESS         REF BY
           =====                   =======         ======
           ?XSP                    00000018        ?ADD_XSTACK_DISP0_8 (?ADD_XSTACK_DISP8)
                                                   ?ALLOC_XSTACK8 (?ALLOC_XSTACK8)
                                                   ?DEALLOC_XSTACK8 (?DEALLOC_XSTACK8)
                                                   ?FUNC_ENTER_XDATA (?FUNC_ENTER_XDATA)
                                                   ?FUNC_LEAVE_XDATA (?FUNC_LEAVE_XDATA)
                                                   ?RESET_XSP (CSTARTUP)
                                                   ?XSTACK_DISP0_8 (?XSTACK_DISP8)
                                                   crcCalc (hal_flash)
                                                   main (hal_flash)

    *************************************************************************

  FILE NAME : C:\Users\freeman\Documents\work\SN\module\Projects\zstack\Utilities\OAD\CC2530DB\OAD-Boot\Obj\hal_flash.r51
  PROGRAM MODULE, NAME : hal_flash

  SEGMENTS IN THE MODULE
  ======================
SFR_AN
  Relative segment, address: DATA 00000080 - 00000080 (0x1 bytes), align: 0
  Segment part 1. ROOT.       Intra module refs:   crcCalc
                                                   main
           ENTRY                   ADDRESS         REF BY
           =====                   =======         ======
           _A_P0                   00000080 
           LOCAL                   ADDRESS         
           =====                   =======         
           P0                      00000080 
    -------------------------------------------------------------------------
SFR_AN
  Relative segment, address: DATA 00000086 - 00000086 (0x1 bytes), align: 0
  Segment part 2. ROOT.       Intra module refs:   main
           ENTRY                   ADDRESS         REF BY
           =====                   =======         ======
           U0CSR                   00000086 
    -------------------------------------------------------------------------
SFR_AN
  Relative segment, address: DATA 00000088 - 00000088 (0x1 bytes), align: 0
  Segment part 3. ROOT.       Intra module refs:   RcvData
                                                   main
           ENTRY                   ADDRESS         REF BY
           =====                   =======         ======
           _A_TCON                 00000088 
           LOCAL                   ADDRESS         
           =====                   =======         
           TCON                    00000088 
    -------------------------------------------------------------------------
SFR_AN
  Relative segment, address: DATA 00000090 - 00000090 (0x1 bytes), align: 0
  Segment part 4. ROOT.       Intra module refs:   dl2rc
                                                   main
           ENTRY                   ADDRESS         REF BY
           =====                   =======         ======
           _A_P1                   00000090 
           LOCAL                   ADDRESS         
           =====                   =======         
           P1                      00000090 
    -------------------------------------------------------------------------
SFR_AN
  Relative segment, address: DATA 0000009D - 0000009D (0x1 bytes), align: 0
  Segment part 5. ROOT.       Intra module refs:   main
           ENTRY                   ADDRESS         REF BY
           =====                   =======         ======
           SLEEPSTA                0000009D 
    -------------------------------------------------------------------------
SFR_AN
  Relative segment, address: DATA 0000009E - 0000009E (0x1 bytes), align: 0
  Segment part 6. ROOT.       Intra module refs:   main
           ENTRY                   ADDRESS         REF BY
           =====                   =======         ======
           CLKCONSTA               0000009E 
    -------------------------------------------------------------------------
SFR_AN
  Relative segment, address: DATA 000000B1 - 000000B1 (0x1 bytes), align: 0
  Segment part 7. ROOT.       Intra module refs:   halAesEncrDecr
                                                   main
           ENTRY                   ADDRESS         REF BY
           =====                   =======         ======
           ENCDI                   000000B1 
    -------------------------------------------------------------------------
SFR_AN
  Relative segment, address: DATA 000000B2 - 000000B2 (0x1 bytes), align: 0
  Segment part 8. ROOT.       Intra module refs:   halAesEncrDecr
           ENTRY                   ADDRESS         REF BY
           =====                   =======         ======
           ENCDO                   000000B2 
    -------------------------------------------------------------------------
SFR_AN
  Relative segment, address: DATA 000000B3 - 000000B3 (0x1 bytes), align: 0
  Segment part 9. ROOT.       Intra module refs:   halAesEncrDecr
                                                   main
           ENTRY                   ADDRESS         REF BY
           =====                   =======         ======
           ENCCS                   000000B3 
    -------------------------------------------------------------------------
SFR_AN
  Relative segment, address: DATA 000000BE - 000000BE (0x1 bytes), align: 0
  Segment part 10. ROOT.      Intra module refs:   main
           ENTRY                   ADDRESS         REF BY
           =====                   =======         ======
           SLEEPCMD                000000BE 
    -------------------------------------------------------------------------
SFR_AN
  Relative segment, address: DATA 000000C1 - 000000C1 (0x1 bytes), align: 0
  Segment part 11. ROOT.      Intra module refs:   RcvData
                                                   SendData
           ENTRY                   ADDRESS         REF BY
           =====                   =======         ======
           U0DBUF                  000000C1 
    -------------------------------------------------------------------------
SFR_AN
  Relative segment, address: DATA 000000C2 - 000000C2 (0x1 bytes), align: 0
  Segment part 12. ROOT.      Intra module refs:   main
           ENTRY                   ADDRESS         REF BY
           =====                   =======         ======
           U0BAUD                  000000C2 
    -------------------------------------------------------------------------
SFR_AN
  Relative segment, address: DATA 000000C5 - 000000C5 (0x1 bytes), align: 0
  Segment part 13. ROOT.      Intra module refs:   main
           ENTRY                   ADDRESS         REF BY
           =====                   =======         ======
           U0GCR                   000000C5 
    -------------------------------------------------------------------------
SFR_AN
  Relative segment, address: DATA 000000C6 - 000000C6 (0x1 bytes), align: 0
  Segment part 14. ROOT.      Intra module refs:   main
           ENTRY                   ADDRESS         REF BY
           =====                   =======         ======
           CLKCONCMD               000000C6 
    -------------------------------------------------------------------------
SFR_AN
  Relative segment, address: DATA 000000C7 - 000000C7 (0x1 bytes), align: 0
  Segment part 15. ROOT.      Intra module refs:   HalFlashRead
                                                   HalFlashWriteTrigger
           ENTRY                   ADDRESS         REF BY
           =====                   =======         ======
           MEMCTR                  000000C7 
    -------------------------------------------------------------------------
SFR_AN
  Relative segment, address: DATA 000000D1 - 000000D1 (0x1 bytes), align: 0
  Segment part 16. ROOT.      Intra module refs:   HalFlashWrite
           ENTRY                   ADDRESS         REF BY
           =====                   =======         ======
           DMAIRQ                  000000D1 
    -------------------------------------------------------------------------
SFR_AN
  Relative segment, address: DATA 000000D4 - 000000D4 (0x1 bytes), align: 0
  Segment part 17. ROOT.      Intra module refs:   main
           ENTRY                   ADDRESS         REF BY
           =====                   =======         ======
           DMA0CFGL                000000D4 
    -------------------------------------------------------------------------
SFR_AN
  Relative segment, address: DATA 000000D5 - 000000D5 (0x1 bytes), align: 0
  Segment part 18. ROOT.      Intra module refs:   main
           ENTRY                   ADDRESS         REF BY
           =====                   =======         ======
           DMA0CFGH                000000D5 
    -------------------------------------------------------------------------
SFR_AN
  Relative segment, address: DATA 000000D6 - 000000D6 (0x1 bytes), align: 0
  Segment part 19. ROOT.      Intra module refs:   HalFlashWrite
           ENTRY                   ADDRESS         REF BY
           =====                   =======         ======
           DMAARM                  000000D6 
    -------------------------------------------------------------------------
SFR_AN
  Relative segment, address: DATA 000000E8 - 000000E8 (0x1 bytes), align: 0
  Segment part 20. ROOT.      Intra module refs:   SendData
                                                   main
           ENTRY                   ADDRESS         REF BY
           =====                   =======         ======
           _A_IRCON2               000000E8 
           LOCAL                   ADDRESS         
           =====                   =======         
           IRCON2                  000000E8 
    -------------------------------------------------------------------------
SFR_AN
  Relative segment, address: DATA 000000F1 - 000000F1 (0x1 bytes), align: 0
  Segment part 21. ROOT.      Intra module refs:   main
           ENTRY                   ADDRESS         REF BY
           =====                   =======         ======
           PERCFG                  000000F1 
    -------------------------------------------------------------------------
SFR_AN
  Relative segment, address: DATA 000000F3 - 000000F3 (0x1 bytes), align: 0
  Segment part 22. ROOT.      Intra module refs:   main
           ENTRY                   ADDRESS         REF BY
           =====                   =======         ======
           P0SEL                   000000F3 
    -------------------------------------------------------------------------
SFR_AN
  Relative segment, address: DATA 000000FD - 000000FD (0x1 bytes), align: 0
  Segment part 23. ROOT.      Intra module refs:   main
           ENTRY                   ADDRESS         REF BY
           =====                   =======         ======
           P0DIR                   000000FD 
    -------------------------------------------------------------------------
SFR_AN
  Relative segment, address: DATA 000000FE - 000000FE (0x1 bytes), align: 0
  Segment part 24. ROOT.      Intra module refs:   main
           ENTRY                   ADDRESS         REF BY
           =====                   =======         ======
           P1DIR                   000000FE 
    -------------------------------------------------------------------------
RAM_CODE_XDATA
  Relative segment, address: XDATA 000007E3 - 000007FF (0x1d bytes), align: 0
  Segment part 38.            Intra module refs:   main
           LOCAL                   ADDRESS         
           =====                   =======         
           ramCode                 000007E3 
    -------------------------------------------------------------------------
<NEAR_CODE> 1 (was NEAR_CODE)
  Relative segment, address: CODE 000007FE - 00000874 (0x77 bytes), align: 0
  Segment part 58.            Intra module refs:   HalOADRead
                                                   main
           ENTRY                   ADDRESS         REF BY
           =====                   =======         ======
           HalFlashRead            000007FE 
               XSTACK = 00000016 ( 0000000B )
               ISTACK = 00000000 ( 00000001 )
    -------------------------------------------------------------------------
<NEAR_CODE> 1 (was NEAR_CODE)
  Relative segment, address: CODE 00000875 - 000008CA (0x56 bytes), align: 0
  Segment part 59.            Intra module refs:   dl2rc
                                                   main
           ENTRY                   ADDRESS         REF BY
           =====                   =======         ======
           HalFlashWrite           00000875 
               calls direct
               XSTACK = 00000021 ( 00000009 )
    -------------------------------------------------------------------------
<NEAR_CODE> 1 (was NEAR_CODE)
  Relative segment, address: CODE 000008CB - 000008CF (0x5 bytes), align: 0
  Segment part 60.            Intra module refs:   HalFlashWrite
                                                   Message_Rcv
                                                   Message_Send
           LOCAL                   ADDRESS         
           =====                   =======         
           ?Subroutine0            000008CB 
    -------------------------------------------------------------------------
<NEAR_CODE> 1 (was NEAR_CODE)
  Relative segment, address: CODE 000008D0 - 000008E3 (0x14 bytes), align: 0
  Segment part 61.            Intra module refs:   dl2rc
                                                   main
           ENTRY                   ADDRESS         REF BY
           =====                   =======         ======
           HalFlashErase           000008D0 
               XSTACK = 0000001F ( 00000000 )
               ISTACK = 00000000 ( 00000002 )
    -------------------------------------------------------------------------
RAM_CODE_FLASH
  Relative segment, address: CODE 000007E3 - 000007FD (0x1b bytes), align: 0
  Segment part 87.            Intra module refs:   HalFlashWrite
           LOCAL                   ADDRESS         
           =====                   =======         
           HalFlashWriteTrigger    000007E3 
               XSTACK = 00000009 ( 00000000 )
               ISTACK = 00000000 ( 00000002 )
    -------------------------------------------------------------------------
XDATA_Z
  Relative segment, address: XDATA 00000101 - 00000108 (0x8 bytes), align: 0
  Segment part 39.            Intra module refs:   HalFlashWrite
                                                   main
           ENTRY                   ADDRESS         REF BY
           =====                   =======         ======
           dmaCh0                  00000101 
    -------------------------------------------------------------------------
<NEAR_CODE> 1 (was NEAR_CODE)
  Relative segment, address: CODE 000008E4 - 0000090B (0x28 bytes), align: 0
  Segment part 62.            Intra module refs:   main
           LOCAL                   ADDRESS         
           =====                   =======         
           MemReadRam              000008E4 
               XSTACK = 00000014 ( 00000000 )
               ISTACK = 00000000 ( 00000003 )
    -------------------------------------------------------------------------
<NEAR_CODE> 1 (was NEAR_CODE)
  Relative segment, address: CODE 0000090C - 00000914 (0x9 bytes), align: 0
  Segment part 63.            Intra module refs:   ?Subroutine4
                                                   ?Subroutine5
                                                   Message_Send
                                                   crcCalc
                                                   main
                                                   putsDialog
           LOCAL                   ADDRESS         
           =====                   =======         
           SendData                0000090C 
               XSTACK = 0000001C ( 00000000 )
    -------------------------------------------------------------------------
<NEAR_CODE> 1 (was NEAR_CODE)
  Relative segment, address: CODE 00000915 - 00000926 (0x12 bytes), align: 0
  Segment part 64.            Intra module refs:   main
           LOCAL                   ADDRESS         
           =====                   =======         
           putsDialog              00000915 
               calls direct
               XSTACK = 00000014 ( 00000000 )
               ISTACK = 00000000 ( 00000002 )
    -------------------------------------------------------------------------
<NEAR_CODE> 1 (was NEAR_CODE)
  Relative segment, address: CODE 00000927 - 0000092B (0x5 bytes), align: 0
  Segment part 65.            Intra module refs:   HalFlashErase
                                                   MemReadRam
                                                   RcvData
                                                   putsDialog
           LOCAL                   ADDRESS         
           =====                   =======         
           ?Subroutine1            00000927 
    -------------------------------------------------------------------------
<NEAR_CODE> 1 (was NEAR_CODE)
  Relative segment, address: CODE 0000092C - 00000958 (0x2d bytes), align: 0
  Segment part 66.            Intra module refs:   ?Subroutine11
                                                   Message_Rcv
           LOCAL                   ADDRESS         
           =====                   =======         
           RcvData                 0000092C 
               XSTACK = 00000009 ( 00000000 )
               ISTACK = 00000000 ( 00000002 )
    -------------------------------------------------------------------------
<NEAR_CODE> 1 (was NEAR_CODE)
  Relative segment, address: CODE 00000959 - 000009D3 (0x7b bytes), align: 0
  Segment part 67.            Intra module refs:   main
           LOCAL                   ADDRESS         
           =====                   =======         
           Message_Rcv             00000959 
               calls direct
               XSTACK = 00000014 ( 00000009 )
               ISTACK = 00000000 ( 00000001 )
    -------------------------------------------------------------------------
<NEAR_CODE> 1 (was NEAR_CODE)
  Relative segment, address: CODE 000009D4 - 000009D7 (0x4 bytes), align: 0
  Segment part 68.            Intra module refs:   Message_Rcv
           LOCAL                   ADDRESS         
           =====                   =======         
           ?Subroutine7            000009D4 
    -------------------------------------------------------------------------
<NEAR_CODE> 1 (was NEAR_CODE)
  Relative segment, address: CODE 000009D8 - 000009DA (0x3 bytes), align: 0
  Segment part 69.            Intra module refs:   Message_Rcv
           LOCAL                   ADDRESS         
           =====                   =======         
           ?Subroutine3            000009D8 
    -------------------------------------------------------------------------
<NEAR_CODE> 1 (was NEAR_CODE)
  Relative segment, address: CODE 000009DB - 000009DF (0x5 bytes), align: 0
  Segment part 70.            Intra module refs:   ?Subroutine3
                                                   Message_Rcv
    -------------------------------------------------------------------------
<NEAR_CODE> 1 (was NEAR_CODE)
  Relative segment, address: CODE 000009E0 - 000009E9 (0xa bytes), align: 0
  Segment part 71.            Intra module refs:   ?Subroutine7
                                                   Segment part 70
           LOCAL                   ADDRESS         
           =====                   =======         
           ?Subroutine11           000009E0 
    -------------------------------------------------------------------------
<NEAR_CODE> 1 (was NEAR_CODE)
  Relative segment, address: CODE 000009EA - 000009F0 (0x7 bytes), align: 0
  Segment part 72.            Intra module refs:   ?Subroutine3
                                                   Message_Rcv
           LOCAL                   ADDRESS         
           =====                   =======         
           ?Subroutine10           000009EA 
    -------------------------------------------------------------------------
<NEAR_CODE> 1 (was NEAR_CODE)
  Relative segment, address: CODE 000009F1 - 00000A55 (0x65 bytes), align: 0
  Segment part 73.            Intra module refs:   main
           LOCAL                   ADDRESS         
           =====                   =======         
           Message_Send            000009F1 
               calls direct
               XSTACK = 00000014 ( 00000009 )
    -------------------------------------------------------------------------
<NEAR_CODE> 1 (was NEAR_CODE)
  Relative segment, address: CODE 00000A56 - 00000A5B (0x6 bytes), align: 0
  Segment part 74.            Intra module refs:   Message_Send
           LOCAL                   ADDRESS         
           =====                   =======         
           ?Subroutine5            00000A56 
    -------------------------------------------------------------------------
<NEAR_CODE> 1 (was NEAR_CODE)
  Relative segment, address: CODE 00000A5C - 00000A65 (0xa bytes), align: 0
  Segment part 75.            Intra module refs:   Message_Send
           LOCAL                   ADDRESS         
           =====                   =======         
           ?Subroutine4            00000A5C 
    -------------------------------------------------------------------------
<NEAR_CODE> 1 (was NEAR_CODE)
  Relative segment, address: CODE 00000A66 - 00000A6E (0x9 bytes), align: 0
  Segment part 76.            Intra module refs:   ?Subroutine4
                                                   Message_Send
           LOCAL                   ADDRESS         
           =====                   =======         
           ?Subroutine12           00000A66 
    -------------------------------------------------------------------------
<NEAR_CODE> 1 (was NEAR_CODE)
  Relative segment, address: CODE 00000A6F - 00000B67 (0xf9 bytes), align: 0
  Segment part 77.            Intra module refs:   main
           LOCAL                   ADDRESS         
           =====                   =======         
           halAesEncrDecr          00000A6F 
               XSTACK = 00000016 ( 00000011 )
               ISTACK = 00000000 ( 00000001 )
    -------------------------------------------------------------------------
<NEAR_CODE> 1 (was NEAR_CODE)
  Relative segment, address: CODE 00000B68 - 00000B75 (0xe bytes), align: 0
  Segment part 78.            Intra module refs:   halAesEncrDecr
           LOCAL                   ADDRESS         
           =====                   =======         
           ?Subroutine8            00000B68 
    -------------------------------------------------------------------------
<NEAR_CODE> 1 (was NEAR_CODE)
  Relative segment, address: CODE 00000B76 - 00000C3D (0xc8 bytes), align: 0
  Segment part 79.            Intra module refs:   main
           LOCAL                   ADDRESS         
           =====                   =======         
           dl2rc                   00000B76 
               calls direct
               XSTACK = 00000014 ( 00000023 )
    -------------------------------------------------------------------------
<NEAR_CODE> 1 (was NEAR_CODE)
  Relative segment, address: CODE 00000C3E - 00000C45 (0x8 bytes), align: 0
  Segment part 80.            Intra module refs:   crcCalc
                                                   dl2rc
           LOCAL                   ADDRESS         
           =====                   =======         
           ?Subroutine2            00000C3E 
    -------------------------------------------------------------------------
<NEAR_CODE> 1 (was NEAR_CODE)
  Relative segment, address: CODE 00000C46 - 00000D49 (0x104 bytes), align: 0
  Segment part 81.            Intra module refs:   main
           LOCAL                   ADDRESS         
           =====                   =======         
           crcCalc                 00000C46 
               calls direct
               XSTACK = 00000014 ( 00000020 )
               ISTACK = 00000000 ( 00000002 )
    -------------------------------------------------------------------------
<NEAR_CODE> 1 (was NEAR_CODE)
  Relative segment, address: CODE 00000D4A - 00000D51 (0x8 bytes), align: 0
  Segment part 82.            Intra module refs:   crcCalc
                                                   dl2rc
           LOCAL                   ADDRESS         
           =====                   =======         
           ?Subroutine9            00000D4A 
    -------------------------------------------------------------------------
<NEAR_CODE> 1 (was NEAR_CODE)
  Relative segment, address: CODE 00000D52 - 00000D57 (0x6 bytes), align: 0
  Segment part 83.            Intra module refs:   ?Subroutine9
                                                   crcCalc
                                                   dl2rc
    -------------------------------------------------------------------------
<NEAR_CODE> 1 (was NEAR_CODE)
  Relative segment, address: CODE 00000D58 - 00000D63 (0xc bytes), align: 0
  Segment part 84.            Intra module refs:   crcCalc
           LOCAL                   ADDRESS         
           =====                   =======         
           ?Subroutine6            00000D58 
    -------------------------------------------------------------------------
<NEAR_CODE> 1 (was NEAR_CODE)
  Relative segment, address: CODE 00000D64 - 00000D9F (0x3c bytes), align: 0
  Segment part 85.            Intra module refs:   ?Subroutine6
                                                   crcCalc
           LOCAL                   ADDRESS         
           =====                   =======         
           runPoly                 00000D64 
               XSTACK = 0000001C ( 00000000 )
               ISTACK = 00000000 ( 00000002 )
    -------------------------------------------------------------------------
<NEAR_CODE> 1 (was NEAR_CODE)
  Relative segment, address: CODE 00000DA0 - 00000DF2 (0x53 bytes), align: 0
  Segment part 86.            Intra module refs:   Segment part 83
           ENTRY                   ADDRESS         REF BY
           =====                   =======         ======
           HalOADRead              00000DA0 
               calls direct
               XSTACK = 00000023 ( 0000000F )
    -------------------------------------------------------------------------
<NEAR_CODE> 1 (was NEAR_CODE)
  Relative segment, address: CODE 00000DF3 - 00001160 (0x36e bytes), align: 0
  Segment part 88.
           ENTRY                   ADDRESS         REF BY
           =====                   =======         ======
           main                    00000DF3        ?call_main (?cmain)
               calls direct
               XSTACK = 00000000 ( 00000016 )
               ISTACK = 00000000 ( 00000002 )
    -------------------------------------------------------------------------
XDATA_ID
  Relative segment, address: CODE 0000008E - 0000009E (0x11 bytes), align: 0
  Segment part 31.            Intra module refs:   Segment part 30
    -------------------------------------------------------------------------
XDATA_ID
  Relative segment, address: CODE 0000009F - 000000A8 (0xa bytes), align: 0
  Segment part 33.            Intra module refs:   Segment part 32
    -------------------------------------------------------------------------
XDATA_ID
  Relative segment, address: CODE 000000A9 - 000000B7 (0xf bytes), align: 0
  Segment part 35.            Intra module refs:   Segment part 34
    -------------------------------------------------------------------------
XDATA_ID
  Relative segment, address: CODE 000000B8 - 000000BF (0x8 bytes), align: 0
  Segment part 37.            Intra module refs:   Segment part 36
    -------------------------------------------------------------------------
XDATA_ID
  Relative segment, address: CODE 000000C0 - 000000C3 (0x4 bytes), align: 0
  Segment part 41.            Intra module refs:   __Constant_3a4d3254
    -------------------------------------------------------------------------
XDATA_ID
  Relative segment, address: CODE 000000C4 - 000000C7 (0x4 bytes), align: 0
  Segment part 43.            Intra module refs:   __Constant_f8900a6
    -------------------------------------------------------------------------
XDATA_ID
  Relative segment, address: CODE 000000C8 - 000000CB (0x4 bytes), align: 0
  Segment part 45.            Intra module refs:   __Constant_8c
    -------------------------------------------------------------------------
XDATA_ID
  Relative segment, address: CODE 000000CC - 000000CF (0x4 bytes), align: 0
  Segment part 47.            Intra module refs:   __Constant_0
    -------------------------------------------------------------------------
XDATA_ID
  Relative segment, address: CODE 000000D0 - 000000D3 (0x4 bytes), align: 0
  Segment part 49.            Intra module refs:   __Constant_4
    -------------------------------------------------------------------------
XDATA_ID
  Relative segment, address: CODE 000000D4 - 000000D7 (0x4 bytes), align: 0
  Segment part 51.            Intra module refs:   __Constant_20001
    -------------------------------------------------------------------------
XDATA_ID
  Relative segment, address: CODE 000000D8 - 000000DB (0x4 bytes), align: 0
  Segment part 53.            Intra module refs:   __Constant_1
    -------------------------------------------------------------------------
XDATA_ID
  Relative segment, address: CODE 000000DC - 000000DF (0x4 bytes), align: 0
  Segment part 55.            Intra module refs:   __Constant_ffffff78
    -------------------------------------------------------------------------
XDATA_ID
  Relative segment, address: CODE 000000E0 - 000000E3 (0x4 bytes), align: 0
  Segment part 57.            Intra module refs:   __Constant_20000
    -------------------------------------------------------------------------
XDATA_I
  Relative segment, address: XDATA 00000109 - 00000119 (0x11 bytes), align: 0
  Segment part 30.            Intra module refs:   main
    -------------------------------------------------------------------------
XDATA_I
  Relative segment, address: XDATA 0000011A - 00000123 (0xa bytes), align: 0
  Segment part 32.            Intra module refs:   main
    -------------------------------------------------------------------------
XDATA_I
  Relative segment, address: XDATA 00000124 - 00000132 (0xf bytes), align: 0
  Segment part 34.            Intra module refs:   main
    -------------------------------------------------------------------------
XDATA_I
  Relative segment, address: XDATA 00000133 - 0000013A (0x8 bytes), align: 0
  Segment part 36.            Intra module refs:   main
    -------------------------------------------------------------------------
XDATA_I
  Relative segment, address: XDATA 0000013B - 0000013E (0x4 bytes), align: 0
  Segment part 40.            Intra module refs:   main
           ENTRY                   ADDRESS         REF BY
           =====                   =======         ======
           __Constant_3a4d3254     0000013B 
    -------------------------------------------------------------------------
XDATA_I
  Relative segment, address: XDATA 0000013F - 00000142 (0x4 bytes), align: 0
  Segment part 42.            Intra module refs:   main
           ENTRY                   ADDRESS         REF BY
           =====                   =======         ======
           __Constant_f8900a6      0000013F 
    -------------------------------------------------------------------------
XDATA_I
  Relative segment, address: XDATA 00000143 - 00000146 (0x4 bytes), align: 0
  Segment part 44.            Intra module refs:   crcCalc
                                                   dl2rc
           ENTRY                   ADDRESS         REF BY
           =====                   =======         ======
           __Constant_8c           00000143 
    -------------------------------------------------------------------------
XDATA_I
  Relative segment, address: XDATA 00000147 - 0000014A (0x4 bytes), align: 0
  Segment part 46.            Intra module refs:   crcCalc
                                                   dl2rc
           ENTRY                   ADDRESS         REF BY
           =====                   =======         ======
           __Constant_0            00000147 
    -------------------------------------------------------------------------
XDATA_I
  Relative segment, address: XDATA 0000014B - 0000014E (0x4 bytes), align: 0
  Segment part 48.            Intra module refs:   crcCalc
                                                   dl2rc
           ENTRY                   ADDRESS         REF BY
           =====                   =======         ======
           __Constant_4            0000014B 
    -------------------------------------------------------------------------
XDATA_I
  Relative segment, address: XDATA 0000014F - 00000152 (0x4 bytes), align: 0
  Segment part 50.            Intra module refs:   crcCalc
           ENTRY                   ADDRESS         REF BY
           =====                   =======         ======
           __Constant_20001        0000014F 
    -------------------------------------------------------------------------
XDATA_I
  Relative segment, address: XDATA 00000153 - 00000156 (0x4 bytes), align: 0
  Segment part 52.            Intra module refs:   crcCalc
           ENTRY                   ADDRESS         REF BY
           =====                   =======         ======
           __Constant_1            00000153 
    -------------------------------------------------------------------------
XDATA_I
  Relative segment, address: XDATA 00000157 - 0000015A (0x4 bytes), align: 0
  Segment part 54.            Intra module refs:   crcCalc
           ENTRY                   ADDRESS         REF BY
           =====                   =======         ======
           __Constant_ffffff78     00000157 
    -------------------------------------------------------------------------
XDATA_I
  Relative segment, address: XDATA 0000015B - 0000015E (0x4 bytes), align: 0
  Segment part 56.            Intra module refs:   HalOADRead
           ENTRY                   ADDRESS         REF BY
           =====                   =======         ======
           __Constant_20000        0000015B 

    *************************************************************************

  FILE NAME : C:\Users\freeman\Documents\work\SN\module\Projects\zstack\Utilities\OAD\CC2530DB\OAD-Boot\Obj\hal_oad.r51
    *************************************************************************

  FILE NAME : C:\Users\freeman\Documents\work\SN\module\Projects\zstack\Utilities\OAD\CC2530DB\OAD-Boot\Obj\hal_uart.r51
    *************************************************************************

  FILE NAME : C:\Users\freeman\Documents\work\SN\module\Projects\zstack\Utilities\OAD\CC2530DB\OAD-Boot\Obj\interrupt_stubs.r51
  PROGRAM MODULE, NAME : interrupt_stubs

  SEGMENTS IN THE MODULE
  ======================
INTVEC
  Common segment, address: CODE 00000000 - 0000008D (0x8e bytes), align: 1
  Segment part 0. ROOT.

    *************************************************************************

  FILE NAME : C:\Program Files (x86)\IAR Systems\Embedded Workbench 6.0\8051\LIB\CLIB\cl-pli-nlxd-1e16x01.r51
  LIBRARY MODULE, NAME : ?cexit

  SEGMENTS IN THE MODULE
  ======================
<CSTART,RCODE> 1 (was CSTART)
  Relative segment, address: CODE 0000030D - 00000311 (0x5 bytes), align: 0
  Segment part 0.
           ENTRY                   ADDRESS         REF BY
           =====                   =======         ======
           exit                    0000030D        ?call_main (?cmain)
           ?C_EXIT                 0000030D 
           ?ROM_MONITOR_NOPS       0000030D 

    -------------------------------------------------------------------------
  LIBRARY MODULE, NAME : ?cmain

  SEGMENTS IN THE MODULE
  ======================
<CSTART,RCODE> 1 (was CSTART)
  Relative segment, address: CODE 0000014A, align: 0
  Segment part 0.
           ENTRY                   ADDRESS         REF BY
           =====                   =======         ======
           ?cmain                  0000014A        __call_main (CSTARTUP)
    -------------------------------------------------------------------------
<CSTART,RCODE> 1 (was CSTART)
  Relative segment, address: CODE 0000014A - 00000152 (0x9 bytes), align: 0
  Segment part 1.
           ENTRY                   ADDRESS         REF BY
           =====                   =======         ======
           __low_level_init_call   0000014A        __low_level_init (?low_level_init)
    -------------------------------------------------------------------------
<CSTART,RCODE> 1 (was CSTART)
  Relative segment, address: CODE 00000153 - 00000162 (0x10 bytes), align: 0
  Segment part 11.
           ENTRY                   ADDRESS         REF BY
           =====                   =======         ======
           __INIT_XDATA_Z          00000153        dmaCh0 (hal_flash)
    -------------------------------------------------------------------------
<CSTART,RCODE> 1 (was CSTART)
  Relative segment, address: CODE 00000163 - 0000018B (0x29 bytes), align: 0
  Segment part 28.
           ENTRY                   ADDRESS         REF BY
           =====                   =======         ======
           __INIT_XDATA_I          00000163        Segment part 30 (hal_flash)
                                                   Segment part 32 (hal_flash)
                                                   Segment part 34 (hal_flash)
                                                   Segment part 36 (hal_flash)
                                                   __Constant_0 (hal_flash)
                                                   __Constant_1 (hal_flash)
                                                   __Constant_20000 (hal_flash)
                                                   __Constant_20001 (hal_flash)
                                                   __Constant_3a4d3254 (hal_flash)
                                                   __Constant_4 (hal_flash)
                                                   __Constant_8c (hal_flash)
                                                   __Constant_f8900a6 (hal_flash)
                                                   __Constant_ffffff78 (hal_flash)
    -------------------------------------------------------------------------
<CSTART,RCODE> 1 (was CSTART)
  Relative segment, address: CODE 0000018C, align: 0
  Segment part 32.            Intra module refs:   __low_level_init_call
    -------------------------------------------------------------------------
<CSTART,RCODE> 1 (was CSTART)
  Relative segment, address: CODE 0000018C - 00000191 (0x6 bytes), align: 0
  Segment part 33.            Intra module refs:   ?cmain
           ENTRY                   ADDRESS         REF BY
           =====                   =======         ======
           ?call_main              0000018C 

    -------------------------------------------------------------------------
  LIBRARY MODULE, NAME : ?L_EQ_X

  SEGMENTS IN THE MODULE
  ======================
<CSTART,RCODE> 1 (was RCODE)
  Relative segment, address: CODE 00000255 - 00000269 (0x15 bytes), align: 0
  Segment part 1.
           ENTRY                   ADDRESS         REF BY
           =====                   =======         ======
           ?L_EQ_X                 00000255        main (hal_flash)

    -------------------------------------------------------------------------
  LIBRARY MODULE, NAME : ?UL_GT_X

  SEGMENTS IN THE MODULE
  ======================
<CSTART,RCODE> 1 (was RCODE)
  Relative segment, address: CODE 000002A1 - 000002B0 (0x10 bytes), align: 0
  Segment part 1.
           ENTRY                   ADDRESS         REF BY
           =====                   =======         ======
           ?UL_GT_X                000002A1        crcCalc (hal_flash)

    -------------------------------------------------------------------------
  LIBRARY MODULE, NAME : ?UL_GE_X

  SEGMENTS IN THE MODULE
  ======================
<CSTART,RCODE> 1 (was RCODE)
  Relative segment, address: CODE 000001D2 - 000001F0 (0x1f bytes), align: 0
  Segment part 1.
           ENTRY                   ADDRESS         REF BY
           =====                   =======         ======
           ?UL_GE_X                000001D2        crcCalc (hal_flash)
                                                   dl2rc (hal_flash)

    -------------------------------------------------------------------------
  LIBRARY MODULE, NAME : ?UL_SHR

  SEGMENTS IN THE MODULE
  ======================
<CSTART,RCODE> 1 (was RCODE)
  Relative segment, address: CODE 00000226 - 0000022A (0x5 bytes), align: 0
  Segment part 1.             Intra module refs:   Segment part 2
           ENTRY                   ADDRESS         REF BY
           =====                   =======         ======
           ?UL_SHR                 00000226        HalOADRead (hal_flash)
    -------------------------------------------------------------------------
<CSTART,RCODE> 1 (was RCODE)
  Relative segment, address: CODE 0000022B - 0000023E (0x14 bytes), align: 0
  Segment part 2.             Intra module refs:   ?UL_SHR

    -------------------------------------------------------------------------
  LIBRARY MODULE, NAME : ?L_ADD_X

  SEGMENTS IN THE MODULE
  ======================
<CSTART,RCODE> 1 (was RCODE)
  Relative segment, address: CODE 0000027D - 0000028F (0x13 bytes), align: 0
  Segment part 1.
           ENTRY                   ADDRESS         REF BY
           =====                   =======         ======
           ?L_ADD_X                0000027D        HalOADRead (hal_flash)
                                                   crcCalc (hal_flash)
                                                   dl2rc (hal_flash)

    -------------------------------------------------------------------------
  LIBRARY MODULE, NAME : ?L_MOV_X

  SEGMENTS IN THE MODULE
  ======================
<CSTART,RCODE> 1 (was RCODE)
  Relative segment, address: CODE 000002B1 - 000002BF (0xf bytes), align: 0
  Segment part 0.
           ENTRY                   ADDRESS         REF BY
           =====                   =======         ======
           ?L_MOV_X                000002B1        crcCalc (hal_flash)
                                                   dl2rc (hal_flash)
                                                   main (hal_flash)

    -------------------------------------------------------------------------
  LIBRARY MODULE, NAME : ?XLOAD_R2345

  SEGMENTS IN THE MODULE
  ======================
<CSTART,RCODE> 1 (was RCODE)
  Relative segment, address: CODE 000002F7 - 00000302 (0xc bytes), align: 0
  Segment part 0.
           ENTRY                   ADDRESS         REF BY
           =====                   =======         ======
           ?XLOAD_R2345            000002F7        crcCalc (hal_flash)
                                                   dl2rc (hal_flash)
                                                   main (hal_flash)

    -------------------------------------------------------------------------
  LIBRARY MODULE, NAME : ?XSTORE_R2345

  SEGMENTS IN THE MODULE
  ======================
<CSTART,RCODE> 1 (was RCODE)
  Relative segment, address: CODE 000002EB - 000002F6 (0xc bytes), align: 0
  Segment part 0.
           ENTRY                   ADDRESS         REF BY
           =====                   =======         ======
           ?XSTORE_R2345           000002EB        main (hal_flash)

    -------------------------------------------------------------------------
  LIBRARY MODULE, NAME : ?MOVE_LONG8_XDATA_IDATA

  SEGMENTS IN THE MODULE
  ======================
<CSTART,RCODE> 1 (was RCODE)
  Relative segment, address: CODE 000002DE - 000002EA (0xd bytes), align: 0
  Segment part 0.
           ENTRY                   ADDRESS         REF BY
           =====                   =======         ======
           ?MOVE_LONG8_XDATA_IDATA
                                   000002DE        ?PUSH_XSTACK_I (?PUSH_XSTACK_I)

    -------------------------------------------------------------------------
  LIBRARY MODULE, NAME : ?US_SHR

  SEGMENTS IN THE MODULE
  ======================
<CSTART,RCODE> 1 (was RCODE)
  Relative segment, address: CODE 000002CF - 000002D1 (0x3 bytes), align: 0
  Segment part 1.             Intra module refs:   Segment part 2
           ENTRY                   ADDRESS         REF BY
           =====                   =======         ======
           ?US_SHR                 000002CF        HalFlashWrite (hal_flash)
                                                   dl2rc (hal_flash)
                                                   halAesEncrDecr (hal_flash)
                                                   main (hal_flash)
                                                   runPoly (hal_flash)
    -------------------------------------------------------------------------
<CSTART,RCODE> 1 (was RCODE)
  Relative segment, address: CODE 000002D2 - 000002DD (0xc bytes), align: 0
  Segment part 2.             Intra module refs:   ?US_SHR

    -------------------------------------------------------------------------
  LIBRARY MODULE, NAME : ?S_SHL

  SEGMENTS IN THE MODULE
  ======================
<CSTART,RCODE> 1 (was RCODE)
  Relative segment, address: CODE 0000026A - 0000026C (0x3 bytes), align: 0
  Segment part 0.
           ENTRY                   ADDRESS         REF BY
           =====                   =======         ======
           ?S_SHL                  0000026A        HalFlashRead (hal_flash)
                                                   halAesEncrDecr (hal_flash)
    -------------------------------------------------------------------------
<CSTART,RCODE> 1 (was RCODE)
  Relative segment, address: CODE 0000026D - 0000026F (0x3 bytes), align: 0
  Segment part 1.             Intra module refs:   Segment part 2
           ENTRY                   ADDRESS         REF BY
           =====                   =======         ======
           ?S_SHL_REW              0000026D 
    -------------------------------------------------------------------------
<CSTART,RCODE> 1 (was RCODE)
  Relative segment, address: CODE 00000270 - 0000027C (0xd bytes), align: 0
  Segment part 2.             Intra module refs:   ?S_SHL
                                                   ?S_SHL_REW

    -------------------------------------------------------------------------
  LIBRARY MODULE, NAME : ?ALLOC_XSTACK8

  SEGMENTS IN THE MODULE
  ======================
<CSTART,RCODE> 1 (was RCODE)
  Relative segment, address: CODE 0000023F - 00000254 (0x16 bytes), align: 0
  Segment part 0.
           ENTRY                   ADDRESS         REF BY
           =====                   =======         ======
           ?ALLOC_XSTACK8          0000023F        crcCalc (hal_flash)
                                                   dl2rc (hal_flash)
                                                   main (hal_flash)

    -------------------------------------------------------------------------
  LIBRARY MODULE, NAME : ?DEALLOC_XSTACK8

  SEGMENTS IN THE MODULE
  ======================
<CSTART,RCODE> 1 (was RCODE)
  Relative segment, address: CODE 0000020C - 00000225 (0x1a bytes), align: 0
  Segment part 0.
           ENTRY                   ADDRESS         REF BY
           =====                   =======         ======
           ?DEALLOC_XSTACK8        0000020C        ?Subroutine2 (hal_flash)
                                                   HalOADRead (hal_flash)
                                                   crcCalc (hal_flash)
                                                   dl2rc (hal_flash)
                                                   main (hal_flash)

    -------------------------------------------------------------------------
  LIBRARY MODULE, NAME : ?ADD_XSTACK_DISP8

  SEGMENTS IN THE MODULE
  ======================
<CSTART,RCODE> 1 (was RCODE)
  Relative segment, address: CODE 000001F1 - 0000020B (0x1b bytes), align: 0
  Segment part 1.
           ENTRY                   ADDRESS         REF BY
           =====                   =======         ======
           ?ADD_XSTACK_DISP0_8     000001F1        ?PUSH_XSTACK_I (?PUSH_XSTACK_I)

    -------------------------------------------------------------------------
  LIBRARY MODULE, NAME : ?XSTACK_DISP8

  SEGMENTS IN THE MODULE
  ======================
<CSTART,RCODE> 1 (was RCODE)
  Relative segment, address: CODE 00000303 - 0000030C (0xa bytes), align: 0
  Segment part 1.
           ENTRY                   ADDRESS         REF BY
           =====                   =======         ======
           ?XSTACK_DISP0_8         00000303        HalFlashRead (hal_flash)
                                                   HalFlashWrite (hal_flash)
                                                   HalOADRead (hal_flash)
                                                   crcCalc (hal_flash)
                                                   dl2rc (hal_flash)
                                                   halAesEncrDecr (hal_flash)
                                                   main (hal_flash)

    -------------------------------------------------------------------------
  LIBRARY MODULE, NAME : ?FUNC_ENTER_XDATA

  SEGMENTS IN THE MODULE
  ======================
<CSTART,RCODE> 1 (was RCODE)
  Relative segment, address: CODE 000000E4 - 00000149 (0x66 bytes), align: 0
  Segment part 1.
           ENTRY                   ADDRESS         REF BY
           =====                   =======         ======
           ?FUNC_ENTER_XDATA       000000E4        HalFlashRead (hal_flash)
                                                   HalFlashWrite (hal_flash)
                                                   HalOADRead (hal_flash)
                                                   Message_Rcv (hal_flash)
                                                   Message_Send (hal_flash)
                                                   crcCalc (hal_flash)
                                                   dl2rc (hal_flash)
                                                   halAesEncrDecr (hal_flash)

    -------------------------------------------------------------------------
  LIBRARY MODULE, NAME : ?FUNC_LEAVE_XDATA

  SEGMENTS IN THE MODULE
  ======================
<CSTART,RCODE> 1 (was RCODE)
  Relative segment, address: CODE 00000192 - 000001D1 (0x40 bytes), align: 0
  Segment part 1.
           ENTRY                   ADDRESS         REF BY
           =====                   =======         ======
           ?FUNC_LEAVE_XDATA       00000192        ?Subroutine0 (hal_flash)
                                                   ?Subroutine2 (hal_flash)
                                                   HalFlashRead (hal_flash)
                                                   HalOADRead (hal_flash)
                                                   halAesEncrDecr (hal_flash)

    -------------------------------------------------------------------------
  LIBRARY MODULE, NAME : ?PUSH_XSTACK_I

  SEGMENTS IN THE MODULE
  ======================
<CSTART,RCODE> 1 (was RCODE)
  Relative segment, address: CODE 00000290 - 00000293 (0x4 bytes), align: 0
  Segment part 2.
           ENTRY                   ADDRESS         REF BY
           =====                   =======         ======
           ?PUSH_XSTACK_I_TWO      00000290        HalOADRead (hal_flash)
                                                   crcCalc (hal_flash)
                                                   dl2rc (hal_flash)
                                                   main (hal_flash)
    -------------------------------------------------------------------------
<CSTART,RCODE> 1 (was RCODE)
  Relative segment, address: CODE 00000294 - 000002A0 (0xd bytes), align: 0
  Segment part 4.             Intra module refs:   ?PUSH_XSTACK_I_TWO
           ENTRY                   ADDRESS         REF BY
           =====                   =======         ======
           ?PUSH_XSTACK_I          00000294 

    -------------------------------------------------------------------------
  LIBRARY MODULE, NAME : ?low_level_init

  SEGMENTS IN THE MODULE
  ======================
<CSTART,RCODE> 1 (was CSTART)
  Relative segment, address: CODE 00000312 - 00000314 (0x3 bytes), align: 0
  Segment part 6. ROOT.
           ENTRY                   ADDRESS         REF BY
           =====                   =======         ======
           __low_level_init        00000312        __low_level_init_call (?cmain)

    *************************************************************************

  DEFINED ABSOLUTE ENTRIES
  PROGRAM MODULE, NAME : ?FILLER_BYTES

  SEGMENTS IN THE MODULE
  ======================
INTVEC
  Common segment, address: CODE 00000000 - 0000008D (0x8e bytes), align: 0
  Segment part 2.
    -------------------------------------------------------------------------
?FILL2
  Relative segment, address: CODE 00001161 - 00001FFF (0xe9f bytes), align: 0
  Segment part 1.
    -------------------------------------------------------------------------
?FILL1
  Relative segment, address: CODE 00000315 - 000007E2 (0x4ce bytes), align: 0
  Segment part 0.




                ****************************************
                *                                      *
                *            MODULE SUMMARY            *
                *                                      *
                ****************************************

Module                    CODE      DATA      XDATA  IDATA    BIT
------                    ----      ----      -----  -----    ---
                         (Rel)  (Rel)  (Abs)  (Rel)  (Rel)  (Rel)
?ADD_XSTACK_DISP8           27
?ALLOC_XSTACK8              22
?DEALLOC_XSTACK8            26
?FILLER_BYTES            4 973
  + common                 142
?FUNC_ENTER_XDATA          102
?FUNC_LEAVE_XDATA           64
?L_ADD_X                    19
?L_EQ_X                     21
?L_MOV_X                    15
?MOVE_LONG8_XDATA_IDATA     13
?PUSH_XSTACK_I              17
?S_SHL                      19
?UL_GE_X                    31
?UL_GT_X                    16
?UL_SHR                     25
?US_SHR                     15
?XLOAD_R2345                12
?XSTACK_DISP8               10
?XSTORE_R2345               12
?cexit                       5
?cmain                      72
?low_level_init              3
CSTARTUP                    15
  + common                   3
VIRTUAL_REGISTERS                   2                           8
hal_flash                2 516            24    123
interrupt_stubs
  + common                 142
N/A (command line)                 24           256    192
N/A (alignment)
----------               -----     --     --    ---    ---      -
Total:                   8 050     26     24    379    192      8
  + common                 142


                ****************************************
                *                                      *
                *      SEGMENTS IN ADDRESS ORDER       *
                *                                      *
                ****************************************


SEGMENT              SPACE    START ADDRESS   END ADDRESS     SIZE  TYPE  ALIGN
=======              =====    =============   ===========     ====  ====  =====
INTVEC               CODE          00000000 - 0000008D          8E   com    1
PDATA_ID             CODE               0000008E                     dse    0
IXDATA_ID            CODE               0000008E                     dse    0
IDATA_ID             CODE               0000008E                     dse    0
BIT_ID               CODE               0000008E                     dse    0
DATA_ID              CODE               0000008E                     dse    0
BDATA_ID             CODE               0000008E                     dse    0
XDATA_ID             CODE          0000008E - 000000E3          56   rel    0
<CSTART,RCODE> 1     CODE          000000E4 - 00000314         231   rel    0
?FILL1               CODE          00000315 - 000007E2         4CE   rel    0
RAM_CODE_FLASH       CODE          000007E3 - 000007FD          1B   rel    0
<NEAR_CODE> 1        CODE          000007FE - 00001160         963   rel    0
?FILL2               CODE          00001161 - 00001FFF         E9F   rel    0
REGISTERS            DATA          00000000 - 00000007           8   rel    0
VREG                 DATA          00000008 - 00000017          10   rel    0
PSP                  DATA               00000018                     dse    0
XSP                  DATA          00000018 - 00000019           2   rel    0
BREG                 BIT        00000020.0  -  00000020.7        8   rel    0
SFR_AN               DATA          00000080 - 00000080           1   rel    0
                     DATA          00000086 - 00000086           1 
                     DATA          00000088 - 00000088           1 
                     DATA          00000090 - 00000090           1 
                     DATA          0000009D - 0000009E           2 
                     DATA          000000B1 - 000000B3           3 
                     DATA          000000BE - 000000BE           1 
                     DATA          000000C1 - 000000C2           2 
                     DATA          000000C5 - 000000C7           3 
                     DATA          000000D1 - 000000D1           1 
                     DATA          000000D4 - 000000D6           3 
                     DATA          000000E8 - 000000E8           1 
                     DATA          000000F1 - 000000F1           1 
                     DATA          000000F3 - 000000F3           1 
                     DATA          000000FD - 000000FE           2 
XSTACK               XDATA         00000001 - 00000100         100   rel    0
XDATA_Z              XDATA         00000101 - 00000108           8   rel    0
XDATA_I              XDATA         00000109 - 0000015E          56   rel    0
RAM_CODE_XDATA       XDATA         000007E3 - 000007FF          1D   rel    0
ISTACK               IDATA         00000040 - 000000FF          C0   rel    0

                ****************************************
                *                                      *
                *        END OF CROSS REFERENCE        *
                *                                      *
                ****************************************

 3 219 bytes of CODE  memory (+             4 973 range fill )
    26 bytes of DATA  memory (+ 24 absolute )
   379 bytes of XDATA memory
   192 bytes of IDATA memory
     8 bits  of BIT   memory

Errors: none
Warnings: 1

