################################################################################
#                                                                              #
#      IAR Universal Linker V5.0.2.5/W32                                       #
#                                                                              #
#           Link time     =  08/Jul/2016  22:46:30                             #
#           Target CPU    =  x51                                               #
#           List file     =  "C:\Texas Instruments\SimpliciTI-IAR-1.2.0\Projec #
#                            ts\Examples\SRF05_8051\UART_Bridge\IAR\LinkTo\Lis #
#                            t\UART_Bridge.map"                                #
#           Output file 1 =  "C:\Texas Instruments\SimpliciTI-IAR-1.2.0\Projec #
#                            ts\Examples\SRF05_8051\UART_Bridge\IAR\LinkTo\Exe #
#                            \UART_Bridge.d51"                                 #
#                            Format: debug                                     #
#                            UBROF version 10.0.3                              #
#                            Using library modules for C-SPY (-rt)             #
#           Command line  =  "-IC:\Program Files (x86)\IAR Systems\Embedded Wo #
#                            rkbench 6.0\8051\CONFIG\"                         #
#                            -D_NR_OF_BANKS=0 -D_CODEBANK_END=0                #
#                            -D_CODEBANK_START=0                               #
#                            "C:\Texas Instruments\SimpliciTI-IAR-1.2.0\Projec #
#                            ts\Examples\SRF05_8051\UART_Bridge\IAR\LinkTo\Obj #
#                            \bsp.r51"                                         #
#                            "C:\Texas Instruments\SimpliciTI-IAR-1.2.0\Projec #
#                            ts\Examples\SRF05_8051\UART_Bridge\IAR\LinkTo\Obj #
#                            \main_UART_Bridge.r51"                            #
#                            "C:\Texas Instruments\SimpliciTI-IAR-1.2.0\Projec #
#                            ts\Examples\SRF05_8051\UART_Bridge\IAR\LinkTo\Obj #
#                            \mrfi.r51"                                        #
#                            "C:\Texas Instruments\SimpliciTI-IAR-1.2.0\Projec #
#                            ts\Examples\SRF05_8051\UART_Bridge\IAR\LinkTo\Obj #
#                            \nwk.r51"                                         #
#                            "C:\Texas Instruments\SimpliciTI-IAR-1.2.0\Projec #
#                            ts\Examples\SRF05_8051\UART_Bridge\IAR\LinkTo\Obj #
#                            \nwk_QMgmt.r51"                                   #
#                            "C:\Texas Instruments\SimpliciTI-IAR-1.2.0\Projec #
#                            ts\Examples\SRF05_8051\UART_Bridge\IAR\LinkTo\Obj #
#                            \nwk_api.r51"                                     #
#                            "C:\Texas Instruments\SimpliciTI-IAR-1.2.0\Projec #
#                            ts\Examples\SRF05_8051\UART_Bridge\IAR\LinkTo\Obj #
#                            \nwk_frame.r51"                                   #
#                            "C:\Texas Instruments\SimpliciTI-IAR-1.2.0\Projec #
#                            ts\Examples\SRF05_8051\UART_Bridge\IAR\LinkTo\Obj #
#                            \nwk_freq.r51"                                    #
#                            "C:\Texas Instruments\SimpliciTI-IAR-1.2.0\Projec #
#                            ts\Examples\SRF05_8051\UART_Bridge\IAR\LinkTo\Obj #
#                            \nwk_globals.r51"                                 #
#                            "C:\Texas Instruments\SimpliciTI-IAR-1.2.0\Projec #
#                            ts\Examples\SRF05_8051\UART_Bridge\IAR\LinkTo\Obj #
#                            \nwk_ioctl.r51"                                   #
#                            "C:\Texas Instruments\SimpliciTI-IAR-1.2.0\Projec #
#                            ts\Examples\SRF05_8051\UART_Bridge\IAR\LinkTo\Obj #
#                            \nwk_join.r51"                                    #
#                            "C:\Texas Instruments\SimpliciTI-IAR-1.2.0\Projec #
#                            ts\Examples\SRF05_8051\UART_Bridge\IAR\LinkTo\Obj #
#                            \nwk_link.r51"                                    #
#                            "C:\Texas Instruments\SimpliciTI-IAR-1.2.0\Projec #
#                            ts\Examples\SRF05_8051\UART_Bridge\IAR\LinkTo\Obj #
#                            \nwk_mgmt.r51"                                    #
#                            "C:\Texas Instruments\SimpliciTI-IAR-1.2.0\Projec #
#                            ts\Examples\SRF05_8051\UART_Bridge\IAR\LinkTo\Obj #
#                            \nwk_ping.r51"                                    #
#                            "C:\Texas Instruments\SimpliciTI-IAR-1.2.0\Projec #
#                            ts\Examples\SRF05_8051\UART_Bridge\IAR\LinkTo\Obj #
#                            \nwk_pll.r51"                                     #
#                            "C:\Texas Instruments\SimpliciTI-IAR-1.2.0\Projec #
#                            ts\Examples\SRF05_8051\UART_Bridge\IAR\LinkTo\Obj #
#                            \nwk_security.r51"                                #
#                            "C:\Texas Instruments\SimpliciTI-IAR-1.2.0\Projec #
#                            ts\Examples\SRF05_8051\UART_Bridge\IAR\LinkTo\Obj #
#                            \uart.r51"                                        #
#                            "C:\Texas Instruments\SimpliciTI-IAR-1.2.0\Projec #
#                            ts\Examples\SRF05_8051\UART_Bridge\IAR\LinkTo\Obj #
#                            \uart_intfc.r51"                                  #
#                            -o                                                #
#                            "C:\Texas Instruments\SimpliciTI-IAR-1.2.0\Projec #
#                            ts\Examples\SRF05_8051\UART_Bridge\IAR\LinkTo\Exe #
#                            \UART_Bridge.d51"                                 #
#                            -l                                                #
#                            "C:\Texas Instruments\SimpliciTI-IAR-1.2.0\Projec #
#                            ts\Examples\SRF05_8051\UART_Bridge\IAR\LinkTo\Lis #
#                            t\UART_Bridge.map"                                #
#                            -xms                                              #
#                            "-IC:\Program Files (x86)\IAR Systems\Embedded Wo #
#                            rkbench 6.0\8051\LIB\"                            #
#                            -f                                                #
#                            "C:\Program Files (x86)\IAR Systems\Embedded Work #
#                            bench 6.0\8051\config\devices\Texas Instruments\l #
#                            nk51ew_CC2530F256.xcl"                            #
#                            (-D_IDATA0_START=0x00 -D_IDATA0_END=0xFF          #
#                            -D_PDATA0_START=0x1E00 -D_PDATA0_END=0x1EFF       #
#                            -D_IXDATA0_START=0x0001 -D_IXDATA0_END=0x1EFF     #
#                            -D_XDATA0_START=_IXDATA0_START                    #
#                            -D_XDATA0_END=_IXDATA0_END                        #
#                            -D_CODE0_START=0x0000 -D_CODE0_END=0xFFFF         #
#                            -D?REGISTER_BANK=0x0 -D_REGISTER_BANK_START=0x0   #
#                            -D_BREG_START=0x00 -D?VB=0x20 -D?ESP=0x9B         #
#                            -Z(BIT)BREG=_BREG_START -Z(BIT)BIT_N=0-7F         #
#                            -Z(DATA)REGISTERS+8=_REGISTER_BANK_START          #
#                            -Z(DATA)BDATA_Z,BDATA_N,BDATA_I=20-2F             #
#                            -Z(DATA)VREG+_NR_OF_VIRTUAL_REGISTERS=08-7F       #
#                            -Z(DATA)PSP,XSP=08-7F -Z(DATA)DOVERLAY=08-7F      #
#                            -Z(DATA)DATA_I,DATA_Z,DATA_N=08-7F                #
#                            -U(IDATA)0-7F=(DATA)0-7F                          #
#                            -Z(IDATA)IDATA_I,IDATA_Z,IDATA_N=08-_IDATA0_END   #
#                            -Z(IDATA)ISTACK+_IDATA_STACK_SIZE#08-_IDATA0_END  #
#                            -Z(IDATA)IOVERLAY=08-FF -Z(CODE)INTVEC=0          #
#                            -Z(CODE)CSTART=_CODE0_START-_CODE0_END            #
#                            -Z(CODE)BIT_ID,BDATA_ID,DATA_ID,IDATA_ID,IXDATA_I #
#                            D,PDATA_ID,XDATA_ID=_CODE0_START-_CODE0_END       #
#                            -Z(CODE)RCODE,DIFUNCT,CODE_C,CODE_N,NEAR_CODE=_CO #
#                            DE0_START-_CODE0_END                              #
#                            -Z(CODE)CHECKSUM#_CODE0_END                       #
#                            -Z(XDATA)PDATA_Z,PDATA_I=_PDATA0_START-_PDATA0_EN #
#                            D                                                 #
#                            -P(XDATA)PDATA_N=_PDATA0_START-_PDATA0_END        #
#                            -Z(XDATA)PSTACK+_PDATA_STACK_SIZE=_PDATA0_START-_ #
#                            PDATA0_END                                        #
#                            -Z(XDATA)EXT_STACK+_EXTENDED_STACK_SIZE=_EXTENDED #
#                            _STACK_START                                      #
#                            -Z(XDATA)XSTACK+_XDATA_STACK_SIZE=_XDATA0_START-_ #
#                            XDATA0_END                                        #
#                            -Z(XDATA)IXDATA_Z,IXDATA_I=_IXDATA0_START-_IXDATA #
#                            0_END                                             #
#                            -P(XDATA)IXDATA_N=_IXDATA0_START-_IXDATA0_END     #
#                            -Z(XDATA)XDATA_Z,XDATA_I=_XDATA0_START-_XDATA0_EN #
#                            D                                                 #
#                            -P(XDATA)XDATA_N=_XDATA0_START-_XDATA0_END        #
#                            -Z(XDATA)XDATA_HEAP+_XDATA_HEAP_SIZE=_XDATA0_STAR #
#                            T-_XDATA0_END                                     #
#                            -Z(CONST)XDATA_ROM_C=_XDATA0_START-_XDATA0_END    #
#                            -cx51) -D_NR_OF_VIRTUAL_REGISTERS=8               #
#                            -D?PBANK=0x93 -rt -s __program_start              #
#                            "C:\Program Files (x86)\IAR Systems\Embedded Work #
#                            bench 6.0\8051\LIB\CLIB\cl-pli-nlxd-1e16x01.r51"  #
#                            -D_IDATA_STACK_SIZE=0xD0                          #
#                            -D_EXTENDED_STACK_START=0x00                      #
#                            -D_EXTENDED_STACK_SIZE=0x00                       #
#                            -D_PDATA_STACK_SIZE=0x80                          #
#                            -D_XDATA_STACK_SIZE=0x3FF                         #
#                            -D_XDATA_HEAP_SIZE=0x00 -D_FAR_HEAP_SIZE=0x00     #
#                            -D_HUGE_HEAP_SIZE=0x00 -D_FAR22_HEAP_SIZE=0xFFF   #
#                                                                              #
#                           Copyright (C) 1987-2010 IAR Systems AB.            #
################################################################################





                ****************************************
                *                                      *
                *           CROSS REFERENCE            *
                *                                      *
                ****************************************

       Program entry at : CODE      000000D3  Relocatable, from module : CSTARTUP




                ****************************************
                *                                      *
                *            RUNTIME MODEL             *
                *                                      *
                ****************************************

  __SystemLibrary          = CLib
  __calling_convention     = xdata_reentrant
  __code_model             = near
  __core                   = plain
  __data_model             = large
  __dptr_size              = 16
  __extended_stack         = disabled
  __location_for_constants = data
  __number_of_dptrs        = 1
  __rt_version             = 1



                ****************************************
                *                                      *
                *              MODULE MAP              *
                *                                      *
                ****************************************


  DEFINED ABSOLUTE ENTRIES
    *************************************************************************

  DEFINED ABSOLUTE ENTRIES
  PROGRAM MODULE, NAME : ?ABS_ENTRY_MOD

Absolute parts
           ENTRY                   ADDRESS         REF BY
           =====                   =======         ======
           _FAR22_HEAP_SIZE        00000FFF 
           _HUGE_HEAP_SIZE         00000000 
           _FAR_HEAP_SIZE          00000000 
           _XDATA_HEAP_SIZE        00000000 
           _XDATA_STACK_SIZE       000003FF 
           _PDATA_STACK_SIZE       00000080 
           _EXTENDED_STACK_SIZE    00000000 
           _EXTENDED_STACK_START   00000000 
           _IDATA_STACK_SIZE       000000D0 
           ?PBANK                  00000093 
           _NR_OF_VIRTUAL_REGISTERS
                                   00000008 
           ?ESP                    0000009B 
           ?VB                     00000020        ?FUNC_ENTER_XDATA (?FUNC_ENTER_XDATA)
                                                   ?FUNC_LEAVE_XDATA (?FUNC_LEAVE_XDATA)
                                                   ?INTERRUPT_ENTER_SP (?INTERRUPT_ENTER_SP)
                                                   ?INTERRUPT_ENTER_XSP (?INTERRUPT_ENTER_XSP)
                                                   ?INTERRUPT_LEAVE_SP (?INTERRUPT_LEAVE_SP)
                                                   ?INTERRUPT_LEAVE_XSP (?INTERRUPT_LEAVE_XSP)
                                                   Mrfi_DelayUsecLong (mrfi)
                                                   tx_send (uart_intfc)
           _BREG_START             00000000 
           _REGISTER_BANK_START    00000000 
           ?REGISTER_BANK          00000000        Segment part 6 (CSTARTUP)
           _CODE0_END              0000FFFF 
           _CODE0_START            00000000 
           _XDATA0_END             00001EFF 
           _XDATA0_START           00000001 
           _IXDATA0_END            00001EFF 
           _IXDATA0_START          00000001 
           _PDATA0_END             00001EFF 
           _PDATA0_START           00001E00 
           _IDATA0_END             000000FF 
           _IDATA0_START           00000000 
           _CODEBANK_START         00000000 
           _CODEBANK_END           00000000 
           _NR_OF_BANKS            00000000 
    *************************************************************************

  FILE NAME : C:\Texas Instruments\SimpliciTI-IAR-1.2.0\Projects\Examples\SRF05_8051\UART_Bridge\IAR\LinkTo\Obj\bsp.r51
  PROGRAM MODULE, NAME : bsp

  SEGMENTS IN THE MODULE
  ======================
SFR_AN
  Relative segment, address: DATA 0000008F - 0000008F (0x1 bytes), align: 0
  Segment part 1. ROOT.       Intra module refs:   BSP_InitButtons
           ENTRY                   ADDRESS         REF BY
           =====                   =======         ======
           P0INP                   0000008F 
    -------------------------------------------------------------------------
SFR_AN
  Relative segment, address: DATA 00000090 - 00000090 (0x1 bytes), align: 0
  Segment part 2. ROOT.       Intra module refs:   BSP_InitLeds
                                                   main (main_UART_Bridge)
           ENTRY                   ADDRESS         REF BY
           =====                   =======         ======
           _A_P1                   00000090 
           LOCAL                   ADDRESS         
           =====                   =======         
           P1                      00000090 
    -------------------------------------------------------------------------
SFR_AN
  Relative segment, address: DATA 000000A8 - 000000A8 (0x1 bytes), align: 0
  Segment part 3. ROOT.       Intra module refs:   BSP_Init
                                                   MRFI_EnableRxAddrFilter (mrfi)
                                                   MRFI_Init (mrfi)
                                                   MRFI_ReplyDelay (mrfi)
                                                   MRFI_Rssi (mrfi)
                                                   MRFI_RxIdle (mrfi)
                                                   MRFI_RxIsr (mrfi)
                                                   MRFI_RxOn (mrfi)
                                                   MRFI_SetLogicalChannel (mrfi)
                                                   MRFI_Transmit (mrfi)
                                                   Mrfi_DelayUsec (mrfi)
                                                   Mrfi_DelayUsecLong (mrfi)
                                                   nwk_QadjustOrder (nwk_QMgmt)
                                                   nwk_QfindOldest (nwk_QMgmt)
                                                   pop_buffer (uart_intfc)
                                                   push_buffer (uart_intfc)
                                                   rx_handler (uart_intfc)
                                                   rx_receive (uart_intfc)
                                                   tx_handler (uart_intfc)
                                                   tx_peek (uart_intfc)
                                                   tx_send (uart_intfc)
                                                   uart_0_rx_irq (uart)
                                                   uart_0_tx_irq (uart)
                                                   uart_1_rx_irq (uart)
                                                   uart_1_tx_irq (uart)
                                                   uart_init (uart)
                                                   uart_rx_irq (uart)
                                                   uart_rx_message (uart)
                                                   uart_tx_irq (uart)
                                                   uart_tx_message (uart)
           ENTRY                   ADDRESS         REF BY
           =====                   =======         ======
           _A_IEN0                 000000A8 
           LOCAL                   ADDRESS         
           =====                   =======         
           IEN0                    000000A8 
    -------------------------------------------------------------------------
SFR_AN
  Relative segment, address: DATA 000000CB - 000000CB (0x1 bytes), align: 0
  Segment part 4. ROOT.       Intra module refs:   BSP_Delay
           ENTRY                   ADDRESS         REF BY
           =====                   =======         ======
           T3CTL                   000000CB 
    -------------------------------------------------------------------------
SFR_AN
  Relative segment, address: DATA 000000CC - 000000CC (0x1 bytes), align: 0
  Segment part 5. ROOT.       Intra module refs:   BSP_Delay
           ENTRY                   ADDRESS         REF BY
           =====                   =======         ======
           T3CCTL0                 000000CC 
    -------------------------------------------------------------------------
SFR_AN
  Relative segment, address: DATA 000000CD - 000000CD (0x1 bytes), align: 0
  Segment part 6. ROOT.       Intra module refs:   BSP_Delay
           ENTRY                   ADDRESS         REF BY
           =====                   =======         ======
           T3CC0                   000000CD 
    -------------------------------------------------------------------------
SFR_AN
  Relative segment, address: DATA 000000D8 - 000000D8 (0x1 bytes), align: 0
  Segment part 7. ROOT.       Intra module refs:   BSP_Delay
           ENTRY                   ADDRESS         REF BY
           =====                   =======         ======
           _A_TIMIF                000000D8 
           LOCAL                   ADDRESS         
           =====                   =======         
           TIMIF                   000000D8 
    -------------------------------------------------------------------------
SFR_AN
  Relative segment, address: DATA 000000F7 - 000000F7 (0x1 bytes), align: 0
  Segment part 8. ROOT.       Intra module refs:   BSP_InitButtons
           ENTRY                   ADDRESS         REF BY
           =====                   =======         ======
           P2INP                   000000F7 
    -------------------------------------------------------------------------
SFR_AN
  Relative segment, address: DATA 000000FE - 000000FE (0x1 bytes), align: 0
  Segment part 9. ROOT.       Intra module refs:   BSP_InitLeds
           ENTRY                   ADDRESS         REF BY
           =====                   =======         ======
           P1DIR                   000000FE 
    -------------------------------------------------------------------------
NEAR_CODE
  Relative segment, address: CODE 00000464 - 00000495 (0x32 bytes), align: 0
  Segment part 15.
           ENTRY                   ADDRESS         REF BY
           =====                   =======         ======
           BSP_Init                00000464        main (main_UART_Bridge)
               calls direct
               XSTACK = 00000000 ( 00000002 )
               ISTACK = 00000000 ( 00000002 )
    -------------------------------------------------------------------------
NEAR_CODE
  Relative segment, address: CODE 00000496 - 000004B0 (0x1b bytes), align: 0
  Segment part 17.
           ENTRY                   ADDRESS         REF BY
           =====                   =======         ======
           BSP_Delay               00000496        ?Subroutine6 (mrfi)
                                                   MRFI_ReplyDelay (mrfi)
                                                   Mrfi_DelayUsecLong (mrfi)
    -------------------------------------------------------------------------
NEAR_CODE
  Relative segment, address: CODE 000004B1 - 000004BB (0xb bytes), align: 0
  Segment part 19.            Intra module refs:   BSP_Init
           ENTRY                   ADDRESS         REF BY
           =====                   =======         ======
           BSP_InitLeds            000004B1 
               XSTACK = 00000002 ( 00000000 )
    -------------------------------------------------------------------------
NEAR_CODE
  Relative segment, address: CODE 000004BC - 000004C2 (0x7 bytes), align: 0
  Segment part 20.            Intra module refs:   BSP_Init
           ENTRY                   ADDRESS         REF BY
           =====                   =======         ======
           BSP_InitButtons         000004BC 
               XSTACK = 00000002 ( 00000000 )

    *************************************************************************

  FILE NAME : C:\Texas Instruments\SimpliciTI-IAR-1.2.0\Projects\Examples\SRF05_8051\UART_Bridge\IAR\LinkTo\Obj\main_UART_Bridge.r51
  PROGRAM MODULE, NAME : main_UART_Bridge

  SEGMENTS IN THE MODULE
  ======================
NEAR_CODE
  Relative segment, address: CODE 000004C3 - 000005B2 (0xf0 bytes), align: 0
  Segment part 11.
           ENTRY                   ADDRESS         REF BY
           =====                   =======         ======
           main                    000004C3        ?call_main (?cmain)
               calls direct
               XSTACK = 00000000 ( 00000016 )
               ISTACK = 00000000 ( 00000001 )
    -------------------------------------------------------------------------
XDATA_ID
  Relative segment, address: CODE 000000E5 - 000000F4 (0x10 bytes), align: 0
  Segment part 8.             Intra module refs:   Segment part 7
    -------------------------------------------------------------------------
XDATA_ID
  Relative segment, address: CODE 000000F5 - 00000112 (0x1e bytes), align: 0
  Segment part 10.            Intra module refs:   Segment part 9
    -------------------------------------------------------------------------
XDATA_I
  Relative segment, address: XDATA 00000602 - 00000611 (0x10 bytes), align: 0
  Segment part 7.             Intra module refs:   main
    -------------------------------------------------------------------------
XDATA_I
  Relative segment, address: XDATA 00000612 - 0000062F (0x1e bytes), align: 0
  Segment part 9.             Intra module refs:   main

    *************************************************************************

  FILE NAME : C:\Texas Instruments\SimpliciTI-IAR-1.2.0\Projects\Examples\SRF05_8051\UART_Bridge\IAR\LinkTo\Obj\mrfi.r51
  PROGRAM MODULE, NAME : mrfi

  SEGMENTS IN THE MODULE
  ======================
SFR_AN
  Relative segment, address: DATA 000000A9 - 000000A9 (0x1 bytes), align: 0
  Segment part 1. ROOT.       Intra module refs:   MRFI_Init
           ENTRY                   ADDRESS         REF BY
           =====                   =======         ======
           _A_IP0xx                000000A9 
           LOCAL                   ADDRESS         
           =====                   =======         
           IP0xx                   000000A9 
    -------------------------------------------------------------------------
SFR_AN
  Relative segment, address: DATA 000000B9 - 000000B9 (0x1 bytes), align: 0
  Segment part 2. ROOT.       Intra module refs:   MRFI_Init
           ENTRY                   ADDRESS         REF BY
           =====                   =======         ======
           _A_IP1xx                000000B9 
           LOCAL                   ADDRESS         
           =====                   =======         
           IP1xx                   000000B9 
    -------------------------------------------------------------------------
SFR_AN
  Relative segment, address: DATA 00000091 - 00000091 (0x1 bytes), align: 0
  Segment part 3. ROOT.       Intra module refs:   MRFI_Transmit
                                                   mrfi_TxDone
           ENTRY                   ADDRESS         REF BY
           =====                   =======         ======
           RFIRQF1                 00000091 
    -------------------------------------------------------------------------
SFR_AN
  Relative segment, address: DATA 0000009A - 0000009A (0x1 bytes), align: 0
  Segment part 4. ROOT.       Intra module refs:   MRFI_Init
           ENTRY                   ADDRESS         REF BY
           =====                   =======         ======
           IEN2                    0000009A 
    -------------------------------------------------------------------------
SFR_AN
  Relative segment, address: DATA 0000009B - 0000009B (0x1 bytes), align: 0
  Segment part 5. ROOT.       Intra module refs:   MRFI_RxIsr
           ENTRY                   ADDRESS         REF BY
           =====                   =======         ======
           S1CON                   0000009B 
    -------------------------------------------------------------------------
SFR_AN
  Relative segment, address: DATA 0000009D - 0000009D (0x1 bytes), align: 0
  Segment part 6. ROOT.       Intra module refs:   MRFI_Init
           ENTRY                   ADDRESS         REF BY
           =====                   =======         ======
           SLEEPSTA                0000009D 
    -------------------------------------------------------------------------
SFR_AN
  Relative segment, address: DATA 0000009E - 0000009E (0x1 bytes), align: 0
  Segment part 7. ROOT.       Intra module refs:   MRFI_Init
           ENTRY                   ADDRESS         REF BY
           =====                   =======         ======
           CLKCONSTA               0000009E 
    -------------------------------------------------------------------------
SFR_AN
  Relative segment, address: DATA 000000B4 - 000000B4 (0x1 bytes), align: 0
  Segment part 9. ROOT.       Intra module refs:   MRFI_RandomByte
           ENTRY                   ADDRESS         REF BY
           =====                   =======         ======
           ADCCON1                 000000B4 
    -------------------------------------------------------------------------
SFR_AN
  Relative segment, address: DATA 000000BC - 000000BC (0x1 bytes), align: 0
  Segment part 10. ROOT.      Intra module refs:   MRFI_Init
           ENTRY                   ADDRESS         REF BY
           =====                   =======         ======
           RNDL                    000000BC 
    -------------------------------------------------------------------------
SFR_AN
  Relative segment, address: DATA 000000BD - 000000BD (0x1 bytes), align: 0
  Segment part 11. ROOT.      Intra module refs:   MRFI_RandomByte
           ENTRY                   ADDRESS         REF BY
           =====                   =======         ======
           RNDH                    000000BD 
    -------------------------------------------------------------------------
SFR_AN
  Relative segment, address: DATA 000000BE - 000000BE (0x1 bytes), align: 0
  Segment part 12. ROOT.      Intra module refs:   MRFI_Init
           ENTRY                   ADDRESS         REF BY
           =====                   =======         ======
           SLEEPCMD                000000BE 
    -------------------------------------------------------------------------
SFR_AN
  Relative segment, address: DATA 000000C6 - 000000C6 (0x1 bytes), align: 0
  Segment part 13. ROOT.      Intra module refs:   MRFI_Init
           ENTRY                   ADDRESS         REF BY
           =====                   =======         ======
           CLKCONCMD               000000C6 
    -------------------------------------------------------------------------
SFR_AN
  Relative segment, address: DATA 000000D9 - 000000D9 (0x1 bytes), align: 0
  Segment part 14. ROOT.      Intra module refs:   MRFI_RxIsr
                                                   MRFI_Transmit
           ENTRY                   ADDRESS         REF BY
           =====                   =======         ======
           RFD                     000000D9 
    -------------------------------------------------------------------------
SFR_AN
  Relative segment, address: DATA 000000E1 - 000000E1 (0x1 bytes), align: 0
  Segment part 15. ROOT.      Intra module refs:   MRFI_Init
                                                   MRFI_RxIsr
                                                   MRFI_Transmit
                                                   Mrfi_RxModeOff
                                                   Mrfi_RxModeOn
           ENTRY                   ADDRESS         REF BY
           =====                   =======         ======
           RFST                    000000E1 
    -------------------------------------------------------------------------
SFR_AN
  Relative segment, address: DATA 000000E9 - 000000E9 (0x1 bytes), align: 0
  Segment part 16. ROOT.      Intra module refs:   MRFI_RxIsr
                                                   Mrfi_RxModeOff
           ENTRY                   ADDRESS         REF BY
           =====                   =======         ======
           RFIRQF0                 000000E9 
    -------------------------------------------------------------------------
XDATA_I
  Relative segment, address: XDATA 00000630 - 00000633 (0x4 bytes), align: 0
  Segment part 23.
           ENTRY                   ADDRESS         REF BY
           =====                   =======         ======
           mrfiBroadcastAddr       00000630        nwk_getBCastAddress (nwk_globals)
    -------------------------------------------------------------------------
XDATA_I
  Relative segment, address: XDATA 00000634 - 00000637 (0x4 bytes), align: 0
  Segment part 25.            Intra module refs:   MRFI_SetLogicalChannel
           LOCAL                   ADDRESS         
           =====                   =======         
           mrfiLogicalChanTable    00000634 
    -------------------------------------------------------------------------
XDATA_I
  Relative segment, address: XDATA 00000638 - 0000063A (0x3 bytes), align: 0
  Segment part 27.            Intra module refs:   MRFI_SetRFPwr
           LOCAL                   ADDRESS         
           =====                   =======         
           mrfiRFPowerTable        00000638 
    -------------------------------------------------------------------------
XDATA_I
  Relative segment, address: XDATA 0000063B - 0000063E (0x4 bytes), align: 0
  Segment part 35.            Intra module refs:   MRFI_Transmit
           ENTRY                   ADDRESS         REF BY
           =====                   =======         ======
           __Constant_2            0000063B 
    -------------------------------------------------------------------------
XDATA_I
  Relative segment, address: XDATA 0000063F - 00000642 (0x4 bytes), align: 0
  Segment part 37.            Intra module refs:   Mrfi_DelayUsecLong
           ENTRY                   ADDRESS         REF BY
           =====                   =======         ======
           __Constant_ffffffff     0000063F 
    -------------------------------------------------------------------------
XDATA_Z
  Relative segment, address: XDATA 00000400 - 00000400 (0x1 bytes), align: 0
  Segment part 29.            Intra module refs:   MRFI_GetRadioState
                                                   MRFI_Init
                                                   MRFI_Rssi
                                                   MRFI_RxIdle
                                                   MRFI_RxIsr
                                                   MRFI_RxOn
                                                   MRFI_SetLogicalChannel
                                                   MRFI_SetRFPwr
                                                   MRFI_Sleep
                                                   MRFI_Transmit
                                                   MRFI_WakeUp
           LOCAL                   ADDRESS         
           =====                   =======         
           mrfiRadioState          00000400 
    -------------------------------------------------------------------------
XDATA_Z
  Relative segment, address: XDATA 00000401 - 00000433 (0x33 bytes), align: 0
  Segment part 30.            Intra module refs:   MRFI_Init
                                                   MRFI_Receive
                                                   MRFI_RxIsr
           LOCAL                   ADDRESS         
           =====                   =======         
           mrfiIncomingPacket      00000401 
    -------------------------------------------------------------------------
XDATA_Z
  Relative segment, address: XDATA 00000434 - 00000434 (0x1 bytes), align: 0
  Segment part 31.            Intra module refs:   MRFI_PostKillSem
                                                   MRFI_ReplyDelay
           LOCAL                   ADDRESS         
           =====                   =======         
           sReplyDelayContext      00000434 
    -------------------------------------------------------------------------
XDATA_Z
  Relative segment, address: XDATA 00000435 - 00000435 (0x1 bytes), align: 0
  Segment part 32.            Intra module refs:   MRFI_PostKillSem
                                                   MRFI_ReplyDelay
           LOCAL                   ADDRESS         
           =====                   =======         
           sKillSem                00000435 
    -------------------------------------------------------------------------
XDATA_Z
  Relative segment, address: XDATA 00000436 - 00000437 (0x2 bytes), align: 0
  Segment part 33.            Intra module refs:   MRFI_Init
                                                   MRFI_ReplyDelay
           LOCAL                   ADDRESS         
           =====                   =======         
           sReplyDelayScalar       00000436 
    -------------------------------------------------------------------------
NEAR_CODE
  Relative segment, address: CODE 000005B3 - 000006F9 (0x147 bytes), align: 0
  Segment part 39.
           ENTRY                   ADDRESS         REF BY
           =====                   =======         ======
           MRFI_Init               000005B3        SMPL_Init (nwk_api)
               calls direct
               XSTACK = 00000000 ( 0000000B )
    -------------------------------------------------------------------------
NEAR_CODE
  Relative segment, address: CODE 000006FA - 000006FE (0x5 bytes), align: 0
  Segment part 40.            Intra module refs:   MRFI_Transmit
           LOCAL                   ADDRESS         
           =====                   =======         
           mrfi_TxDone             000006FA 
               is indirectly called
    -------------------------------------------------------------------------
NEAR_CODE
  Relative segment, address: CODE 000006FF - 000007DC (0xde bytes), align: 0
  Segment part 41.
           ENTRY                   ADDRESS         REF BY
           =====                   =======         ======
           MRFI_Transmit           000006FF        nwk_sendFrame (nwk_frame)
               calls direct
               XSTACK = 00000000 ( 0000000F )
               ISTACK = 00000000 ( 00000001 )
    -------------------------------------------------------------------------
XDATA_Z
  Relative segment, address: XDATA 00000438 - 00000438 (0x1 bytes), align: 0
  Segment part 34.            Intra module refs:   MRFI_Transmit
           LOCAL                   ADDRESS         
           =====                   =======         
           MRFI_Transmit::dsn      00000438 
    -------------------------------------------------------------------------
NEAR_CODE
  Relative segment, address: CODE 000007DD - 000007EF (0x13 bytes), align: 0
  Segment part 42.
           ENTRY                   ADDRESS         REF BY
           =====                   =======         ======
           MRFI_Receive            000007DD        MRFI_RxCompleteISR (nwk_frame)
               ISTACK = 00000000 ( 00000002 )
    -------------------------------------------------------------------------
NEAR_CODE
  Relative segment, address: CODE 000007F0 - 0000080D (0x1e bytes), align: 0
  Segment part 43.
           ENTRY                   ADDRESS         REF BY
           =====                   =======         ======
           MRFI_RxOn               000007F0        nwk_join (nwk_join)
                                                   nwk_link (nwk_link)
                                                   nwk_radioControl (nwk_ioctl)
               calls direct
               ISTACK = 00000000 ( 00000002 )
    -------------------------------------------------------------------------
NEAR_CODE
  Relative segment, address: CODE 0000080E - 0000082B (0x1e bytes), align: 0
  Segment part 44.            Intra module refs:   MRFI_Sleep
           ENTRY                   ADDRESS         REF BY
           =====                   =======         ======
           MRFI_RxIdle             0000080E        nwk_join (nwk_join)
                                                   nwk_link (nwk_link)
                                                   nwk_radioControl (nwk_ioctl)
               calls direct
               ISTACK = 00000000 ( 00000002 )
    -------------------------------------------------------------------------
NEAR_CODE
  Relative segment, address: CODE 0000082C - 00000919 (0xee bytes), align: 0
  Segment part 45.            Intra module refs:   MRFI_RxIsr::??INTVEC 131
           ENTRY                   ADDRESS         REF BY
           =====                   =======         ======
           MRFI_RxIsr              0000082C 
               interrupt function
               calls direct
               XSTACK = 00000000 ( 00000015 )
               ISTACK = 00000000 ( 00000001 )
    -------------------------------------------------------------------------
NEAR_CODE
  Relative segment, address: CODE 0000091A - 00000924 (0xb bytes), align: 0
  Segment part 46.            Intra module refs:   MRFI_Init
                                                   MRFI_RxIsr
           LOCAL                   ADDRESS         
           =====                   =======         
           ?Subroutine4            0000091A 
    -------------------------------------------------------------------------
NEAR_CODE
  Relative segment, address: CODE 00000925 - 0000095D (0x39 bytes), align: 0
  Segment part 47.            Intra module refs:   MRFI_Init
           ENTRY                   ADDRESS         REF BY
           =====                   =======         ======
           MRFI_SetLogicalChannel
                                   00000925 
               calls direct
               XSTACK = 00000009 ( 00000009 )
    -------------------------------------------------------------------------
NEAR_CODE
  Relative segment, address: CODE 0000095E - 00000985 (0x28 bytes), align: 0
  Segment part 48.            Intra module refs:   MRFI_Init
           ENTRY                   ADDRESS         REF BY
           =====                   =======         ======
           MRFI_SetRFPwr           0000095E 
               calls direct
               XSTACK = 00000009 ( 00000009 )
    -------------------------------------------------------------------------
NEAR_CODE
  Relative segment, address: CODE 00000986 - 0000098A (0x5 bytes), align: 0
  Segment part 49.            Intra module refs:   MRFI_Init
                                                   MRFI_SetLogicalChannel
                                                   MRFI_SetRFPwr
                                                   Mrfi_DelayUsec
           LOCAL                   ADDRESS         
           =====                   =======         
           ?Subroutine0            00000986 
    -------------------------------------------------------------------------
NEAR_CODE
  Relative segment, address: CODE 0000098B - 0000099B (0x11 bytes), align: 0
  Segment part 50.
           ENTRY                   ADDRESS         REF BY
           =====                   =======         ======
           MRFI_WakeUp             0000098B        SMPL_Init (nwk_api)
                                                   nwk_join (nwk_join)
                                                   nwk_link (nwk_link)
                                                   nwk_radioControl (nwk_ioctl)
               ISTACK = 00000000 ( 00000002 )
    -------------------------------------------------------------------------
NEAR_CODE
  Relative segment, address: CODE 0000099C - 0000099C (0x1 bytes), align: 0
  Segment part 51.            Intra module refs:   MRFI_EnableRxAddrFilter
                                                   Mrfi_RxModeOn
           LOCAL                   ADDRESS         
           =====                   =======         
           ?Subroutine1            0000099C 
    -------------------------------------------------------------------------
NEAR_CODE
  Relative segment, address: CODE 0000099D - 000009A1 (0x5 bytes), align: 0
  Segment part 52.            Intra module refs:   ?Subroutine1
                                                   MRFI_GetRadioState
                                                   MRFI_PostKillSem
                                                   MRFI_Receive
                                                   MRFI_Rssi
                                                   MRFI_RxIdle
                                                   MRFI_RxOn
                                                   MRFI_Sleep
                                                   MRFI_WakeUp
                                                   Mrfi_RxModeOff
    -------------------------------------------------------------------------
NEAR_CODE
  Relative segment, address: CODE 000009A2 - 000009B5 (0x14 bytes), align: 0
  Segment part 53.
           ENTRY                   ADDRESS         REF BY
           =====                   =======         ======
           MRFI_Sleep              000009A2        nwk_join (nwk_join)
                                                   nwk_link (nwk_link)
                                                   nwk_radioControl (nwk_ioctl)
               calls direct
               ISTACK = 00000000 ( 00000002 )
    -------------------------------------------------------------------------
NEAR_CODE
  Relative segment, address: CODE 000009B6 - 00000A22 (0x6d bytes), align: 0
  Segment part 54.
           ENTRY                   ADDRESS         REF BY
           =====                   =======         ======
           MRFI_SetRxAddrFilter    000009B6        SMPL_Init (nwk_api)
               XSTACK = 00000000 ( 00000008 )
    -------------------------------------------------------------------------
NEAR_CODE
  Relative segment, address: CODE 00000A23 - 00000A27 (0x5 bytes), align: 0
  Segment part 55.            Intra module refs:   MRFI_DelayMs
                                                   MRFI_SetRxAddrFilter
           LOCAL                   ADDRESS         
           =====                   =======         
           ?Subroutine2            00000A23 
    -------------------------------------------------------------------------
NEAR_CODE
  Relative segment, address: CODE 00000A28 - 00000A44 (0x1d bytes), align: 0
  Segment part 56.
           ENTRY                   ADDRESS         REF BY
           =====                   =======         ======
           MRFI_EnableRxAddrFilter
                                   00000A28        SMPL_Init (nwk_api)
               ISTACK = 00000000 ( 00000002 )
    -------------------------------------------------------------------------
NEAR_CODE
  Relative segment, address: CODE 00000A45 - 00000A68 (0x24 bytes), align: 0
  Segment part 58.
           ENTRY                   ADDRESS         REF BY
           =====                   =======         ======
           MRFI_Rssi               00000A45        nwk_radioControl (nwk_ioctl)
               ISTACK = 00000000 ( 00000002 )
    -------------------------------------------------------------------------
NEAR_CODE
  Relative segment, address: CODE 00000A69 - 00000A73 (0xb bytes), align: 0
  Segment part 59.            Intra module refs:   Mrfi_RandomBackoffDelay
           ENTRY                   ADDRESS         REF BY
           =====                   =======         ======
           MRFI_RandomByte         00000A69        nwk_frameInit (nwk_frame)
                                                   nwk_joinInit (nwk_join)
                                                   nwk_linkInit (nwk_link)
                                                   nwk_mgmtInit (nwk_mgmt)
                                                   nwk_pingInit (nwk_ping)
    -------------------------------------------------------------------------
NEAR_CODE
  Relative segment, address: CODE 00000A74 - 00000A92 (0x1f bytes), align: 0
  Segment part 60.
           ENTRY                   ADDRESS         REF BY
           =====                   =======         ======
           MRFI_DelayMs            00000A74        main (main_UART_Bridge)
               calls direct
               XSTACK = 00000000 ( 00000008 )
    -------------------------------------------------------------------------
NEAR_CODE
  Relative segment, address: CODE 00000A93 - 00000AFE (0x6c bytes), align: 0
  Segment part 61.
           ENTRY                   ADDRESS         REF BY
           =====                   =======         ======
           MRFI_ReplyDelay         00000A93        nwk_join (nwk_join)
                                                   nwk_link (nwk_link)
               calls direct
               XSTACK = 00000000 ( 0000000A )
    -------------------------------------------------------------------------
NEAR_CODE
  Relative segment, address: CODE 00000AFF - 00000B07 (0x9 bytes), align: 0
  Segment part 62.            Intra module refs:   MRFI_ReplyDelay
           LOCAL                   ADDRESS         
           =====                   =======         
           ?Subroutine5            00000AFF 
    -------------------------------------------------------------------------
NEAR_CODE
  Relative segment, address: CODE 00000B08 - 00000BC0 (0xb9 bytes), align: 0
  Segment part 63.            Intra module refs:   MRFI_Transmit
           ENTRY                   ADDRESS         REF BY
           =====                   =======         ======
           Mrfi_DelayUsecLong      00000B08 
               calls direct
               XSTACK = 0000000F ( 0000000E )
    -------------------------------------------------------------------------
NEAR_CODE
  Relative segment, address: CODE 00000BC1 - 00000BCF (0xf bytes), align: 0
  Segment part 64.            Intra module refs:   MRFI_ReplyDelay
                                                   Mrfi_DelayUsec
                                                   Mrfi_DelayUsecLong
           LOCAL                   ADDRESS         
           =====                   =======         
           ?Subroutine3            00000BC1 
    -------------------------------------------------------------------------
NEAR_CODE
  Relative segment, address: CODE 00000BD0 - 00000BE2 (0x13 bytes), align: 0
  Segment part 65.
           ENTRY                   ADDRESS         REF BY
           =====                   =======         ======
           MRFI_PostKillSem        00000BD0        nwk_isConnectionValid (nwk)
                                                   nwk_processJoin (nwk_join)
                                                   nwk_processLink (nwk_link)
                                                   nwk_processMgmt (nwk_mgmt)
                                                   nwk_processPing (nwk_ping)
               ISTACK = 00000000 ( 00000002 )
    -------------------------------------------------------------------------
NEAR_CODE
  Relative segment, address: CODE 00000BE3 - 00000BF2 (0x10 bytes), align: 0
  Segment part 66.            Intra module refs:   MRFI_RxOn
                                                   MRFI_SetLogicalChannel
                                                   MRFI_SetRFPwr
                                                   MRFI_Transmit
           LOCAL                   ADDRESS         
           =====                   =======         
           Mrfi_RxModeOn           00000BE3 
               XSTACK = 0000000B ( 00000000 )
               ISTACK = 00000000 ( 00000002 )
    -------------------------------------------------------------------------
NEAR_CODE
  Relative segment, address: CODE 00000BF3 - 00000C0C (0x1a bytes), align: 0
  Segment part 67.            Intra module refs:   MRFI_RxIdle
                                                   MRFI_SetLogicalChannel
                                                   MRFI_SetRFPwr
                                                   MRFI_Transmit
           LOCAL                   ADDRESS         
           =====                   =======         
           Mrfi_RxModeOff          00000BF3 
               XSTACK = 0000000B ( 00000000 )
               ISTACK = 00000000 ( 00000002 )
    -------------------------------------------------------------------------
NEAR_CODE
  Relative segment, address: CODE 00000C0D - 00000C26 (0x1a bytes), align: 0
  Segment part 68.            Intra module refs:   MRFI_Init
                                                   MRFI_Transmit
           LOCAL                   ADDRESS         
           =====                   =======         
           Mrfi_RandomBackoffDelay
                                   00000C0D 
               calls direct
               XSTACK = 0000000B ( 00000000 )
               ISTACK = 00000000 ( 00000001 )
    -------------------------------------------------------------------------
NEAR_CODE
  Relative segment, address: CODE 00000C27 - 00000C49 (0x23 bytes), align: 0
  Segment part 69.            Intra module refs:   MRFI_DelayMs
                                                   Mrfi_RandomBackoffDelay
           LOCAL                   ADDRESS         
           =====                   =======         
           Mrfi_DelayUsec          00000C27 
               calls direct
               XSTACK = 00000008 ( 00000009 )
    -------------------------------------------------------------------------
NEAR_CODE
  Relative segment, address: CODE 00000C4A - 00000C5F (0x16 bytes), align: 0
  Segment part 70.            Intra module refs:   Mrfi_DelayUsec
                                                   Mrfi_DelayUsecLong
           LOCAL                   ADDRESS         
           =====                   =======         
           ?Subroutine6            00000C4A 
    -------------------------------------------------------------------------
NEAR_CODE
  Relative segment, address: CODE 00000C60 - 00000C6B (0xc bytes), align: 0
  Segment part 71.
           ENTRY                   ADDRESS         REF BY
           =====                   =======         ======
           MRFI_GetRadioState      00000C60        SMPL_SendOpt (nwk_api)
                                                   nwk_join (nwk_join)
                                                   nwk_link (nwk_link)
               ISTACK = 00000000 ( 00000002 )
    -------------------------------------------------------------------------
INTVEC
  Common segment, address: CODE 00000000 - 00000085 (0x86 bytes), align: 0
  Segment part 17. ROOT.
           ENTRY                   ADDRESS         REF BY
           =====                   =======         ======
           MRFI_RxIsr::??INTVEC 131
                                   00000083 
    -------------------------------------------------------------------------
XDATA_ID
  Relative segment, address: CODE 00000113 - 00000116 (0x4 bytes), align: 0
  Segment part 24.            Intra module refs:   mrfiBroadcastAddr
    -------------------------------------------------------------------------
XDATA_ID
  Relative segment, address: CODE 00000117 - 0000011A (0x4 bytes), align: 0
  Segment part 26.            Intra module refs:   mrfiLogicalChanTable
    -------------------------------------------------------------------------
XDATA_ID
  Relative segment, address: CODE 0000011B - 0000011D (0x3 bytes), align: 0
  Segment part 28.            Intra module refs:   mrfiRFPowerTable
    -------------------------------------------------------------------------
XDATA_ID
  Relative segment, address: CODE 0000011E - 00000121 (0x4 bytes), align: 0
  Segment part 36.            Intra module refs:   __Constant_2
    -------------------------------------------------------------------------
XDATA_ID
  Relative segment, address: CODE 00000122 - 00000125 (0x4 bytes), align: 0
  Segment part 38.            Intra module refs:   __Constant_ffffffff

    *************************************************************************

  FILE NAME : C:\Texas Instruments\SimpliciTI-IAR-1.2.0\Projects\Examples\SRF05_8051\UART_Bridge\IAR\LinkTo\Obj\nwk.r51
  PROGRAM MODULE, NAME : nwk

  SEGMENTS IN THE MODULE
  ======================
XDATA_I
  Relative segment, address: XDATA 00000643 - 00000668 (0x26 bytes), align: 0
  Segment part 6.             Intra module refs:   ?Subroutine6
                                                   map_lid2idx
                                                   nwk_allocateLocalRxPort
                                                   nwk_getNextConnection
                                                   nwk_isConnectionValid
                                                   nwk_isLinkDuplicate
                                                   nwk_nwkInit
           LOCAL                   ADDRESS         
           =====                   =======         
           sPersistInfo            00000643 
    -------------------------------------------------------------------------
NEAR_CODE
  Relative segment, address: CODE 00000C6C - 00000CFE (0x93 bytes), align: 0
  Segment part 8.
           ENTRY                   ADDRESS         REF BY
           =====                   =======         ======
           nwk_nwkInit             00000C6C        SMPL_Init (nwk_api)
               calls direct
               XSTACK = 00000000 ( 0000000B )
    -------------------------------------------------------------------------
NEAR_CODE
  Relative segment, address: CODE 00000CFF - 00000D82 (0x84 bytes), align: 0
  Segment part 9.
           ENTRY                   ADDRESS         REF BY
           =====                   =======         ======
           nwk_getNextConnection   00000CFF        nwk_link (nwk_link)
                                                   smpl_send_link_reply (nwk_link)
               calls direct
               XSTACK = 00000000 ( 00000009 )
               ISTACK = 00000000 ( 00000001 )
    -------------------------------------------------------------------------
NEAR_CODE
  Relative segment, address: CODE 00000D83 - 00000D87 (0x5 bytes), align: 0
  Segment part 10.            Intra module refs:   nwk_getConnInfo
                                                   nwk_getNextConnection
           LOCAL                   ADDRESS         
           =====                   =======         
           ?Subroutine0            00000D83 
    -------------------------------------------------------------------------
NEAR_CODE
  Relative segment, address: CODE 00000D88 - 00000D8C (0x5 bytes), align: 0
  Segment part 11.            Intra module refs:   ?Subroutine0
                                                   map_lid2idx
    -------------------------------------------------------------------------
NEAR_CODE
  Relative segment, address: CODE 00000D8D - 00000D96 (0xa bytes), align: 0
  Segment part 12.
           ENTRY                   ADDRESS         REF BY
           =====                   =======         ======
           nwk_freeConnection      00000D8D        nwk_connectionControl (nwk_ioctl)
                                                   nwk_link (nwk_link)
                                                   smpl_send_link_reply (nwk_link)
               ISTACK = 00000000 ( 00000002 )
    -------------------------------------------------------------------------
NEAR_CODE
  Relative segment, address: CODE 00000D97 - 00000D9B (0x5 bytes), align: 0
  Segment part 13.            Intra module refs:   nwk_checkConnInfo
                                                   nwk_freeConnection
           LOCAL                   ADDRESS         
           =====                   =======         
           ?Subroutine1            00000D97 
    -------------------------------------------------------------------------
NEAR_CODE
  Relative segment, address: CODE 00000D9C - 00000DC7 (0x2c bytes), align: 0
  Segment part 14.
           ENTRY                   ADDRESS         REF BY
           =====                   =======         ======
           nwk_getConnInfo         00000D9C        SMPL_Receive (nwk_api)
                                                   SMPL_SendOpt (nwk_api)
                                                   nwk_QfindOldest (nwk_QMgmt)
                                                   nwk_connectionControl (nwk_ioctl)
                                                   nwk_radioControl (nwk_ioctl)
                                                   nwk_retrieveFrame (nwk_frame)
               calls direct
               XSTACK = 00000000 ( 00000009 )
    -------------------------------------------------------------------------
NEAR_CODE
  Relative segment, address: CODE 00000DC8 - 00000DDC (0x15 bytes), align: 0
  Segment part 15.            Intra module refs:   nwk_getConnInfo
                                                   nwk_getNextConnection
           LOCAL                   ADDRESS         
           =====                   =======         
           ?Subroutine6            00000DC8 
    -------------------------------------------------------------------------
NEAR_CODE
  Relative segment, address: CODE 00000DDD - 00000E34 (0x58 bytes), align: 0
  Segment part 16.
           ENTRY                   ADDRESS         REF BY
           =====                   =======         ======
           nwk_isLinkDuplicate     00000DDD        smpl_send_link_reply (nwk_link)
               calls direct
               XSTACK = 00000000 ( 0000000F )
    -------------------------------------------------------------------------
NEAR_CODE
  Relative segment, address: CODE 00000E35 - 00000E39 (0x5 bytes), align: 0
  Segment part 17.            Intra module refs:   nwk_isLinkDuplicate
           LOCAL                   ADDRESS         
           =====                   =======         
           ?Subroutine2            00000E35 
    -------------------------------------------------------------------------
NEAR_CODE
  Relative segment, address: CODE 00000E3A - 00000E68 (0x2f bytes), align: 0
  Segment part 19.
           ENTRY                   ADDRESS         REF BY
           =====                   =======         ======
           nwk_checkConnInfo       00000E3A        SMPL_Receive (nwk_api)
                                                   SMPL_SendOpt (nwk_api)
               ISTACK = 00000000 ( 00000002 )
    -------------------------------------------------------------------------
NEAR_CODE
  Relative segment, address: CODE 00000E69 - 00000EE2 (0x7a bytes), align: 0
  Segment part 20.
           ENTRY                   ADDRESS         REF BY
           =====                   =======         ======
           nwk_isConnectionValid   00000E69        dispatchFrame (nwk_frame)
               calls direct
               XSTACK = 00000000 ( 00000011 )
               ISTACK = 00000000 ( 00000001 )
    -------------------------------------------------------------------------
NEAR_CODE
  Relative segment, address: CODE 00000EE3 - 00000EE7 (0x5 bytes), align: 0
  Segment part 21.            Intra module refs:   nwk_allocateLocalRxPort
                                                   nwk_isConnectionValid
           LOCAL                   ADDRESS         
           =====                   =======         
           ?Subroutine3            00000EE3 
    -------------------------------------------------------------------------
NEAR_CODE
  Relative segment, address: CODE 00000EE8 - 00000EF4 (0xd bytes), align: 0
  Segment part 22.            Intra module refs:   nwk_isConnectionValid
                                                   nwk_isLinkDuplicate
           LOCAL                   ADDRESS         
           =====                   =======         
           ?Subroutine7            00000EE8 
    -------------------------------------------------------------------------
NEAR_CODE
  Relative segment, address: CODE 00000EF5 - 00000EF7 (0x3 bytes), align: 0
  Segment part 23.            Intra module refs:   nwk_allocateLocalRxPort
                                                   nwk_isConnectionValid
           LOCAL                   ADDRESS         
           =====                   =======         
           ?Subroutine5            00000EF5 
    -------------------------------------------------------------------------
NEAR_CODE
  Relative segment, address: CODE 00000EF8 - 00000EFA (0x3 bytes), align: 0
  Segment part 24.            Intra module refs:   ?Subroutine5
    -------------------------------------------------------------------------
NEAR_CODE
  Relative segment, address: CODE 00000EFB - 00000F01 (0x7 bytes), align: 0
  Segment part 25.            Intra module refs:   Segment part 24
                                                   nwk_isLinkDuplicate
    -------------------------------------------------------------------------
NEAR_CODE
  Relative segment, address: CODE 00000F02 - 00000F0C (0xb bytes), align: 0
  Segment part 26.            Intra module refs:   Segment part 25
                                                   nwk_isValidReply
           LOCAL                   ADDRESS         
           =====                   =======         
           ?Subroutine9            00000F02 
    -------------------------------------------------------------------------
NEAR_CODE
  Relative segment, address: CODE 00000F0D - 00001068 (0x15c bytes), align: 0
  Segment part 27.
           ENTRY                   ADDRESS         REF BY
           =====                   =======         ======
           nwk_allocateLocalRxPort
                                   00000F0D        nwk_link (nwk_link)
                                                   smpl_send_link_reply (nwk_link)
               calls direct
               XSTACK = 00000000 ( 00000013 )
               ISTACK = 00000000 ( 00000001 )
    -------------------------------------------------------------------------
NEAR_CODE
  Relative segment, address: CODE 00001069 - 000010CD (0x65 bytes), align: 0
  Segment part 28.
           ENTRY                   ADDRESS         REF BY
           =====                   =======         ======
           nwk_isValidReply        00001069        nwk_processJoin (nwk_join)
                                                   nwk_processLink (nwk_link)
                                                   nwk_processMgmt (nwk_mgmt)
                                                   nwk_processPing (nwk_ping)
               calls direct
               XSTACK = 00000000 ( 0000000E )
    -------------------------------------------------------------------------
NEAR_CODE
  Relative segment, address: CODE 000010CE - 000010D0 (0x3 bytes), align: 0
  Segment part 29.            Intra module refs:   nwk_isConnectionValid
                                                   nwk_isValidReply
           LOCAL                   ADDRESS         
           =====                   =======         
           ?Subroutine8            000010CE 
    -------------------------------------------------------------------------
NEAR_CODE
  Relative segment, address: CODE 000010D1 - 000010D6 (0x6 bytes), align: 0
  Segment part 30.            Intra module refs:   ?Subroutine8
                                                   nwk_allocateLocalRxPort
                                                   nwk_isValidReply
    -------------------------------------------------------------------------
NEAR_CODE
  Relative segment, address: CODE 000010D7 - 00001118 (0x42 bytes), align: 0
  Segment part 31.            Intra module refs:   nwk_getConnInfo
                                                   nwk_getNextConnection
           LOCAL                   ADDRESS         
           =====                   =======         
           map_lid2idx             000010D7 
               XSTACK = 00000009 ( 00000008 )
               ISTACK = 00000000 ( 00000001 )
    -------------------------------------------------------------------------
NEAR_CODE
  Relative segment, address: CODE 00001119 - 0000116B (0x53 bytes), align: 0
  Segment part 34.
           ENTRY                   ADDRESS         REF BY
           =====                   =======         ======
           nwk_getNumObjectFromMsg
                                   00001119        smpl_send_link_reply (nwk_link)
               calls direct
               XSTACK = 00000000 ( 0000000D )
    -------------------------------------------------------------------------
NEAR_CODE
  Relative segment, address: CODE 0000116C - 00001170 (0x5 bytes), align: 0
  Segment part 35.            Intra module refs:   nwk_getNumObjectFromMsg
                                                   nwk_putNumObjectIntoMsg
           LOCAL                   ADDRESS         
           =====                   =======         
           ?Subroutine4            0000116C 
    -------------------------------------------------------------------------
NEAR_CODE
  Relative segment, address: CODE 00001171 - 000011D7 (0x67 bytes), align: 0
  Segment part 36.
           ENTRY                   ADDRESS         REF BY
           =====                   =======         ======
           nwk_putNumObjectIntoMsg
                                   00001171        nwk_join (nwk_join)
                                                   nwk_link (nwk_link)
               calls direct
               XSTACK = 00000000 ( 00000013 )
    -------------------------------------------------------------------------
XDATA_ID
  Relative segment, address: CODE 00000126 - 0000014B (0x26 bytes), align: 0
  Segment part 7.             Intra module refs:   sPersistInfo

    *************************************************************************

  FILE NAME : C:\Texas Instruments\SimpliciTI-IAR-1.2.0\Projects\Examples\SRF05_8051\UART_Bridge\IAR\LinkTo\Obj\nwk_QMgmt.r51
  PROGRAM MODULE, NAME : nwk_QMgmt

  SEGMENTS IN THE MODULE
  ======================
XDATA_Z
  Relative segment, address: XDATA 00000439 - 0000050C (0xd4 bytes), align: 0
  Segment part 7.             Intra module refs:   nwk_QInit
                                                   nwk_QadjustOrder
                                                   nwk_QfindOldest
                                                   nwk_QfindSlot
           LOCAL                   ADDRESS         
           =====                   =======         
           sInFrameQ               00000439 
    -------------------------------------------------------------------------
XDATA_Z
  Relative segment, address: XDATA 0000050D - 00000576 (0x6a bytes), align: 0
  Segment part 8.             Intra module refs:   nwk_QInit
                                                   nwk_QfindSlot
           LOCAL                   ADDRESS         
           =====                   =======         
           sOutFrameQ              0000050D 
    -------------------------------------------------------------------------
NEAR_CODE
  Relative segment, address: CODE 000011D8 - 00001214 (0x3d bytes), align: 0
  Segment part 9.
           ENTRY                   ADDRESS         REF BY
           =====                   =======         ======
           nwk_QInit               000011D8        nwk_nwkInit (nwk)
               calls direct
               XSTACK = 00000000 ( 0000000B )
    -------------------------------------------------------------------------
NEAR_CODE
  Relative segment, address: CODE 00001215 - 000012B7 (0xa3 bytes), align: 0
  Segment part 10.
           ENTRY                   ADDRESS         REF BY
           =====                   =======         ======
           nwk_QfindSlot           00001215        MRFI_RxCompleteISR (nwk_frame)
                                                   nwk_buildFrame (nwk_frame)
               calls direct
               XSTACK = 00000000 ( 0000000B )
               ISTACK = 00000000 ( 00000001 )
    -------------------------------------------------------------------------
NEAR_CODE
  Relative segment, address: CODE 000012B8 - 000012FA (0x43 bytes), align: 0
  Segment part 11.            Intra module refs:   nwk_QfindSlot
           ENTRY                   ADDRESS         REF BY
           =====                   =======         ======
           nwk_QadjustOrder        000012B8        nwk_retrieveFrame (nwk_frame)
               XSTACK = 0000000B ( 00000008 )
    -------------------------------------------------------------------------
NEAR_CODE
  Relative segment, address: CODE 000012FB - 000014B9 (0x1bf bytes), align: 0
  Segment part 12.
           ENTRY                   ADDRESS         REF BY
           =====                   =======         ======
           nwk_QfindOldest         000012FB        nwk_retrieveFrame (nwk_frame)
               calls direct
               XSTACK = 00000000 ( 0000001B )
               ISTACK = 00000000 ( 00000001 )
    -------------------------------------------------------------------------
NEAR_CODE
  Relative segment, address: CODE 000014BA - 000014C1 (0x8 bytes), align: 0
  Segment part 13.            Intra module refs:   nwk_QfindOldest
           LOCAL                   ADDRESS         
           =====                   =======         
           ?Subroutine0            000014BA 
    -------------------------------------------------------------------------
NEAR_CODE
  Relative segment, address: CODE 000014C2 - 000014C8 (0x7 bytes), align: 0
  Segment part 14.            Intra module refs:   ?Subroutine0
                                                   nwk_QfindOldest

    *************************************************************************

  FILE NAME : C:\Texas Instruments\SimpliciTI-IAR-1.2.0\Projects\Examples\SRF05_8051\UART_Bridge\IAR\LinkTo\Obj\nwk_api.r51
  PROGRAM MODULE, NAME : nwk_api

  SEGMENTS IN THE MODULE
  ======================
XDATA_Z
  Relative segment, address: XDATA 00000577 - 00000577 (0x1 bytes), align: 0
  Segment part 6.             Intra module refs:   SMPL_Init
                                                   SMPL_Ioctl
           LOCAL                   ADDRESS         
           =====                   =======         
           sInit_done              00000577 
    -------------------------------------------------------------------------
NEAR_CODE
  Relative segment, address: CODE 000014C9 - 000014FB (0x33 bytes), align: 0
  Segment part 7.
           ENTRY                   ADDRESS         REF BY
           =====                   =======         ======
           SMPL_Init               000014C9        main (main_UART_Bridge)
               calls direct
               XSTACK = 00000000 ( 00000008 )
    -------------------------------------------------------------------------
NEAR_CODE
  Relative segment, address: CODE 000014FC - 00001500 (0x5 bytes), align: 0
  Segment part 9.             Intra module refs:   SMPL_Send
           LOCAL                   ADDRESS         
           =====                   =======         
           ?Subroutine0            000014FC 
    -------------------------------------------------------------------------
NEAR_CODE
  Relative segment, address: CODE 00001501 - 00001519 (0x19 bytes), align: 0
  Segment part 10.
           ENTRY                   ADDRESS         REF BY
           =====                   =======         ======
           SMPL_Send               00001501        main (main_UART_Bridge)
               calls direct
               XSTACK = 00000000 ( 0000000B )
    -------------------------------------------------------------------------
NEAR_CODE
  Relative segment, address: CODE 0000151A - 000015E1 (0xc8 bytes), align: 0
  Segment part 11.            Intra module refs:   SMPL_Send
           ENTRY                   ADDRESS         REF BY
           =====                   =======         ======
           SMPL_SendOpt            0000151A 
               calls direct
               XSTACK = 0000000B ( 00000012 )
               ISTACK = 00000000 ( 00000001 )
    -------------------------------------------------------------------------
NEAR_CODE
  Relative segment, address: CODE 000015E2 - 0000164C (0x6b bytes), align: 0
  Segment part 12.
           ENTRY                   ADDRESS         REF BY
           =====                   =======         ======
           SMPL_Receive            000015E2        main (main_UART_Bridge)
               calls direct
               XSTACK = 00000000 ( 00000016 )
               ISTACK = 00000000 ( 00000001 )
    -------------------------------------------------------------------------
NEAR_CODE
  Relative segment, address: CODE 0000164D - 0000164F (0x3 bytes), align: 0
  Segment part 13.
           ENTRY                   ADDRESS         REF BY
           =====                   =======         ======
           SMPL_Link               0000164D        main (main_UART_Bridge)
               calls direct
    -------------------------------------------------------------------------
NEAR_CODE
  Relative segment, address: CODE 00001650 - 0000170B (0xbc bytes), align: 0
  Segment part 14.
           ENTRY                   ADDRESS         REF BY
           =====                   =======         ======
           SMPL_Ioctl              00001650        main (main_UART_Bridge)
                                                   nwk_join (nwk_join)
                                                   nwk_link (nwk_link)
               calls direct
               XSTACK = 00000000 ( 0000000D )
               ISTACK = 00000000 ( 00000001 )

    *************************************************************************

  FILE NAME : C:\Texas Instruments\SimpliciTI-IAR-1.2.0\Projects\Examples\SRF05_8051\UART_Bridge\IAR\LinkTo\Obj\nwk_frame.r51
  PROGRAM MODULE, NAME : nwk_frame

  SEGMENTS IN THE MODULE
  ======================
XDATA_I
  Relative segment, address: XDATA 00000669 - 00000674 (0xc bytes), align: 0
  Segment part 6.             Intra module refs:   dispatchFrame
           LOCAL                   ADDRESS         
           =====                   =======         
           func                    00000669 
    -------------------------------------------------------------------------
XDATA_Z
  Relative segment, address: XDATA 00000578 - 00000578 (0x1 bytes), align: 0
  Segment part 8.             Intra module refs:   nwk_buildFrame
                                                   nwk_frameInit
           LOCAL                   ADDRESS         
           =====                   =======         
           sTRACTID                00000578 
    -------------------------------------------------------------------------
XDATA_Z
  Relative segment, address: XDATA 00000579 - 0000057A (0x2 bytes), align: 0
  Segment part 9.             Intra module refs:   ?Subroutine3
                                                   nwk_frameInit
           LOCAL                   ADDRESS         
           =====                   =======         
           sMyAddr                 00000579 
    -------------------------------------------------------------------------
XDATA_Z
  Relative segment, address: XDATA 0000057B - 0000057B (0x1 bytes), align: 0
  Segment part 10.            Intra module refs:   nwk_buildFrame
                                                   nwk_getMyRxType
           LOCAL                   ADDRESS         
           =====                   =======         
           sMyRxType               0000057B 
    -------------------------------------------------------------------------
XDATA_Z
  Relative segment, address: XDATA 0000057C - 0000057C (0x1 bytes), align: 0
  Segment part 11.            Intra module refs:   nwk_frameInit
                                                   nwk_sendFrame
           LOCAL                   ADDRESS         
           =====                   =======         
           sMyTxType               0000057C 
    -------------------------------------------------------------------------
XDATA_Z
  Relative segment, address: XDATA 0000057D - 0000057E (0x2 bytes), align: 0
  Segment part 12.            Intra module refs:   dispatchFrame
                                                   nwk_frameInit
           LOCAL                   ADDRESS         
           =====                   =======         
           spCallback              0000057D 
[...]
                                                   nwk_processMgmt (nwk_mgmt)
                                                   nwk_processPing (nwk_ping)
                                                   nwk_putNumObjectIntoMsg (nwk)
                                                   nwk_radioControl (nwk_ioctl)
                                                   nwk_rawReceive (nwk_ioctl)
                                                   nwk_rawSend (nwk_ioctl)
                                                   nwk_retrieveFrame (nwk_frame)
                                                   nwk_sendFrame (nwk_frame)
                                                   nwk_setAPAddress (nwk_globals)
                                                   nwk_setLinkToken (nwk_link)
                                                   nwk_setMyAddress (nwk_globals)
                                                   pop_buffer (uart_intfc)
                                                   push_buffer (uart_intfc)
                                                   rx_handler (uart_intfc)
                                                   rx_receive (uart_intfc)
                                                   smpl_send_link_reply (nwk_link)
                                                   tx_handler (uart_intfc)
                                                   tx_send (uart_intfc)
                                                   tx_send_wait (uart_intfc)

    -------------------------------------------------------------------------
  LIBRARY MODULE, NAME : ?FUNC_LEAVE_XDATA

  SEGMENTS IN THE MODULE
  ======================
RCODE
  Relative segment, address: CODE 000002C9 - 00000308 (0x40 bytes), align: 0
  Segment part 1.
           ENTRY                   ADDRESS         REF BY
           =====                   =======         ======
           ?FUNC_LEAVE_XDATA       000002C9        ?Subroutine0 (mrfi)
                                                   ?Subroutine0 (nwk_api)
                                                   ?Subroutine0 (nwk_ioctl)
                                                   ?Subroutine0 (nwk_join)
                                                   ?Subroutine0 (nwk_mgmt)
                                                   ?Subroutine0 (nwk_ping)
                                                   ?Subroutine1 (nwk_frame)
                                                   ?Subroutine1 (nwk_ioctl)
                                                   ?Subroutine1 (nwk_join)
                                                   ?Subroutine1 (nwk_link)
                                                   ?Subroutine1 (uart_intfc)
                                                   ?Subroutine2 (mrfi)
                                                   ?Subroutine2 (nwk)
                                                   ?Subroutine3 (nwk)
                                                   ?Subroutine4 (nwk)
                                                   MRFI_ReplyDelay (mrfi)
                                                   MRFI_RxCompleteISR (nwk_frame)
                                                   MRFI_Transmit (mrfi)
                                                   Mrfi_DelayUsecLong (mrfi)
                                                   SMPL_Init (nwk_api)
                                                   SMPL_Ioctl (nwk_api)
                                                   SMPL_Receive (nwk_api)
                                                   SMPL_SendOpt (nwk_api)
                                                   Segment part 11 (nwk)
                                                   Segment part 15 (nwk_globals)
                                                   Segment part 16 (nwk_link)
                                                   Segment part 31 (uart_intfc)
                                                   dispatchFrame (nwk_frame)
                                                   memcmp (?memcmp)
                                                   memcpy (?memcpy)
                                                   memmove (?memmove)
                                                   memset (?memset)
                                                   nwk_QInit (nwk_QMgmt)
                                                   nwk_QadjustOrder (nwk_QMgmt)
                                                   nwk_QfindOldest (nwk_QMgmt)
                                                   nwk_QfindSlot (nwk_QMgmt)
                                                   nwk_isValidReply (nwk)
                                                   nwk_join (nwk_join)
                                                   nwk_nwkInit (nwk)
                                                   nwk_sendFrame (nwk_frame)
                                                   smpl_send_link_reply (nwk_link)
                                                   tx_send_wait (uart_intfc)

    -------------------------------------------------------------------------
  LIBRARY MODULE, NAME : ?INTERRUPT_ENTER_SP

  SEGMENTS IN THE MODULE
  ======================
RCODE
  Relative segment, address: CODE 00000309 - 0000033F (0x37 bytes), align: 0
  Segment part 0.
           ENTRY                   ADDRESS         REF BY
           =====                   =======         ======
           ?INTERRUPT_ENTER_SP     00000309        ?Subroutine0 (uart)
                                                   ?Subroutine2 (uart)

    -------------------------------------------------------------------------
  LIBRARY MODULE, NAME : ?INTERRUPT_LEAVE_SP

  SEGMENTS IN THE MODULE
  ======================
RCODE
  Relative segment, address: CODE 00000340 - 0000036E (0x2f bytes), align: 0
  Segment part 0.
           ENTRY                   ADDRESS         REF BY
           =====                   =======         ======
           ?INTERRUPT_LEAVE_SP     00000340        Segment part 29 (uart)

    -------------------------------------------------------------------------
  LIBRARY MODULE, NAME : ?INTERRUPT_ENTER_XSP

  SEGMENTS IN THE MODULE
  ======================
RCODE
  Relative segment, address: CODE 0000036F - 000003CD (0x5f bytes), align: 0
  Segment part 1.
           ENTRY                   ADDRESS         REF BY
           =====                   =======         ======
           ?INTERRUPT_ENTER_XSP    0000036F        MRFI_RxIsr (mrfi)

    -------------------------------------------------------------------------
  LIBRARY MODULE, NAME : ?INTERRUPT_LEAVE_XSP

  SEGMENTS IN THE MODULE
  ======================
RCODE
  Relative segment, address: CODE 000003CE - 00000425 (0x58 bytes), align: 0
  Segment part 1.
           ENTRY                   ADDRESS         REF BY
           =====                   =======         ======
           ?INTERRUPT_LEAVE_XSP    000003CE        MRFI_RxIsr (mrfi)

    -------------------------------------------------------------------------
  LIBRARY MODULE, NAME : ?PUSH_XSTACK_I

  SEGMENTS IN THE MODULE
  ======================
RCODE
  Relative segment, address: CODE 00000426 - 00000429 (0x4 bytes), align: 0
  Segment part 2.
           ENTRY                   ADDRESS         REF BY
           =====                   =======         ======
           ?PUSH_XSTACK_I_TWO      00000426        MRFI_Init (mrfi)
                                                   MRFI_RxIsr (mrfi)
                                                   MRFI_Transmit (mrfi)
                                                   SMPL_Ioctl (nwk_api)
                                                   SMPL_Receive (nwk_api)
                                                   SMPL_Send (nwk_api)
                                                   SMPL_SendOpt (nwk_api)
                                                   dispatchFrame (nwk_frame)
                                                   nwk_QInit (nwk_QMgmt)
                                                   nwk_QfindOldest (nwk_QMgmt)
                                                   nwk_allocateLocalRxPort (nwk)
                                                   nwk_buildFrame (nwk_frame)
                                                   nwk_deviceAddress (nwk_ioctl)
                                                   nwk_getNumObjectFromMsg (nwk)
                                                   nwk_globalsInit (nwk_globals)
                                                   nwk_isConnectionValid (nwk)
                                                   nwk_isLinkDuplicate (nwk)
                                                   nwk_isValidReply (nwk)
                                                   nwk_join (nwk_join)
                                                   nwk_link (nwk_link)
                                                   nwk_linkInit (nwk_link)
                                                   nwk_nwkInit (nwk)
                                                   nwk_processMgmt (nwk_mgmt)
                                                   nwk_processPing (nwk_ping)
                                                   nwk_putNumObjectIntoMsg (nwk)
                                                   nwk_radioControl (nwk_ioctl)
                                                   nwk_rawReceive (nwk_ioctl)
                                                   nwk_rawSend (nwk_ioctl)
                                                   nwk_retrieveFrame (nwk_frame)
                                                   nwk_setAPAddress (nwk_globals)
                                                   nwk_setMyAddress (nwk_globals)
                                                   rx_handler (uart_intfc)
                                                   rx_receive (uart_intfc)
                                                   smpl_send_link_reply (nwk_link)
                                                   tx_handler (uart_intfc)
                                                   tx_send (uart_intfc)
    -------------------------------------------------------------------------
RCODE
  Relative segment, address: CODE 0000042A - 00000436 (0xd bytes), align: 0
  Segment part 4.             Intra module refs:   ?PUSH_XSTACK_I_TWO
           ENTRY                   ADDRESS         REF BY
           =====                   =======         ======
           ?PUSH_XSTACK_I          0000042A 

    -------------------------------------------------------------------------
  LIBRARY MODULE, NAME : ?PUSH_XSTACK8_X

  SEGMENTS IN THE MODULE
  ======================
RCODE
  Relative segment, address: CODE 00000437 - 0000043A (0x4 bytes), align: 0
  Segment part 3.
           ENTRY                   ADDRESS         REF BY
           =====                   =======         ======
           ?PUSH_XSTACK8_X_TWO     00000437        nwk_rawReceive (nwk_ioctl)
    -------------------------------------------------------------------------
RCODE
  Relative segment, address: CODE 0000043B - 00000463 (0x29 bytes), align: 0
  Segment part 5.             Intra module refs:   ?PUSH_XSTACK8_X_TWO
           ENTRY                   ADDRESS         REF BY
           =====                   =======         ======
           ?PUSH_XSTACK8_X         0000043B 

    -------------------------------------------------------------------------
  LIBRARY MODULE, NAME : ?memcmp

  SEGMENTS IN THE MODULE
  ======================
NEAR_CODE
  Relative segment, address: CODE 00002B01 - 00002B56 (0x56 bytes), align: 0
  Segment part 6.
           ENTRY                   ADDRESS         REF BY
           =====                   =======         ======
           memcmp                  00002B01        ?Subroutine9 (nwk)
                                                   dispatchFrame (nwk_frame)
                                                   nwk_QfindOldest (nwk_QMgmt)
                                                   nwk_processMgmt (nwk_mgmt)
               XSTACK = 00000002 ( 00000008 )

    -------------------------------------------------------------------------
  LIBRARY MODULE, NAME : ?memcpy

  SEGMENTS IN THE MODULE
  ======================
NEAR_CODE
  Relative segment, address: CODE 00002B57 - 00002B9C (0x46 bytes), align: 0
  Segment part 6.
           ENTRY                   ADDRESS         REF BY
           =====                   =======         ======
           memcpy                  00002B57        ?Subroutine4 (nwk_frame)
                                                   SMPL_Ioctl (nwk_api)
                                                   SMPL_SendOpt (nwk_api)
                                                   Segment part 24 (nwk_link)
                                                   nwk_buildFrame (nwk_frame)
                                                   nwk_deviceAddress (nwk_ioctl)
                                                   nwk_globalsInit (nwk_globals)
                                                   nwk_join (nwk_join)
                                                   nwk_nwkInit (nwk)
                                                   nwk_processPing (nwk_ping)
                                                   nwk_radioControl (nwk_ioctl)
                                                   nwk_rawSend (nwk_ioctl)
                                                   nwk_setAPAddress (nwk_globals)
                                                   nwk_setMyAddress (nwk_globals)
               XSTACK = 00000002 ( 00000009 )
               ISTACK = 00000000 ( 00000001 )

    -------------------------------------------------------------------------
  LIBRARY MODULE, NAME : ?memmove

  SEGMENTS IN THE MODULE
  ======================
NEAR_CODE
  Relative segment, address: CODE 00002B9D - 00002C22 (0x86 bytes), align: 0
  Segment part 6.
           ENTRY                   ADDRESS         REF BY
           =====                   =======         ======
           memmove                 00002B9D        nwk_getNumObjectFromMsg (nwk)
                                                   nwk_putNumObjectIntoMsg (nwk)
               XSTACK = 00000002 ( 00000009 )
               ISTACK = 00000000 ( 00000001 )
    -------------------------------------------------------------------------
NEAR_CODE
  Relative segment, address: CODE 00002C23 - 00002C35 (0x13 bytes), align: 0
  Segment part 7.             Intra module refs:   memmove

    -------------------------------------------------------------------------
  LIBRARY MODULE, NAME : ?memset

  SEGMENTS IN THE MODULE
  ======================
NEAR_CODE
  Relative segment, address: CODE 00002C36 - 00002C62 (0x2d bytes), align: 0
  Segment part 6.
           ENTRY                   ADDRESS         REF BY
           =====                   =======         ======
           memset                  00002C36        MRFI_Init (mrfi)
                                                   MRFI_RxIsr (mrfi)
                                                   nwk_QInit (nwk_QMgmt)
                                                   nwk_allocateLocalRxPort (nwk)
                                                   nwk_globalsInit (nwk_globals)
                                                   nwk_linkInit (nwk_link)
                                                   nwk_nwkInit (nwk)
               XSTACK = 00000002 ( 00000008 )
               ISTACK = 00000000 ( 00000001 )

    -------------------------------------------------------------------------
  LIBRARY MODULE, NAME : ?low_level_init

  SEGMENTS IN THE MODULE
  ======================
CSTART
  Relative segment, address: CODE 000000E2 - 000000E4 (0x3 bytes), align: 0
  Segment part 6. ROOT.
           ENTRY                   ADDRESS         REF BY
           =====                   =======         ======
           __low_level_init        000000E2        __low_level_init_call (?cmain)




                ****************************************
                *                                      *
                *      SEGMENTS IN ADDRESS ORDER       *
                *                                      *
                ****************************************


SEGMENT              SPACE    START ADDRESS   END ADDRESS     SIZE  TYPE  ALIGN
=======              =====    =============   ===========     ====  ====  =====
INTVEC               CODE          00000000 - 00000085          86   com    0
CSTART               CODE          00000086 - 000000E4          5F   rel    0
BIT_ID               CODE               000000E5                     dse    0
DATA_ID              CODE               000000E5                     dse    0
IDATA_ID             CODE               000000E5                     dse    0
PDATA_ID             CODE               000000E5                     dse    0
BDATA_ID             CODE               000000E5                     dse    0
IXDATA_ID            CODE               000000E5                     dse    0
XDATA_ID             CODE          000000E5 - 00000170          8C   rel    0
RCODE                CODE          00000171 - 00000463         2F3   rel    0
CODE_C               CODE               00000464                     dse    0
DIFUNCT              CODE               00000464                     dse    0
CODE_N               CODE               00000464                     dse    0
NEAR_CODE            CODE          00000464 - 00002C62        27FF   rel    0
REGISTERS            DATA          00000000 - 00000007           8   rel    0
VREG                 DATA          00000008 - 0000000F           8   rel    0
PSP                  DATA               00000010                     dse    0
XSP                  DATA          00000010 - 00000011           2   rel    0
BREG                 BIT        00000020.0  -  00000020.7        8   rel    0
SFR_AN               DATA          00000086 - 00000086           1   rel    0
                     DATA          0000008F - 00000091           3 
                     DATA          0000009A - 0000009A           1 
                     DATA          0000009A - 0000009B           2 
                     DATA          0000009D - 0000009E           2 
                     DATA          000000A8 - 000000A9           2 
                     DATA          000000B4 - 000000B4           1 
                     DATA          000000B9 - 000000B9           1 
                     DATA          000000BC - 000000BE           3 
                     DATA          000000C1 - 000000C2           2 
                     DATA          000000C4 - 000000C6           3 
                     DATA          000000CB - 000000CD           3 
                     DATA          000000D8 - 000000D9           2 
                     DATA          000000E1 - 000000E1           1 
                     DATA          000000E8 - 000000E9           2 
                     DATA          000000F1 - 000000F3           3 
                     DATA          000000F5 - 000000F5           1 
                     DATA          000000F7 - 000000F7           1 
                     DATA          000000FE - 000000FE           1 
XSTACK               XDATA         00000001 - 000003FF         3FF   rel    0
XDATA_Z              XDATA         00000400 - 00000601         202   rel    0
XDATA_I              XDATA         00000602 - 0000068D          8C   rel    0
ISTACK               IDATA         00000030 - 000000FF          D0   rel    0

                ****************************************
                *                                      *
                *        END OF CROSS REFERENCE        *
                *                                      *
                ****************************************

 11 363 bytes of CODE  memory
     18 bytes of DATA  memory (+ 35 absolute )
  1 677 bytes of XDATA memory
    208 bytes of IDATA memory
      8 bits  of BIT   memory

Errors: none
Warnings: none

