Component: ARM Compiler 5.06 update 1 (build 61) Tool: armlink [4d35a8]

==============================================================================

Section Cross References

    stm32f10x.o(RESET) refers to stm32f10x.o(STACK) for __initial_sp
    stm32f10x.o(RESET) refers to stm32f10x.o(.text) for Reset_Handler
    stm32f10x.o(RESET) refers to os_cpu_a.o(.text) for PendSV_Handler
    stm32f10x.o(RESET) refers to main.o(.text) for SysTick_Handler
    stm32f10x.o(RESET) refers to sys.o(.text) for EXTI0_IRQHandler
    stm32f10x.o(RESET) refers to keyproc.o(.text) for EXTI1_IRQHandler
    stm32f10x.o(RESET) refers to spi.o(.text) for EXTI9_5_IRQHandler
    stm32f10x.o(RESET) refers to timer.o(.text) for TIM3_IRQHandler
    stm32f10x.o(RESET) refers to usart.o(.text) for USART2_IRQHandler
    stm32f10x.o(RESET) refers to keyadc.o(.text) for EXTI15_10_IRQHandler
    stm32f10x.o(.text) refers to entry.o(.ARM.Collect$$$$00000000) for __main
    flash.o(.text) refers to memseta.o(.text) for __aeabi_memclr4
    flash.o(.text) refers to delay.o(.text) for HP_SHOT_ONCE
    flash.o(.text) refers to fmul.o(.text) for __aeabi_fmul
    flash.o(.text) refers to ffltui.o(.text) for __aeabi_ui2f
    flash.o(.text) refers to ffixui.o(.text) for __aeabi_f2uiz
    flash.o(.text) refers to fdiv.o(.text) for __aeabi_fdiv
    flash.o(.text) refers to timer.o(.text) for StopCapture
    flash.o(.text) refers to os_task.o(.text) for OSTaskResume
    flash.o(.text) refers to flash.o(.bss) for .bss
    flash.o(.text) refers to flash.o(.constdata) for .constdata
    flash.o(.text) refers to main.o(.data) for g_isHotProtect
    flash.o(.text) refers to main.o(.bss) for mainPara
    flash.o(.text) refers to os_tmr.o(.text) for OSTmrReload
    flash.o(.text) refers to flash.o(.data) for .data
    flash.o(.text) refers to spi.o(.data) for g_dspUpdateFlag
    flash.o(.text) refers to keyproc.o(.data) for g_isIndividualSlave
    flash.o(.text) refers to spi.o(.constdata) for wl_opArr
    flash.o(.text) refers to usart.o(.data) for g_rfSlaveFlashCode
    funclayout.o(.text) refers to lcddriver.o(.text) for LcdClearFeild
    funclayout.o(.text) refers to menu.o(.data) for pSnrSet
    funclayout.o(.text) refers to font.o(.constdata) for ettl_TBitmap
    funclayout.o(.text) refers to font.o(.constdata) for ettl_LBitmap
    funclayout.o(.text) refers to font.o(.constdata) for ettl_EBitmap
    funclayout.o(.text) refers to font.o(.constdata) for mBitmap
    funclayout.o(.text) refers to font.o(.constdata) for uBitmap
    funclayout.o(.text) refers to font.o(.constdata) for multi_ltBitmap
    funclayout.o(.text) refers to font.o(.constdata) for iBitmap
    funclayout.o(.text) refers to font.o(.constdata) for gBitmap
    funclayout.o(.text) refers to font.o(.constdata) for rBitmap
    funclayout.o(.text) refers to font.o(.constdata) for ext_xBitmap
    funclayout.o(.text) refers to font.o(.constdata) for ext_tBitmap
    funclayout.o(.text) refers to font.o(.constdata) for ext_dotBitmap
    funclayout.o(.text) refers to font.o(.constdata) for ext_aBitmap
    keyadc.o(.text) refers to stm32f10x_adc.o(.text) for ADC_DeInit
    keyadc.o(.text) refers to stm32f10x_exti.o(.text) for EXTI_GetITStatus
    keyadc.o(.text) refers to sys.o(.text) for Ex_NVIC_Disable
    keyadc.o(.text) refers to main.o(.data) for g_keyAdcEnable
    keyadc.o(.text) refers to keyadc.o(.data) for .data
    keyadc.o(.text) refers to keyproc.o(.data) for g_keyDir
    keyproc.o(.text) refers to os_time.o(.text) for OSTimeDlyHMSM
    keyproc.o(.text) refers to keyadc.o(.text) for GetKeyAdc
    keyproc.o(.text) refers to memseta.o(.text) for __aeabi_memclr
    keyproc.o(.text) refers to lcddriver.o(.text) for AreaSet
    keyproc.o(.text) refers to keyproc.o(.data) for .data
    keyproc.o(.text) refers to spi.o(.data) for g_isModeling
    keyproc.o(.text) refers to menu.o(.data) for pSnrSet
    keyproc.o(.text) refers to stmflash.o(.bss) for STMFLASH_BUF
    keyproc.o(.text) refers to lcddriver.o(.data) for g_paraSetBufIndex
    keyproc.o(.text) refers to font.o(.constdata) for font_cmp
    keyproc.o(.text) refers to font.o(.constdata) for font_feb
    keyproc.o(.text) refers to keyproc.o(.bss) for .bss
    keyproc.o(.text) refers to main.o(.data) for g_stepLength
    keyproc.o(.text) refers to lcddriver.o(.constdata) for cmpArr_5
    keyproc.o(.text) refers to lcddriver.o(.constdata) for cmpArr
    keyproc.o(.text) refers to lcddriver.o(.constdata) for m_dotSetLocEx
    keyproc.o(.text) refers to font.o(.constdata) for fontIso
    keyproc.o(.text) refers to lcddriver.o(.constdata) for multi_dotSetLocEx
    keyproc.o(.text) refers to funclayout.o(.text) for LayModeEttl
    keyproc.o(.text) refers to ffltui.o(.text) for __aeabi_ui2f
    keyproc.o(.text) refers to font.o(.constdata) for synFp
    keyproc.o(.text) refers to font.o(.constdata) for synRear
    keyproc.o(.text) refers to main.o(.bss) for mainPara
    keyproc.o(.text) refers to lcddriver.o(.constdata) for cmpStringEx_5
[...]
    OSTaskStatHook                           0x08018f57   Thumb Code     2  os_cpu_c.o(.text)
    OSTCBInitHook                            0x08018f59   Thumb Code     2  os_cpu_c.o(.text)
    OSTimeTickHook                           0x08018f5b   Thumb Code     2  os_cpu_c.o(.text)
    OSTaskIdleHook                           0x08018f5d   Thumb Code     2  os_cpu_c.o(.text)
    NVIC_PriorityGroupConfig                 0x08018f61   Thumb Code    10  misc.o(.text)
    NVIC_Init                                0x08018f6b   Thumb Code    94  misc.o(.text)
    NVIC_SetVectorTable                      0x08018fc9   Thumb Code    14  misc.o(.text)
    NVIC_SystemLPConfig                      0x08018fd7   Thumb Code    20  misc.o(.text)
    SysTick_CLKSourceConfig                  0x08018feb   Thumb Code    24  misc.o(.text)
    ADC_DeInit                               0x08019011   Thumb Code    56  stm32f10x_adc.o(.text)
    ADC_Init                                 0x08019049   Thumb Code    62  stm32f10x_adc.o(.text)
    ADC_StructInit                           0x08019087   Thumb Code    18  stm32f10x_adc.o(.text)
    ADC_Cmd                                  0x08019099   Thumb Code    20  stm32f10x_adc.o(.text)
    ADC_DMACmd                               0x080190ad   Thumb Code    20  stm32f10x_adc.o(.text)
    ADC_ITConfig                             0x080190c1   Thumb Code    18  stm32f10x_adc.o(.text)
    ADC_ResetCalibration                     0x080190d3   Thumb Code    10  stm32f10x_adc.o(.text)
    ADC_GetResetCalibrationStatus            0x080190dd   Thumb Code    14  stm32f10x_adc.o(.text)
    ADC_StartCalibration                     0x080190eb   Thumb Code    10  stm32f10x_adc.o(.text)
    ADC_GetCalibrationStatus                 0x080190f5   Thumb Code    14  stm32f10x_adc.o(.text)
    ADC_SoftwareStartConvCmd                 0x08019103   Thumb Code    20  stm32f10x_adc.o(.text)
    ADC_GetSoftwareStartConvStatus           0x08019117   Thumb Code    14  stm32f10x_adc.o(.text)
    ADC_DiscModeChannelCountConfig           0x08019125   Thumb Code    16  stm32f10x_adc.o(.text)
    ADC_DiscModeCmd                          0x08019135   Thumb Code    20  stm32f10x_adc.o(.text)
    ADC_RegularChannelConfig                 0x08019149   Thumb Code   116  stm32f10x_adc.o(.text)
    ADC_ExternalTrigConvCmd                  0x080191bd   Thumb Code    20  stm32f10x_adc.o(.text)
    ADC_GetConversionValue                   0x080191d1   Thumb Code     6  stm32f10x_adc.o(.text)
    ADC_GetDualModeConversionValue           0x080191d7   Thumb Code     8  stm32f10x_adc.o(.text)
    ADC_AutoInjectedConvCmd                  0x080191df   Thumb Code    20  stm32f10x_adc.o(.text)
    ADC_InjectedDiscModeCmd                  0x080191f3   Thumb Code    20  stm32f10x_adc.o(.text)
    ADC_ExternalTrigInjectedConvConfig       0x08019207   Thumb Code    12  stm32f10x_adc.o(.text)
    ADC_ExternalTrigInjectedConvCmd          0x08019213   Thumb Code    20  stm32f10x_adc.o(.text)
    ADC_SoftwareStartInjectedConvCmd         0x08019227   Thumb Code    20  stm32f10x_adc.o(.text)
    ADC_GetSoftwareStartInjectedConvCmdStatus 0x0801923b   Thumb Code    14  stm32f10x_adc.o(.text)
    ADC_InjectedChannelConfig                0x08019249   Thumb Code    74  stm32f10x_adc.o(.text)
    ADC_InjectedSequencerLengthConfig        0x08019293   Thumb Code    16  stm32f10x_adc.o(.text)
    ADC_SetInjectedOffset                    0x080192a3   Thumb Code    10  stm32f10x_adc.o(.text)
    ADC_GetInjectedConversionValue           0x080192ad   Thumb Code    14  stm32f10x_adc.o(.text)
    ADC_AnalogWatchdogCmd                    0x080192bb   Thumb Code    12  stm32f10x_adc.o(.text)
    ADC_AnalogWatchdogThresholdsConfig       0x080192c7   Thumb Code     6  stm32f10x_adc.o(.text)
    ADC_AnalogWatchdogSingleChannelConfig    0x080192cd   Thumb Code    12  stm32f10x_adc.o(.text)
    ADC_TempSensorVrefintCmd                 0x080192d9   Thumb Code    24  stm32f10x_adc.o(.text)
    ADC_GetFlagStatus                        0x080192f1   Thumb Code    14  stm32f10x_adc.o(.text)
    ADC_ClearFlag                            0x080192ff   Thumb Code     6  stm32f10x_adc.o(.text)
    ADC_GetITStatus                          0x08019305   Thumb Code    28  stm32f10x_adc.o(.text)
    ADC_ClearITPendingBit                    0x08019321   Thumb Code     8  stm32f10x_adc.o(.text)
    EXTI_DeInit                              0x08019341   Thumb Code    28  stm32f10x_exti.o(.text)
    EXTI_Init                                0x0801935d   Thumb Code   108  stm32f10x_exti.o(.text)
    EXTI_StructInit                          0x080193c9   Thumb Code    14  stm32f10x_exti.o(.text)
    EXTI_GenerateSWInterrupt                 0x080193d7   Thumb Code    12  stm32f10x_exti.o(.text)
    EXTI_GetFlagStatus                       0x080193e3   Thumb Code    18  stm32f10x_exti.o(.text)
    EXTI_ClearFlag                           0x080193f5   Thumb Code     8  stm32f10x_exti.o(.text)
    EXTI_GetITStatus                         0x080193fd   Thumb Code    28  stm32f10x_exti.o(.text)
    EXTI_ClearITPendingBit                   0x08019419   Thumb Code     8  stm32f10x_exti.o(.text)
    FLASH_SetLatency                         0x08019429   Thumb Code    14  stm32f10x_flash.o(.text)
    FLASH_HalfCycleAccessCmd                 0x08019437   Thumb Code    18  stm32f10x_flash.o(.text)
    FLASH_PrefetchBufferCmd                  0x08019449   Thumb Code    18  stm32f10x_flash.o(.text)
    FLASH_Unlock                             0x0801945b   Thumb Code    12  stm32f10x_flash.o(.text)
    FLASH_UnlockBank1                        0x08019467   Thumb Code    12  stm32f10x_flash.o(.text)
    FLASH_Lock                               0x08019473   Thumb Code    12  stm32f10x_flash.o(.text)
    FLASH_LockBank1                          0x0801947f   Thumb Code    12  stm32f10x_flash.o(.text)
    FLASH_GetBank1Status                     0x0801948b   Thumb Code    34  stm32f10x_flash.o(.text)
    FLASH_WaitForLastOperation               0x080194ad   Thumb Code    36  stm32f10x_flash.o(.text)
    FLASH_ErasePage                          0x080194d1   Thumb Code    56  stm32f10x_flash.o(.text)
    FLASH_EraseAllPages                      0x08019509   Thumb Code    52  stm32f10x_flash.o(.text)
    FLASH_WaitForLastBank1Operation          0x0801953d   Thumb Code    36  stm32f10x_flash.o(.text)
    FLASH_EraseAllBank1Pages                 0x08019561   Thumb Code    52  stm32f10x_flash.o(.text)
    FLASH_GetReadOutProtectionStatus         0x08019595   Thumb Code    14  stm32f10x_flash.o(.text)
    FLASH_EraseOptionBytes                   0x080195a3   Thumb Code   108  stm32f10x_flash.o(.text)
    FLASH_ProgramWord                        0x0801960f   Thumb Code    72  stm32f10x_flash.o(.text)
    FLASH_ProgramHalfWord                    0x08019657   Thumb Code    48  stm32f10x_flash.o(.text)
    FLASH_ProgramOptionByteData              0x08019687   Thumb Code    62  stm32f10x_flash.o(.text)
    FLASH_EnableWriteProtection              0x080196c5   Thumb Code   150  stm32f10x_flash.o(.text)
    FLASH_ReadOutProtection                  0x0801975b   Thumb Code   118  stm32f10x_flash.o(.text)
    FLASH_UserOptionByteConfig               0x080197d1   Thumb Code    92  stm32f10x_flash.o(.text)
    FLASH_GetUserOptionByte                  0x0801982d   Thumb Code     8  stm32f10x_flash.o(.text)
    FLASH_GetWriteProtectionOptionByte       0x08019835   Thumb Code     6  stm32f10x_flash.o(.text)
    FLASH_GetPrefetchBufferStatus            0x0801983b   Thumb Code    14  stm32f10x_flash.o(.text)
    FLASH_ITConfig                           0x08019849   Thumb Code    18  stm32f10x_flash.o(.text)
    FLASH_GetFlagStatus                      0x0801985b   Thumb Code    28  stm32f10x_flash.o(.text)
    FLASH_ClearFlag                          0x08019877   Thumb Code     6  stm32f10x_flash.o(.text)
    FLASH_GetStatus                          0x0801987d   Thumb Code    34  stm32f10x_flash.o(.text)
    GPIO_DeInit                              0x080198a5   Thumb Code   152  stm32f10x_gpio.o(.text)
    GPIO_AFIODeInit                          0x0801993d   Thumb Code    22  stm32f10x_gpio.o(.text)
    GPIO_Init                                0x08019953   Thumb Code   164  stm32f10x_gpio.o(.text)
    GPIO_StructInit                          0x080199f7   Thumb Code    16  stm32f10x_gpio.o(.text)
    GPIO_ReadInputDataBit                    0x08019a07   Thumb Code    14  stm32f10x_gpio.o(.text)
    GPIO_ReadInputData                       0x08019a15   Thumb Code     6  stm32f10x_gpio.o(.text)
    GPIO_ReadOutputDataBit                   0x08019a1b   Thumb Code    14  stm32f10x_gpio.o(.text)
    GPIO_ReadOutputData                      0x08019a29   Thumb Code     6  stm32f10x_gpio.o(.text)
    GPIO_SetBits                             0x08019a2f   Thumb Code     4  stm32f10x_gpio.o(.text)
    GPIO_ResetBits                           0x08019a33   Thumb Code     4  stm32f10x_gpio.o(.text)
    GPIO_WriteBit                            0x08019a37   Thumb Code    10  stm32f10x_gpio.o(.text)
    GPIO_Write                               0x08019a41   Thumb Code     4  stm32f10x_gpio.o(.text)
    GPIO_PinLockConfig                       0x08019a45   Thumb Code    16  stm32f10x_gpio.o(.text)
    GPIO_EventOutputConfig                   0x08019a55   Thumb Code    22  stm32f10x_gpio.o(.text)
    GPIO_EventOutputCmd                      0x08019a6b   Thumb Code     6  stm32f10x_gpio.o(.text)
    GPIO_PinRemapConfig                      0x08019a71   Thumb Code    82  stm32f10x_gpio.o(.text)
    GPIO_EXTILineConfig                      0x08019ac3   Thumb Code    34  stm32f10x_gpio.o(.text)
    GPIO_ETH_MediaInterfaceConfig            0x08019ae5   Thumb Code     8  stm32f10x_gpio.o(.text)
    PWR_DeInit                               0x08019b11   Thumb Code    24  stm32f10x_pwr.o(.text)
    PWR_BackupAccessCmd                      0x08019b29   Thumb Code     6  stm32f10x_pwr.o(.text)
    PWR_PVDCmd                               0x08019b2f   Thumb Code     6  stm32f10x_pwr.o(.text)
    PWR_PVDLevelConfig                       0x08019b35   Thumb Code    14  stm32f10x_pwr.o(.text)
    PWR_WakeUpPinCmd                         0x08019b43   Thumb Code     8  stm32f10x_pwr.o(.text)
    PWR_EnterSLEEPMode                       0x08019b4b   Thumb Code    40  stm32f10x_pwr.o(.text)
    PWR_EnterSTOPMode                        0x08019b73   Thumb Code    42  stm32f10x_pwr.o(.text)
    PWR_EnterSTANDBYMode                     0x08019b9d   Thumb Code    32  stm32f10x_pwr.o(.text)
    PWR_GetFlagStatus                        0x08019bbd   Thumb Code    16  stm32f10x_pwr.o(.text)
    PWR_ClearFlag                            0x08019bcd   Thumb Code    12  stm32f10x_pwr.o(.text)
    RCC_DeInit                               0x08019be5   Thumb Code    50  stm32f10x_rcc.o(.text)
    RCC_HSEConfig                            0x08019c17   Thumb Code    48  stm32f10x_rcc.o(.text)
    RCC_GetFlagStatus                        0x08019c47   Thumb Code    42  stm32f10x_rcc.o(.text)
    RCC_WaitForHSEStartUp                    0x08019c71   Thumb Code    44  stm32f10x_rcc.o(.text)
    RCC_AdjustHSICalibrationValue            0x08019c9d   Thumb Code    16  stm32f10x_rcc.o(.text)
    RCC_HSICmd                               0x08019cad   Thumb Code     6  stm32f10x_rcc.o(.text)
    RCC_PLLConfig                            0x08019cb3   Thumb Code    16  stm32f10x_rcc.o(.text)
    RCC_PLLCmd                               0x08019cc3   Thumb Code     6  stm32f10x_rcc.o(.text)
    RCC_SYSCLKConfig                         0x08019cc9   Thumb Code    14  stm32f10x_rcc.o(.text)
    RCC_GetSYSCLKSource                      0x08019cd7   Thumb Code    10  stm32f10x_rcc.o(.text)
    RCC_HCLKConfig                           0x08019ce1   Thumb Code    14  stm32f10x_rcc.o(.text)
    RCC_PCLK1Config                          0x08019cef   Thumb Code    14  stm32f10x_rcc.o(.text)
    RCC_PCLK2Config                          0x08019cfd   Thumb Code    16  stm32f10x_rcc.o(.text)
    RCC_ITConfig                             0x08019d0d   Thumb Code    18  stm32f10x_rcc.o(.text)
    RCC_USBCLKConfig                         0x08019d1f   Thumb Code     8  stm32f10x_rcc.o(.text)
    RCC_ADCCLKConfig                         0x08019d27   Thumb Code    14  stm32f10x_rcc.o(.text)
    RCC_LSEConfig                            0x08019d35   Thumb Code    28  stm32f10x_rcc.o(.text)
    RCC_LSICmd                               0x08019d51   Thumb Code     6  stm32f10x_rcc.o(.text)
    RCC_RTCCLKConfig                         0x08019d57   Thumb Code    10  stm32f10x_rcc.o(.text)
    RCC_RTCCLKCmd                            0x08019d61   Thumb Code     8  stm32f10x_rcc.o(.text)
    RCC_GetClocksFreq                        0x08019d69   Thumb Code   128  stm32f10x_rcc.o(.text)
    RCC_AHBPeriphClockCmd                    0x08019de9   Thumb Code    18  stm32f10x_rcc.o(.text)
    RCC_APB2PeriphClockCmd                   0x08019dfb   Thumb Code    18  stm32f10x_rcc.o(.text)
    RCC_APB1PeriphClockCmd                   0x08019e0d   Thumb Code    18  stm32f10x_rcc.o(.text)
    RCC_APB2PeriphResetCmd                   0x08019e1f   Thumb Code    18  stm32f10x_rcc.o(.text)
    RCC_APB1PeriphResetCmd                   0x08019e31   Thumb Code    18  stm32f10x_rcc.o(.text)
    RCC_BackupResetCmd                       0x08019e43   Thumb Code     8  stm32f10x_rcc.o(.text)
    RCC_ClockSecuritySystemCmd               0x08019e4b   Thumb Code     6  stm32f10x_rcc.o(.text)
    RCC_MCOConfig                            0x08019e51   Thumb Code     6  stm32f10x_rcc.o(.text)
    RCC_ClearFlag                            0x08019e57   Thumb Code    12  stm32f10x_rcc.o(.text)
    RCC_GetITStatus                          0x08019e63   Thumb Code    16  stm32f10x_rcc.o(.text)
    RCC_ClearITPendingBit                    0x08019e73   Thumb Code     6  stm32f10x_rcc.o(.text)
    SPI_I2S_DeInit                           0x08019e99   Thumb Code    72  stm32f10x_spi.o(.text)
    SPI_Init                                 0x08019ee1   Thumb Code    56  stm32f10x_spi.o(.text)
    I2S_Init                                 0x08019f19   Thumb Code   152  stm32f10x_spi.o(.text)
    SPI_StructInit                           0x08019fb1   Thumb Code    24  stm32f10x_spi.o(.text)
    I2S_StructInit                           0x08019fc9   Thumb Code    18  stm32f10x_spi.o(.text)
    SPI_Cmd                                  0x08019fdb   Thumb Code    20  stm32f10x_spi.o(.text)
    I2S_Cmd                                  0x08019fef   Thumb Code    20  stm32f10x_spi.o(.text)
    SPI_I2S_ITConfig                         0x0801a003   Thumb Code    24  stm32f10x_spi.o(.text)
    SPI_I2S_DMACmd                           0x0801a01b   Thumb Code    16  stm32f10x_spi.o(.text)
    SPI_I2S_SendData                         0x0801a02b   Thumb Code     4  stm32f10x_spi.o(.text)
    SPI_I2S_ReceiveData                      0x0801a02f   Thumb Code     4  stm32f10x_spi.o(.text)
    SPI_NSSInternalSoftwareConfig            0x0801a033   Thumb Code    24  stm32f10x_spi.o(.text)
    SPI_SSOutputCmd                          0x0801a04b   Thumb Code    20  stm32f10x_spi.o(.text)
    SPI_DataSizeConfig                       0x0801a05f   Thumb Code    16  stm32f10x_spi.o(.text)
    SPI_TransmitCRC                          0x0801a06f   Thumb Code    10  stm32f10x_spi.o(.text)
    SPI_CalculateCRC                         0x0801a079   Thumb Code    20  stm32f10x_spi.o(.text)
    SPI_GetCRC                               0x0801a08d   Thumb Code    12  stm32f10x_spi.o(.text)
    SPI_GetCRCPolynomial                     0x0801a099   Thumb Code     4  stm32f10x_spi.o(.text)
    SPI_BiDirectionalLineConfig              0x0801a09d   Thumb Code    22  stm32f10x_spi.o(.text)
    SPI_I2S_GetFlagStatus                    0x0801a0b3   Thumb Code    14  stm32f10x_spi.o(.text)
    SPI_I2S_ClearFlag                        0x0801a0c1   Thumb Code     6  stm32f10x_spi.o(.text)
    SPI_I2S_GetITStatus                      0x0801a0c7   Thumb Code    42  stm32f10x_spi.o(.text)
    SPI_I2S_ClearITPendingBit                0x0801a0f1   Thumb Code    14  stm32f10x_spi.o(.text)
    USART_DeInit                             0x0801a10d   Thumb Code    96  stm32f10x_usart.o(.text)
    USART_Init                               0x0801a16d   Thumb Code   166  stm32f10x_usart.o(.text)
    USART_StructInit                         0x0801a213   Thumb Code    22  stm32f10x_usart.o(.text)
    USART_ClockInit                          0x0801a229   Thumb Code    30  stm32f10x_usart.o(.text)
    USART_ClockStructInit                    0x0801a247   Thumb Code    12  stm32f10x_usart.o(.text)
    USART_Cmd                                0x0801a253   Thumb Code    20  stm32f10x_usart.o(.text)
    USART_ITConfig                           0x0801a267   Thumb Code    48  stm32f10x_usart.o(.text)
    USART_DMACmd                             0x0801a297   Thumb Code    16  stm32f10x_usart.o(.text)
    USART_SetAddress                         0x0801a2a7   Thumb Code    16  stm32f10x_usart.o(.text)
    USART_WakeUpConfig                       0x0801a2b7   Thumb Code    16  stm32f10x_usart.o(.text)
    USART_ReceiverWakeUpCmd                  0x0801a2c7   Thumb Code    20  stm32f10x_usart.o(.text)
    USART_LINBreakDetectLengthConfig         0x0801a2db   Thumb Code    16  stm32f10x_usart.o(.text)
    USART_LINCmd                             0x0801a2eb   Thumb Code    20  stm32f10x_usart.o(.text)
    USART_SendData                           0x0801a2ff   Thumb Code     8  stm32f10x_usart.o(.text)
    USART_ReceiveData                        0x0801a307   Thumb Code     8  stm32f10x_usart.o(.text)
    USART_SendBreak                          0x0801a30f   Thumb Code    10  stm32f10x_usart.o(.text)
    USART_SetGuardTime                       0x0801a319   Thumb Code    16  stm32f10x_usart.o(.text)
    USART_SetPrescaler                       0x0801a329   Thumb Code    16  stm32f10x_usart.o(.text)
    USART_SmartCardCmd                       0x0801a339   Thumb Code    20  stm32f10x_usart.o(.text)
    USART_SmartCardNACKCmd                   0x0801a34d   Thumb Code    20  stm32f10x_usart.o(.text)
    USART_HalfDuplexCmd                      0x0801a361   Thumb Code    20  stm32f10x_usart.o(.text)
    USART_OverSampling8Cmd                   0x0801a375   Thumb Code    20  stm32f10x_usart.o(.text)
    USART_OneBitMethodCmd                    0x0801a389   Thumb Code    20  stm32f10x_usart.o(.text)
    USART_IrDAConfig                         0x0801a39d   Thumb Code    16  stm32f10x_usart.o(.text)
    USART_IrDACmd                            0x0801a3ad   Thumb Code    20  stm32f10x_usart.o(.text)
    USART_GetFlagStatus                      0x0801a3c1   Thumb Code    14  stm32f10x_usart.o(.text)
    USART_ClearFlag                          0x0801a3cf   Thumb Code     6  stm32f10x_usart.o(.text)
    USART_GetITStatus                        0x0801a3d5   Thumb Code    62  stm32f10x_usart.o(.text)
    USART_ClearITPendingBit                  0x0801a413   Thumb Code    12  stm32f10x_usart.o(.text)
    KeyExpansion                             0x0801a435   Thumb Code   204  encrypto.o(.text)
    FFmul                                    0x0801a501   Thumb Code    64  encrypto.o(.text)
    SubBytes                                 0x0801a541   Thumb Code    32  encrypto.o(.text)
    ShiftRows                                0x0801a561   Thumb Code    56  encrypto.o(.text)
    MixColumns                               0x0801a599   Thumb Code   130  encrypto.o(.text)
    AddRoundKey                              0x0801a61b   Thumb Code    36  encrypto.o(.text)
    InvSubBytes                              0x0801a63f   Thumb Code    32  encrypto.o(.text)
    InvShiftRows                             0x0801a65f   Thumb Code    58  encrypto.o(.text)
    InvMixColumns                            0x0801a699   Thumb Code   130  encrypto.o(.text)
    Aes_Encrypt                              0x0801a71b   Thumb Code   128  encrypto.o(.text)
    Aes_Decrypt                              0x0801a79b   Thumb Code   112  encrypto.o(.text)
    Boot_Encrypt                             0x0801a80b   Thumb Code    60  encrypto.o(.text)
    Boot_Decrypt                             0x0801a847   Thumb Code    34  encrypto.o(.text)
    __aeabi_memcpy                           0x0801a86d   Thumb Code    36  memcpya.o(.text)
    __aeabi_memcpy4                          0x0801a86d   Thumb Code     0  memcpya.o(.text)
    __aeabi_memcpy8                          0x0801a86d   Thumb Code     0  memcpya.o(.text)
    __aeabi_memset                           0x0801a891   Thumb Code    14  memseta.o(.text)
    __aeabi_memset4                          0x0801a891   Thumb Code     0  memseta.o(.text)
    __aeabi_memset8                          0x0801a891   Thumb Code     0  memseta.o(.text)
    __aeabi_memclr                           0x0801a89f   Thumb Code     4  memseta.o(.text)
    __aeabi_memclr4                          0x0801a89f   Thumb Code     0  memseta.o(.text)
    __aeabi_memclr8                          0x0801a89f   Thumb Code     0  memseta.o(.text)
    _memset$wrapper                          0x0801a8a3   Thumb Code    18  memseta.o(.text)
    memcmp                                   0x0801a8b5   Thumb Code    26  memcmp.o(.text)
    __aeabi_fadd                             0x0801a8cf   Thumb Code   164  fadd.o(.text)
    __aeabi_fsub                             0x0801a973   Thumb Code     6  fadd.o(.text)
    __aeabi_frsub                            0x0801a979   Thumb Code     6  fadd.o(.text)
    __aeabi_fmul                             0x0801a97f   Thumb Code   100  fmul.o(.text)
    __aeabi_fdiv                             0x0801a9e3   Thumb Code   124  fdiv.o(.text)
    __ARM_scalbnf                            0x0801aa5f   Thumb Code    24  fscalb.o(.text)
    scalbnf                                  0x0801aa5f   Thumb Code     0  fscalb.o(.text)
    __aeabi_dadd                             0x0801aa77   Thumb Code   322  dadd.o(.text)
    __aeabi_dsub                             0x0801abb9   Thumb Code     6  dadd.o(.text)
    __aeabi_drsub                            0x0801abbf   Thumb Code     6  dadd.o(.text)
    __aeabi_i2f                              0x0801abc5   Thumb Code    18  fflti.o(.text)
    __aeabi_ui2f                             0x0801abd7   Thumb Code    10  ffltui.o(.text)
    __aeabi_f2uiz                            0x0801abe1   Thumb Code    40  ffixui.o(.text)
    __aeabi_f2d                              0x0801ac09   Thumb Code    38  f2d.o(.text)
    __aeabi_cdcmpeq                          0x0801ac31   Thumb Code     0  cdcmple.o(.text)
    __aeabi_cdcmple                          0x0801ac31   Thumb Code    48  cdcmple.o(.text)
    __aeabi_cdrcmple                         0x0801ac61   Thumb Code    48  cdrcmple.o(.text)
    __aeabi_cfcmpeq                          0x0801ac91   Thumb Code     0  cfcmple.o(.text)
    __aeabi_cfcmple                          0x0801ac91   Thumb Code    20  cfcmple.o(.text)
    __aeabi_llsl                             0x0801aca5   Thumb Code    30  llshl.o(.text)
    _ll_shift_l                              0x0801aca5   Thumb Code     0  llshl.o(.text)
    __aeabi_lasr                             0x0801acc3   Thumb Code    36  llsshr.o(.text)
    _ll_sshift_r                             0x0801acc3   Thumb Code     0  llsshr.o(.text)
    __I$use$fp                               0x0801ace7   Thumb Code     0  iusefp.o(.text)
    _float_round                             0x0801ace7   Thumb Code    18  fepilogue.o(.text)
    _float_epilogue                          0x0801acf9   Thumb Code    92  fepilogue.o(.text)
    _double_round                            0x0801ad55   Thumb Code    30  depilogue.o(.text)
    _double_epilogue                         0x0801ad73   Thumb Code   156  depilogue.o(.text)
    __scatterload                            0x0801ae11   Thumb Code    28  init.o(.text)
    __scatterload_rt2                        0x0801ae11   Thumb Code     0  init.o(.text)
    __aeabi_llsr                             0x0801ae35   Thumb Code    32  llushr.o(.text)
    _ll_ushift_r                             0x0801ae35   Thumb Code     0  llushr.o(.text)
    __decompress                             0x0801ae55   Thumb Code     0  __dczerorl2.o(.text)
    __decompress1                            0x0801ae55   Thumb Code    86  __dczerorl2.o(.text)
    __scatterload_copy                       0x0801aeab   Thumb Code    14  handlers.o(i.__scatterload_copy)
    __scatterload_null                       0x0801aeb9   Thumb Code     2  handlers.o(i.__scatterload_null)
    __scatterload_zeroinit                   0x0801aebb   Thumb Code    14  handlers.o(i.__scatterload_zeroinit)
    g_expTime                                0x0801aec8   Data          62  flash.o(.constdata)
    g_hpExpCode                              0x0801af06   Data          44  flash.o(.constdata)
    g_extExpCode                             0x0801af32   Data          56  flash.o(.constdata)
    g_flaExpCode                             0x0801af6a   Data          62  flash.o(.constdata)
    g_colorTemperature                       0x0801afa8   Data          88  flash.o(.constdata)
    sm_Cfn                                   0x0801b000   Data         504  menu.o(.constdata)
    sm_Pfn                                   0x0801b1f8   Data         196  menu.o(.constdata)
    MotoDrv_Forward                          0x0801b2bc   Data           4  moto.o(.constdata)
    MotoDrv_Backward                         0x0801b2c0   Data           4  moto.o(.constdata)
    focLenVal                                0x0801b2c4   Data          11  moto.o(.constdata)
    focLenCoordinate                         0x0801b2d0   Data          22  moto.o(.constdata)
    focLenScape                              0x0801b2e6   Data          10  moto.o(.constdata)
    focLenCode                               0x0801b2f0   Data          10  moto.o(.constdata)
    wl_opArr                                 0x0801b2fc   Data          22  spi.o(.constdata)
    cfnCntMask                               0x0801b312   Data          24  spi.o(.constdata)
    compensation_table                       0x0801b32a   Data          37  spi.o(.constdata)
    compensation_table_5                     0x0801b34f   Data          25  spi.o(.constdata)
    shutterTable                             0x0801b368   Data         336  spi.o(.constdata)
    wlm_abRation_fillwords                   0x0801b4b8   Data          26  spi.o(.constdata)
    CannonApertVal                           0x0801b4d4   Data         152  spi.o(.constdata)
    output_table                             0x0801b56c   Data          22  spi.o(.constdata)
    feb_table                                0x0801b582   Data          10  spi.o(.constdata)
    feb_table_5                              0x0801b58c   Data           7  spi.o(.constdata)
    rfBitmap                                 0x0801b593   Data          38  font.o(.constdata)
    liteBitmap                               0x0801b5b9   Data          38  font.o(.constdata)
    f_menuCmp                                0x0801b5df   Data          20  font.o(.constdata)
    f_menuBack                               0x0801b5f3   Data          22  font.o(.constdata)
    canFontMenu                              0x0801b609   Data         592  font.o(.constdata)
    canFontCmpFeb                            0x0801b859   Data         272  font.o(.constdata)
    font_amoto                               0x0801b969   Data          26  font.o(.constdata)
    font_mmoto                               0x0801b983   Data          26  font.o(.constdata)
    font_zoom                                0x0801b99d   Data          44  font.o(.constdata)
    font_mm                                  0x0801b9c9   Data          12  font.o(.constdata)
    sensor_head                              0x0801b9d5   Data          34  font.o(.constdata)
    sensor_head_1                            0x0801b9f7   Data          34  font.o(.constdata)
    sensor_flaOn                             0x0801ba19   Data          45  font.o(.constdata)
    sensor_flaOn_1                           0x0801ba46   Data          45  font.o(.constdata)
    sensor_up                                0x0801ba73   Data           7  font.o(.constdata)
    hot_warn                                 0x0801ba7a   Data           5  font.o(.constdata)
    sensor_down                              0x0801ba7f   Data           7  font.o(.constdata)
    sensor_mst                               0x0801ba86   Data          10  font.o(.constdata)
    sensor_sla                               0x0801ba90   Data          10  font.o(.constdata)
    canFontPara                              0x0801ba9a   Data         496  font.o(.constdata)
    titleFont                                0x0801bc8a   Data         676  font.o(.constdata)
    picScan_1                                0x0801bf2e   Data          72  font.o(.constdata)
    picScan_2                                0x0801bf76   Data          72  font.o(.constdata)
    picScan_3                                0x0801bfbe   Data          72  font.o(.constdata)
    chAuto                                   0x0801c006   Data          58  font.o(.constdata)
    rationBitmap                             0x0801c040   Data          26  font.o(.constdata)
    offBitmap                                0x0801c05a   Data          16  font.o(.constdata)
    abBitMap                                 0x0801c06a   Data          14  font.o(.constdata)
    a_bcBitMap                               0x0801c078   Data          22  font.o(.constdata)
    a_b_cBitMap                              0x0801c08e   Data          22  font.o(.constdata)
    mstBitMap                                0x0801c0a4   Data          42  font.o(.constdata)
    slvBitMap                                0x0801c0ce   Data          42  font.o(.constdata)
    pfnBitMap                                0x0801c0f8   Data          21  font.o(.constdata)
    cfnBitMap                                0x0801c10d   Data          21  font.o(.constdata)
    ettl_EBitmap                             0x0801c122   Data          18  font.o(.constdata)
    ettl_TBitmap                             0x0801c134   Data          22  font.o(.constdata)
    ettl_LBitmap                             0x0801c14a   Data          18  font.o(.constdata)
    multi_ltBitmap                           0x0801c15c   Data          36  font.o(.constdata)
    ext_xBitmap                              0x0801c180   Data          18  font.o(.constdata)
    ext_tBitmap                              0x0801c192   Data          14  font.o(.constdata)
    ext_dotBitmap                            0x0801c1a0   Data           3  font.o(.constdata)
    Id_Dbitmap                               0x0801c1a3   Data          38  font.o(.constdata)
    font_flaSw                               0x0801c1c9   Data          70  font.o(.constdata)
    ext_aBitmap                              0x0801c20f   Data          34  font.o(.constdata)
    LkDevMark                                0x0801c231   Data          18  font.o(.constdata)
    mBitmap                                  0x0801c243   Data          30  font.o(.constdata)
    iBitmap                                  0x0801c261   Data           6  font.o(.constdata)
    uBitmap                                  0x0801c267   Data          22  font.o(.constdata)
    gBitmap                                  0x0801c27d   Data          24  font.o(.constdata)
    rBitmap                                  0x0801c295   Data          18  font.o(.constdata)
    synRear                                  0x0801c2a7   Data          28  font.o(.constdata)
    synFp                                    0x0801c2c3   Data          28  font.o(.constdata)
    font_cmp                                 0x0801c2df   Data          40  font.o(.constdata)
    font_feb                                 0x0801c307   Data          26  font.o(.constdata)
    scaleFont                                0x0801c321   Data         120  font.o(.constdata)
    scaleNum                                 0x0801c399   Data         200  font.o(.constdata)
    font_cfn0                                0x0801c461   Data          98  font.o(.constdata)
    font_cfn1                                0x0801c4c3   Data          63  font.o(.constdata)
    font_cfn2                                0x0801c502   Data          69  font.o(.constdata)
    font_cfn3                                0x0801c547   Data          48  font.o(.constdata)
    font_cfn6                                0x0801c577   Data          69  font.o(.constdata)
    font_cfn8                                0x0801c5bc   Data          57  font.o(.constdata)
    font_cfn9                                0x0801c5f5   Data          57  font.o(.constdata)
    font_cfn10                               0x0801c62e   Data          66  font.o(.constdata)
    font_cfn11                               0x0801c670   Data         183  font.o(.constdata)
    font_cfn12                               0x0801c727   Data          84  font.o(.constdata)
    font_cfn20                               0x0801c77b   Data          36  font.o(.constdata)
    font_cfn21                               0x0801c79f   Data         327  font.o(.constdata)
    font_cfn22                               0x0801c8e6   Data          57  font.o(.constdata)
    font_cfn23                               0x0801c91f   Data          81  font.o(.constdata)
    pfnFont                                  0x0801c970   Data         660  font.o(.constdata)
    f_cfn                                    0x0801cc04   Data          21  font.o(.constdata)
    f_pfn                                    0x0801cc19   Data          21  font.o(.constdata)
    pfnSubFont                               0x0801cc2e   Data        1920  font.o(.constdata)
    font_pfn1                                0x0801d3ae   Data          48  font.o(.constdata)
    font_pfn2                                0x0801d3de   Data         117  font.o(.constdata)
    font_pfn3                                0x0801d453   Data         117  font.o(.constdata)
    font_pfn4                                0x0801d4c8   Data         117  font.o(.constdata)
    font_pfn5                                0x0801d53d   Data          60  font.o(.constdata)
    font_pfn6                                0x0801d579   Data          63  font.o(.constdata)
    font_ctrSet                              0x0801d5b8   Data          16  font.o(.constdata)
    cfnNum1                                  0x0801d5c8   Data          60  font.o(.constdata)
    font_sLinkShot                           0x0801d604   Data          68  font.o(.constdata)
    font_sAuto                               0x0801d648   Data          25  font.o(.constdata)
    fontIso                                  0x0801d661   Data         144  font.o(.constdata)
    fontIsoIcon                              0x0801d6f1   Data          40  font.o(.constdata)
    fontChSan                                0x0801d719   Data         128  font.o(.constdata)
    fontGood                                 0x0801d799   Data          56  font.o(.constdata)
    picArrow                                 0x0801d7d1   Data           9  font.o(.constdata)
    scanRstScale                             0x0801d7da   Data          50  font.o(.constdata)
    font_locked                              0x0801d80c   Data          84  font.o(.constdata)
    font_clear                               0x0801d860   Data          94  font.o(.constdata)
    font_rgbWarn                             0x0801d8be   Data          84  font.o(.constdata)
    font_motoWarn                            0x0801d912   Data          32  font.o(.constdata)
    font_motoWp                              0x0801d932   Data          44  font.o(.constdata)
    font_motoBlank                           0x0801d95e   Data          22  font.o(.constdata)
    font_speak                               0x0801d974   Data          18  font.o(.constdata)
    font_chdot                               0x0801d986   Data          11  font.o(.constdata)
    font_lowBat                              0x0801d991   Data         140  font.o(.constdata)
    font_window                              0x0801da1d   Data          28  font.o(.constdata)
    font_cfnClr1                             0x0801da39   Data          42  font.o(.constdata)
    font_pfnClr1                             0x0801da63   Data          42  font.o(.constdata)
    font_cfnClr2                             0x0801da8d   Data          42  font.o(.constdata)
    font_wenhao                              0x0801dab7   Data          10  font.o(.constdata)
    font_individualSlave                     0x0801dac1   Data          94  font.o(.constdata)
    m_dotSetLoc                              0x0801db20   Data           7  lcddriver.o(.constdata)
    multi_dotSetLoc                          0x0801db27   Data           7  lcddriver.o(.constdata)
    cmpArr                                   0x0801db2e   Data          76  lcddriver.o(.constdata)
    scaleArr                                 0x0801db7a   Data          24  lcddriver.o(.constdata)
    scaleArrEx                               0x0801db92   Data          24  lcddriver.o(.constdata)
    scopeNum                                 0x0801dbaa   Data          44  lcddriver.o(.constdata)
    scopeNumEx                               0x0801dbd6   Data          44  lcddriver.o(.constdata)
    outputString                             0x0801dc02   Data          62  lcddriver.o(.constdata)
    otpStrIndex                              0x0801dc40   Data          22  lcddriver.o(.constdata)
    cmpString                                0x0801dc56   Data          21  lcddriver.o(.constdata)
    cmpString_5                              0x0801dc6b   Data          21  lcddriver.o(.constdata)
    abRatio                                  0x0801dc80   Data          29  lcddriver.o(.constdata)
    isoValue                                 0x0801dca0   Data         136  lcddriver.o(.constdata)
    scaleStep                                0x0801dd28   Data          44  lcddriver.o(.constdata)
    cmpArr_5                                 0x0801dd54   Data          52  lcddriver.o(.constdata)
    cmpStringEx                              0x0801dd88   Data          21  lcddriver.o(.constdata)
    cmpStringEx_5                            0x0801dd9d   Data          15  lcddriver.o(.constdata)
    m_dotSetLocEx                            0x0801ddac   Data           7  lcddriver.o(.constdata)
    multi_dotSetLocEx                        0x0801ddb3   Data           7  lcddriver.o(.constdata)
    apertValue                               0x0801ddbc   Data         160  lcddriver.o(.constdata)
    OSMapTbl                                 0x0801de5c   Data           8  os_core.o(.constdata)
    OSUnMapTbl                               0x0801de64   Data         256  os_core.o(.constdata)
    Region$$Table$$Base                      0x0801e21c   Number         0  anon$$obj.o(Region$$Table)
    Region$$Table$$Limit                     0x0801e23c   Number         0  anon$$obj.o(Region$$Table)
    hpSetting                                0x20000000   Data           4  flash.o(.data)
    g_slaveTimer                             0x20000004   Data           4  flash.o(.data)
    g_colorTempRt                            0x20000008   Data           4  flash.o(.data)
    g_shadowKey                              0x2000000c   Data           1  keyadc.o(.data)
    g_rfChanSet                              0x20000010   Data           1  keyproc.o(.data)
    g_SettingIndex                           0x20000011   Data           1  keyproc.o(.data)
    g_ArrSel                                 0x20000012   Data           1  keyproc.o(.data)
    g_idSetIndex                             0x20000013   Data           1  keyproc.o(.data)
    g_chargeOk                               0x20000014   Data           1  keyproc.o(.data)
    g_menuId                                 0x20000015   Data           1  keyproc.o(.data)
    g_keyDir                                 0x20000016   Data           1  keyproc.o(.data)
    g_isIndividualSlave                      0x20000017   Data           1  keyproc.o(.data)
    g_chargeflag                             0x20000022   Data           1  keyproc.o(.data)
    g_rfIdSet                                0x20000024   Data           4  keyproc.o(.data)
    gWSleepCounter                           0x20000028   Data           4  keyproc.o(.data)
    pTime                                    0x2000002c   Data           4  keyproc.o(.data)
    pMenuList                                0x20000030   Data           4  keyproc.o(.data)
    canMaxCalc                               0x2000003c   Data          84  keyproc.o(.data)
    g_RgbCheckTurn                           0x20000090   Data           1  keyproc.o(.data)
    g_bzDuration                             0x20000094   Data           4  keyproc.o(.data)
    g_bzCount                                0x20000098   Data           1  keyproc.o(.data)
    uart_tran_flag                           0x20000099   Data           1  keyproc.o(.data)
    g_menuIdRsv                              0x2000009a   Data           1  keyproc.o(.data)
    bkParas                                  0x2000009b   Data           3  keyproc.o(.data)
    g_expTTLPara1                            0x200000a0   Data           1  main.o(.data)
    g_expTTLPara2                            0x200000a1   Data           1  main.o(.data)
    g_cmrLinked                              0x200000a2   Data           1  main.o(.data)
    g_cmrPressed                             0x200000a3   Data           1  main.o(.data)
    g_keyAdcEnable                           0x200000a4   Data           1  main.o(.data)
    g_motoInvalidCounter                     0x200000a5   Data           1  main.o(.data)
    g_isRfModuleLinked                       0x200000a6   Data           1  main.o(.data)
    g_stepLength                             0x200000a7   Data           1  main.o(.data)
    g_isHotProtect                           0x200000a8   Data           1  main.o(.data)
    g_isRgbFilter                            0x200000a9   Data           1  main.o(.data)
    g_upDnSensor                             0x200000aa   Data           1  main.o(.data)
    g_rgbStyle                               0x200000ab   Data           1  main.o(.data)
    g_isFullFrame                            0x200000ac   Data           1  main.o(.data)
    g_comStatue                              0x200000ad   Data           1  main.o(.data)
    radioSet                                 0x200000bc   Data           4  main.o(.data)
    g_decKey                                 0x200000c0   Data           4  main.o(.data)
    g_expAccHotWarnValue                     0x200000c4   Data           4  main.o(.data)
    mstPara                                  0x200000d0   Data           4  main.o(.data)
    g_bkTmr                                  0x200000d4   Data           4  main.o(.data)
    g_bzTmr                                  0x200000d8   Data           4  main.o(.data)
    g_flashTmr                               0x200000dc   Data           4  main.o(.data)
    g_shutterPullTmr                         0x200000e0   Data           4  main.o(.data)
    g_1ShotTmr                               0x200000e4   Data           4  main.o(.data)
    g_slaChanDivTmr                          0x200000e8   Data           4  main.o(.data)
    g_cupIdKey                               0x200000ec   Data          16  main.o(.data)
    g_cupIdRst                               0x200000fc   Data          16  main.o(.data)
    g_grDspStart                             0x2000010c   Data           1  main.o(.data)
    g_grSel                                  0x2000010d   Data           1  main.o(.data)
    g_isReflectPulled                        0x2000010e   Data           1  main.o(.data)
    g_cfnIndex                               0x2000010f   Data           1  menu.o(.data)
    g_cfnStart                               0x20000110   Data           1  menu.o(.data)
    g_pfnIndex                               0x20000111   Data           1  menu.o(.data)
    g_pfnStart                               0x20000112   Data           1  menu.o(.data)
    subCfn0                                  0x20000114   Data          24  menu.o(.data)
    subCfn1                                  0x2000012c   Data          24  menu.o(.data)
    subCfn2                                  0x20000144   Data          24  menu.o(.data)
    subCfn4                                  0x2000015c   Data          24  menu.o(.data)
    subCfn5                                  0x20000174   Data          24  menu.o(.data)
    subCfn6                                  0x2000018c   Data          24  menu.o(.data)
    subCfn7                                  0x200001a4   Data          24  menu.o(.data)
    subCfn10                                 0x200001bc   Data          24  menu.o(.data)
    subCfn11                                 0x200001d4   Data          24  menu.o(.data)
    subCfn12                                 0x200001ec   Data          24  menu.o(.data)
    subCfn13                                 0x20000204   Data          24  menu.o(.data)
    subCfn21                                 0x2000021c   Data          24  menu.o(.data)
    subCfn22                                 0x20000234   Data          24  menu.o(.data)
    subCfn23                                 0x2000024c   Data          24  menu.o(.data)
    subPfn0                                  0x20000264   Data          24  menu.o(.data)
    subPfn1                                  0x2000027c   Data          24  menu.o(.data)
    subPfn4                                  0x20000294   Data          24  menu.o(.data)
    subPfn5                                  0x200002ac   Data          24  menu.o(.data)
    subPfn6                                  0x200002c4   Data          24  menu.o(.data)
    subPfn7                                  0x200002dc   Data          24  menu.o(.data)
    pSnrSet                                  0x200002f4   Data           4  menu.o(.data)
    pfnSet                                   0x200002f8   Data           4  menu.o(.data)
    g_moto_error                             0x200002fc   Data           1  moto.o(.data)
    g_chargeShadow                           0x200002ff   Data           1  moto.o(.data)
    gBUartTotalByte                          0x2000030a   Data           1  usart.o(.data)
    gBUartLen                                0x2000030b   Data           1  usart.o(.data)
    g_rfSlaveFlashCode                       0x2000030c   Data           1  usart.o(.data)
    g_expTTLPara3                            0x2000030d   Data           1  usart.o(.data)
    g_rfSlavePreOn                           0x2000030e   Data           1  usart.o(.data)
    g_isRfSlaveLinked                        0x2000030f   Data           1  usart.o(.data)
    g_slaveReady                             0x20000310   Data           1  usart.o(.data)
    g_spiRcvIndex                            0x20000314   Data           1  spi.o(.data)
    g_spiSendIndex                           0x20000315   Data           1  spi.o(.data)
    g_spiRcvTotal                            0x20000316   Data           1  spi.o(.data)
    g_tmHandleFlag                           0x20000317   Data           1  spi.o(.data)
    g_vCmr                                   0x20000318   Data           1  spi.o(.data)
    g_AfIndex                                0x20000319   Data           1  spi.o(.data)
    g_comStart                               0x2000031a   Data           1  spi.o(.data)
    g_mstPrefla                              0x2000031b   Data           1  spi.o(.data)
    g_isModeling                             0x2000031c   Data           1  spi.o(.data)
    g_getTtlFlashCode                        0x2000031d   Data           1  spi.o(.data)
    ttl_expCodeRsv                           0x2000031e   Data           1  spi.o(.data)
    g_shutterFlag                            0x2000031f   Data           1  spi.o(.data)
    g_menuLock                               0x20000320   Data           1  spi.o(.data)
    g_menuModRsv                             0x20000321   Data           1  spi.o(.data)
    g_motoModRsv                             0x20000322   Data           1  spi.o(.data)
    g_motoDestRsv                            0x20000323   Data           1  spi.o(.data)
    g_cmdModRsv                              0x20000324   Data           1  spi.o(.data)
    g_sckFlash                               0x20000325   Data           1  spi.o(.data)
    abRation_fill1                           0x20000326   Data           1  spi.o(.data)
    abRation_fill2                           0x20000327   Data           1  spi.o(.data)
    g_hpLev                                  0x2000032a   Data           1  spi.o(.data)
    g_cmrCode                                0x2000032b   Data           1  spi.o(.data)
    g_cmrA9Id                                0x2000032c   Data           1  spi.o(.data)
    g_dspUpdateFlag                          0x2000032e   Data           2  spi.o(.data)
    g_cmdMode                                0x20000330   Data           4  spi.o(.data)
    Parameter_Array                          0x20000334   Data          13  spi.o(.data)
    g_chSan                                  0x20000344   Data           1  lcddriver.o(.data)
    g_isChScan                               0x20000345   Data           1  lcddriver.o(.data)
    g_paraSetBufIndex                        0x20000346   Data           1  lcddriver.o(.data)
    mNull                                    0x20000348   Data          20  lcddriver.o(.data)
    cfn                                      0x2000035c   Data          20  lcddriver.o(.data)
    cfnNul                                   0x20000370   Data          20  lcddriver.o(.data)
    mstFlaSw                                 0x20000384   Data          20  lcddriver.o(.data)
    addSub                                   0x20000398   Data          20  lcddriver.o(.data)
    ttlFeb                                   0x200003ac   Data          20  lcddriver.o(.data)
    menu1                                    0x200003c0   Data          20  lcddriver.o(.data)
    menu2                                    0x200003d4   Data          20  lcddriver.o(.data)
    menu3                                    0x200003e8   Data          20  lcddriver.o(.data)
    menu4                                    0x200003fc   Data          20  lcddriver.o(.data)
    mRatio                                   0x20000410   Data          20  lcddriver.o(.data)
    mGr                                      0x20000424   Data          20  lcddriver.o(.data)
    mCh                                      0x20000438   Data          20  lcddriver.o(.data)
    mId                                      0x2000044c   Data          20  lcddriver.o(.data)
    mScan                                    0x20000460   Data          20  lcddriver.o(.data)
    mSync                                    0x20000474   Data          20  lcddriver.o(.data)
    mMemory                                  0x20000488   Data          20  lcddriver.o(.data)
    mMulti                                   0x2000049c   Data          20  lcddriver.o(.data)
    mFrq                                     0x200004b0   Data          20  lcddriver.o(.data)
    mCancel                                  0x200004c4   Data          20  lcddriver.o(.data)
    mOK                                      0x200004d8   Data          20  lcddriver.o(.data)
    mRel                                     0x200004ec   Data          20  lcddriver.o(.data)
    cfnEx                                    0x20000500   Data          20  lcddriver.o(.data)
    mPfn                                     0x20000514   Data          20  lcddriver.o(.data)
    mClear                                   0x20000528   Data          20  lcddriver.o(.data)
    mGrIsOff                                 0x2000053c   Data          20  lcddriver.o(.data)
    mGrResMod                                0x20000550   Data          20  lcddriver.o(.data)
    mGrResPara                               0x20000564   Data          20  lcddriver.o(.data)
    mArrResPara                              0x20000578   Data          20  lcddriver.o(.data)
    mBack                                    0x2000058c   Data          20  lcddriver.o(.data)
    mModel                                   0x200005a0   Data          20  lcddriver.o(.data)
    mTest                                    0x200005b4   Data          20  lcddriver.o(.data)
    mIso                                     0x200005c8   Data          20  lcddriver.o(.data)
    mApert                                   0x200005dc   Data          20  lcddriver.o(.data)
    mSave                                    0x200005f0   Data          20  lcddriver.o(.data)
    mLoad                                    0x20000604   Data          20  lcddriver.o(.data)
    mFbAdj                                   0x20000618   Data          20  lcddriver.o(.data)
    mFbAddSub                                0x2000062c   Data          20  lcddriver.o(.data)
    mRgbChk1                                 0x20000640   Data          20  lcddriver.o(.data)
    mRgbChk2                                 0x20000654   Data          20  lcddriver.o(.data)
    mRgbChk3                                 0x20000668   Data          20  lcddriver.o(.data)
    mRgbChk4                                 0x2000067c   Data          20  lcddriver.o(.data)
    OSCPUUsage                               0x20000690   Data           1  os_core.o(.data)
    OSStatRdy                                0x20000691   Data           1  os_core.o(.data)
    OSIntNesting                             0x20000692   Data           1  os_core.o(.data)
    OSIntExitY                               0x20000693   Data           1  os_core.o(.data)
    OSLockNesting                            0x20000694   Data           1  os_core.o(.data)
    OSPrioCur                                0x20000695   Data           1  os_core.o(.data)
    OSPrioHighRdy                            0x20000696   Data           1  os_core.o(.data)
    OSRdyGrp                                 0x20000697   Data           1  os_core.o(.data)
    OSRunning                                0x20000698   Data           1  os_core.o(.data)
    OSTaskCtr                                0x20000699   Data           1  os_core.o(.data)
    OSRdyTbl                                 0x2000069a   Data           3  os_core.o(.data)
    OSCtxSwCtr                               0x200006a0   Data           4  os_core.o(.data)
    OSEventFreeList                          0x200006a4   Data           4  os_core.o(.data)
    OSIdleCtrMax                             0x200006a8   Data           4  os_core.o(.data)
    OSIdleCtrRun                             0x200006ac   Data           4  os_core.o(.data)
    OSIdleCtr                                0x200006b0   Data           4  os_core.o(.data)
    OSTCBCur                                 0x200006b4   Data           4  os_core.o(.data)
    OSTCBFreeList                            0x200006b8   Data           4  os_core.o(.data)
    OSTCBHighRdy                             0x200006bc   Data           4  os_core.o(.data)
    OSTCBList                                0x200006c0   Data           4  os_core.o(.data)
    OSTime                                   0x200006c4   Data           4  os_core.o(.data)
    OSFlagFreeList                           0x200006c8   Data           4  os_core.o(.data)
    OSMemFreeList                            0x200006cc   Data           4  os_core.o(.data)
    OSQFreeList                              0x200006d0   Data           4  os_core.o(.data)
    OSTmrFree                                0x200006d4   Data           2  os_core.o(.data)
    OSTmrUsed                                0x200006d6   Data           2  os_core.o(.data)
    OSTmrTime                                0x200006d8   Data           4  os_core.o(.data)
    OSTmrSem                                 0x200006dc   Data           4  os_core.o(.data)
    OSTmrSemSignal                           0x200006e0   Data           4  os_core.o(.data)
    OSTmrFreeList                            0x200006e4   Data           4  os_core.o(.data)
    OSInterrputSum                           0x200006e8   Data           4  os_cpu_c.o(.data)
    sBox                                     0x20000700   Data         256  encrypto.o(.data)
    invsBox                                  0x20000800   Data         256  encrypto.o(.data)
    canWireless                              0x20000900   Data          84  flash.o(.bss)
    flaPara                                  0x20000954   Data          56  keyproc.o(.bss)
    motoSet                                  0x2000098c   Data          36  keyproc.o(.bss)
    wlSet                                    0x200009b0   Data          64  keyproc.o(.bss)
    TASK_KEYPROC_STK                         0x200009f0   Data         512  main.o(.bss)
    TASK_START_STK                           0x20000bf0   Data         512  main.o(.bss)
    TASK_LED_STK                             0x20000df0   Data         256  main.o(.bss)
    TASK_CMDSEND_STK                         0x20000ef0   Data         512  main.o(.bss)
    TASK_VOLTAGE_STK                         0x200010f0   Data         256  main.o(.bss)
    TASK_MOTOTICK_STK                        0x200011f0   Data         256  main.o(.bss)
    mainPara                                 0x200012f0   Data         156  main.o(.bss)
    radioStatue                              0x2000138c   Data          32  main.o(.bss)
    wlSlave                                  0x200013ac   Data          20  main.o(.bss)
    g_keyVeriBuf                             0x200013c0   Data          16  main.o(.bss)
    g_keyCpuId                               0x200013d0   Data          16  main.o(.bss)
    gBUartBuf                                0x200013e0   Data         100  usart.o(.bss)
    rcvBuf                                   0x20001444   Data          64  usart.o(.bss)
    g_spiRcvData                             0x20001484   Data         100  spi.o(.bss)
    g_spiSendData                            0x200014e8   Data         100  spi.o(.bss)
    menuPara                                 0x2000154c   Data          23  spi.o(.bss)
    multiSet                                 0x20001564   Data          24  spi.o(.bss)
    STMFLASH_BUF                             0x2000157c   Data        2048  stmflash.o(.bss)
    funcMenu                                 0x20001d7c   Data          84  lcddriver.o(.bss)
    OSEventTbl                               0x20001dd0   Data          24  os_core.o(.bss)
    OSTaskStatStk                            0x20001de8   Data        2048  os_core.o(.bss)
    OSTaskIdleStk                            0x200025e8   Data        2048  os_core.o(.bss)
    OSTCBPrioTbl                             0x20002de8   Data          80  os_core.o(.bss)
    OSTCBTbl                                 0x20002e38   Data         468  os_core.o(.bss)
    OSFlagTbl                                0x2000300c   Data          60  os_core.o(.bss)
    OSMemTbl                                 0x20003048   Data         100  os_core.o(.bss)
    OSQTbl                                   0x200030ac   Data          48  os_core.o(.bss)
    OSTmrTbl                                 0x200030dc   Data         576  os_core.o(.bss)
    OSTmrTaskStk                             0x2000331c   Data         512  os_core.o(.bss)
    OSTmrWheelTbl                            0x2000351c   Data          64  os_core.o(.bss)
    w                                        0x2000355c   Data         176  encrypto.o(.bss)
    __initial_sp                             0x20003810   Data           0  stm32f10x.o(STACK)



==============================================================================

Memory Map of the image

  Image Entry point : 0x080050ed

  Load Region LR_IROM1 (Base: 0x08005000, Size: 0x00019b3c, Max: 0x00020000, ABSOLUTE, COMPRESSED[0x000196b4])

    Execution Region ER_IROM1 (Base: 0x08005000, Size: 0x0001923c, Max: 0x00020000, ABSOLUTE)

    Base Addr    Size         Type   Attr      Idx    E Section Name        Object

    0x08005000   0x000000ec   Data   RO            3    RESET               stm32f10x.o
    0x080050ec   0x00000000   Code   RO         1403  * .ARM.Collect$$$$00000000  mc_w.l(entry.o)
    0x080050ec   0x00000004   Code   RO         1438    .ARM.Collect$$$$00000001  mc_w.l(entry2.o)
    0x080050f0   0x00000004   Code   RO         1441    .ARM.Collect$$$$00000004  mc_w.l(entry5.o)
    0x080050f4   0x00000000   Code   RO         1443    .ARM.Collect$$$$00000008  mc_w.l(entry7b.o)
    0x080050f4   0x00000000   Code   RO         1445    .ARM.Collect$$$$0000000A  mc_w.l(entry8b.o)
    0x080050f4   0x00000008   Code   RO         1446    .ARM.Collect$$$$0000000B  mc_w.l(entry9a.o)
    0x080050fc   0x00000000   Code   RO         1448    .ARM.Collect$$$$0000000D  mc_w.l(entry10a.o)
    0x080050fc   0x00000000   Code   RO         1450    .ARM.Collect$$$$0000000F  mc_w.l(entry11a.o)
    0x080050fc   0x00000004   Code   RO         1439    .ARM.Collect$$$$00002712  mc_w.l(entry2.o)
    0x08005100   0x0000000c   Code   RO          476    .emb_text           sys.o
    0x0800510c   0x0000001c   Code   RO            4    .text               stm32f10x.o
    0x08005128   0x00000964   Code   RO           10    .text               flash.o
    0x08005a8c   0x00000214   Code   RO          210    .text               funclayout.o
    0x08005ca0   0x0000021c   Code   RO          243    .text               keyadc.o
    0x08005ebc   0x00003e7c   Code   RO          260    .text               keyproc.o
    0x08009d38   0x000024f0   Code   RO          318    .text               main.o
    0x0800c228   0x000002bc   Code   RO          359    .text               menu.o
    0x0800c4e4   0x00000490   Code   RO          426    .text               moto.o
    0x0800c974   0x000004f4   Code   RO          448    .text               delay.o
    0x0800ce68   0x00000860   Code   RO          477    .text               sys.o
    0x0800d6c8   0x00000ce0   Code   RO          506    .text               usart.o
    0x0800e3a8   0x00000774   Code   RO          550    .text               led.o
    0x0800eb1c   0x000029a4   Code   RO          581    .text               spi.o
    0x080114c0   0x000002b0   Code   RO          762    .text               timer.o
    0x08011770   0x000001e4   Code   RO          796    .text               stmflash.o
    0x08011954   0x0000599c   Code   RO          824    .text               lcddriver.o
    0x080172f0   0x000004f0   Code   RO          905    .text               os_core.o
    0x080177e0   0x00000474   Code   RO          940    .text               os_flag.o
    0x08017c54   0x00000164   Code   RO          965    .text               os_mem.o
    0x08017db8   0x00000420   Code   RO          989    .text               os_q.o
    0x080181d8   0x00000204   Code   RO         1001    .text               os_sem.o
    0x080183dc   0x00000408   Code   RO         1013    .text               os_task.o
    0x080187e4   0x00000150   Code   RO         1025    .text               os_time.o
    0x08018934   0x000004c8   Code   RO         1037    .text               os_tmr.o
    0x08018dfc   0x000000dc   Code   RO         1060    .text               os_cpu_a.o
    0x08018ed8   0x00000086   Code   RO         1063    .text               os_cpu_c.o
    0x08018f5e   0x00000002   PAD
    0x08018f60   0x000000b0   Code   RO         1095    .text               misc.o
    0x08019010   0x00000330   Code   RO         1107    .text               stm32f10x_adc.o
    0x08019340   0x000000e8   Code   RO         1203    .text               stm32f10x_exti.o
    0x08019428   0x0000047c   Code   RO         1215    .text               stm32f10x_flash.o
    0x080198a4   0x0000026c   Code   RO         1240    .text               stm32f10x_gpio.o
    0x08019b10   0x000000d4   Code   RO         1276    .text               stm32f10x_pwr.o
    0x08019be4   0x000002b4   Code   RO         1288    .text               stm32f10x_rcc.o
    0x08019e98   0x00000274   Code   RO         1327    .text               stm32f10x_spi.o
    0x0801a10c   0x00000328   Code   RO         1352    .text               stm32f10x_usart.o
    0x0801a434   0x00000438   Code   RO         1376    .text               encrypto.o
    0x0801a86c   0x00000024   Code   RO         1406    .text               mc_w.l(memcpya.o)
    0x0801a890   0x00000024   Code   RO         1408    .text               mc_w.l(memseta.o)
    0x0801a8b4   0x0000001a   Code   RO         1410    .text               mc_w.l(memcmp.o)
    0x0801a8ce   0x000000b0   Code   RO         1414    .text               mf_w.l(fadd.o)
    0x0801a97e   0x00000064   Code   RO         1416    .text               mf_w.l(fmul.o)
    0x0801a9e2   0x0000007c   Code   RO         1418    .text               mf_w.l(fdiv.o)
    0x0801aa5e   0x00000018   Code   RO         1420    .text               mf_w.l(fscalb.o)
    0x0801aa76   0x0000014e   Code   RO         1422    .text               mf_w.l(dadd.o)
    0x0801abc4   0x00000012   Code   RO         1424    .text               mf_w.l(fflti.o)
    0x0801abd6   0x0000000a   Code   RO         1426    .text               mf_w.l(ffltui.o)
    0x0801abe0   0x00000028   Code   RO         1428    .text               mf_w.l(ffixui.o)
    0x0801ac08   0x00000026   Code   RO         1430    .text               mf_w.l(f2d.o)
    0x0801ac2e   0x00000002   PAD
    0x0801ac30   0x00000030   Code   RO         1432    .text               mf_w.l(cdcmple.o)
    0x0801ac60   0x00000030   Code   RO         1434    .text               mf_w.l(cdrcmple.o)
    0x0801ac90   0x00000014   Code   RO         1436    .text               mf_w.l(cfcmple.o)
    0x0801aca4   0x0000001e   Code   RO         1452    .text               mc_w.l(llshl.o)
    0x0801acc2   0x00000024   Code   RO         1454    .text               mc_w.l(llsshr.o)
    0x0801ace6   0x00000000   Code   RO         1456    .text               mc_w.l(iusefp.o)
    0x0801ace6   0x0000006e   Code   RO         1457    .text               mf_w.l(fepilogue.o)
    0x0801ad54   0x000000ba   Code   RO         1459    .text               mf_w.l(depilogue.o)
    0x0801ae0e   0x00000002   PAD
    0x0801ae10   0x00000024   Code   RO         1461    .text               mc_w.l(init.o)
    0x0801ae34   0x00000020   Code   RO         1463    .text               mc_w.l(llushr.o)
    0x0801ae54   0x00000056   Code   RO         1473    .text               mc_w.l(__dczerorl2.o)
    0x0801aeaa   0x0000000e   Code   RO         1467    i.__scatterload_copy  mc_w.l(handlers.o)
    0x0801aeb8   0x00000002   Code   RO         1468    i.__scatterload_null  mc_w.l(handlers.o)
    0x0801aeba   0x0000000e   Code   RO         1469    i.__scatterload_zeroinit  mc_w.l(handlers.o)
    0x0801aec8   0x0000006a   Data   RO           12    .constdata          flash.o
    0x0801af32   0x00000038   Data   RO           13    .constdata          flash.o
    0x0801af6a   0x0000003e   Data   RO           14    .constdata          flash.o
    0x0801afa8   0x00000058   Data   RO           15    .constdata          flash.o
    0x0801b000   0x000001f8   Data   RO          360    .constdata          menu.o
    0x0801b1f8   0x000000c4   Data   RO          361    .constdata          menu.o
    0x0801b2bc   0x00000034   Data   RO          427    .constdata          moto.o
    0x0801b2f0   0x0000000a   Data   RO          428    .constdata          moto.o
    0x0801b2fa   0x00000002   PAD
    0x0801b2fc   0x00000270   Data   RO          583    .constdata          spi.o
    0x0801b56c   0x00000016   Data   RO          584    .constdata          spi.o
    0x0801b582   0x0000000a   Data   RO          585    .constdata          spi.o
    0x0801b58c   0x00000007   Data   RO          586    .constdata          spi.o
    0x0801b593   0x00000026   Data   RO          639    .constdata          font.o
    0x0801b5b9   0x00000026   Data   RO          640    .constdata          font.o
    0x0801b5df   0x00000014   Data   RO          641    .constdata          font.o
    0x0801b5f3   0x00000016   Data   RO          642    .constdata          font.o
    0x0801b609   0x00000250   Data   RO          643    .constdata          font.o
    0x0801b859   0x00000110   Data   RO          644    .constdata          font.o
    0x0801b969   0x0000001a   Data   RO          645    .constdata          font.o
    0x0801b983   0x0000001a   Data   RO          646    .constdata          font.o
    0x0801b99d   0x0000002c   Data   RO          647    .constdata          font.o
    0x0801b9c9   0x0000000c   Data   RO          648    .constdata          font.o
    0x0801b9d5   0x00000022   Data   RO          649    .constdata          font.o
    0x0801b9f7   0x00000022   Data   RO          650    .constdata          font.o
    0x0801ba19   0x0000002d   Data   RO          652    .constdata          font.o
    0x0801ba46   0x0000002d   Data   RO          653    .constdata          font.o
    0x0801ba73   0x00000007   Data   RO          654    .constdata          font.o
    0x0801ba7a   0x00000005   Data   RO          655    .constdata          font.o
    0x0801ba7f   0x00000007   Data   RO          656    .constdata          font.o
    0x0801ba86   0x0000000a   Data   RO          658    .constdata          font.o
    0x0801ba90   0x0000000a   Data   RO          659    .constdata          font.o
    0x0801ba9a   0x000001f0   Data   RO          660    .constdata          font.o
    0x0801bc8a   0x000002a4   Data   RO          661    .constdata          font.o
    0x0801bf2e   0x00000048   Data   RO          662    .constdata          font.o
    0x0801bf76   0x00000048   Data   RO          663    .constdata          font.o
    0x0801bfbe   0x00000048   Data   RO          664    .constdata          font.o
    0x0801c006   0x0000003a   Data   RO          665    .constdata          font.o
    0x0801c040   0x0000001a   Data   RO          666    .constdata          font.o
    0x0801c05a   0x00000010   Data   RO          667    .constdata          font.o
    0x0801c06a   0x0000000e   Data   RO          668    .constdata          font.o
    0x0801c078   0x00000016   Data   RO          669    .constdata          font.o
    0x0801c08e   0x00000016   Data   RO          670    .constdata          font.o
    0x0801c0a4   0x0000002a   Data   RO          671    .constdata          font.o
    0x0801c0ce   0x0000002a   Data   RO          672    .constdata          font.o
    0x0801c0f8   0x00000015   Data   RO          673    .constdata          font.o
    0x0801c10d   0x00000015   Data   RO          674    .constdata          font.o
    0x0801c122   0x00000012   Data   RO          675    .constdata          font.o
    0x0801c134   0x00000016   Data   RO          676    .constdata          font.o
    0x0801c14a   0x00000012   Data   RO          677    .constdata          font.o
    0x0801c15c   0x00000024   Data   RO          678    .constdata          font.o
    0x0801c180   0x00000012   Data   RO          679    .constdata          font.o
    0x0801c192   0x0000000e   Data   RO          680    .constdata          font.o
    0x0801c1a0   0x00000003   Data   RO          681    .constdata          font.o
    0x0801c1a3   0x00000026   Data   RO          682    .constdata          font.o
    0x0801c1c9   0x00000046   Data   RO          683    .constdata          font.o
    0x0801c20f   0x00000022   Data   RO          684    .constdata          font.o
    0x0801c231   0x00000012   Data   RO          685    .constdata          font.o
    0x0801c243   0x0000001e   Data   RO          686    .constdata          font.o
    0x0801c261   0x00000006   Data   RO          687    .constdata          font.o
    0x0801c267   0x00000016   Data   RO          688    .constdata          font.o
    0x0801c27d   0x00000018   Data   RO          689    .constdata          font.o
    0x0801c295   0x00000012   Data   RO          690    .constdata          font.o
    0x0801c2a7   0x0000001c   Data   RO          691    .constdata          font.o
    0x0801c2c3   0x0000001c   Data   RO          692    .constdata          font.o
    0x0801c2df   0x00000028   Data   RO          693    .constdata          font.o
    0x0801c307   0x0000001a   Data   RO          694    .constdata          font.o
    0x0801c321   0x00000078   Data   RO          695    .constdata          font.o
    0x0801c399   0x000000c8   Data   RO          696    .constdata          font.o
    0x0801c461   0x00000062   Data   RO          697    .constdata          font.o
    0x0801c4c3   0x0000003f   Data   RO          698    .constdata          font.o
    0x0801c502   0x00000045   Data   RO          699    .constdata          font.o
    0x0801c547   0x00000030   Data   RO          700    .constdata          font.o
    0x0801c577   0x00000045   Data   RO          701    .constdata          font.o
    0x0801c5bc   0x00000039   Data   RO          702    .constdata          font.o
    0x0801c5f5   0x00000039   Data   RO          703    .constdata          font.o
    0x0801c62e   0x00000042   Data   RO          704    .constdata          font.o
    0x0801c670   0x000000b7   Data   RO          705    .constdata          font.o
    0x0801c727   0x00000054   Data   RO          706    .constdata          font.o
    0x0801c77b   0x00000024   Data   RO          707    .constdata          font.o
    0x0801c79f   0x00000147   Data   RO          708    .constdata          font.o
    0x0801c8e6   0x00000039   Data   RO          709    .constdata          font.o
    0x0801c91f   0x00000051   Data   RO          710    .constdata          font.o
    0x0801c970   0x00000294   Data   RO          711    .constdata          font.o
    0x0801cc04   0x00000015   Data   RO          712    .constdata          font.o
    0x0801cc19   0x00000015   Data   RO          713    .constdata          font.o
    0x0801cc2e   0x00000780   Data   RO          714    .constdata          font.o
    0x0801d3ae   0x00000030   Data   RO          715    .constdata          font.o
    0x0801d3de   0x00000075   Data   RO          716    .constdata          font.o
    0x0801d453   0x00000075   Data   RO          717    .constdata          font.o
    0x0801d4c8   0x00000075   Data   RO          718    .constdata          font.o
    0x0801d53d   0x0000003c   Data   RO          719    .constdata          font.o
    0x0801d579   0x0000003f   Data   RO          720    .constdata          font.o
    0x0801d5b8   0x00000010   Data   RO          721    .constdata          font.o
    0x0801d5c8   0x0000003c   Data   RO          722    .constdata          font.o
    0x0801d604   0x00000044   Data   RO          723    .constdata          font.o
    0x0801d648   0x00000019   Data   RO          724    .constdata          font.o
    0x0801d661   0x00000090   Data   RO          725    .constdata          font.o
    0x0801d6f1   0x00000028   Data   RO          726    .constdata          font.o
    0x0801d719   0x00000080   Data   RO          727    .constdata          font.o
    0x0801d799   0x00000038   Data   RO          728    .constdata          font.o
    0x0801d7d1   0x00000009   Data   RO          729    .constdata          font.o
    0x0801d7da   0x00000032   Data   RO          730    .constdata          font.o
    0x0801d80c   0x00000054   Data   RO          731    .constdata          font.o
    0x0801d860   0x0000005e   Data   RO          732    .constdata          font.o
    0x0801d8be   0x00000054   Data   RO          733    .constdata          font.o
    0x0801d912   0x00000020   Data   RO          734    .constdata          font.o
    0x0801d932   0x0000002c   Data   RO          735    .constdata          font.o
    0x0801d95e   0x00000016   Data   RO          736    .constdata          font.o
    0x0801d974   0x00000012   Data   RO          737    .constdata          font.o
    0x0801d986   0x0000000b   Data   RO          738    .constdata          font.o
    0x0801d991   0x0000008c   Data   RO          739    .constdata          font.o
    0x0801da1d   0x0000001c   Data   RO          740    .constdata          font.o
    0x0801da39   0x0000002a   Data   RO          741    .constdata          font.o
    0x0801da63   0x0000002a   Data   RO          742    .constdata          font.o
    0x0801da8d   0x0000002a   Data   RO          743    .constdata          font.o
    0x0801dab7   0x0000000a   Data   RO          744    .constdata          font.o
    0x0801dac1   0x0000005e   Data   RO          745    .constdata          font.o
    0x0801db1f   0x00000001   PAD
    0x0801db20   0x00000234   Data   RO          826    .constdata          lcddriver.o
    0x0801dd54   0x00000034   Data   RO          827    .constdata          lcddriver.o
    0x0801dd88   0x00000015   Data   RO          828    .constdata          lcddriver.o
    0x0801dd9d   0x0000000f   Data   RO          829    .constdata          lcddriver.o
    0x0801ddac   0x00000007   Data   RO          830    .constdata          lcddriver.o
    0x0801ddb3   0x00000007   Data   RO          831    .constdata          lcddriver.o
    0x0801ddba   0x00000002   PAD
    0x0801ddbc   0x000000a0   Data   RO          833    .constdata          lcddriver.o
    0x0801de5c   0x00000108   Data   RO          913    .constdata          os_core.o
    0x0801df64   0x00000011   Data   RO          322    .conststring        main.o
    0x0801df75   0x00000003   PAD
    0x0801df78   0x0000000d   Data   RO          362    .conststring        menu.o
    0x0801df85   0x00000003   PAD
    0x0801df88   0x0000000e   Data   RO          363    .conststring        menu.o
    0x0801df96   0x00000002   PAD
    0x0801df98   0x0000001f   Data   RO          364    .conststring        menu.o
    0x0801dfb7   0x00000001   PAD
    0x0801dfb8   0x00000015   Data   RO          365    .conststring        menu.o
    0x0801dfcd   0x00000003   PAD
    0x0801dfd0   0x0000002d   Data   RO          366    .conststring        menu.o
    0x0801dffd   0x00000003   PAD
    0x0801e000   0x0000000e   Data   RO          367    .conststring        menu.o
    0x0801e00e   0x00000002   PAD
    0x0801e010   0x00000010   Data   RO          368    .conststring        menu.o
    0x0801e020   0x00000015   Data   RO          369    .conststring        menu.o
    0x0801e035   0x00000003   PAD
    0x0801e038   0x0000000e   Data   RO          370    .conststring        menu.o
    0x0801e046   0x00000002   PAD
    0x0801e048   0x0000000f   Data   RO          371    .conststring        menu.o
    0x0801e057   0x00000001   PAD
    0x0801e058   0x0000000f   Data   RO          372    .conststring        menu.o
    0x0801e067   0x00000001   PAD
    0x0801e068   0x00000016   Data   RO          373    .conststring        menu.o
    0x0801e07e   0x00000002   PAD
    0x0801e080   0x00000011   Data   RO          374    .conststring        menu.o
    0x0801e091   0x00000003   PAD
    0x0801e094   0x00000010   Data   RO          375    .conststring        menu.o
    0x0801e0a4   0x00000015   Data   RO          376    .conststring        menu.o
    0x0801e0b9   0x00000003   PAD
    0x0801e0bc   0x00000015   Data   RO          377    .conststring        menu.o
    0x0801e0d1   0x00000003   PAD
    0x0801e0d4   0x00000008   Data   RO          378    .conststring        menu.o
    0x0801e0dc   0x00000023   Data   RO          379    .conststring        menu.o
    0x0801e0ff   0x00000001   PAD
    0x0801e100   0x00000031   Data   RO          381    .conststring        menu.o
    0x0801e131   0x00000003   PAD
    0x0801e134   0x0000000c   Data   RO          382    .conststring        menu.o
    0x0801e140   0x000000d9   Data   RO          834    .conststring        lcddriver.o
    0x0801e219   0x00000003   PAD
    0x0801e21c   0x00000020   Data   RO         1465    Region$$Table       anon$$obj.o


    Execution Region RW_IRAM1 (Base: 0x20000000, Size: 0x00003810, Max: 0x00005000, ABSOLUTE, COMPRESSED[0x00000478])

    Base Addr    Size         Type   Attr      Idx    E Section Name        Object

    0x20000000   0x00000004   Data   RW           16    .data               flash.o
    0x20000004   0x00000004   Data   RW           17    .data               flash.o
    0x20000008   0x00000004   Data   RW           18    .data               flash.o
    0x2000000c   0x00000001   Data   RW          244    .data               keyadc.o
    0x2000000d   0x00000003   PAD
    0x20000010   0x00000080   Data   RW          262    .data               keyproc.o
    0x20000090   0x00000001   Data   RW          264    .data               keyproc.o
    0x20000091   0x00000003   PAD
    0x20000094   0x00000004   Data   RW          265    .data               keyproc.o
    0x20000098   0x00000001   Data   RW          266    .data               keyproc.o
    0x20000099   0x00000001   Data   RW          270    .data               keyproc.o
    0x2000009a   0x00000001   Data   RW          271    .data               keyproc.o
    0x2000009b   0x00000003   Data   RW          275    .data               keyproc.o
    0x2000009e   0x00000002   PAD
    0x200000a0   0x0000006c   Data   RW          323    .data               main.o
    0x2000010c   0x00000001   Data   RW          324    .data               main.o
    0x2000010d   0x00000001   Data   RW          325    .data               main.o
    0x2000010e   0x00000001   Data   RW          327    .data               main.o
    0x2000010f   0x00000001   Data   RW          383    .data               menu.o
    0x20000110   0x00000001   Data   RW          384    .data               menu.o
    0x20000111   0x00000001   Data   RW          385    .data               menu.o
    0x20000112   0x00000001   Data   RW          386    .data               menu.o
    0x20000113   0x00000001   PAD
    0x20000114   0x00000018   Data   RW          387    .data               menu.o
    0x2000012c   0x00000018   Data   RW          388    .data               menu.o
    0x20000144   0x00000018   Data   RW          389    .data               menu.o
    0x2000015c   0x00000018   Data   RW          390    .data               menu.o
    0x20000174   0x00000018   Data   RW          391    .data               menu.o
    0x2000018c   0x00000018   Data   RW          392    .data               menu.o
    0x200001a4   0x00000018   Data   RW          393    .data               menu.o
    0x200001bc   0x00000018   Data   RW          394    .data               menu.o
    0x200001d4   0x00000018   Data   RW          395    .data               menu.o
    0x200001ec   0x00000018   Data   RW          396    .data               menu.o
    0x20000204   0x00000018   Data   RW          397    .data               menu.o
    0x2000021c   0x00000018   Data   RW          398    .data               menu.o
    0x20000234   0x00000018   Data   RW          399    .data               menu.o
    0x2000024c   0x00000018   Data   RW          400    .data               menu.o
    0x20000264   0x00000018   Data   RW          401    .data               menu.o
    0x2000027c   0x00000018   Data   RW          402    .data               menu.o
    0x20000294   0x00000018   Data   RW          403    .data               menu.o
    0x200002ac   0x00000018   Data   RW          404    .data               menu.o
    0x200002c4   0x00000018   Data   RW          405    .data               menu.o
    0x200002dc   0x00000018   Data   RW          406    .data               menu.o
    0x200002f4   0x00000004   Data   RW          407    .data               menu.o
    0x200002f8   0x00000004   Data   RW          408    .data               menu.o
    0x200002fc   0x0000000a   Data   RW          429    .data               moto.o
    0x20000306   0x00000004   Data   RW          449    .data               delay.o
    0x2000030a   0x0000000a   Data   RW          508    .data               usart.o
    0x20000314   0x0000002d   Data   RW          587    .data               spi.o
    0x20000341   0x00000003   PAD
    0x20000344   0x0000034c   Data   RW          839    .data               lcddriver.o
    0x20000690   0x00000038   Data   RW          914    .data               os_core.o
    0x200006c8   0x00000004   Data   RW          915    .data               os_core.o
    0x200006cc   0x00000004   Data   RW          916    .data               os_core.o
    0x200006d0   0x00000004   Data   RW          917    .data               os_core.o
    0x200006d4   0x00000002   Data   RW          918    .data               os_core.o
    0x200006d6   0x00000002   Data   RW          919    .data               os_core.o
    0x200006d8   0x00000004   Data   RW          920    .data               os_core.o
    0x200006dc   0x00000004   Data   RW          921    .data               os_core.o
    0x200006e0   0x00000004   Data   RW          922    .data               os_core.o
    0x200006e4   0x00000004   Data   RW          923    .data               os_core.o
    0x200006e8   0x00000004   Data   RW         1064    .data               os_cpu_c.o
    0x200006ec   0x00000014   Data   RW         1289    .data               stm32f10x_rcc.o
    0x20000700   0x00000200   Data   RW         1378    .data               encrypto.o
    0x20000900   0x00000054   Zero   RW           11    .bss                flash.o
    0x20000954   0x0000009c   Zero   RW          261    .bss                keyproc.o
    0x200009f0   0x000009f0   Zero   RW          319    .bss                main.o
    0x200013e0   0x000000a4   Zero   RW          507    .bss                usart.o
    0x20001484   0x000000f8   Zero   RW          582    .bss                spi.o
    0x2000157c   0x00000800   Zero   RW          797    .bss                stmflash.o
    0x20001d7c   0x00000054   Zero   RW          825    .bss                lcddriver.o
    0x20001dd0   0x0000123c   Zero   RW          906    .bss                os_core.o
    0x2000300c   0x0000003c   Zero   RW          907    .bss                os_core.o
    0x20003048   0x00000064   Zero   RW          908    .bss                os_core.o
    0x200030ac   0x00000030   Zero   RW          909    .bss                os_core.o
    0x200030dc   0x00000240   Zero   RW          910    .bss                os_core.o
    0x2000331c   0x00000200   Zero   RW          911    .bss                os_core.o
    0x2000351c   0x00000040   Zero   RW          912    .bss                os_core.o
    0x2000355c   0x000000b0   Zero   RW         1377    .bss                encrypto.o
    0x2000360c   0x00000004   PAD
    0x20003610   0x00000200   Zero   RW            1    STACK               stm32f10x.o


==============================================================================

Image component sizes


      Code (inc. data)   RO Data    RW Data    ZI Data      Debug   Object Name

      1268         50          0          4          0       4780   delay.o
      1080         30          0        512        176       6043   encrypto.o
      2404        122        312         12         84     294604   flash.o
         0          0       9612          0          0       9223   font.o
       532         56          0          0          0       1884   funclayout.o
       540         40          0          1          0       1711   keyadc.o
     15996       1074          0        139        156      56540   keyproc.o
     22940       1308       1043        844         84      90292   lcddriver.o
      1908        124          0          0          0      10499   led.o
      9456        874         17        111       2544      40445   main.o
       700         24       1120        492          0       5343   menu.o
       176         14          0          0          0       1953   misc.o
      1168         54         62         10          0      15134   moto.o
      1264         34        264         88       6028      13823   os_core.o
       220         40          0          0          0        344   os_cpu_a.o
       134          0          0          4          0       9901   os_cpu_c.o
      1140         24          0          0          0       5732   os_flag.o
       356         10          0          0          0       2594   os_mem.o
      1056         22          0          0          0       4972   os_q.o
       516         12          0          0          0       2890   os_sem.o
      1032         46          0          0          0       4242   os_task.o
       336         22          0          0          0       1822   os_time.o
      1224         72          0          0          0      12615   os_tmr.o
     10660        648        663         45        248      35113   spi.o
        28          4        236          0        512        792   stm32f10x.o
       816         24          0          0          0      11341   stm32f10x_adc.o
       232          8          0          0          0       2455   stm32f10x_exti.o
      1148         22          0          0          0       9360   stm32f10x_flash.o
       620         36          0          0          0       5917   stm32f10x_gpio.o
       212         12          0          0          0       2262   stm32f10x_pwr.o
       692         32          0         20          0       9088   stm32f10x_rcc.o
       628         14          0          0          0       7058   stm32f10x_spi.o
       808         22          0          0          0       8836   stm32f10x_usart.o
       484         16          0          0       2048       4305   stmflash.o
      2156        184          0          0          0       6802   sys.o
       688         74          0          0          0       2153   timer.o
      3296        192          0         10        164      25381   usart.o

    ----------------------------------------------------------------------
     87916       5340      13408       2304      12048     728249   Object Totals
         0          0         32          0          0          0   (incl. Generated)
         2          0         47         12          4          0   (incl. Padding)

    ----------------------------------------------------------------------

      Code (inc. data)   RO Data    RW Data    ZI Data      Debug   Library Member Name

        86          0          0          0          0          0   __dczerorl2.o
         0          0          0          0          0          0   entry.o
         0          0          0          0          0          0   entry10a.o
         0          0          0          0          0          0   entry11a.o
         8          4          0          0          0          0   entry2.o
         4          0          0          0          0          0   entry5.o
         0          0          0          0          0          0   entry7b.o
         0          0          0          0          0          0   entry8b.o
         8          4          0          0          0          0   entry9a.o
        30          0          0          0          0          0   handlers.o
        36          8          0          0          0         68   init.o
         0          0          0          0          0          0   iusefp.o
        30          0          0          0          0         68   llshl.o
        36          0          0          0          0         68   llsshr.o
        32          0          0          0          0         68   llushr.o
        26          0          0          0          0         80   memcmp.o
        36          0          0          0          0         68   memcpya.o
        36          0          0          0          0        108   memseta.o
        48          0          0          0          0         68   cdcmple.o
        48          0          0          0          0         68   cdrcmple.o
        20          0          0          0          0         68   cfcmple.o
       334          0          0          0          0        148   dadd.o
       186          0          0          0          0        176   depilogue.o
        38          0          0          0          0         68   f2d.o
       176          0          0          0          0        140   fadd.o
       124          0          0          0          0         88   fdiv.o
       110          0          0          0          0        168   fepilogue.o
        40          0          0          0          0         68   ffixui.o
        18          0          0          0          0         68   fflti.o
        10          0          0          0          0         68   ffltui.o
       100          0          0          0          0         76   fmul.o
        24          0          0          0          0         68   fscalb.o

    ----------------------------------------------------------------------
      1648         16          0          0          0       1868   Library Totals
         4          0          0          0          0          0   (incl. Padding)

    ----------------------------------------------------------------------

      Code (inc. data)   RO Data    RW Data    ZI Data      Debug   Library Name

       368         16          0          0          0        528   mc_w.l
      1276          0          0          0          0       1340   mf_w.l

    ----------------------------------------------------------------------
      1648         16          0          0          0       1868   Library Totals

    ----------------------------------------------------------------------

==============================================================================


      Code (inc. data)   RO Data    RW Data    ZI Data      Debug   

     89564       5356      13408       2304      12048     723381   Grand Totals
     89564       5356      13408       1144      12048     723381   ELF Image Totals (compressed)
     89564       5356      13408       1144          0          0   ROM Totals

==============================================================================

    Total RO  Size (Code + RO Data)               102972 ( 100.56kB)
    Total RW  Size (RW Data + ZI Data)             14352 (  14.02kB)
    Total ROM Size (Code + RO Data + RW Data)     104116 ( 101.68kB)

==============================================================================

