<!doctype html public "-//w3c//dtd html 4.0 transitional//en">
<html><head>
<title>Static Call Graph - [..\obj\CanStm32.axf]</title></head>
<body><HR>
<H1>Static Call Graph for image ..\obj\CanStm32.axf</H1><HR>
<BR><P>#&#060CALLGRAPH&#062# ARM Linker, 5060061: Last Updated: Fri Jul 29 00:02:23 2016
<BR><P>
<H3>Maximum Stack Usage =        528 bytes + Unknown(Functions without stacksize, Cycles, Untraceable Function Pointers)</H3><H3>
Call chain for Maximum Stack Depth:</H3>
TaskMonitor &rArr; SleepTimerProc &rArr; DspSlaveSleepScr &rArr; Sleep_Init &rArr; Mode &rArr; ModPasteScr &rArr; SetTtlScr &rArr; DspRfSlavePara &rArr; DspSlavePara &rArr; DisplayMstOtp &rArr; DisplayMstOtp_canStyle &rArr; DisplayCanOtpString &rArr; LoadCanParaChar &rArr; CanCharGetIndex
<P>
<H3>
Functions with no stack information
</H3><UL>
 <LI><a href="#[12c]">OS_ENTER_CRITICAL</a>
 <LI><a href="#[12e]">OS_EXIT_CRITICAL</a>
 <LI><a href="#[255]">OSStartHighRdy</a>
 <LI><a href="#[253]">OSCtxSw</a>
 <LI><a href="#[250]">OSIntCtxSw</a>
 <LI><a href="#[2b]">PendSV_Handler</a>
 <LI><a href="#[2e1]">ItDisAll</a>
</UL>
</UL>
<P>
<H3>
Mutually Recursive functions
</H3> <LI><a href="#[24]">NMI_Handler</a>&nbsp;&nbsp;&nbsp;&rArr;&nbsp;&nbsp;&nbsp;<a href="#[24]">NMI_Handler</a><BR>
 <LI><a href="#[25]">HardFault_Handler</a>&nbsp;&nbsp;&nbsp;&rArr;&nbsp;&nbsp;&nbsp;<a href="#[25]">HardFault_Handler</a><BR>
 <LI><a href="#[26]">MemManage_Handler</a>&nbsp;&nbsp;&nbsp;&rArr;&nbsp;&nbsp;&nbsp;<a href="#[26]">MemManage_Handler</a><BR>
 <LI><a href="#[27]">BusFault_Handler</a>&nbsp;&nbsp;&nbsp;&rArr;&nbsp;&nbsp;&nbsp;<a href="#[27]">BusFault_Handler</a><BR>
 <LI><a href="#[28]">UsageFault_Handler</a>&nbsp;&nbsp;&nbsp;&rArr;&nbsp;&nbsp;&nbsp;<a href="#[28]">UsageFault_Handler</a><BR>
 <LI><a href="#[29]">SVC_Handler</a>&nbsp;&nbsp;&nbsp;&rArr;&nbsp;&nbsp;&nbsp;<a href="#[29]">SVC_Handler</a><BR>
 <LI><a href="#[2a]">DebugMon_Handler</a>&nbsp;&nbsp;&nbsp;&rArr;&nbsp;&nbsp;&nbsp;<a href="#[2a]">DebugMon_Handler</a><BR>
 <LI><a href="#[3f]">ADC_IRQHandler</a>&nbsp;&nbsp;&nbsp;&rArr;&nbsp;&nbsp;&nbsp;<a href="#[3f]">ADC_IRQHandler</a><BR>
 <LI><a href="#[5b]">TaskVoltageCheck</a>&nbsp;&nbsp;&nbsp;&rArr;&nbsp;&nbsp;&nbsp;<a href="#[5b]">TaskVoltageCheck</a><BR>
</UL>
<P>
<H3>
Function Pointers
</H3><UL>
 <LI><a href="#[3f]">ADC_IRQHandler</a> from stm32f10x.o(.text) referenced from stm32f10x.o(RESET)
 <LI><a href="#[5d]">BkLiteAutoOff</a> from main.o(.text) referenced from main.o(.text)
 <LI><a href="#[65]">BkLiteSelect</a> from menu.o(.text) referenced from menu.o(.constdata)
 <LI><a href="#[67]">BkLiteSw</a> from menu.o(.text) referenced 3 times from menu.o(.constdata)
 <LI><a href="#[4]">BtnAddSub</a> from lcddriver.o(.text) referenced 2 times from lcddriver.o(.data)
 <LI><a href="#[18]">BtnArrParaRes</a> from lcddriver.o(.text) referenced 2 times from lcddriver.o(.data)
 <LI><a href="#[11]">BtnCfnClear</a> from lcddriver.o(.text) referenced 2 times from lcddriver.o(.data)
 <LI><a href="#[10]">BtnCfnClearCancel</a> from lcddriver.o(.text) referenced 2 times from lcddriver.o(.data)
 <LI><a href="#[b]">BtnChScan</a> from lcddriver.o(.text) referenced 2 times from lcddriver.o(.data)
 <LI><a href="#[9]">BtnChSet</a> from lcddriver.o(.text) referenced 2 times from lcddriver.o(.data)
 <LI><a href="#[1d]">BtnExtmApert</a> from lcddriver.o(.text) referenced 2 times from lcddriver.o(.data)
 <LI><a href="#[1c]">BtnExtmIso</a> from lcddriver.o(.text) referenced 2 times from lcddriver.o(.data)
 <LI><a href="#[21]">BtnFbAddSub</a> from lcddriver.o(.text) referenced 2 times from lcddriver.o(.data)
 <LI><a href="#[20]">BtnFbAdj</a> from lcddriver.o(.text) referenced 2 times from lcddriver.o(.data)
 <LI><a href="#[f]">BtnFrq</a> from lcddriver.o(.text) referenced 2 times from lcddriver.o(.data)
 <LI><a href="#[16]">BtnGrModRes</a> from lcddriver.o(.text) referenced 2 times from lcddriver.o(.data)
 <LI><a href="#[15]">BtnGrOnOff</a> from lcddriver.o(.text) referenced 2 times from lcddriver.o(.data)
 <LI><a href="#[17]">BtnGrParaRes</a> from lcddriver.o(.text) referenced 2 times from lcddriver.o(.data)
 <LI><a href="#[8]">BtnGrSel</a> from lcddriver.o(.text) referenced 2 times from lcddriver.o(.data)
 <LI><a href="#[19]">BtnHome</a> from lcddriver.o(.text) referenced 2 times from lcddriver.o(.data)
 <LI><a href="#[a]">BtnIdSel</a> from lcddriver.o(.text) referenced 2 times from lcddriver.o(.data)
 <LI><a href="#[1f]">BtnLoad</a> from lcddriver.o(.text) referenced 2 times from lcddriver.o(.data)
 <LI><a href="#[d]">BtnMemory</a> from lcddriver.o(.text) referenced 2 times from lcddriver.o(.data)
 <LI><a href="#[6]">BtnMenu</a> from lcddriver.o(.text) referenced 8 times from lcddriver.o(.data)
 <LI><a href="#[3]">BtnMstSw</a> from lcddriver.o(.text) referenced 2 times from lcddriver.o(.data)
 <LI><a href="#[e]">BtnMulti</a> from lcddriver.o(.text) referenced 2 times from lcddriver.o(.data)
 <LI><a href="#[13]">BtnPfnMenu</a> from lcddriver.o(.text) referenced 2 times from lcddriver.o(.data)
 <LI><a href="#[7]">BtnRatio</a> from lcddriver.o(.text) referenced 2 times from lcddriver.o(.data)
 <LI><a href="#[12]">BtnRel</a> from lcddriver.o(.text) referenced 2 times from lcddriver.o(.data)
 <LI><a href="#[22]">BtnRgbCheck</a> from lcddriver.o(.text) referenced 8 times from lcddriver.o(.data)
 <LI><a href="#[1e]">BtnSave</a> from lcddriver.o(.text) referenced 2 times from lcddriver.o(.data)
 <LI><a href="#[1a]">BtnSlaveModel</a> from lcddriver.o(.text) referenced 2 times from lcddriver.o(.data)
 <LI><a href="#[1b]">BtnSlaveTest</a> from lcddriver.o(.text) referenced 2 times from lcddriver.o(.data)
 <LI><a href="#[2]">BtnSnrMenu</a> from lcddriver.o(.text) referenced 6 times from lcddriver.o(.data)
 <LI><a href="#[c]">BtnSynSet</a> from lcddriver.o(.text) referenced 2 times from lcddriver.o(.data)
 <LI><a href="#[5]">BtnTtlFeb</a> from lcddriver.o(.text) referenced 2 times from lcddriver.o(.data)
 <LI><a href="#[1]">BtnZoon</a> from lcddriver.o(.text) referenced 2 times from lcddriver.o(.data)
 <LI><a href="#[27]">BusFault_Handler</a> from stm32f10x.o(.text) referenced from stm32f10x.o(RESET)
 <LI><a href="#[5f]">BzOff</a> from main.o(.text) referenced from main.o(.text)
 <LI><a href="#[42]">CAN_RX1_IRQHandler</a> from stm32f10x.o(.text) referenced from stm32f10x.o(RESET)
 <LI><a href="#[43]">CAN_SCE_IRQHandler</a> from stm32f10x.o(.text) referenced from stm32f10x.o(RESET)
 <LI><a href="#[60]">CmrShutterPull</a> from main.o(.text) referenced from main.o(.text)
 <LI><a href="#[66]">ContrastDsp</a> from menu.o(.text) referenced from menu.o(.constdata)
 <LI><a href="#[0]">ContrastSet</a> from menu.o(.text) referenced 2 times from menu.o(.data)
 <LI><a href="#[38]">DMAChannel1_IRQHandler</a> from stm32f10x.o(.text) referenced from stm32f10x.o(RESET)
 <LI><a href="#[39]">DMAChannel2_IRQHandler</a> from stm32f10x.o(.text) referenced from stm32f10x.o(RESET)
 <LI><a href="#[3a]">DMAChannel3_IRQHandler</a> from stm32f10x.o(.text) referenced from stm32f10x.o(RESET)
 <LI><a href="#[3b]">DMAChannel4_IRQHandler</a> from stm32f10x.o(.text) referenced from stm32f10x.o(RESET)
 <LI><a href="#[3c]">DMAChannel5_IRQHandler</a> from stm32f10x.o(.text) referenced from stm32f10x.o(RESET)
 <LI><a href="#[3d]">DMAChannel6_IRQHandler</a> from stm32f10x.o(.text) referenced from stm32f10x.o(RESET)
 <LI><a href="#[3e]">DMAChannel7_IRQHandler</a> from stm32f10x.o(.text) referenced from stm32f10x.o(RESET)
 <LI><a href="#[2a]">DebugMon_Handler</a> from stm32f10x.o(.text) referenced from stm32f10x.o(RESET)
 <LI><a href="#[33]">EXTI0_IRQHandler</a> from sys.o(.text) referenced from stm32f10x.o(RESET)
 <LI><a href="#[55]">EXTI15_10_IRQHandler</a> from keyadc.o(.text) referenced from stm32f10x.o(RESET)
 <LI><a href="#[34]">EXTI1_IRQHandler</a> from keyproc.o(.text) referenced from stm32f10x.o(RESET)
 <LI><a href="#[35]">EXTI2_IRQHandler</a> from stm32f10x.o(.text) referenced from stm32f10x.o(RESET)
 <LI><a href="#[36]">EXTI3_IRQHandler</a> from stm32f10x.o(.text) referenced from stm32f10x.o(RESET)
 <LI><a href="#[37]">EXTI4_IRQHandler</a> from main.o(.text) referenced from stm32f10x.o(RESET)
 <LI><a href="#[44]">EXTI9_5_IRQHandler</a> from spi.o(.text) referenced from stm32f10x.o(RESET)
 <LI><a href="#[31]">FLASH_IRQHandler</a> from stm32f10x.o(.text) referenced from stm32f10x.o(RESET)
 <LI><a href="#[61]">FlaOkAutoOff</a> from main.o(.text) referenced from main.o(.text)
 <LI><a href="#[25]">HardFault_Handler</a> from stm32f10x.o(.text) referenced from stm32f10x.o(RESET)
 <LI><a href="#[4d]">I2C1_ER_IRQHandler</a> from stm32f10x.o(.text) referenced from stm32f10x.o(RESET)
 <LI><a href="#[4c]">I2C1_EV_IRQHandler</a> from stm32f10x.o(.text) referenced from stm32f10x.o(RESET)
 <LI><a href="#[4f]">I2C2_ER_IRQHandler</a> from stm32f10x.o(.text) referenced from stm32f10x.o(RESET)
 <LI><a href="#[4e]">I2C2_EV_IRQHandler</a> from stm32f10x.o(.text) referenced from stm32f10x.o(RESET)
 <LI><a href="#[5e]">LightSlaveTmrProc</a> from flash.o(.text) referenced from main.o(.text)
 <LI><a href="#[14]">LoadCfnAllClear</a> from lcddriver.o(.text) referenced 2 times from lcddriver.o(.data)
 <LI><a href="#[26]">MemManage_Handler</a> from stm32f10x.o(.text) referenced from stm32f10x.o(RESET)
 <LI><a href="#[68]">MstModUpdate</a> from menu.o(.text) referenced from menu.o(.constdata)
 <LI><a href="#[24]">NMI_Handler</a> from stm32f10x.o(.text) referenced from stm32f10x.o(RESET)
 <LI><a href="#[64]">OSTaskSwHook</a> from os_cpu_c.o(.text) referenced from os_cpu_a.o(.text)
 <LI><a href="#[63]">OSTmr_Task</a> from os_tmr.o(.text) referenced from os_tmr.o(.text)
 <LI><a href="#[248]">OS_TaskIdle</a> from os_core.o(.text) referenced from os_core.o(.text)
 <LI><a href="#[245]">OS_TaskStat</a> from os_core.o(.text) referenced from os_core.o(.text)
 <LI><a href="#[2e]">PVD_IRQHandler</a> from stm32f10x.o(.text) referenced from stm32f10x.o(RESET)
 <LI><a href="#[2b]">PendSV_Handler</a> from os_cpu_a.o(.text) referenced from stm32f10x.o(RESET)
 <LI><a href="#[32]">RCC_IRQHandler</a> from stm32f10x.o(.text) referenced from stm32f10x.o(RESET)
 <LI><a href="#[56]">RTCAlarm_IRQHandler</a> from stm32f10x.o(.text) referenced from stm32f10x.o(RESET)
 <LI><a href="#[30]">RTC_IRQHandler</a> from stm32f10x.o(.text) referenced from stm32f10x.o(RESET)
 <LI><a href="#[23]">Reset_Handler</a> from stm32f10x.o(.text) referenced from stm32f10x.o(RESET)
 <LI><a href="#[50]">SPI1_IRQHandler</a> from spi.o(.text) referenced from stm32f10x.o(RESET)
 <LI><a href="#[51]">SPI2_IRQHandler</a> from stm32f10x.o(.text) referenced from stm32f10x.o(RESET)
 <LI><a href="#[29]">SVC_Handler</a> from stm32f10x.o(.text) referenced from stm32f10x.o(RESET)
 <LI><a href="#[62]">SlaveResume</a> from main.o(.text) referenced from main.o(.text)
 <LI><a href="#[2c]">SysTick_Handler</a> from main.o(.text) referenced from stm32f10x.o(RESET)
 <LI><a href="#[2f]">TAMPER_IRQHandler</a> from stm32f10x.o(.text) referenced from stm32f10x.o(RESET)
 <LI><a href="#[45]">TIM1_BRK_IRQHandler</a> from stm32f10x.o(.text) referenced from stm32f10x.o(RESET)
 <LI><a href="#[48]">TIM1_CC_IRQHandler</a> from stm32f10x.o(.text) referenced from stm32f10x.o(RESET)
 <LI><a href="#[47]">TIM1_TRG_COM_IRQHandler</a> from stm32f10x.o(.text) referenced from stm32f10x.o(RESET)
 <LI><a href="#[46]">TIM1_UP_IRQHandler</a> from stm32f10x.o(.text) referenced from stm32f10x.o(RESET)
 <LI><a href="#[49]">TIM2_IRQHandler</a> from stm32f10x.o(.text) referenced from stm32f10x.o(RESET)
 <LI><a href="#[4a]">TIM3_IRQHandler</a> from timer.o(.text) referenced from stm32f10x.o(RESET)
 <LI><a href="#[4b]">TIM4_IRQHandler</a> from timer.o(.text) referenced from stm32f10x.o(RESET)
 <LI><a href="#[186]">TaskCmdSend</a> from main.o(.text) referenced from main.o(.text)
 <LI><a href="#[5a]">TaskKeyScan</a> from keyproc.o(.text) referenced from main.o(.text)
 <LI><a href="#[165]">TaskMonitor</a> from main.o(.text) referenced from main.o(.text)
 <LI><a href="#[5c]">TaskMotoProc</a> from moto.o(.text) referenced from main.o(.text)
 <LI><a href="#[188]">TaskStart</a> from main.o(.text) referenced from main.o(.text)
 <LI><a href="#[5b]">TaskVoltageCheck</a> from main.o(.text) referenced from main.o(.text)
 <LI><a href="#[52]">USART1_IRQHandler</a> from stm32f10x.o(.text) referenced from stm32f10x.o(RESET)
 <LI><a href="#[53]">USART2_IRQHandler</a> from usart.o(.text) referenced from stm32f10x.o(RESET)
 <LI><a href="#[54]">USART3_IRQHandler</a> from stm32f10x.o(.text) referenced from stm32f10x.o(RESET)
 <LI><a href="#[57]">USBWakeUp_IRQHandler</a> from stm32f10x.o(.text) referenced from stm32f10x.o(RESET)
 <LI><a href="#[40]">USB_HP_CAN_TX_IRQHandler</a> from stm32f10x.o(.text) referenced from stm32f10x.o(RESET)
 <LI><a href="#[41]">USB_LP_CAN_RX0_IRQHandler</a> from stm32f10x.o(.text) referenced from stm32f10x.o(RESET)
 <LI><a href="#[28]">UsageFault_Handler</a> from stm32f10x.o(.text) referenced from stm32f10x.o(RESET)
 <LI><a href="#[2d]">WWDG_IRQHandler</a> from stm32f10x.o(.text) referenced from stm32f10x.o(RESET)
 <LI><a href="#[59]">__main</a> from entry.o(.ARM.Collect$$$$00000000) referenced from stm32f10x.o(.text)
 <LI><a href="#[58]">main</a> from main.o(.text) referenced from entry9a.o(.ARM.Collect$$$$0000000B)
</UL>
<P>
<H3>
Global Symbols
</H3>
<P><STRONG><a name="[59]"></a>__main</STRONG> (Thumb, 0 bytes, Stack size unknown bytes, entry.o(.ARM.Collect$$$$00000000))
<BR>[Address Reference Count : 1]<UL><LI> stm32f10x.o(.text)
</UL>
<P><STRONG><a name="[2b1]"></a>_main_stk</STRONG> (Thumb, 0 bytes, Stack size unknown bytes, entry2.o(.ARM.Collect$$$$00000001))

<P><STRONG><a name="[69]"></a>_main_scatterload</STRONG> (Thumb, 0 bytes, Stack size unknown bytes, entry5.o(.ARM.Collect$$$$00000004))
<BR><BR>[Calls]<UL><LI><a href="#[6a]">&gt;&gt;</a>&nbsp;&nbsp;&nbsp;__scatterload
</UL>

<P><STRONG><a name="[2b0]"></a>__main_after_scatterload</STRONG> (Thumb, 0 bytes, Stack size unknown bytes, entry5.o(.ARM.Collect$$$$00000004))
<BR><BR>[Called By]<UL><LI><a href="#[6a]">&gt;&gt;</a>&nbsp;&nbsp;&nbsp;__scatterload
</UL>

<P><STRONG><a name="[2b2]"></a>_main_clock</STRONG> (Thumb, 0 bytes, Stack size unknown bytes, entry7b.o(.ARM.Collect$$$$00000008))

<P><STRONG><a name="[2b3]"></a>_main_cpp_init</STRONG> (Thumb, 0 bytes, Stack size unknown bytes, entry8b.o(.ARM.Collect$$$$0000000A))

<P><STRONG><a name="[2b4]"></a>_main_init</STRONG> (Thumb, 0 bytes, Stack size unknown bytes, entry9a.o(.ARM.Collect$$$$0000000B))

<P><STRONG><a name="[2b5]"></a>__rt_final_cpp</STRONG> (Thumb, 0 bytes, Stack size unknown bytes, entry10a.o(.ARM.Collect$$$$0000000D))

<P><STRONG><a name="[2b6]"></a>__rt_final_exit</STRONG> (Thumb, 0 bytes, Stack size unknown bytes, entry11a.o(.ARM.Collect$$$$0000000F))

<P><STRONG><a name="[1af]"></a>WFI_SET</STRONG> (Thumb, 2 bytes, Stack size 0 bytes, sys.o(.emb_text), UNUSED)
<BR><BR>[Called By]<UL><LI><a href="#[1b0]">&gt;&gt;</a>&nbsp;&nbsp;&nbsp;Sys_StopMode
<LI><a href="#[1ae]">&gt;&gt;</a>&nbsp;&nbsp;&nbsp;Sys_Standby
</UL>

<P><STRONG><a name="[2b7]"></a>INTX_DISABLE</STRONG> (Thumb, 2 bytes, Stack size 0 bytes, sys.o(.emb_text), UNUSED)

<P><STRONG><a name="[2b8]"></a>INTX_ENABLE</STRONG> (Thumb, 2 bytes, Stack size 0 bytes, sys.o(.emb_text), UNUSED)

<P><STRONG><a name="[2b9]"></a>MSR_MSP</STRONG> (Thumb, 6 bytes, Stack size 0 bytes, sys.o(.emb_text), UNUSED)

<P><STRONG><a name="[23]"></a>Reset_Handler</STRONG> (Thumb, 4 bytes, Stack size 0 bytes, stm32f10x.o(.text))
<BR>[Address Reference Count : 1]<UL><LI> stm32f10x.o(RESET)
</UL>
<P><STRONG><a name="[24]"></a>NMI_Handler</STRONG> (Thumb, 2 bytes, Stack size 0 bytes, stm32f10x.o(.text))
<BR><BR>[Calls]<UL><LI><a href="#[24]">&gt;&gt;</a>&nbsp;&nbsp;&nbsp;NMI_Handler
</UL>
<BR>[Called By]<UL><LI><a href="#[24]">&gt;&gt;</a>&nbsp;&nbsp;&nbsp;NMI_Handler
</UL>
<BR>[Address Reference Count : 1]<UL><LI> stm32f10x.o(RESET)
</UL>
<P><STRONG><a name="[25]"></a>HardFault_Handler</STRONG> (Thumb, 2 bytes, Stack size 0 bytes, stm32f10x.o(.text))
<BR><BR>[Calls]<UL><LI><a href="#[25]">&gt;&gt;</a>&nbsp;&nbsp;&nbsp;HardFault_Handler
</UL>
<BR>[Called By]<UL><LI><a href="#[25]">&gt;&gt;</a>&nbsp;&nbsp;&nbsp;HardFault_Handler
</UL>
<BR>[Address Reference Count : 1]<UL><LI> stm32f10x.o(RESET)
</UL>
<P><STRONG><a name="[26]"></a>MemManage_Handler</STRONG> (Thumb, 2 bytes, Stack size 0 bytes, stm32f10x.o(.text))
<BR><BR>[Calls]<UL><LI><a href="#[26]">&gt;&gt;</a>&nbsp;&nbsp;&nbsp;MemManage_Handler
</UL>
<BR>[Called By]<UL><LI><a href="#[26]">&gt;&gt;</a>&nbsp;&nbsp;&nbsp;MemManage_Handler
</UL>
<BR>[Address Reference Count : 1]<UL><LI> stm32f10x.o(RESET)
</UL>
<P><STRONG><a name="[27]"></a>BusFault_Handler</STRONG> (Thumb, 2 bytes, Stack size 0 bytes, stm32f10x.o(.text))
<BR><BR>[Calls]<UL><LI><a href="#[27]">&gt;&gt;</a>&nbsp;&nbsp;&nbsp;BusFault_Handler
</UL>
<BR>[Called By]<UL><LI><a href="#[27]">&gt;&gt;</a>&nbsp;&nbsp;&nbsp;BusFault_Handler
</UL>
<BR>[Address Reference Count : 1]<UL><LI> stm32f10x.o(RESET)
</UL>
<P><STRONG><a name="[28]"></a>UsageFault_Handler</STRONG> (Thumb, 2 bytes, Stack size 0 bytes, stm32f10x.o(.text))
<BR><BR>[Calls]<UL><LI><a href="#[28]">&gt;&gt;</a>&nbsp;&nbsp;&nbsp;UsageFault_Handler
</UL>
<BR>[Called By]<UL><LI><a href="#[28]">&gt;&gt;</a>&nbsp;&nbsp;&nbsp;UsageFault_Handler
</UL>
<BR>[Address Reference Count : 1]<UL><LI> stm32f10x.o(RESET)
</UL>
<P><STRONG><a name="[29]"></a>SVC_Handler</STRONG> (Thumb, 2 bytes, Stack size 0 bytes, stm32f10x.o(.text))
<BR><BR>[Calls]<UL><LI><a href="#[29]">&gt;&gt;</a>&nbsp;&nbsp;&nbsp;SVC_Handler
</UL>
<BR>[Called By]<UL><LI><a href="#[29]">&gt;&gt;</a>&nbsp;&nbsp;&nbsp;SVC_Handler
</UL>
<BR>[Address Reference Count : 1]<UL><LI> stm32f10x.o(RESET)
</UL>
<P><STRONG><a name="[2a]"></a>DebugMon_Handler</STRONG> (Thumb, 2 bytes, Stack size 0 bytes, stm32f10x.o(.text))
<BR><BR>[Calls]<UL><LI><a href="#[2a]">&gt;&gt;</a>&nbsp;&nbsp;&nbsp;DebugMon_Handler
</UL>
<BR>[Called By]<UL><LI><a href="#[2a]">&gt;&gt;</a>&nbsp;&nbsp;&nbsp;DebugMon_Handler
</UL>
<BR>[Address Reference Count : 1]<UL><LI> stm32f10x.o(RESET)
</UL>
<P><STRONG><a name="[3f]"></a>ADC_IRQHandler</STRONG> (Thumb, 0 bytes, Stack size 0 bytes, stm32f10x.o(.text))
<BR><BR>[Calls]<UL><LI><a href="#[3f]">&gt;&gt;</a>&nbsp;&nbsp;&nbsp;ADC_IRQHandler
</UL>
<BR>[Called By]<UL><LI><a href="#[3f]">&gt;&gt;</a>&nbsp;&nbsp;&nbsp;ADC_IRQHandler
</UL>
<BR>[Address Reference Count : 1]<UL><LI> stm32f10x.o(RESET)
</UL>
<P><STRONG><a name="[42]"></a>CAN_RX1_IRQHandler</STRONG> (Thumb, 0 bytes, Stack size 0 bytes, stm32f10x.o(.text))
<BR>[Address Reference Count : 1]<UL><LI> stm32f10x.o(RESET)
</UL>
<P><STRONG><a name="[43]"></a>CAN_SCE_IRQHandler</STRONG> (Thumb, 0 bytes, Stack size 0 bytes, stm32f10x.o(.text))
<BR>[Address Reference Count : 1]<UL><LI> stm32f10x.o(RESET)
</UL>
<P><STRONG><a name="[38]"></a>DMAChannel1_IRQHandler</STRONG> (Thumb, 0 bytes, Stack size 0 bytes, stm32f10x.o(.text))
<BR>[Address Reference Count : 1]<UL><LI> stm32f10x.o(RESET)
</UL>
<P><STRONG><a name="[39]"></a>DMAChannel2_IRQHandler</STRONG> (Thumb, 0 bytes, Stack size 0 bytes, stm32f10x.o(.text))
<BR>[Address Reference Count : 1]<UL><LI> stm32f10x.o(RESET)
</UL>
<P><STRONG><a name="[3a]"></a>DMAChannel3_IRQHandler</STRONG> (Thumb, 0 bytes, Stack size 0 bytes, stm32f10x.o(.text))
<BR>[Address Reference Count : 1]<UL><LI> stm32f10x.o(RESET)
</UL>
<P><STRONG><a name="[3b]"></a>DMAChannel4_IRQHandler</STRONG> (Thumb, 0 bytes, Stack size 0 bytes, stm32f10x.o(.text))
<BR>[Address Reference Count : 1]<UL><LI> stm32f10x.o(RESET)
</UL>
<P><STRONG><a name="[3c]"></a>DMAChannel5_IRQHandler</STRONG> (Thumb, 0 bytes, Stack size 0 bytes, stm32f10x.o(.text))
<BR>[Address Reference Count : 1]<UL><LI> stm32f10x.o(RESET)
</UL>
<P><STRONG><a name="[3d]"></a>DMAChannel6_IRQHandler</STRONG> (Thumb, 0 bytes, Stack size 0 bytes, stm32f10x.o(.text))
<BR>[Address Reference Count : 1]<UL><LI> stm32f10x.o(RESET)
</UL>
<P><STRONG><a name="[3e]"></a>DMAChannel7_IRQHandler</STRONG> (Thumb, 0 bytes, Stack size 0 bytes, stm32f10x.o(.text))
<BR>[Address Reference Count : 1]<UL><LI> stm32f10x.o(RESET)
</UL>
<P><STRONG><a name="[35]"></a>EXTI2_IRQHandler</STRONG> (Thumb, 0 bytes, Stack size 0 bytes, stm32f10x.o(.text))
<BR>[Address Reference Count : 1]<UL><LI> stm32f10x.o(RESET)
</UL>
<P><STRONG><a name="[36]"></a>EXTI3_IRQHandler</STRONG> (Thumb, 0 bytes, Stack size 0 bytes, stm32f10x.o(.text))
<BR>[Address Reference Count : 1]<UL><LI> stm32f10x.o(RESET)
</UL>
<P><STRONG><a name="[31]"></a>FLASH_IRQHandler</STRONG> (Thumb, 0 bytes, Stack size 0 bytes, stm32f10x.o(.text))
<BR>[Address Reference Count : 1]<UL><LI> stm32f10x.o(RESET)
</UL>
<P><STRONG><a name="[4d]"></a>I2C1_ER_IRQHandler</STRONG> (Thumb, 0 bytes, Stack size 0 bytes, stm32f10x.o(.text))
<BR>[Address Reference Count : 1]<UL><LI> stm32f10x.o(RESET)
</UL>
<P><STRONG><a name="[4c]"></a>I2C1_EV_IRQHandler</STRONG> (Thumb, 0 bytes, Stack size 0 bytes, stm32f10x.o(.text))
<BR>[Address Reference Count : 1]<UL><LI> stm32f10x.o(RESET)
</UL>
<P><STRONG><a name="[4f]"></a>I2C2_ER_IRQHandler</STRONG> (Thumb, 0 bytes, Stack size 0 bytes, stm32f10x.o(.text))
<BR>[Address Reference Count : 1]<UL><LI> stm32f10x.o(RESET)
</UL>
<P><STRONG><a name="[4e]"></a>I2C2_EV_IRQHandler</STRONG> (Thumb, 0 bytes, Stack size 0 bytes, stm32f10x.o(.text))
<BR>[Address Reference Count : 1]<UL><LI> stm32f10x.o(RESET)
</UL>
<P><STRONG><a name="[2e]"></a>PVD_IRQHandler</STRONG> (Thumb, 0 bytes, Stack size 0 bytes, stm32f10x.o(.text))
<BR>[Address Reference Count : 1]<UL><LI> stm32f10x.o(RESET)
</UL>
<P><STRONG><a name="[32]"></a>RCC_IRQHandler</STRONG> (Thumb, 0 bytes, Stack size 0 bytes, stm32f10x.o(.text))
<BR>[Address Reference Count : 1]<UL><LI> stm32f10x.o(RESET)
</UL>
<P><STRONG><a name="[56]"></a>RTCAlarm_IRQHandler</STRONG> (Thumb, 0 bytes, Stack size 0 bytes, stm32f10x.o(.text))
<BR>[Address Reference Count : 1]<UL><LI> stm32f10x.o(RESET)
</UL>
<P><STRONG><a name="[30]"></a>RTC_IRQHandler</STRONG> (Thumb, 0 bytes, Stack size 0 bytes, stm32f10x.o(.text))
<BR>[Address Reference Count : 1]<UL><LI> stm32f10x.o(RESET)
</UL>
<P><STRONG><a name="[51]"></a>SPI2_IRQHandler</STRONG> (Thumb, 0 bytes, Stack size 0 bytes, stm32f10x.o(.text))
<BR>[Address Reference Count : 1]<UL><LI> stm32f10x.o(RESET)
</UL>
<P><STRONG><a name="[2f]"></a>TAMPER_IRQHandler</STRONG> (Thumb, 0 bytes, Stack size 0 bytes, stm32f10x.o(.text))
<BR>[Address Reference Count : 1]<UL><LI> stm32f10x.o(RESET)
</UL>
<P><STRONG><a name="[45]"></a>TIM1_BRK_IRQHandler</STRONG> (Thumb, 0 bytes, Stack size 0 bytes, stm32f10x.o(.text))
<BR>[Address Reference Count : 1]<UL><LI> stm32f10x.o(RESET)
</UL>
<P><STRONG><a name="[48]"></a>TIM1_CC_IRQHandler</STRONG> (Thumb, 0 bytes, Stack size 0 bytes, stm32f10x.o(.text))
<BR>[Address Reference Count : 1]<UL><LI> stm32f10x.o(RESET)
</UL>
<P><STRONG><a name="[47]"></a>TIM1_TRG_COM_IRQHandler</STRONG> (Thumb, 0 bytes, Stack size 0 bytes, stm32f10x.o(.text))
<BR>[Address Reference Count : 1]<UL><LI> stm32f10x.o(RESET)
</UL>
<P><STRONG><a name="[46]"></a>TIM1_UP_IRQHandler</STRONG> (Thumb, 0 bytes, Stack size 0 bytes, stm32f10x.o(.text))
<BR>[Address Reference Count : 1]<UL><LI> stm32f10x.o(RESET)
</UL>
<P><STRONG><a name="[49]"></a>TIM2_IRQHandler</STRONG> (Thumb, 0 bytes, Stack size 0 bytes, stm32f10x.o(.text))
<BR>[Address Reference Count : 1]<UL><LI> stm32f10x.o(RESET)
</UL>
<P><STRONG><a name="[52]"></a>USART1_IRQHandler</STRONG> (Thumb, 0 bytes, Stack size 0 bytes, stm32f10x.o(.text))
<BR>[Address Reference Count : 1]<UL><LI> stm32f10x.o(RESET)
</UL>
<P><STRONG><a name="[54]"></a>USART3_IRQHandler</STRONG> (Thumb, 0 bytes, Stack size 0 bytes, stm32f10x.o(.text))
<BR>[Address Reference Count : 1]<UL><LI> stm32f10x.o(RESET)
</UL>
<P><STRONG><a name="[57]"></a>USBWakeUp_IRQHandler</STRONG> (Thumb, 0 bytes, Stack size 0 bytes, stm32f10x.o(.text))
<BR>[Address Reference Count : 1]<UL><LI> stm32f10x.o(RESET)
</UL>
<P><STRONG><a name="[40]"></a>USB_HP_CAN_TX_IRQHandler</STRONG> (Thumb, 0 bytes, Stack size 0 bytes, stm32f10x.o(.text))
<BR>[Address Reference Count : 1]<UL><LI> stm32f10x.o(RESET)
</UL>
<P><STRONG><a name="[41]"></a>USB_LP_CAN_RX0_IRQHandler</STRONG> (Thumb, 0 bytes, Stack size 0 bytes, stm32f10x.o(.text))
<BR>[Address Reference Count : 1]<UL><LI> stm32f10x.o(RESET)
</UL>
<P><STRONG><a name="[2d]"></a>WWDG_IRQHandler</STRONG> (Thumb, 0 bytes, Stack size 0 bytes, stm32f10x.o(.text))
<BR>[Address Reference Count : 1]<UL><LI> stm32f10x.o(RESET)
</UL>
<P><STRONG><a name="[6b]"></a>ClearWlcBuf</STRONG> (Thumb, 24 bytes, Stack size 8 bytes, flash.o(.text), UNUSED)
<BR><BR>[Calls]<UL><LI><a href="#[6c]">&gt;&gt;</a>&nbsp;&nbsp;&nbsp;__aeabi_memclr4
</UL>

<P><STRONG><a name="[12a]"></a>HpExpCalc</STRONG> (Thumb, 52 bytes, Stack size 8 bytes, flash.o(.text))
<BR><BR>[Stack]<UL><LI>Max Depth = 8<LI>Call Chain = HpExpCalc
</UL>
<BR>[Called By]<UL><LI><a href="#[134]">&gt;&gt;</a>&nbsp;&nbsp;&nbsp;FlashInResMode
<LI><a href="#[129]">&gt;&gt;</a>&nbsp;&nbsp;&nbsp;Pilot
</UL>

<P><STRONG><a name="[6d]"></a>HwTriger</STRONG> (Thumb, 14 bytes, Stack size 0 bytes, flash.o(.text))
<BR><BR>[Stack]<UL><LI>Max Depth = 48<LI>Call Chain = HwTriger &rArr; HP_SHOT_ONCE &rArr; delay_us
</UL>
<BR>[Calls]<UL><LI><a href="#[6e]">&gt;&gt;</a>&nbsp;&nbsp;&nbsp;HP_SHOT_ONCE
</UL>
<BR>[Called By]<UL><LI><a href="#[78]">&gt;&gt;</a>&nbsp;&nbsp;&nbsp;HighSpeedTriger
</UL>

<P><STRONG><a name="[6f]"></a>CalcCmpPower</STRONG> (Thumb, 30 bytes, Stack size 16 bytes, flash.o(.text))
<BR><BR>[Stack]<UL><LI>Max Depth = 24<LI>Call Chain = CalcCmpPower &rArr; __aeabi_fmul
</UL>
<BR>[Calls]<UL><LI><a href="#[70]">&gt;&gt;</a>&nbsp;&nbsp;&nbsp;__aeabi_fmul
</UL>
<BR>[Called By]<UL><LI><a href="#[17e]">&gt;&gt;</a>&nbsp;&nbsp;&nbsp;SetPreFlashDA
<LI><a href="#[78]">&gt;&gt;</a>&nbsp;&nbsp;&nbsp;HighSpeedTriger
</UL>

<P><STRONG><a name="[72]"></a>IIcDelay</STRONG> (Thumb, 12 bytes, Stack size 0 bytes, flash.o(.text))
<BR><BR>[Called By]<UL><LI><a href="#[76]">&gt;&gt;</a>&nbsp;&nbsp;&nbsp;hp_IIcStart
<LI><a href="#[74]">&gt;&gt;</a>&nbsp;&nbsp;&nbsp;hp_IicSendByte
<LI><a href="#[73]">&gt;&gt;</a>&nbsp;&nbsp;&nbsp;hp_IIcAck
<LI><a href="#[71]">&gt;&gt;</a>&nbsp;&nbsp;&nbsp;hp_IIcStop
</UL>

<P><STRONG><a name="[71]"></a>hp_IIcStop</STRONG> (Thumb, 54 bytes, Stack size 4 bytes, flash.o(.text))
<BR><BR>[Stack]<UL><LI>Max Depth = 4<LI>Call Chain = hp_IIcStop
</UL>
<BR>[Calls]<UL><LI><a href="#[72]">&gt;&gt;</a>&nbsp;&nbsp;&nbsp;IIcDelay
</UL>
<BR>[Called By]<UL><LI><a href="#[77]">&gt;&gt;</a>&nbsp;&nbsp;&nbsp;HpExpCodeSend
</UL>

<P><STRONG><a name="[73]"></a>hp_IIcAck</STRONG> (Thumb, 58 bytes, Stack size 4 bytes, flash.o(.text))
<BR><BR>[Stack]<UL><LI>Max Depth = 4<LI>Call Chain = hp_IIcAck
</UL>
<BR>[Calls]<UL><LI><a href="#[72]">&gt;&gt;</a>&nbsp;&nbsp;&nbsp;IIcDelay
</UL>
<BR>[Called By]<UL><LI><a href="#[74]">&gt;&gt;</a>&nbsp;&nbsp;&nbsp;hp_IicSendByte
</UL>

<P><STRONG><a name="[74]"></a>hp_IicSendByte</STRONG> (Thumb, 96 bytes, Stack size 12 bytes, flash.o(.text))
<BR><BR>[Stack]<UL><LI>Max Depth = 16<LI>Call Chain = hp_IicSendByte &rArr; hp_IIcAck
</UL>
<BR>[Calls]<UL><LI><a href="#[73]">&gt;&gt;</a>&nbsp;&nbsp;&nbsp;hp_IIcAck
<LI><a href="#[72]">&gt;&gt;</a>&nbsp;&nbsp;&nbsp;IIcDelay
</UL>
<BR>[Called By]<UL><LI><a href="#[77]">&gt;&gt;</a>&nbsp;&nbsp;&nbsp;HpExpCodeSend
<LI><a href="#[75]">&gt;&gt;</a>&nbsp;&nbsp;&nbsp;HpIicSendByte
</UL>

<P><STRONG><a name="[75]"></a>HpIicSendByte</STRONG> (Thumb, 2 bytes, Stack size 0 bytes, flash.o(.text), UNUSED)
<BR><BR>[Calls]<UL><LI><a href="#[74]">&gt;&gt;</a>&nbsp;&nbsp;&nbsp;hp_IicSendByte
</UL>

<P><STRONG><a name="[76]"></a>hp_IIcStart</STRONG> (Thumb, 58 bytes, Stack size 4 bytes, flash.o(.text))
<BR><BR>[Stack]<UL><LI>Max Depth = 4<LI>Call Chain = hp_IIcStart
</UL>
<BR>[Calls]<UL><LI><a href="#[72]">&gt;&gt;</a>&nbsp;&nbsp;&nbsp;IIcDelay
</UL>
<BR>[Called By]<UL><LI><a href="#[77]">&gt;&gt;</a>&nbsp;&nbsp;&nbsp;HpExpCodeSend
</UL>

<P><STRONG><a name="[77]"></a>HpExpCodeSend</STRONG> (Thumb, 36 bytes, Stack size 8 bytes, flash.o(.text))
<BR><BR>[Stack]<UL><LI>Max Depth = 24<LI>Call Chain = HpExpCodeSend &rArr; hp_IicSendByte &rArr; hp_IIcAck
</UL>
<BR>[Calls]<UL><LI><a href="#[76]">&gt;&gt;</a>&nbsp;&nbsp;&nbsp;hp_IIcStart
<LI><a href="#[74]">&gt;&gt;</a>&nbsp;&nbsp;&nbsp;hp_IicSendByte
<LI><a href="#[71]">&gt;&gt;</a>&nbsp;&nbsp;&nbsp;hp_IIcStop
</UL>
<BR>[Called By]<UL><LI><a href="#[17e]">&gt;&gt;</a>&nbsp;&nbsp;&nbsp;SetPreFlashDA
<LI><a href="#[16e]">&gt;&gt;</a>&nbsp;&nbsp;&nbsp;ExtaModSet
<LI><a href="#[17d]">&gt;&gt;</a>&nbsp;&nbsp;&nbsp;WLMCmdSend
<LI><a href="#[17b]">&gt;&gt;</a>&nbsp;&nbsp;&nbsp;WLM_SendChanhead
<LI><a href="#[17a]">&gt;&gt;</a>&nbsp;&nbsp;&nbsp;WlmCmdSet
<LI><a href="#[126]">&gt;&gt;</a>&nbsp;&nbsp;&nbsp;WlmFlaADSet
<LI><a href="#[136]">&gt;&gt;</a>&nbsp;&nbsp;&nbsp;ExtmModSet
<LI><a href="#[78]">&gt;&gt;</a>&nbsp;&nbsp;&nbsp;HighSpeedTriger
</UL>

<P><STRONG><a name="[78]"></a>HighSpeedTriger</STRONG> (Thumb, 136 bytes, Stack size 32 bytes, flash.o(.text))
<BR><BR>[Stack]<UL><LI>Max Depth = 80<LI>Call Chain = HighSpeedTriger &rArr; HwTriger &rArr; HP_SHOT_ONCE &rArr; delay_us
</UL>
<BR>[Calls]<UL><LI><a href="#[79]">&gt;&gt;</a>&nbsp;&nbsp;&nbsp;__aeabi_ui2f
<LI><a href="#[70]">&gt;&gt;</a>&nbsp;&nbsp;&nbsp;__aeabi_fmul
<LI><a href="#[7b]">&gt;&gt;</a>&nbsp;&nbsp;&nbsp;__aeabi_fdiv
<LI><a href="#[7a]">&gt;&gt;</a>&nbsp;&nbsp;&nbsp;__aeabi_f2uiz
<LI><a href="#[77]">&gt;&gt;</a>&nbsp;&nbsp;&nbsp;HpExpCodeSend
<LI><a href="#[6f]">&gt;&gt;</a>&nbsp;&nbsp;&nbsp;CalcCmpPower
<LI><a href="#[6d]">&gt;&gt;</a>&nbsp;&nbsp;&nbsp;HwTriger
</UL>
<BR>[Called By]<UL><LI><a href="#[134]">&gt;&gt;</a>&nbsp;&nbsp;&nbsp;FlashInResMode
<LI><a href="#[129]">&gt;&gt;</a>&nbsp;&nbsp;&nbsp;Pilot
</UL>

<P><STRONG><a name="[7c]"></a>LightSlaveParaClear</STRONG> (Thumb, 64 bytes, Stack size 16 bytes, flash.o(.text))
<BR><BR>[Stack]<UL><LI>Max Depth = 40<LI>Call Chain = LightSlaveParaClear &rArr; TmCaptureInit &rArr; MY_NVIC_Init
</UL>
<BR>[Calls]<UL><LI><a href="#[7e]">&gt;&gt;</a>&nbsp;&nbsp;&nbsp;TmCaptureInit
<LI><a href="#[7d]">&gt;&gt;</a>&nbsp;&nbsp;&nbsp;StopCapture
<LI><a href="#[6c]">&gt;&gt;</a>&nbsp;&nbsp;&nbsp;__aeabi_memclr4
</UL>
<BR>[Called By]<UL><LI><a href="#[17d]">&gt;&gt;</a>&nbsp;&nbsp;&nbsp;WLMCmdSend
<LI><a href="#[15a]">&gt;&gt;</a>&nbsp;&nbsp;&nbsp;SleepTimerProc
<LI><a href="#[62]">&gt;&gt;</a>&nbsp;&nbsp;&nbsp;SlaveResume
<LI><a href="#[13a]">&gt;&gt;</a>&nbsp;&nbsp;&nbsp;KeyProcess
<LI><a href="#[e5]">&gt;&gt;</a>&nbsp;&nbsp;&nbsp;FuncModuleSw
<LI><a href="#[82]">&gt;&gt;</a>&nbsp;&nbsp;&nbsp;LightSlaveTtlPilot
<LI><a href="#[5e]">&gt;&gt;</a>&nbsp;&nbsp;&nbsp;LightSlaveTmrProc
</UL>

<P><STRONG><a name="[7f]"></a>UnexpectHandle</STRONG> (Thumb, 64 bytes, Stack size 16 bytes, flash.o(.text))
<BR><BR>[Stack]<UL><LI>Max Depth = 40<LI>Call Chain = UnexpectHandle &rArr; TmCaptureInit &rArr; MY_NVIC_Init
</UL>
<BR>[Calls]<UL><LI><a href="#[7e]">&gt;&gt;</a>&nbsp;&nbsp;&nbsp;TmCaptureInit
<LI><a href="#[7d]">&gt;&gt;</a>&nbsp;&nbsp;&nbsp;StopCapture
<LI><a href="#[6c]">&gt;&gt;</a>&nbsp;&nbsp;&nbsp;__aeabi_memclr4
</UL>
<BR>[Called By]<UL><LI><a href="#[90]">&gt;&gt;</a>&nbsp;&nbsp;&nbsp;ParseMstCmd
<LI><a href="#[8f]">&gt;&gt;</a>&nbsp;&nbsp;&nbsp;LightSlaveTtlPreFlash
<LI><a href="#[8d]">&gt;&gt;</a>&nbsp;&nbsp;&nbsp;LightSlaveTtl
<LI><a href="#[89]">&gt;&gt;</a>&nbsp;&nbsp;&nbsp;LightSlaveMulti
<LI><a href="#[86]">&gt;&gt;</a>&nbsp;&nbsp;&nbsp;LightSlaveManu
<LI><a href="#[82]">&gt;&gt;</a>&nbsp;&nbsp;&nbsp;LightSlaveTtlPilot
<LI><a href="#[80]">&gt;&gt;</a>&nbsp;&nbsp;&nbsp;LightSlaveProc
</UL>

<P><STRONG><a name="[80]"></a>LightSlaveProc</STRONG> (Thumb, 212 bytes, Stack size 16 bytes, flash.o(.text))
<BR><BR>[Stack]<UL><LI>Max Depth = 56 + Unknown Stack Size
<LI>Call Chain = LightSlaveProc &rArr; UnexpectHandle &rArr; TmCaptureInit &rArr; MY_NVIC_Init
</UL>
<BR>[Calls]<UL><LI><a href="#[81]">&gt;&gt;</a>&nbsp;&nbsp;&nbsp;OSTaskResume
<LI><a href="#[7f]">&gt;&gt;</a>&nbsp;&nbsp;&nbsp;UnexpectHandle
<LI><a href="#[6c]">&gt;&gt;</a>&nbsp;&nbsp;&nbsp;__aeabi_memclr4
</UL>
<BR>[Called By]<UL><LI><a href="#[4a]">&gt;&gt;</a>&nbsp;&nbsp;&nbsp;TIM3_IRQHandler
</UL>

<P><STRONG><a name="[2ba]"></a>WlmCodeExtract</STRONG> (Thumb, 46 bytes, Stack size 20 bytes, flash.o(.text), UNUSED)

<P><STRONG><a name="[2bb]"></a>WlmCodeExcludeNone</STRONG> (Thumb, 78 bytes, Stack size 8 bytes, flash.o(.text), UNUSED)

<P><STRONG><a name="[87]"></a>CodeSearch</STRONG> (Thumb, 24 bytes, Stack size 8 bytes, flash.o(.text))
<BR><BR>[Stack]<UL><LI>Max Depth = 8<LI>Call Chain = CodeSearch
</UL>
<BR>[Called By]<UL><LI><a href="#[89]">&gt;&gt;</a>&nbsp;&nbsp;&nbsp;LightSlaveMulti
<LI><a href="#[86]">&gt;&gt;</a>&nbsp;&nbsp;&nbsp;LightSlaveManu
</UL>

<P><STRONG><a name="[88]"></a>IndexToOutput</STRONG> (Thumb, 24 bytes, Stack size 8 bytes, flash.o(.text))
<BR><BR>[Stack]<UL><LI>Max Depth = 8<LI>Call Chain = IndexToOutput
</UL>
<BR>[Called By]<UL><LI><a href="#[86]">&gt;&gt;</a>&nbsp;&nbsp;&nbsp;LightSlaveManu
</UL>

<P><STRONG><a name="[8a]"></a>WlMultiFrqConver</STRONG> (Thumb, 56 bytes, Stack size 0 bytes, flash.o(.text))
<BR><BR>[Called By]<UL><LI><a href="#[89]">&gt;&gt;</a>&nbsp;&nbsp;&nbsp;LightSlaveMulti
</UL>

<P><STRONG><a name="[8b]"></a>WlMultiTimeConver</STRONG> (Thumb, 28 bytes, Stack size 0 bytes, flash.o(.text))
<BR><BR>[Called By]<UL><LI><a href="#[89]">&gt;&gt;</a>&nbsp;&nbsp;&nbsp;LightSlaveMulti
</UL>

<P><STRONG><a name="[8e]"></a>CanExposeTimeCal</STRONG> (Thumb, 100 bytes, Stack size 16 bytes, flash.o(.text))
<BR><BR>[Stack]<UL><LI>Max Depth = 16<LI>Call Chain = CanExposeTimeCal
</UL>
<BR>[Called By]<UL><LI><a href="#[8d]">&gt;&gt;</a>&nbsp;&nbsp;&nbsp;LightSlaveTtl
<LI><a href="#[1f9]">&gt;&gt;</a>&nbsp;&nbsp;&nbsp;FlashHandle
<LI><a href="#[1cf]">&gt;&gt;</a>&nbsp;&nbsp;&nbsp;RfSlaveFlashCalc
</UL>

<P><STRONG><a name="[5e]"></a>LightSlaveTmrProc</STRONG> (Thumb, 26 bytes, Stack size 0 bytes, flash.o(.text))
<BR><BR>[Stack]<UL><LI>Max Depth = 40 + Unknown Stack Size
<LI>Call Chain = LightSlaveTmrProc &rArr; LightSlaveParaClear &rArr; TmCaptureInit &rArr; MY_NVIC_Init
</UL>
<BR>[Calls]<UL><LI><a href="#[81]">&gt;&gt;</a>&nbsp;&nbsp;&nbsp;OSTaskResume
<LI><a href="#[7c]">&gt;&gt;</a>&nbsp;&nbsp;&nbsp;LightSlaveParaClear
</UL>
<BR>[Called By]<UL><LI><a href="#[8c]">&gt;&gt;</a>&nbsp;&nbsp;&nbsp;LightSlavePilot
</UL>
<BR>[Address Reference Count : 1]<UL><LI> main.o(.text)
</UL>
<P><STRONG><a name="[82]"></a>LightSlaveTtlPilot</STRONG> (Thumb, 176 bytes, Stack size 32 bytes, flash.o(.text))
<BR><BR>[Stack]<UL><LI>Max Depth = 72<LI>Call Chain = LightSlaveTtlPilot &rArr; UnexpectHandle &rArr; TmCaptureInit &rArr; MY_NVIC_Init
</UL>
<BR>[Calls]<UL><LI><a href="#[7f]">&gt;&gt;</a>&nbsp;&nbsp;&nbsp;UnexpectHandle
<LI><a href="#[7c]">&gt;&gt;</a>&nbsp;&nbsp;&nbsp;LightSlaveParaClear
</UL>
<BR>[Called By]<UL><LI><a href="#[90]">&gt;&gt;</a>&nbsp;&nbsp;&nbsp;ParseMstCmd
</UL>

<P><STRONG><a name="[83]"></a>SetFlashTimeOut</STRONG> (Thumb, 22 bytes, Stack size 16 bytes, flash.o(.text))
<BR><BR>[Stack]<UL><LI>Max Depth = 80 + Unknown Stack Size
<LI>Call Chain = SetFlashTimeOut &rArr; OSTmrStart &rArr; OSTmr_Lock &rArr; OSSemPend &rArr; OS_EventTaskWait
</UL>
<BR>[Calls]<UL><LI><a href="#[85]">&gt;&gt;</a>&nbsp;&nbsp;&nbsp;OSTmrStart
<LI><a href="#[84]">&gt;&gt;</a>&nbsp;&nbsp;&nbsp;OSTmrReload
</UL>
<BR>[Called By]<UL><LI><a href="#[145]">&gt;&gt;</a>&nbsp;&nbsp;&nbsp;DspUpdate
</UL>

<P><STRONG><a name="[86]"></a>LightSlaveManu</STRONG> (Thumb, 230 bytes, Stack size 24 bytes, flash.o(.text))
<BR><BR>[Stack]<UL><LI>Max Depth = 64<LI>Call Chain = LightSlaveManu &rArr; UnexpectHandle &rArr; TmCaptureInit &rArr; MY_NVIC_Init
</UL>
<BR>[Calls]<UL><LI><a href="#[88]">&gt;&gt;</a>&nbsp;&nbsp;&nbsp;IndexToOutput
<LI><a href="#[87]">&gt;&gt;</a>&nbsp;&nbsp;&nbsp;CodeSearch
<LI><a href="#[7f]">&gt;&gt;</a>&nbsp;&nbsp;&nbsp;UnexpectHandle
</UL>
<BR>[Called By]<UL><LI><a href="#[90]">&gt;&gt;</a>&nbsp;&nbsp;&nbsp;ParseMstCmd
</UL>

<P><STRONG><a name="[89]"></a>LightSlaveMulti</STRONG> (Thumb, 194 bytes, Stack size 16 bytes, flash.o(.text))
<BR><BR>[Stack]<UL><LI>Max Depth = 56<LI>Call Chain = LightSlaveMulti &rArr; UnexpectHandle &rArr; TmCaptureInit &rArr; MY_NVIC_Init
</UL>
<BR>[Calls]<UL><LI><a href="#[8b]">&gt;&gt;</a>&nbsp;&nbsp;&nbsp;WlMultiTimeConver
<LI><a href="#[8a]">&gt;&gt;</a>&nbsp;&nbsp;&nbsp;WlMultiFrqConver
<LI><a href="#[87]">&gt;&gt;</a>&nbsp;&nbsp;&nbsp;CodeSearch
<LI><a href="#[7f]">&gt;&gt;</a>&nbsp;&nbsp;&nbsp;UnexpectHandle
</UL>
<BR>[Called By]<UL><LI><a href="#[90]">&gt;&gt;</a>&nbsp;&nbsp;&nbsp;ParseMstCmd
</UL>

<P><STRONG><a name="[8c]"></a>LightSlavePilot</STRONG> (Thumb, 2 bytes, Stack size 0 bytes, flash.o(.text), UNUSED)
<BR><BR>[Calls]<UL><LI><a href="#[5e]">&gt;&gt;</a>&nbsp;&nbsp;&nbsp;LightSlaveTmrProc
</UL>

<P><STRONG><a name="[8d]"></a>LightSlaveTtl</STRONG> (Thumb, 204 bytes, Stack size 24 bytes, flash.o(.text))
<BR><BR>[Stack]<UL><LI>Max Depth = 64<LI>Call Chain = LightSlaveTtl &rArr; UnexpectHandle &rArr; TmCaptureInit &rArr; MY_NVIC_Init
</UL>
<BR>[Calls]<UL><LI><a href="#[8e]">&gt;&gt;</a>&nbsp;&nbsp;&nbsp;CanExposeTimeCal
<LI><a href="#[7f]">&gt;&gt;</a>&nbsp;&nbsp;&nbsp;UnexpectHandle
</UL>
<BR>[Called By]<UL><LI><a href="#[90]">&gt;&gt;</a>&nbsp;&nbsp;&nbsp;ParseMstCmd
</UL>

<P><STRONG><a name="[8f]"></a>LightSlaveTtlPreFlash</STRONG> (Thumb, 154 bytes, Stack size 16 bytes, flash.o(.text))
<BR><BR>[Stack]<UL><LI>Max Depth = 56 + Unknown Stack Size
<LI>Call Chain = LightSlaveTtlPreFlash &rArr; UnexpectHandle &rArr; TmCaptureInit &rArr; MY_NVIC_Init
</UL>
<BR>[Calls]<UL><LI><a href="#[81]">&gt;&gt;</a>&nbsp;&nbsp;&nbsp;OSTaskResume
<LI><a href="#[7f]">&gt;&gt;</a>&nbsp;&nbsp;&nbsp;UnexpectHandle
</UL>
<BR>[Called By]<UL><LI><a href="#[90]">&gt;&gt;</a>&nbsp;&nbsp;&nbsp;ParseMstCmd
</UL>

<P><STRONG><a name="[90]"></a>ParseMstCmd</STRONG> (Thumb, 94 bytes, Stack size 0 bytes, flash.o(.text))
<BR><BR>[Stack]<UL><LI>Max Depth = 72 + Unknown Stack Size
<LI>Call Chain = ParseMstCmd &rArr; LightSlaveTtlPilot &rArr; UnexpectHandle &rArr; TmCaptureInit &rArr; MY_NVIC_Init
</UL>
<BR>[Calls]<UL><LI><a href="#[8f]">&gt;&gt;</a>&nbsp;&nbsp;&nbsp;LightSlaveTtlPreFlash
<LI><a href="#[8d]">&gt;&gt;</a>&nbsp;&nbsp;&nbsp;LightSlaveTtl
<LI><a href="#[89]">&gt;&gt;</a>&nbsp;&nbsp;&nbsp;LightSlaveMulti
<LI><a href="#[86]">&gt;&gt;</a>&nbsp;&nbsp;&nbsp;LightSlaveManu
<LI><a href="#[82]">&gt;&gt;</a>&nbsp;&nbsp;&nbsp;LightSlaveTtlPilot
<LI><a href="#[7f]">&gt;&gt;</a>&nbsp;&nbsp;&nbsp;UnexpectHandle
</UL>
<BR>[Called By]<UL><LI><a href="#[4a]">&gt;&gt;</a>&nbsp;&nbsp;&nbsp;TIM3_IRQHandler
</UL>

<P><STRONG><a name="[125]"></a>CanOutputSwitch</STRONG> (Thumb, 26 bytes, Stack size 0 bytes, flash.o(.text))
<BR><BR>[Called By]<UL><LI><a href="#[19c]">&gt;&gt;</a>&nbsp;&nbsp;&nbsp;LightSlaveMultiFlash
<LI><a href="#[169]">&gt;&gt;</a>&nbsp;&nbsp;&nbsp;TakeMultiFlash
<LI><a href="#[134]">&gt;&gt;</a>&nbsp;&nbsp;&nbsp;FlashInResMode
<LI><a href="#[129]">&gt;&gt;</a>&nbsp;&nbsp;&nbsp;Pilot
<LI><a href="#[124]">&gt;&gt;</a>&nbsp;&nbsp;&nbsp;TtlTestProc
</UL>

<P><STRONG><a name="[91]"></a>LayoutClear</STRONG> (Thumb, 4 bytes, Stack size 0 bytes, funclayout.o(.text), UNUSED)
<BR><BR>[Calls]<UL><LI><a href="#[92]">&gt;&gt;</a>&nbsp;&nbsp;&nbsp;LcdClearFeild
</UL>
<BR>[Called By]<UL><LI><a href="#[93]">&gt;&gt;</a>&nbsp;&nbsp;&nbsp;LayModeClear
</UL>

<P><STRONG><a name="[93]"></a>LayModeClear</STRONG> (Thumb, 10 bytes, Stack size 0 bytes, funclayout.o(.text), UNUSED)
<BR><BR>[Calls]<UL><LI><a href="#[91]">&gt;&gt;</a>&nbsp;&nbsp;&nbsp;LayoutClear
</UL>

<P><STRONG><a name="[94]"></a>LayModeEttl</STRONG> (Thumb, 126 bytes, Stack size 24 bytes, funclayout.o(.text))
<BR><BR>[Stack]<UL><LI>Max Depth = 88<LI>Call Chain = LayModeEttl &rArr; LcdLoadPicture &rArr; DisplayPicture &rArr; AreaSet
</UL>
<BR>[Calls]<UL><LI><a href="#[95]">&gt;&gt;</a>&nbsp;&nbsp;&nbsp;LcdLoadPicture
</UL>
<BR>[Called By]<UL><LI><a href="#[c2]">&gt;&gt;</a>&nbsp;&nbsp;&nbsp;SetTtlScr
</UL>

<P><STRONG><a name="[96]"></a>LayModeManu</STRONG> (Thumb, 24 bytes, Stack size 16 bytes, funclayout.o(.text))
<BR><BR>[Stack]<UL><LI>Max Depth = 80<LI>Call Chain = LayModeManu &rArr; LcdLoadPicture &rArr; DisplayPicture &rArr; AreaSet
</UL>
<BR>[Calls]<UL><LI><a href="#[95]">&gt;&gt;</a>&nbsp;&nbsp;&nbsp;LcdLoadPicture
</UL>
<BR>[Called By]<UL><LI><a href="#[c9]">&gt;&gt;</a>&nbsp;&nbsp;&nbsp;SetManuScr
</UL>

<P><STRONG><a name="[97]"></a>LayModeMulti</STRONG> (Thumb, 78 bytes, Stack size 16 bytes, funclayout.o(.text))
<BR><BR>[Stack]<UL><LI>Max Depth = 80<LI>Call Chain = LayModeMulti &rArr; LcdLoadPicture &rArr; DisplayPicture &rArr; AreaSet
</UL>
<BR>[Calls]<UL><LI><a href="#[95]">&gt;&gt;</a>&nbsp;&nbsp;&nbsp;LcdLoadPicture
</UL>
<BR>[Called By]<UL><LI><a href="#[cb]">&gt;&gt;</a>&nbsp;&nbsp;&nbsp;SetMultiScr
</UL>

<P><STRONG><a name="[98]"></a>LayModeGr</STRONG> (Thumb, 42 bytes, Stack size 16 bytes, funclayout.o(.text))
<BR><BR>[Stack]<UL><LI>Max Depth = 80<LI>Call Chain = LayModeGr &rArr; LcdLoadPicture &rArr; DisplayPicture &rArr; AreaSet
</UL>
<BR>[Calls]<UL><LI><a href="#[95]">&gt;&gt;</a>&nbsp;&nbsp;&nbsp;LcdLoadPicture
</UL>
<BR>[Called By]<UL><LI><a href="#[d9]">&gt;&gt;</a>&nbsp;&nbsp;&nbsp;SetRfGrScr
</UL>

<P><STRONG><a name="[99]"></a>LayModeExtA</STRONG> (Thumb, 96 bytes, Stack size 16 bytes, funclayout.o(.text))
<BR><BR>[Stack]<UL><LI>Max Depth = 80<LI>Call Chain = LayModeExtA &rArr; LcdLoadPicture &rArr; DisplayPicture &rArr; AreaSet
</UL>
<BR>[Calls]<UL><LI><a href="#[95]">&gt;&gt;</a>&nbsp;&nbsp;&nbsp;LcdLoadPicture
</UL>
<BR>[Called By]<UL><LI><a href="#[cc]">&gt;&gt;</a>&nbsp;&nbsp;&nbsp;SetExtaScr
</UL>

<P><STRONG><a name="[9a]"></a>LayModeExtM</STRONG> (Thumb, 96 bytes, Stack size 16 bytes, funclayout.o(.text))
<BR><BR>[Stack]<UL><LI>Max Depth = 80<LI>Call Chain = LayModeExtM &rArr; LcdLoadPicture &rArr; DisplayPicture &rArr; AreaSet
</UL>
<BR>[Calls]<UL><LI><a href="#[95]">&gt;&gt;</a>&nbsp;&nbsp;&nbsp;LcdLoadPicture
</UL>
<BR>[Called By]<UL><LI><a href="#[cd]">&gt;&gt;</a>&nbsp;&nbsp;&nbsp;SetExtmScr
</UL>

<P><STRONG><a name="[9c]"></a>Adc_Init</STRONG> (Thumb, 204 bytes, Stack size 0 bytes, keyadc.o(.text))
<BR><BR>[Called By]<UL><LI><a href="#[58]">&gt;&gt;</a>&nbsp;&nbsp;&nbsp;main
<LI><a href="#[14b]">&gt;&gt;</a>&nbsp;&nbsp;&nbsp;PowerDownProc
<LI><a href="#[9b]">&gt;&gt;</a>&nbsp;&nbsp;&nbsp;KeyAdcEnable
</UL>

<P><STRONG><a name="[9b]"></a>KeyAdcEnable</STRONG> (Thumb, 8 bytes, Stack size 0 bytes, keyadc.o(.text))
<BR><BR>[Calls]<UL><LI><a href="#[9c]">&gt;&gt;</a>&nbsp;&nbsp;&nbsp;Adc_Init
</UL>
<BR>[Called By]<UL><LI><a href="#[156]">&gt;&gt;</a>&nbsp;&nbsp;&nbsp;Sleep_Init
<LI><a href="#[153]">&gt;&gt;</a>&nbsp;&nbsp;&nbsp;DspSlaveSleepScr
</UL>

<P><STRONG><a name="[9d]"></a>KeyAdcDisable</STRONG> (Thumb, 14 bytes, Stack size 0 bytes, keyadc.o(.text))
<BR><BR>[Stack]<UL><LI>Max Depth = 8<LI>Call Chain = KeyAdcDisable &rArr; ADC_DeInit
</UL>
<BR>[Calls]<UL><LI><a href="#[9e]">&gt;&gt;</a>&nbsp;&nbsp;&nbsp;ADC_DeInit
</UL>
<BR>[Called By]<UL><LI><a href="#[156]">&gt;&gt;</a>&nbsp;&nbsp;&nbsp;Sleep_Init
<LI><a href="#[14d]">&gt;&gt;</a>&nbsp;&nbsp;&nbsp;LowPow_Init
<LI><a href="#[153]">&gt;&gt;</a>&nbsp;&nbsp;&nbsp;DspSlaveSleepScr
</UL>

<P><STRONG><a name="[a7]"></a>GetKeyAdc</STRONG> (Thumb, 54 bytes, Stack size 0 bytes, keyadc.o(.text))
<BR><BR>[Called By]<UL><LI><a href="#[a6]">&gt;&gt;</a>&nbsp;&nbsp;&nbsp;ReadKey
</UL>

<P><STRONG><a name="[149]"></a>GetBatteryAdc</STRONG> (Thumb, 54 bytes, Stack size 0 bytes, keyadc.o(.text))
<BR><BR>[Called By]<UL><LI><a href="#[19d]">&gt;&gt;</a>&nbsp;&nbsp;&nbsp;ComIdleFlash
<LI><a href="#[148]">&gt;&gt;</a>&nbsp;&nbsp;&nbsp;CheckBattery
</UL>

<P><STRONG><a name="[55]"></a>EXTI15_10_IRQHandler</STRONG> (Thumb, 166 bytes, Stack size 16 bytes, keyadc.o(.text))
<BR><BR>[Stack]<UL><LI>Max Depth = 32<LI>Call Chain = EXTI15_10_IRQHandler &rArr; Ex_NVIC_Config
</UL>
<BR>[Calls]<UL><LI><a href="#[a3]">&gt;&gt;</a>&nbsp;&nbsp;&nbsp;Ex_NVIC_Enable
<LI><a href="#[a0]">&gt;&gt;</a>&nbsp;&nbsp;&nbsp;Ex_NVIC_Disable
<LI><a href="#[a2]">&gt;&gt;</a>&nbsp;&nbsp;&nbsp;Ex_NVIC_Config
<LI><a href="#[9f]">&gt;&gt;</a>&nbsp;&nbsp;&nbsp;EXTI_GetITStatus
<LI><a href="#[a1]">&gt;&gt;</a>&nbsp;&nbsp;&nbsp;EXTI_ClearITPendingBit
</UL>
<BR>[Address Reference Count : 1]<UL><LI> stm32f10x.o(RESET)
</UL>
<P><STRONG><a name="[a8]"></a>KeyValid</STRONG> (Thumb, 24 bytes, Stack size 0 bytes, keyproc.o(.text))
<BR><BR>[Called By]<UL><LI><a href="#[a6]">&gt;&gt;</a>&nbsp;&nbsp;&nbsp;ReadKey
</UL>

<P><STRONG><a name="[a9]"></a>KeyReArmed</STRONG> (Thumb, 20 bytes, Stack size 0 bytes, keyproc.o(.text))
<BR><BR>[Called By]<UL><LI><a href="#[a6]">&gt;&gt;</a>&nbsp;&nbsp;&nbsp;ReadKey
</UL>

<P><STRONG><a name="[a4]"></a>ReadPilot</STRONG> (Thumb, 54 bytes, Stack size 16 bytes, keyproc.o(.text))
<BR><BR>[Stack]<UL><LI>Max Depth = 56 + Unknown Stack Size
<LI>Call Chain = ReadPilot &rArr; OSTimeDlyHMSM &rArr; OSTimeDly &rArr; OS_Sched
</UL>
<BR>[Calls]<UL><LI><a href="#[a5]">&gt;&gt;</a>&nbsp;&nbsp;&nbsp;OSTimeDlyHMSM
</UL>
<BR>[Called By]<UL><LI><a href="#[a6]">&gt;&gt;</a>&nbsp;&nbsp;&nbsp;ReadKey
</UL>

<P><STRONG><a name="[a6]"></a>ReadKey</STRONG> (Thumb, 334 bytes, Stack size 16 bytes, keyproc.o(.text))
<BR><BR>[Stack]<UL><LI>Max Depth = 72 + Unknown Stack Size
<LI>Call Chain = ReadKey &rArr; ReadPilot &rArr; OSTimeDlyHMSM &rArr; OSTimeDly &rArr; OS_Sched
</UL>
<BR>[Calls]<UL><LI><a href="#[a5]">&gt;&gt;</a>&nbsp;&nbsp;&nbsp;OSTimeDlyHMSM
<LI><a href="#[a4]">&gt;&gt;</a>&nbsp;&nbsp;&nbsp;ReadPilot
<LI><a href="#[a9]">&gt;&gt;</a>&nbsp;&nbsp;&nbsp;KeyReArmed
<LI><a href="#[a8]">&gt;&gt;</a>&nbsp;&nbsp;&nbsp;KeyValid
<LI><a href="#[a7]">&gt;&gt;</a>&nbsp;&nbsp;&nbsp;GetKeyAdc
</UL>
<BR>[Called By]<UL><LI><a href="#[13a]">&gt;&gt;</a>&nbsp;&nbsp;&nbsp;KeyProcess
</UL>

<P><STRONG><a name="[aa]"></a>DspCmpIcon</STRONG> (Thumb, 80 bytes, Stack size 16 bytes, keyproc.o(.text), UNUSED)
<BR><BR>[Calls]<UL><LI><a href="#[ad]">&gt;&gt;</a>&nbsp;&nbsp;&nbsp;LCD_WRITE_BYTE
<LI><a href="#[ac]">&gt;&gt;</a>&nbsp;&nbsp;&nbsp;AreaSet
<LI><a href="#[ab]">&gt;&gt;</a>&nbsp;&nbsp;&nbsp;__aeabi_memclr
</UL>

<P><STRONG><a name="[ae]"></a>DspFebIcon</STRONG> (Thumb, 80 bytes, Stack size 16 bytes, keyproc.o(.text), UNUSED)
<BR><BR>[Calls]<UL><LI><a href="#[ad]">&gt;&gt;</a>&nbsp;&nbsp;&nbsp;LCD_WRITE_BYTE
<LI><a href="#[ac]">&gt;&gt;</a>&nbsp;&nbsp;&nbsp;AreaSet
<LI><a href="#[ab]">&gt;&gt;</a>&nbsp;&nbsp;&nbsp;__aeabi_memclr
</UL>

<P><STRONG><a name="[af]"></a>SetCmpFeb</STRONG> (Thumb, 816 bytes, Stack size 48 bytes, keyproc.o(.text))
<BR><BR>[Stack]<UL><LI>Max Depth = 100<LI>Call Chain = SetCmpFeb &rArr; LoadCmpFebData &rArr; LoadCmpFebChar &rArr; CanCharGetIndex
</UL>
<BR>[Calls]<UL><LI><a href="#[b0]">&gt;&gt;</a>&nbsp;&nbsp;&nbsp;RamLoadPicture
<LI><a href="#[b2]">&gt;&gt;</a>&nbsp;&nbsp;&nbsp;LoadMaskData
<LI><a href="#[b3]">&gt;&gt;</a>&nbsp;&nbsp;&nbsp;LoadCmpFebData
<LI><a href="#[b1]">&gt;&gt;</a>&nbsp;&nbsp;&nbsp;LoadCmpFebChar
<LI><a href="#[ad]">&gt;&gt;</a>&nbsp;&nbsp;&nbsp;LCD_WRITE_BYTE
<LI><a href="#[ac]">&gt;&gt;</a>&nbsp;&nbsp;&nbsp;AreaSet
<LI><a href="#[ab]">&gt;&gt;</a>&nbsp;&nbsp;&nbsp;__aeabi_memclr
</UL>
<BR>[Called By]<UL><LI><a href="#[d9]">&gt;&gt;</a>&nbsp;&nbsp;&nbsp;SetRfGrScr
<LI><a href="#[cc]">&gt;&gt;</a>&nbsp;&nbsp;&nbsp;SetExtaScr
<LI><a href="#[c2]">&gt;&gt;</a>&nbsp;&nbsp;&nbsp;SetTtlScr
</UL>

<P><STRONG><a name="[b4]"></a>SetManuPara</STRONG> (Thumb, 44 bytes, Stack size 40 bytes, keyproc.o(.text))
<BR><BR>[Stack]<UL><LI>Max Depth = 184<LI>Call Chain = SetManuPara &rArr; DisplayMstOtp_canStyle &rArr; DisplayCanOtpString &rArr; LoadCanParaChar &rArr; CanCharGetIndex
</UL>
<BR>[Calls]<UL><LI><a href="#[b5]">&gt;&gt;</a>&nbsp;&nbsp;&nbsp;DisplayMstOtp_canStyle
</UL>
<BR>[Called By]<UL><LI><a href="#[117]">&gt;&gt;</a>&nbsp;&nbsp;&nbsp;FiberAdjustProc
<LI><a href="#[c9]">&gt;&gt;</a>&nbsp;&nbsp;&nbsp;SetManuScr
</UL>

<P><STRONG><a name="[b6]"></a>SetRmtPara</STRONG> (Thumb, 22 bytes, Stack size 16 bytes, keyproc.o(.text), UNUSED)
<BR><BR>[Calls]<UL><LI><a href="#[b7]">&gt;&gt;</a>&nbsp;&nbsp;&nbsp;DisplayOutput
</UL>
<BR>[Called By]<UL><LI><a href="#[dd]">&gt;&gt;</a>&nbsp;&nbsp;&nbsp;SetRmtF2
<LI><a href="#[dc]">&gt;&gt;</a>&nbsp;&nbsp;&nbsp;SetRmtF1
</UL>

<P><STRONG><a name="[b8]"></a>SetMultiLink</STRONG> (Thumb, 46 bytes, Stack size 16 bytes, keyproc.o(.text))
<BR><BR>[Stack]<UL><LI>Max Depth = 56<LI>Call Chain = SetMultiLink &rArr; LcdCopyToRam &rArr; AreaSet
</UL>
<BR>[Calls]<UL><LI><a href="#[ba]">&gt;&gt;</a>&nbsp;&nbsp;&nbsp;LcdCopyToRam
<LI><a href="#[b9]">&gt;&gt;</a>&nbsp;&nbsp;&nbsp;__aeabi_memset
</UL>
<BR>[Called By]<UL><LI><a href="#[be]">&gt;&gt;</a>&nbsp;&nbsp;&nbsp;SetMultiTmFrq
</UL>

<P><STRONG><a name="[bb]"></a>DspMultiHz</STRONG> (Thumb, 58 bytes, Stack size 16 bytes, keyproc.o(.text))
<BR><BR>[Stack]<UL><LI>Max Depth = 56<LI>Call Chain = DspMultiHz &rArr; LcdCopyToRam &rArr; AreaSet
</UL>
<BR>[Calls]<UL><LI><a href="#[bc]">&gt;&gt;</a>&nbsp;&nbsp;&nbsp;LoadMenuChar
<LI><a href="#[ba]">&gt;&gt;</a>&nbsp;&nbsp;&nbsp;LcdCopyToRam
<LI><a href="#[ab]">&gt;&gt;</a>&nbsp;&nbsp;&nbsp;__aeabi_memclr
</UL>
<BR>[Called By]<UL><LI><a href="#[be]">&gt;&gt;</a>&nbsp;&nbsp;&nbsp;SetMultiTmFrq
</UL>

<P><STRONG><a name="[bd]"></a>MultiDspNum</STRONG> (Thumb, 382 bytes, Stack size 56 bytes, keyproc.o(.text))
<BR><BR>[Stack]<UL><LI>Max Depth = 96<LI>Call Chain = MultiDspNum &rArr; LcdCopyToRam &rArr; AreaSet
</UL>
<BR>[Calls]<UL><LI><a href="#[ba]">&gt;&gt;</a>&nbsp;&nbsp;&nbsp;LcdCopyToRam
<LI><a href="#[ab]">&gt;&gt;</a>&nbsp;&nbsp;&nbsp;__aeabi_memclr
<LI><a href="#[b9]">&gt;&gt;</a>&nbsp;&nbsp;&nbsp;__aeabi_memset
</UL>
<BR>[Called By]<UL><LI><a href="#[be]">&gt;&gt;</a>&nbsp;&nbsp;&nbsp;SetMultiTmFrq
</UL>

<P><STRONG><a name="[be]"></a>SetMultiTmFrq</STRONG> (Thumb, 140 bytes, Stack size 16 bytes, keyproc.o(.text))
<BR><BR>[Stack]<UL><LI>Max Depth = 112<LI>Call Chain = SetMultiTmFrq &rArr; MultiDspNum &rArr; LcdCopyToRam &rArr; AreaSet
</UL>
<BR>[Calls]<UL><LI><a href="#[bd]">&gt;&gt;</a>&nbsp;&nbsp;&nbsp;MultiDspNum
<LI><a href="#[bb]">&gt;&gt;</a>&nbsp;&nbsp;&nbsp;DspMultiHz
<LI><a href="#[b8]">&gt;&gt;</a>&nbsp;&nbsp;&nbsp;SetMultiLink
</UL>
<BR>[Called By]<UL><LI><a href="#[c6]">&gt;&gt;</a>&nbsp;&nbsp;&nbsp;DspRfSlavePara
<LI><a href="#[c7]">&gt;&gt;</a>&nbsp;&nbsp;&nbsp;DspLightSlavePara
<LI><a href="#[103]">&gt;&gt;</a>&nbsp;&nbsp;&nbsp;MultiFrqShift
<LI><a href="#[102]">&gt;&gt;</a>&nbsp;&nbsp;&nbsp;MultiTimesShift
<LI><a href="#[fd]">&gt;&gt;</a>&nbsp;&nbsp;&nbsp;RfArrParaSubAdd
<LI><a href="#[cb]">&gt;&gt;</a>&nbsp;&nbsp;&nbsp;SetMultiScr
<LI><a href="#[bf]">&gt;&gt;</a>&nbsp;&nbsp;&nbsp;SetMultiPara
</UL>

<P><STRONG><a name="[bf]"></a>SetMultiPara</STRONG> (Thumb, 112 bytes, Stack size 48 bytes, keyproc.o(.text))
<BR><BR>[Stack]<UL><LI>Max Depth = 192<LI>Call Chain = SetMultiPara &rArr; DisplayMstOtp_canStyle &rArr; DisplayCanOtpString &rArr; LoadCanParaChar &rArr; CanCharGetIndex
</UL>
<BR>[Calls]<UL><LI><a href="#[b5]">&gt;&gt;</a>&nbsp;&nbsp;&nbsp;DisplayMstOtp_canStyle
<LI><a href="#[be]">&gt;&gt;</a>&nbsp;&nbsp;&nbsp;SetMultiTmFrq
</UL>
<BR>[Called By]<UL><LI><a href="#[cb]">&gt;&gt;</a>&nbsp;&nbsp;&nbsp;SetMultiScr
</UL>

<P><STRONG><a name="[c0]"></a>CanSynMode</STRONG> (Thumb, 94 bytes, Stack size 16 bytes, keyproc.o(.text))
<BR><BR>[Stack]<UL><LI>Max Depth = 60<LI>Call Chain = CanSynMode &rArr; DisplayPicture &rArr; AreaSet
</UL>
<BR>[Calls]<UL><LI><a href="#[c1]">&gt;&gt;</a>&nbsp;&nbsp;&nbsp;DisplayPicture
<LI><a href="#[92]">&gt;&gt;</a>&nbsp;&nbsp;&nbsp;LcdClearFeild
</UL>
<BR>[Called By]<UL><LI><a href="#[f9]">&gt;&gt;</a>&nbsp;&nbsp;&nbsp;SynModShift
<LI><a href="#[d9]">&gt;&gt;</a>&nbsp;&nbsp;&nbsp;SetRfGrScr
<LI><a href="#[c9]">&gt;&gt;</a>&nbsp;&nbsp;&nbsp;SetManuScr
<LI><a href="#[c2]">&gt;&gt;</a>&nbsp;&nbsp;&nbsp;SetTtlScr
</UL>

<P><STRONG><a name="[c2]"></a>SetTtlScr</STRONG> (Thumb, 1396 bytes, Stack size 96 bytes, keyproc.o(.text))
<BR><BR>[Stack]<UL><LI>Max Depth = 360<LI>Call Chain = SetTtlScr &rArr; DspRfSlavePara &rArr; DspSlavePara &rArr; DisplayMstOtp &rArr; DisplayMstOtp_canStyle &rArr; DisplayCanOtpString &rArr; LoadCanParaChar &rArr; CanCharGetIndex
</UL>
<BR>[Calls]<UL><LI><a href="#[c4]">&gt;&gt;</a>&nbsp;&nbsp;&nbsp;SetMstChan
<LI><a href="#[c8]">&gt;&gt;</a>&nbsp;&nbsp;&nbsp;SetLinkshotChan
<LI><a href="#[c6]">&gt;&gt;</a>&nbsp;&nbsp;&nbsp;DspRfSlavePara
<LI><a href="#[c7]">&gt;&gt;</a>&nbsp;&nbsp;&nbsp;DspLightSlavePara
<LI><a href="#[c5]">&gt;&gt;</a>&nbsp;&nbsp;&nbsp;DisplayTtlCmp_canStyle
<LI><a href="#[c1]">&gt;&gt;</a>&nbsp;&nbsp;&nbsp;DisplayPicture
<LI><a href="#[c3]">&gt;&gt;</a>&nbsp;&nbsp;&nbsp;DisplayCanMstHead
<LI><a href="#[c0]">&gt;&gt;</a>&nbsp;&nbsp;&nbsp;CanSynMode
<LI><a href="#[af]">&gt;&gt;</a>&nbsp;&nbsp;&nbsp;SetCmpFeb
<LI><a href="#[94]">&gt;&gt;</a>&nbsp;&nbsp;&nbsp;LayModeEttl
<LI><a href="#[79]">&gt;&gt;</a>&nbsp;&nbsp;&nbsp;__aeabi_ui2f
</UL>
<BR>[Called By]<UL><LI><a href="#[e4]">&gt;&gt;</a>&nbsp;&nbsp;&nbsp;ModPasteScr
</UL>

<P><STRONG><a name="[c9]"></a>SetManuScr</STRONG> (Thumb, 770 bytes, Stack size 48 bytes, keyproc.o(.text))
<BR><BR>[Stack]<UL><LI>Max Depth = 312<LI>Call Chain = SetManuScr &rArr; DspRfSlavePara &rArr; DspSlavePara &rArr; DisplayMstOtp &rArr; DisplayMstOtp_canStyle &rArr; DisplayCanOtpString &rArr; LoadCanParaChar &rArr; CanCharGetIndex
</UL>
<BR>[Calls]<UL><LI><a href="#[c4]">&gt;&gt;</a>&nbsp;&nbsp;&nbsp;SetMstChan
<LI><a href="#[c8]">&gt;&gt;</a>&nbsp;&nbsp;&nbsp;SetLinkshotChan
<LI><a href="#[c6]">&gt;&gt;</a>&nbsp;&nbsp;&nbsp;DspRfSlavePara
<LI><a href="#[c7]">&gt;&gt;</a>&nbsp;&nbsp;&nbsp;DspLightSlavePara
<LI><a href="#[ca]">&gt;&gt;</a>&nbsp;&nbsp;&nbsp;DspIndividualSlavePara
<LI><a href="#[c1]">&gt;&gt;</a>&nbsp;&nbsp;&nbsp;DisplayPicture
<LI><a href="#[c3]">&gt;&gt;</a>&nbsp;&nbsp;&nbsp;DisplayCanMstHead
<LI><a href="#[c0]">&gt;&gt;</a>&nbsp;&nbsp;&nbsp;CanSynMode
<LI><a href="#[b4]">&gt;&gt;</a>&nbsp;&nbsp;&nbsp;SetManuPara
<LI><a href="#[96]">&gt;&gt;</a>&nbsp;&nbsp;&nbsp;LayModeManu
</UL>
<BR>[Called By]<UL><LI><a href="#[e4]">&gt;&gt;</a>&nbsp;&nbsp;&nbsp;ModPasteScr
</UL>

<P><STRONG><a name="[cb]"></a>SetMultiScr</STRONG> (Thumb, 684 bytes, Stack size 48 bytes, keyproc.o(.text))
<BR><BR>[Stack]<UL><LI>Max Depth = 312<LI>Call Chain = SetMultiScr &rArr; DspRfSlavePara &rArr; DspSlavePara &rArr; DisplayMstOtp &rArr; DisplayMstOtp_canStyle &rArr; DisplayCanOtpString &rArr; LoadCanParaChar &rArr; CanCharGetIndex
</UL>
<BR>[Calls]<UL><LI><a href="#[c4]">&gt;&gt;</a>&nbsp;&nbsp;&nbsp;SetMstChan
<LI><a href="#[c8]">&gt;&gt;</a>&nbsp;&nbsp;&nbsp;SetLinkshotChan
<LI><a href="#[c6]">&gt;&gt;</a>&nbsp;&nbsp;&nbsp;DspRfSlavePara
<LI><a href="#[c7]">&gt;&gt;</a>&nbsp;&nbsp;&nbsp;DspLightSlavePara
<LI><a href="#[ca]">&gt;&gt;</a>&nbsp;&nbsp;&nbsp;DspIndividualSlavePara
<LI><a href="#[c1]">&gt;&gt;</a>&nbsp;&nbsp;&nbsp;DisplayPicture
<LI><a href="#[c3]">&gt;&gt;</a>&nbsp;&nbsp;&nbsp;DisplayCanMstHead
<LI><a href="#[bf]">&gt;&gt;</a>&nbsp;&nbsp;&nbsp;SetMultiPara
<LI><a href="#[be]">&gt;&gt;</a>&nbsp;&nbsp;&nbsp;SetMultiTmFrq
<LI><a href="#[97]">&gt;&gt;</a>&nbsp;&nbsp;&nbsp;LayModeMulti
</UL>
<BR>[Called By]<UL><LI><a href="#[e4]">&gt;&gt;</a>&nbsp;&nbsp;&nbsp;ModPasteScr
</UL>

<P><STRONG><a name="[cc]"></a>SetExtaScr</STRONG> (Thumb, 460 bytes, Stack size 88 bytes, keyproc.o(.text))
<BR><BR>[Stack]<UL><LI>Max Depth = 352<LI>Call Chain = SetExtaScr &rArr; DspRfSlavePara &rArr; DspSlavePara &rArr; DisplayMstOtp &rArr; DisplayMstOtp_canStyle &rArr; DisplayCanOtpString &rArr; LoadCanParaChar &rArr; CanCharGetIndex
</UL>
<BR>[Calls]<UL><LI><a href="#[c4]">&gt;&gt;</a>&nbsp;&nbsp;&nbsp;SetMstChan
<LI><a href="#[c8]">&gt;&gt;</a>&nbsp;&nbsp;&nbsp;SetLinkshotChan
<LI><a href="#[c6]">&gt;&gt;</a>&nbsp;&nbsp;&nbsp;DspRfSlavePara
<LI><a href="#[c5]">&gt;&gt;</a>&nbsp;&nbsp;&nbsp;DisplayTtlCmp_canStyle
<LI><a href="#[c1]">&gt;&gt;</a>&nbsp;&nbsp;&nbsp;DisplayPicture
<LI><a href="#[af]">&gt;&gt;</a>&nbsp;&nbsp;&nbsp;SetCmpFeb
<LI><a href="#[99]">&gt;&gt;</a>&nbsp;&nbsp;&nbsp;LayModeExtA
<LI><a href="#[79]">&gt;&gt;</a>&nbsp;&nbsp;&nbsp;__aeabi_ui2f
</UL>
<BR>[Called By]<UL><LI><a href="#[e4]">&gt;&gt;</a>&nbsp;&nbsp;&nbsp;ModPasteScr
</UL>

<P><STRONG><a name="[cd]"></a>SetExtmScr</STRONG> (Thumb, 200 bytes, Stack size 24 bytes, keyproc.o(.text))
<BR><BR>[Stack]<UL><LI>Max Depth = 132<LI>Call Chain = SetExtmScr &rArr; DrawScale &rArr; DrawScopeNum &rArr; AreaSet
</UL>
<BR>[Calls]<UL><LI><a href="#[c8]">&gt;&gt;</a>&nbsp;&nbsp;&nbsp;SetLinkshotChan
<LI><a href="#[ce]">&gt;&gt;</a>&nbsp;&nbsp;&nbsp;DspIsoValue
<LI><a href="#[cf]">&gt;&gt;</a>&nbsp;&nbsp;&nbsp;DspApertValue
<LI><a href="#[d0]">&gt;&gt;</a>&nbsp;&nbsp;&nbsp;DrawScale
<LI><a href="#[c1]">&gt;&gt;</a>&nbsp;&nbsp;&nbsp;DisplayPicture
<LI><a href="#[95]">&gt;&gt;</a>&nbsp;&nbsp;&nbsp;LcdLoadPicture
<LI><a href="#[9a]">&gt;&gt;</a>&nbsp;&nbsp;&nbsp;LayModeExtM
</UL>
<BR>[Called By]<UL><LI><a href="#[e4]">&gt;&gt;</a>&nbsp;&nbsp;&nbsp;ModPasteScr
</UL>

<P><STRONG><a name="[d1]"></a>GrDrawSelBar</STRONG> (Thumb, 226 bytes, Stack size 24 bytes, keyproc.o(.text))
<BR><BR>[Stack]<UL><LI>Max Depth = 64<LI>Call Chain = GrDrawSelBar &rArr; LcdCopyToRam &rArr; AreaSet
</UL>
<BR>[Calls]<UL><LI><a href="#[ba]">&gt;&gt;</a>&nbsp;&nbsp;&nbsp;LcdCopyToRam
<LI><a href="#[ab]">&gt;&gt;</a>&nbsp;&nbsp;&nbsp;__aeabi_memclr
</UL>
<BR>[Called By]<UL><LI><a href="#[17]">&gt;&gt;</a>&nbsp;&nbsp;&nbsp;BtnGrParaRes
<LI><a href="#[107]">&gt;&gt;</a>&nbsp;&nbsp;&nbsp;RfGrModSubAdd
<LI><a href="#[8]">&gt;&gt;</a>&nbsp;&nbsp;&nbsp;BtnGrSel
</UL>

<P><STRONG><a name="[d2]"></a>GrDspPara</STRONG> (Thumb, 66 bytes, Stack size 16 bytes, keyproc.o(.text))
<BR><BR>[Stack]<UL><LI>Max Depth = 216<LI>Call Chain = GrDspPara &rArr; DisplayMstOtp &rArr; DisplayMstOtp_canStyle &rArr; DisplayCanOtpString &rArr; LoadCanParaChar &rArr; CanCharGetIndex
</UL>
<BR>[Calls]<UL><LI><a href="#[d4]">&gt;&gt;</a>&nbsp;&nbsp;&nbsp;DisplayTtlCmp
<LI><a href="#[d3]">&gt;&gt;</a>&nbsp;&nbsp;&nbsp;DisplayMstOtp
<LI><a href="#[92]">&gt;&gt;</a>&nbsp;&nbsp;&nbsp;LcdClearFeild
</UL>
<BR>[Called By]<UL><LI><a href="#[d8]">&gt;&gt;</a>&nbsp;&nbsp;&nbsp;RfGrDspPara
</UL>

<P><STRONG><a name="[d5]"></a>GrDspHead</STRONG> (Thumb, 84 bytes, Stack size 40 bytes, keyproc.o(.text))
<BR><BR>[Stack]<UL><LI>Max Depth = 124<LI>Call Chain = GrDspHead &rArr; DspMstRatioHead &rArr; DisplayTitleChar &rArr; TitleGetIndex
</UL>
<BR>[Calls]<UL><LI><a href="#[d6]">&gt;&gt;</a>&nbsp;&nbsp;&nbsp;DspMstRatioHead
<LI><a href="#[d7]">&gt;&gt;</a>&nbsp;&nbsp;&nbsp;DspGrMode
</UL>
<BR>[Called By]<UL><LI><a href="#[d8]">&gt;&gt;</a>&nbsp;&nbsp;&nbsp;RfGrDspPara
</UL>

<P><STRONG><a name="[d8]"></a>RfGrDspPara</STRONG> (Thumb, 324 bytes, Stack size 48 bytes, keyproc.o(.text))
<BR><BR>[Stack]<UL><LI>Max Depth = 264<LI>Call Chain = RfGrDspPara &rArr; GrDspPara &rArr; DisplayMstOtp &rArr; DisplayMstOtp_canStyle &rArr; DisplayCanOtpString &rArr; LoadCanParaChar &rArr; CanCharGetIndex
</UL>
<BR>[Calls]<UL><LI><a href="#[d5]">&gt;&gt;</a>&nbsp;&nbsp;&nbsp;GrDspHead
<LI><a href="#[d2]">&gt;&gt;</a>&nbsp;&nbsp;&nbsp;GrDspPara
</UL>
<BR>[Called By]<UL><LI><a href="#[17]">&gt;&gt;</a>&nbsp;&nbsp;&nbsp;BtnGrParaRes
<LI><a href="#[109]">&gt;&gt;</a>&nbsp;&nbsp;&nbsp;RfGrParaSubAdd
<LI><a href="#[107]">&gt;&gt;</a>&nbsp;&nbsp;&nbsp;RfGrModSubAdd
<LI><a href="#[d9]">&gt;&gt;</a>&nbsp;&nbsp;&nbsp;SetRfGrScr
<LI><a href="#[8]">&gt;&gt;</a>&nbsp;&nbsp;&nbsp;BtnGrSel
<LI><a href="#[16]">&gt;&gt;</a>&nbsp;&nbsp;&nbsp;BtnGrModRes
<LI><a href="#[15]">&gt;&gt;</a>&nbsp;&nbsp;&nbsp;BtnGrOnOff
</UL>

<P><STRONG><a name="[d9]"></a>SetRfGrScr</STRONG> (Thumb, 218 bytes, Stack size 16 bytes, keyproc.o(.text))
<BR><BR>[Stack]<UL><LI>Max Depth = 280<LI>Call Chain = SetRfGrScr &rArr; RfGrDspPara &rArr; GrDspPara &rArr; DisplayMstOtp &rArr; DisplayMstOtp_canStyle &rArr; DisplayCanOtpString &rArr; LoadCanParaChar &rArr; CanCharGetIndex
</UL>
<BR>[Calls]<UL><LI><a href="#[c4]">&gt;&gt;</a>&nbsp;&nbsp;&nbsp;SetMstChan
<LI><a href="#[c1]">&gt;&gt;</a>&nbsp;&nbsp;&nbsp;DisplayPicture
<LI><a href="#[d8]">&gt;&gt;</a>&nbsp;&nbsp;&nbsp;RfGrDspPara
<LI><a href="#[c0]">&gt;&gt;</a>&nbsp;&nbsp;&nbsp;CanSynMode
<LI><a href="#[af]">&gt;&gt;</a>&nbsp;&nbsp;&nbsp;SetCmpFeb
<LI><a href="#[92]">&gt;&gt;</a>&nbsp;&nbsp;&nbsp;LcdClearFeild
<LI><a href="#[98]">&gt;&gt;</a>&nbsp;&nbsp;&nbsp;LayModeGr
</UL>
<BR>[Called By]<UL><LI><a href="#[e4]">&gt;&gt;</a>&nbsp;&nbsp;&nbsp;ModPasteScr
</UL>

<P><STRONG><a name="[da]"></a>SetRmtC</STRONG> (Thumb, 16 bytes, Stack size 0 bytes, keyproc.o(.text), UNUSED)
<BR><BR>[Calls]<UL><LI><a href="#[db]">&gt;&gt;</a>&nbsp;&nbsp;&nbsp;DisplayRmt
</UL>

<P><STRONG><a name="[dc]"></a>SetRmtF1</STRONG> (Thumb, 12 bytes, Stack size 0 bytes, keyproc.o(.text), UNUSED)
<BR><BR>[Calls]<UL><LI><a href="#[b6]">&gt;&gt;</a>&nbsp;&nbsp;&nbsp;SetRmtPara
</UL>

<P><STRONG><a name="[dd]"></a>SetRmtF2</STRONG> (Thumb, 12 bytes, Stack size 0 bytes, keyproc.o(.text), UNUSED)
<BR><BR>[Calls]<UL><LI><a href="#[b6]">&gt;&gt;</a>&nbsp;&nbsp;&nbsp;SetRmtPara
</UL>

<P><STRONG><a name="[de]"></a>KeyMenuSw</STRONG> (Thumb, 40 bytes, Stack size 16 bytes, keyproc.o(.text))
<BR><BR>[Stack]<UL><LI>Max Depth = 124<LI>Call Chain = KeyMenuSw &rArr; InsertList &rArr; DisplayButton &rArr; LoadMenuChar &rArr; CanCharGetIndex
</UL>
<BR>[Calls]<UL><LI><a href="#[df]">&gt;&gt;</a>&nbsp;&nbsp;&nbsp;InsertList
</UL>
<BR>[Called By]<UL><LI><a href="#[108]">&gt;&gt;</a>&nbsp;&nbsp;&nbsp;RfgrSelMenu
<LI><a href="#[fc]">&gt;&gt;</a>&nbsp;&nbsp;&nbsp;RfArrSelMenu
<LI><a href="#[117]">&gt;&gt;</a>&nbsp;&nbsp;&nbsp;FiberAdjustProc
<LI><a href="#[111]">&gt;&gt;</a>&nbsp;&nbsp;&nbsp;EnterPfnSubMenu
<LI><a href="#[10f]">&gt;&gt;</a>&nbsp;&nbsp;&nbsp;EnterCfnSubMenu
<LI><a href="#[10d]">&gt;&gt;</a>&nbsp;&nbsp;&nbsp;DspPfnMenu
<LI><a href="#[10b]">&gt;&gt;</a>&nbsp;&nbsp;&nbsp;DspCfnMenu
<LI><a href="#[17]">&gt;&gt;</a>&nbsp;&nbsp;&nbsp;BtnGrParaRes
<LI><a href="#[e0]">&gt;&gt;</a>&nbsp;&nbsp;&nbsp;LoadButtons
<LI><a href="#[7]">&gt;&gt;</a>&nbsp;&nbsp;&nbsp;BtnRatio
<LI><a href="#[14]">&gt;&gt;</a>&nbsp;&nbsp;&nbsp;LoadCfnAllClear
<LI><a href="#[23b]">&gt;&gt;</a>&nbsp;&nbsp;&nbsp;BuildLinkedShotMenu
<LI><a href="#[b]">&gt;&gt;</a>&nbsp;&nbsp;&nbsp;BtnChScan
<LI><a href="#[d]">&gt;&gt;</a>&nbsp;&nbsp;&nbsp;BtnMemory
<LI><a href="#[a]">&gt;&gt;</a>&nbsp;&nbsp;&nbsp;BtnIdSel
</UL>

<P><STRONG><a name="[e0]"></a>LoadButtons</STRONG> (Thumb, 12 bytes, Stack size 8 bytes, keyproc.o(.text))
<BR><BR>[Stack]<UL><LI>Max Depth = 132<LI>Call Chain = LoadButtons &rArr; KeyMenuSw &rArr; InsertList &rArr; DisplayButton &rArr; LoadMenuChar &rArr; CanCharGetIndex
</UL>
<BR>[Calls]<UL><LI><a href="#[e1]">&gt;&gt;</a>&nbsp;&nbsp;&nbsp;BuildFuncMenu
<LI><a href="#[de]">&gt;&gt;</a>&nbsp;&nbsp;&nbsp;KeyMenuSw
</UL>
<BR>[Called By]<UL><LI><a href="#[18c]">&gt;&gt;</a>&nbsp;&nbsp;&nbsp;UserScreenOn
<LI><a href="#[13a]">&gt;&gt;</a>&nbsp;&nbsp;&nbsp;KeyProcess
<LI><a href="#[ee]">&gt;&gt;</a>&nbsp;&nbsp;&nbsp;Mode
</UL>

<P><STRONG><a name="[e2]"></a>DspMenuIcon</STRONG> (Thumb, 96 bytes, Stack size 32 bytes, keyproc.o(.text))
<BR><BR>[Stack]<UL><LI>Max Depth = 72<LI>Call Chain = DspMenuIcon &rArr; LcdCopyToRam &rArr; AreaSet
</UL>
<BR>[Calls]<UL><LI><a href="#[ba]">&gt;&gt;</a>&nbsp;&nbsp;&nbsp;LcdCopyToRam
<LI><a href="#[b9]">&gt;&gt;</a>&nbsp;&nbsp;&nbsp;__aeabi_memset
<LI><a href="#[e3]">&gt;&gt;</a>&nbsp;&nbsp;&nbsp;__aeabi_memcpy
</UL>
<BR>[Called By]<UL><LI><a href="#[13a]">&gt;&gt;</a>&nbsp;&nbsp;&nbsp;KeyProcess
<LI><a href="#[f3]">&gt;&gt;</a>&nbsp;&nbsp;&nbsp;ModeClear
</UL>

<P><STRONG><a name="[e4]"></a>ModPasteScr</STRONG> (Thumb, 36 bytes, Stack size 0 bytes, keyproc.o(.text))
<BR><BR>[Stack]<UL><LI>Max Depth = 360<LI>Call Chain = ModPasteScr &rArr; SetTtlScr &rArr; DspRfSlavePara &rArr; DspSlavePara &rArr; DisplayMstOtp &rArr; DisplayMstOtp_canStyle &rArr; DisplayCanOtpString &rArr; LoadCanParaChar &rArr; CanCharGetIndex
</UL>
<BR>[Calls]<UL><LI><a href="#[d9]">&gt;&gt;</a>&nbsp;&nbsp;&nbsp;SetRfGrScr
<LI><a href="#[cd]">&gt;&gt;</a>&nbsp;&nbsp;&nbsp;SetExtmScr
<LI><a href="#[cc]">&gt;&gt;</a>&nbsp;&nbsp;&nbsp;SetExtaScr
<LI><a href="#[cb]">&gt;&gt;</a>&nbsp;&nbsp;&nbsp;SetMultiScr
<LI><a href="#[c9]">&gt;&gt;</a>&nbsp;&nbsp;&nbsp;SetManuScr
<LI><a href="#[c2]">&gt;&gt;</a>&nbsp;&nbsp;&nbsp;SetTtlScr
</UL>
<BR>[Called By]<UL><LI><a href="#[11e]">&gt;&gt;</a>&nbsp;&nbsp;&nbsp;KeyOk
<LI><a href="#[ee]">&gt;&gt;</a>&nbsp;&nbsp;&nbsp;Mode
<LI><a href="#[8]">&gt;&gt;</a>&nbsp;&nbsp;&nbsp;BtnGrSel
<LI><a href="#[18]">&gt;&gt;</a>&nbsp;&nbsp;&nbsp;BtnArrParaRes
</UL>

<P><STRONG><a name="[e5]"></a>FuncModuleSw</STRONG> (Thumb, 40 bytes, Stack size 8 bytes, keyproc.o(.text))
<BR><BR>[Stack]<UL><LI>Max Depth = 96 + Unknown Stack Size
<LI>Call Chain = FuncModuleSw &rArr; BkLiteOn &rArr; OSTmrStart &rArr; OSTmr_Lock &rArr; OSSemPend &rArr; OS_EventTaskWait
</UL>
<BR>[Calls]<UL><LI><a href="#[e6]">&gt;&gt;</a>&nbsp;&nbsp;&nbsp;BkLiteOn
<LI><a href="#[7e]">&gt;&gt;</a>&nbsp;&nbsp;&nbsp;TmCaptureInit
<LI><a href="#[7d]">&gt;&gt;</a>&nbsp;&nbsp;&nbsp;StopCapture
<LI><a href="#[7c]">&gt;&gt;</a>&nbsp;&nbsp;&nbsp;LightSlaveParaClear
</UL>
<BR>[Called By]<UL><LI><a href="#[122]">&gt;&gt;</a>&nbsp;&nbsp;&nbsp;MstModCheck
</UL>

<P><STRONG><a name="[e7]"></a>UartIntSet</STRONG> (Thumb, 56 bytes, Stack size 8 bytes, keyproc.o(.text))
<BR><BR>[Stack]<UL><LI>Max Depth = 64<LI>Call Chain = UartIntSet &rArr; WaitForUartIdle &rArr; uart2_init &rArr; MY_NVIC_Init
</UL>
<BR>[Calls]<UL><LI><a href="#[e8]">&gt;&gt;</a>&nbsp;&nbsp;&nbsp;WaitForUartIdle
</UL>
<BR>[Called By]<UL><LI><a href="#[122]">&gt;&gt;</a>&nbsp;&nbsp;&nbsp;MstModCheck
</UL>

<P><STRONG><a name="[e9]"></a>ModLinkedShot</STRONG> (Thumb, 160 bytes, Stack size 24 bytes, keyproc.o(.text))
<BR><BR>[Stack]<UL><LI>Max Depth = 120<LI>Call Chain = ModLinkedShot &rArr; SetMstChan &rArr; LcdCopyToRam &rArr; AreaSet
</UL>
<BR>[Calls]<UL><LI><a href="#[c4]">&gt;&gt;</a>&nbsp;&nbsp;&nbsp;SetMstChan
<LI><a href="#[b0]">&gt;&gt;</a>&nbsp;&nbsp;&nbsp;RamLoadPicture
<LI><a href="#[eb]">&gt;&gt;</a>&nbsp;&nbsp;&nbsp;LoadPfnString
<LI><a href="#[ba]">&gt;&gt;</a>&nbsp;&nbsp;&nbsp;LcdCopyToRam
<LI><a href="#[ea]">&gt;&gt;</a>&nbsp;&nbsp;&nbsp;DspClearAllPara
<LI><a href="#[ec]">&gt;&gt;</a>&nbsp;&nbsp;&nbsp;AreaScroll
<LI><a href="#[ab]">&gt;&gt;</a>&nbsp;&nbsp;&nbsp;__aeabi_memclr
</UL>
<BR>[Called By]<UL><LI><a href="#[ee]">&gt;&gt;</a>&nbsp;&nbsp;&nbsp;Mode
</UL>

<P><STRONG><a name="[ed]"></a>RfDevLinkMark</STRONG> (Thumb, 298 bytes, Stack size 32 bytes, keyproc.o(.text))
<BR><BR>[Stack]<UL><LI>Max Depth = 76<LI>Call Chain = RfDevLinkMark &rArr; DisplayPicture &rArr; AreaSet
</UL>
<BR>[Calls]<UL><LI><a href="#[c1]">&gt;&gt;</a>&nbsp;&nbsp;&nbsp;DisplayPicture
<LI><a href="#[92]">&gt;&gt;</a>&nbsp;&nbsp;&nbsp;LcdClearFeild
</UL>
<BR>[Called By]<UL><LI><a href="#[145]">&gt;&gt;</a>&nbsp;&nbsp;&nbsp;DspUpdate
<LI><a href="#[11e]">&gt;&gt;</a>&nbsp;&nbsp;&nbsp;KeyOk
<LI><a href="#[11b]">&gt;&gt;</a>&nbsp;&nbsp;&nbsp;ChanSetConfirm
<LI><a href="#[ee]">&gt;&gt;</a>&nbsp;&nbsp;&nbsp;Mode
</UL>

<P><STRONG><a name="[ee]"></a>Mode</STRONG> (Thumb, 140 bytes, Stack size 16 bytes, keyproc.o(.text))
<BR><BR>[Stack]<UL><LI>Max Depth = 376 + Unknown Stack Size
<LI>Call Chain = Mode &rArr; ModPasteScr &rArr; SetTtlScr &rArr; DspRfSlavePara &rArr; DspSlavePara &rArr; DisplayMstOtp &rArr; DisplayMstOtp_canStyle &rArr; DisplayCanOtpString &rArr; LoadCanParaChar &rArr; CanCharGetIndex
</UL>
<BR>[Calls]<UL><LI><a href="#[f2]">&gt;&gt;</a>&nbsp;&nbsp;&nbsp;TurnOnChargeLed
<LI><a href="#[f0]">&gt;&gt;</a>&nbsp;&nbsp;&nbsp;TakeOnCharge
<LI><a href="#[f1]">&gt;&gt;</a>&nbsp;&nbsp;&nbsp;FuncDsp
<LI><a href="#[ef]">&gt;&gt;</a>&nbsp;&nbsp;&nbsp;DspMstModIcon
<LI><a href="#[ea]">&gt;&gt;</a>&nbsp;&nbsp;&nbsp;DspClearAllPara
<LI><a href="#[ed]">&gt;&gt;</a>&nbsp;&nbsp;&nbsp;RfDevLinkMark
<LI><a href="#[e9]">&gt;&gt;</a>&nbsp;&nbsp;&nbsp;ModLinkedShot
<LI><a href="#[e4]">&gt;&gt;</a>&nbsp;&nbsp;&nbsp;ModPasteScr
<LI><a href="#[e0]">&gt;&gt;</a>&nbsp;&nbsp;&nbsp;LoadButtons
<LI><a href="#[92]">&gt;&gt;</a>&nbsp;&nbsp;&nbsp;LcdClearFeild
</UL>
<BR>[Called By]<UL><LI><a href="#[156]">&gt;&gt;</a>&nbsp;&nbsp;&nbsp;Sleep_Init
<LI><a href="#[18c]">&gt;&gt;</a>&nbsp;&nbsp;&nbsp;UserScreenOn
<LI><a href="#[14b]">&gt;&gt;</a>&nbsp;&nbsp;&nbsp;PowerDownProc
<LI><a href="#[145]">&gt;&gt;</a>&nbsp;&nbsp;&nbsp;DspUpdate
<LI><a href="#[13a]">&gt;&gt;</a>&nbsp;&nbsp;&nbsp;KeyProcess
<LI><a href="#[123]">&gt;&gt;</a>&nbsp;&nbsp;&nbsp;KeyToLinkMod
<LI><a href="#[122]">&gt;&gt;</a>&nbsp;&nbsp;&nbsp;MstModCheck
<LI><a href="#[11e]">&gt;&gt;</a>&nbsp;&nbsp;&nbsp;KeyOk
<LI><a href="#[f4]">&gt;&gt;</a>&nbsp;&nbsp;&nbsp;SwithMode
<LI><a href="#[f3]">&gt;&gt;</a>&nbsp;&nbsp;&nbsp;ModeClear
<LI><a href="#[1]">&gt;&gt;</a>&nbsp;&nbsp;&nbsp;BtnZoon
<LI><a href="#[8]">&gt;&gt;</a>&nbsp;&nbsp;&nbsp;BtnGrSel
<LI><a href="#[7]">&gt;&gt;</a>&nbsp;&nbsp;&nbsp;BtnRatio
<LI><a href="#[5]">&gt;&gt;</a>&nbsp;&nbsp;&nbsp;BtnTtlFeb
<LI><a href="#[4]">&gt;&gt;</a>&nbsp;&nbsp;&nbsp;BtnAddSub
<LI><a href="#[d]">&gt;&gt;</a>&nbsp;&nbsp;&nbsp;BtnMemory
<LI><a href="#[9]">&gt;&gt;</a>&nbsp;&nbsp;&nbsp;BtnChSet
</UL>

<P><STRONG><a name="[f3]"></a>ModeClear</STRONG> (Thumb, 174 bytes, Stack size 8 bytes, keyproc.o(.text))
<BR><BR>[Stack]<UL><LI>Max Depth = 384 + Unknown Stack Size
<LI>Call Chain = ModeClear &rArr; Mode &rArr; ModPasteScr &rArr; SetTtlScr &rArr; DspRfSlavePara &rArr; DspSlavePara &rArr; DisplayMstOtp &rArr; DisplayMstOtp_canStyle &rArr; DisplayCanOtpString &rArr; LoadCanParaChar &rArr; CanCharGetIndex
</UL>
<BR>[Calls]<UL><LI><a href="#[a5]">&gt;&gt;</a>&nbsp;&nbsp;&nbsp;OSTimeDlyHMSM
<LI><a href="#[ee]">&gt;&gt;</a>&nbsp;&nbsp;&nbsp;Mode
<LI><a href="#[e2]">&gt;&gt;</a>&nbsp;&nbsp;&nbsp;DspMenuIcon
</UL>
<BR>[Called By]<UL><LI><a href="#[13a]">&gt;&gt;</a>&nbsp;&nbsp;&nbsp;KeyProcess
</UL>

<P><STRONG><a name="[2bc]"></a>SelectMode</STRONG> (Thumb, 2 bytes, Stack size 0 bytes, keyproc.o(.text), UNUSED)

<P><STRONG><a name="[f4]"></a>SwithMode</STRONG> (Thumb, 30 bytes, Stack size 0 bytes, keyproc.o(.text))
<BR><BR>[Stack]<UL><LI>Max Depth = 376 + Unknown Stack Size
<LI>Call Chain = SwithMode &rArr; Mode &rArr; ModPasteScr &rArr; SetTtlScr &rArr; DspRfSlavePara &rArr; DspSlavePara &rArr; DisplayMstOtp &rArr; DisplayMstOtp_canStyle &rArr; DisplayCanOtpString &rArr; LoadCanParaChar &rArr; CanCharGetIndex
</UL>
<BR>[Calls]<UL><LI><a href="#[ee]">&gt;&gt;</a>&nbsp;&nbsp;&nbsp;Mode
</UL>
<BR>[Called By]<UL><LI><a href="#[13a]">&gt;&gt;</a>&nbsp;&nbsp;&nbsp;KeyProcess
</UL>

<P><STRONG><a name="[f8]"></a>MultiMaxTimes</STRONG> (Thumb, 104 bytes, Stack size 8 bytes, keyproc.o(.text))
<BR><BR>[Stack]<UL><LI>Max Depth = 8<LI>Call Chain = MultiMaxTimes
</UL>
<BR>[Called By]<UL><LI><a href="#[18d]">&gt;&gt;</a>&nbsp;&nbsp;&nbsp;UserInit
<LI><a href="#[103]">&gt;&gt;</a>&nbsp;&nbsp;&nbsp;MultiFrqShift
<LI><a href="#[102]">&gt;&gt;</a>&nbsp;&nbsp;&nbsp;MultiTimesShift
<LI><a href="#[fd]">&gt;&gt;</a>&nbsp;&nbsp;&nbsp;RfArrParaSubAdd
<LI><a href="#[f7]">&gt;&gt;</a>&nbsp;&nbsp;&nbsp;ExposeAddSub
</UL>

<P><STRONG><a name="[f5]"></a>MotoShift</STRONG> (Thumb, 188 bytes, Stack size 16 bytes, keyproc.o(.text))
<BR><BR>[Stack]<UL><LI>Max Depth = 100<LI>Call Chain = MotoShift &rArr; DisplayFocLen &rArr; DisplayPicture &rArr; AreaSet
</UL>
<BR>[Calls]<UL><LI><a href="#[f6]">&gt;&gt;</a>&nbsp;&nbsp;&nbsp;DisplayFocLen
</UL>
<BR>[Called By]<UL><LI><a href="#[119]">&gt;&gt;</a>&nbsp;&nbsp;&nbsp;KeySubAdd
</UL>

<P><STRONG><a name="[f7]"></a>ExposeAddSub</STRONG> (Thumb, 376 bytes, Stack size 20 bytes, keyproc.o(.text))
<BR><BR>[Stack]<UL><LI>Max Depth = 28<LI>Call Chain = ExposeAddSub &rArr; MultiMaxTimes
</UL>
<BR>[Calls]<UL><LI><a href="#[f8]">&gt;&gt;</a>&nbsp;&nbsp;&nbsp;MultiMaxTimes
</UL>
<BR>[Called By]<UL><LI><a href="#[119]">&gt;&gt;</a>&nbsp;&nbsp;&nbsp;KeySubAdd
</UL>

<P><STRONG><a name="[f9]"></a>SynModShift</STRONG> (Thumb, 78 bytes, Stack size 0 bytes, keyproc.o(.text))
<BR><BR>[Stack]<UL><LI>Max Depth = 60<LI>Call Chain = SynModShift &rArr; CanSynMode &rArr; DisplayPicture &rArr; AreaSet
</UL>
<BR>[Calls]<UL><LI><a href="#[c0]">&gt;&gt;</a>&nbsp;&nbsp;&nbsp;CanSynMode
</UL>
<BR>[Called By]<UL><LI><a href="#[119]">&gt;&gt;</a>&nbsp;&nbsp;&nbsp;KeySubAdd
</UL>

<P><STRONG><a name="[11a]"></a>TtlFebAddSub</STRONG> (Thumb, 148 bytes, Stack size 12 bytes, keyproc.o(.text))
<BR><BR>[Stack]<UL><LI>Max Depth = 12<LI>Call Chain = TtlFebAddSub
</UL>
<BR>[Called By]<UL><LI><a href="#[119]">&gt;&gt;</a>&nbsp;&nbsp;&nbsp;KeySubAdd
</UL>

<P><STRONG><a name="[fa]"></a>RatioSubAdd</STRONG> (Thumb, 168 bytes, Stack size 0 bytes, keyproc.o(.text))
<BR><BR>[Stack]<UL><LI>Max Depth = 248<LI>Call Chain = RatioSubAdd &rArr; DisplayCanMstHead &rArr; DisplayMstOtp &rArr; DisplayMstOtp_canStyle &rArr; DisplayCanOtpString &rArr; LoadCanParaChar &rArr; CanCharGetIndex
</UL>
<BR>[Calls]<UL><LI><a href="#[c3]">&gt;&gt;</a>&nbsp;&nbsp;&nbsp;DisplayCanMstHead
</UL>
<BR>[Called By]<UL><LI><a href="#[119]">&gt;&gt;</a>&nbsp;&nbsp;&nbsp;KeySubAdd
</UL>

<P><STRONG><a name="[fb]"></a>Arr_SubAdd</STRONG> (Thumb, 122 bytes, Stack size 16 bytes, keyproc.o(.text))
<BR><BR>[Stack]<UL><LI>Max Depth = 264<LI>Call Chain = Arr_SubAdd &rArr; DisplayCanMstHead &rArr; DisplayMstOtp &rArr; DisplayMstOtp_canStyle &rArr; DisplayCanOtpString &rArr; LoadCanParaChar &rArr; CanCharGetIndex
</UL>
<BR>[Calls]<UL><LI><a href="#[fc]">&gt;&gt;</a>&nbsp;&nbsp;&nbsp;RfArrSelMenu
<LI><a href="#[c3]">&gt;&gt;</a>&nbsp;&nbsp;&nbsp;DisplayCanMstHead
</UL>
<BR>[Called By]<UL><LI><a href="#[119]">&gt;&gt;</a>&nbsp;&nbsp;&nbsp;KeySubAdd
</UL>

<P><STRONG><a name="[fd]"></a>RfArrParaSubAdd</STRONG> (Thumb, 778 bytes, Stack size 40 bytes, keyproc.o(.text))
<BR><BR>[Stack]<UL><LI>Max Depth = 288<LI>Call Chain = RfArrParaSubAdd &rArr; DisplayCanMstHead &rArr; DisplayMstOtp &rArr; DisplayMstOtp_canStyle &rArr; DisplayCanOtpString &rArr; LoadCanParaChar &rArr; CanCharGetIndex
</UL>
<BR>[Calls]<UL><LI><a href="#[c3]">&gt;&gt;</a>&nbsp;&nbsp;&nbsp;DisplayCanMstHead
<LI><a href="#[f8]">&gt;&gt;</a>&nbsp;&nbsp;&nbsp;MultiMaxTimes
<LI><a href="#[be]">&gt;&gt;</a>&nbsp;&nbsp;&nbsp;SetMultiTmFrq
</UL>
<BR>[Called By]<UL><LI><a href="#[119]">&gt;&gt;</a>&nbsp;&nbsp;&nbsp;KeySubAdd
</UL>

<P><STRONG><a name="[fe]"></a>ChSanSubAdd</STRONG> (Thumb, 162 bytes, Stack size 16 bytes, keyproc.o(.text))
<BR><BR>[Stack]<UL><LI>Max Depth = 112<LI>Call Chain = ChSanSubAdd &rArr; SetMstChan &rArr; LcdCopyToRam &rArr; AreaSet
</UL>
<BR>[Calls]<UL><LI><a href="#[c4]">&gt;&gt;</a>&nbsp;&nbsp;&nbsp;SetMstChan
<LI><a href="#[ba]">&gt;&gt;</a>&nbsp;&nbsp;&nbsp;LcdCopyToRam
<LI><a href="#[ab]">&gt;&gt;</a>&nbsp;&nbsp;&nbsp;__aeabi_memclr
<LI><a href="#[b9]">&gt;&gt;</a>&nbsp;&nbsp;&nbsp;__aeabi_memset
</UL>
<BR>[Called By]<UL><LI><a href="#[119]">&gt;&gt;</a>&nbsp;&nbsp;&nbsp;KeySubAdd
</UL>

<P><STRONG><a name="[ff]"></a>LightChanSet</STRONG> (Thumb, 70 bytes, Stack size 16 bytes, keyproc.o(.text))
<BR><BR>[Stack]<UL><LI>Max Depth = 112<LI>Call Chain = LightChanSet &rArr; SetMstChan &rArr; LcdCopyToRam &rArr; AreaSet
</UL>
<BR>[Calls]<UL><LI><a href="#[c4]">&gt;&gt;</a>&nbsp;&nbsp;&nbsp;SetMstChan
</UL>
<BR>[Called By]<UL><LI><a href="#[119]">&gt;&gt;</a>&nbsp;&nbsp;&nbsp;KeySubAdd
</UL>

<P><STRONG><a name="[100]"></a>RfChanSet</STRONG> (Thumb, 88 bytes, Stack size 16 bytes, keyproc.o(.text))
<BR><BR>[Stack]<UL><LI>Max Depth = 112<LI>Call Chain = RfChanSet &rArr; SetMstChan &rArr; LcdCopyToRam &rArr; AreaSet
</UL>
<BR>[Calls]<UL><LI><a href="#[c4]">&gt;&gt;</a>&nbsp;&nbsp;&nbsp;SetMstChan
<LI><a href="#[c8]">&gt;&gt;</a>&nbsp;&nbsp;&nbsp;SetLinkshotChan
</UL>
<BR>[Called By]<UL><LI><a href="#[119]">&gt;&gt;</a>&nbsp;&nbsp;&nbsp;KeySubAdd
</UL>

<P><STRONG><a name="[101]"></a>TtlDebugDspDat</STRONG> (Thumb, 168 bytes, Stack size 32 bytes, keyproc.o(.text), UNUSED)
<BR><BR>[Calls]<UL><LI><a href="#[ba]">&gt;&gt;</a>&nbsp;&nbsp;&nbsp;LcdCopyToRam
<LI><a href="#[ab]">&gt;&gt;</a>&nbsp;&nbsp;&nbsp;__aeabi_memclr
</UL>

<P><STRONG><a name="[2bd]"></a>MulTiDspFrq</STRONG> (Thumb, 2 bytes, Stack size 0 bytes, keyproc.o(.text), UNUSED)

<P><STRONG><a name="[102]"></a>MultiTimesShift</STRONG> (Thumb, 98 bytes, Stack size 8 bytes, keyproc.o(.text))
<BR><BR>[Stack]<UL><LI>Max Depth = 120<LI>Call Chain = MultiTimesShift &rArr; SetMultiTmFrq &rArr; MultiDspNum &rArr; LcdCopyToRam &rArr; AreaSet
</UL>
<BR>[Calls]<UL><LI><a href="#[f8]">&gt;&gt;</a>&nbsp;&nbsp;&nbsp;MultiMaxTimes
<LI><a href="#[be]">&gt;&gt;</a>&nbsp;&nbsp;&nbsp;SetMultiTmFrq
</UL>
<BR>[Called By]<UL><LI><a href="#[119]">&gt;&gt;</a>&nbsp;&nbsp;&nbsp;KeySubAdd
</UL>

<P><STRONG><a name="[103]"></a>MultiFrqShift</STRONG> (Thumb, 150 bytes, Stack size 8 bytes, keyproc.o(.text))
<BR><BR>[Stack]<UL><LI>Max Depth = 120<LI>Call Chain = MultiFrqShift &rArr; SetMultiTmFrq &rArr; MultiDspNum &rArr; LcdCopyToRam &rArr; AreaSet
</UL>
<BR>[Calls]<UL><LI><a href="#[f8]">&gt;&gt;</a>&nbsp;&nbsp;&nbsp;MultiMaxTimes
<LI><a href="#[be]">&gt;&gt;</a>&nbsp;&nbsp;&nbsp;SetMultiTmFrq
</UL>
<BR>[Called By]<UL><LI><a href="#[119]">&gt;&gt;</a>&nbsp;&nbsp;&nbsp;KeySubAdd
</UL>

<P><STRONG><a name="[104]"></a>IdSelSubAdd</STRONG> (Thumb, 38 bytes, Stack size 0 bytes, keyproc.o(.text))
<BR><BR>[Stack]<UL><LI>Max Depth = 92<LI>Call Chain = IdSelSubAdd &rArr; DspID &rArr; LcdLoadPicture &rArr; DisplayPicture &rArr; AreaSet
</UL>
<BR>[Calls]<UL><LI><a href="#[105]">&gt;&gt;</a>&nbsp;&nbsp;&nbsp;DspID
</UL>
<BR>[Called By]<UL><LI><a href="#[119]">&gt;&gt;</a>&nbsp;&nbsp;&nbsp;KeySubAdd
</UL>

<P><STRONG><a name="[106]"></a>IdSetSubAdd</STRONG> (Thumb, 86 bytes, Stack size 16 bytes, keyproc.o(.text))
<BR><BR>[Stack]<UL><LI>Max Depth = 108<LI>Call Chain = IdSetSubAdd &rArr; DspID &rArr; LcdLoadPicture &rArr; DisplayPicture &rArr; AreaSet
</UL>
<BR>[Calls]<UL><LI><a href="#[105]">&gt;&gt;</a>&nbsp;&nbsp;&nbsp;DspID
</UL>
<BR>[Called By]<UL><LI><a href="#[119]">&gt;&gt;</a>&nbsp;&nbsp;&nbsp;KeySubAdd
</UL>

<P><STRONG><a name="[107]"></a>RfGrModSubAdd</STRONG> (Thumb, 90 bytes, Stack size 8 bytes, keyproc.o(.text))
<BR><BR>[Stack]<UL><LI>Max Depth = 272<LI>Call Chain = RfGrModSubAdd &rArr; RfGrDspPara &rArr; GrDspPara &rArr; DisplayMstOtp &rArr; DisplayMstOtp_canStyle &rArr; DisplayCanOtpString &rArr; LoadCanParaChar &rArr; CanCharGetIndex
</UL>
<BR>[Calls]<UL><LI><a href="#[108]">&gt;&gt;</a>&nbsp;&nbsp;&nbsp;RfgrSelMenu
<LI><a href="#[d8]">&gt;&gt;</a>&nbsp;&nbsp;&nbsp;RfGrDspPara
<LI><a href="#[d1]">&gt;&gt;</a>&nbsp;&nbsp;&nbsp;GrDrawSelBar
</UL>
<BR>[Called By]<UL><LI><a href="#[119]">&gt;&gt;</a>&nbsp;&nbsp;&nbsp;KeySubAdd
</UL>

<P><STRONG><a name="[109]"></a>RfGrParaSubAdd</STRONG> (Thumb, 568 bytes, Stack size 24 bytes, keyproc.o(.text))
<BR><BR>[Stack]<UL><LI>Max Depth = 288<LI>Call Chain = RfGrParaSubAdd &rArr; RfGrDspPara &rArr; GrDspPara &rArr; DisplayMstOtp &rArr; DisplayMstOtp_canStyle &rArr; DisplayCanOtpString &rArr; LoadCanParaChar &rArr; CanCharGetIndex
</UL>
<BR>[Calls]<UL><LI><a href="#[d8]">&gt;&gt;</a>&nbsp;&nbsp;&nbsp;RfGrDspPara
</UL>
<BR>[Called By]<UL><LI><a href="#[119]">&gt;&gt;</a>&nbsp;&nbsp;&nbsp;KeySubAdd
</UL>

<P><STRONG><a name="[10a]"></a>SnrMenuSubAdd</STRONG> (Thumb, 54 bytes, Stack size 0 bytes, keyproc.o(.text))
<BR><BR>[Stack]<UL><LI>Max Depth = 164<LI>Call Chain = SnrMenuSubAdd &rArr; DspCfnMenu &rArr; KeyMenuSw &rArr; InsertList &rArr; DisplayButton &rArr; LoadMenuChar &rArr; CanCharGetIndex
</UL>
<BR>[Calls]<UL><LI><a href="#[10b]">&gt;&gt;</a>&nbsp;&nbsp;&nbsp;DspCfnMenu
</UL>
<BR>[Called By]<UL><LI><a href="#[119]">&gt;&gt;</a>&nbsp;&nbsp;&nbsp;KeySubAdd
</UL>

<P><STRONG><a name="[10c]"></a>PfnMenuSubAdd</STRONG> (Thumb, 54 bytes, Stack size 0 bytes, keyproc.o(.text))
<BR><BR>[Stack]<UL><LI>Max Depth = 156<LI>Call Chain = PfnMenuSubAdd &rArr; DspPfnMenu &rArr; KeyMenuSw &rArr; InsertList &rArr; DisplayButton &rArr; LoadMenuChar &rArr; CanCharGetIndex
</UL>
<BR>[Calls]<UL><LI><a href="#[10d]">&gt;&gt;</a>&nbsp;&nbsp;&nbsp;DspPfnMenu
</UL>
[...]

<P><STRONG><a name="[e3]"></a>__aeabi_memcpy</STRONG> (Thumb, 36 bytes, Stack size 0 bytes, memcpya.o(.text))
<BR><BR>[Called By]<UL><LI><a href="#[c8]">&gt;&gt;</a>&nbsp;&nbsp;&nbsp;SetLinkshotChan
<LI><a href="#[e2]">&gt;&gt;</a>&nbsp;&nbsp;&nbsp;DspMenuIcon
<LI><a href="#[1da]">&gt;&gt;</a>&nbsp;&nbsp;&nbsp;LoadUartArray
<LI><a href="#[1d2]">&gt;&gt;</a>&nbsp;&nbsp;&nbsp;UartRcvHandle
<LI><a href="#[227]">&gt;&gt;</a>&nbsp;&nbsp;&nbsp;DspSnrTitle
<LI><a href="#[225]">&gt;&gt;</a>&nbsp;&nbsp;&nbsp;DspSnrMenu
</UL>

<P><STRONG><a name="[282]"></a>__aeabi_memcpy4</STRONG> (Thumb, 0 bytes, Stack size 0 bytes, memcpya.o(.text), UNUSED)
<BR><BR>[Called By]<UL><LI><a href="#[281]">&gt;&gt;</a>&nbsp;&nbsp;&nbsp;OSTaskQuery
</UL>

<P><STRONG><a name="[36c]"></a>__aeabi_memcpy8</STRONG> (Thumb, 0 bytes, Stack size 0 bytes, memcpya.o(.text), UNUSED)

<P><STRONG><a name="[b9]"></a>__aeabi_memset</STRONG> (Thumb, 14 bytes, Stack size 0 bytes, memseta.o(.text))
<BR><BR>[Called By]<UL><LI><a href="#[c4]">&gt;&gt;</a>&nbsp;&nbsp;&nbsp;SetMstChan
<LI><a href="#[d6]">&gt;&gt;</a>&nbsp;&nbsp;&nbsp;DspMstRatioHead
<LI><a href="#[ce]">&gt;&gt;</a>&nbsp;&nbsp;&nbsp;DspIsoValue
<LI><a href="#[d7]">&gt;&gt;</a>&nbsp;&nbsp;&nbsp;DspGrMode
<LI><a href="#[cf]">&gt;&gt;</a>&nbsp;&nbsp;&nbsp;DspApertValue
<LI><a href="#[c5]">&gt;&gt;</a>&nbsp;&nbsp;&nbsp;DisplayTtlCmp_canStyle
<LI><a href="#[b5]">&gt;&gt;</a>&nbsp;&nbsp;&nbsp;DisplayMstOtp_canStyle
<LI><a href="#[f6]">&gt;&gt;</a>&nbsp;&nbsp;&nbsp;DisplayFocLen
<LI><a href="#[fe]">&gt;&gt;</a>&nbsp;&nbsp;&nbsp;ChSanSubAdd
<LI><a href="#[e2]">&gt;&gt;</a>&nbsp;&nbsp;&nbsp;DspMenuIcon
<LI><a href="#[bd]">&gt;&gt;</a>&nbsp;&nbsp;&nbsp;MultiDspNum
<LI><a href="#[b8]">&gt;&gt;</a>&nbsp;&nbsp;&nbsp;SetMultiLink
<LI><a href="#[234]">&gt;&gt;</a>&nbsp;&nbsp;&nbsp;DspCmpFeb
<LI><a href="#[233]">&gt;&gt;</a>&nbsp;&nbsp;&nbsp;DisplayButton
<LI><a href="#[232]">&gt;&gt;</a>&nbsp;&nbsp;&nbsp;DspScanResult
<LI><a href="#[231]">&gt;&gt;</a>&nbsp;&nbsp;&nbsp;DisplayABRation
<LI><a href="#[228]">&gt;&gt;</a>&nbsp;&nbsp;&nbsp;DspSubMenu
<LI><a href="#[225]">&gt;&gt;</a>&nbsp;&nbsp;&nbsp;DspSnrMenu
<LI><a href="#[2a6]">&gt;&gt;</a>&nbsp;&nbsp;&nbsp;_memset$wrapper
<LI><a href="#[ab]">&gt;&gt;</a>&nbsp;&nbsp;&nbsp;__aeabi_memclr
</UL>

<P><STRONG><a name="[36d]"></a>__aeabi_memset4</STRONG> (Thumb, 0 bytes, Stack size 0 bytes, memseta.o(.text), UNUSED)

<P><STRONG><a name="[36e]"></a>__aeabi_memset8</STRONG> (Thumb, 0 bytes, Stack size 0 bytes, memseta.o(.text), UNUSED)

<P><STRONG><a name="[ab]"></a>__aeabi_memclr</STRONG> (Thumb, 4 bytes, Stack size 0 bytes, memseta.o(.text))
<BR><BR>[Calls]<UL><LI><a href="#[b9]">&gt;&gt;</a>&nbsp;&nbsp;&nbsp;__aeabi_memset
</UL>
<BR>[Called By]<UL><LI><a href="#[c4]">&gt;&gt;</a>&nbsp;&nbsp;&nbsp;SetMstChan
<LI><a href="#[c8]">&gt;&gt;</a>&nbsp;&nbsp;&nbsp;SetLinkshotChan
<LI><a href="#[111]">&gt;&gt;</a>&nbsp;&nbsp;&nbsp;EnterPfnSubMenu
<LI><a href="#[10f]">&gt;&gt;</a>&nbsp;&nbsp;&nbsp;EnterCfnSubMenu
<LI><a href="#[d6]">&gt;&gt;</a>&nbsp;&nbsp;&nbsp;DspMstRatioHead
<LI><a href="#[ce]">&gt;&gt;</a>&nbsp;&nbsp;&nbsp;DspIsoValue
<LI><a href="#[d7]">&gt;&gt;</a>&nbsp;&nbsp;&nbsp;DspGrMode
<LI><a href="#[cf]">&gt;&gt;</a>&nbsp;&nbsp;&nbsp;DspApertValue
<LI><a href="#[c5]">&gt;&gt;</a>&nbsp;&nbsp;&nbsp;DisplayTtlCmp_canStyle
<LI><a href="#[b5]">&gt;&gt;</a>&nbsp;&nbsp;&nbsp;DisplayMstOtp_canStyle
<LI><a href="#[f6]">&gt;&gt;</a>&nbsp;&nbsp;&nbsp;DisplayFocLen
<LI><a href="#[101]">&gt;&gt;</a>&nbsp;&nbsp;&nbsp;TtlDebugDspDat
<LI><a href="#[fe]">&gt;&gt;</a>&nbsp;&nbsp;&nbsp;ChSanSubAdd
<LI><a href="#[e9]">&gt;&gt;</a>&nbsp;&nbsp;&nbsp;ModLinkedShot
<LI><a href="#[d1]">&gt;&gt;</a>&nbsp;&nbsp;&nbsp;GrDrawSelBar
<LI><a href="#[bd]">&gt;&gt;</a>&nbsp;&nbsp;&nbsp;MultiDspNum
<LI><a href="#[bb]">&gt;&gt;</a>&nbsp;&nbsp;&nbsp;DspMultiHz
<LI><a href="#[af]">&gt;&gt;</a>&nbsp;&nbsp;&nbsp;SetCmpFeb
<LI><a href="#[ae]">&gt;&gt;</a>&nbsp;&nbsp;&nbsp;DspFebIcon
<LI><a href="#[aa]">&gt;&gt;</a>&nbsp;&nbsp;&nbsp;DspCmpIcon
<LI><a href="#[21b]">&gt;&gt;</a>&nbsp;&nbsp;&nbsp;DspSensors
<LI><a href="#[20e]">&gt;&gt;</a>&nbsp;&nbsp;&nbsp;DrawScopeNum
<LI><a href="#[20c]">&gt;&gt;</a>&nbsp;&nbsp;&nbsp;DrawScaleRuler
<LI><a href="#[0]">&gt;&gt;</a>&nbsp;&nbsp;&nbsp;ContrastSet
<LI><a href="#[234]">&gt;&gt;</a>&nbsp;&nbsp;&nbsp;DspCmpFeb
<LI><a href="#[232]">&gt;&gt;</a>&nbsp;&nbsp;&nbsp;DspScanResult
<LI><a href="#[11]">&gt;&gt;</a>&nbsp;&nbsp;&nbsp;BtnCfnClear
<LI><a href="#[231]">&gt;&gt;</a>&nbsp;&nbsp;&nbsp;DisplayABRation
<LI><a href="#[227]">&gt;&gt;</a>&nbsp;&nbsp;&nbsp;DspSnrTitle
<LI><a href="#[226]">&gt;&gt;</a>&nbsp;&nbsp;&nbsp;DspSnrBar
<LI><a href="#[225]">&gt;&gt;</a>&nbsp;&nbsp;&nbsp;DspSnrMenu
<LI><a href="#[21d]">&gt;&gt;</a>&nbsp;&nbsp;&nbsp;DspSensorsEx
</UL>

<P><STRONG><a name="[6c]"></a>__aeabi_memclr4</STRONG> (Thumb, 0 bytes, Stack size 0 bytes, memseta.o(.text))
<BR><BR>[Called By]<UL><LI><a href="#[156]">&gt;&gt;</a>&nbsp;&nbsp;&nbsp;Sleep_Init
<LI><a href="#[18d]">&gt;&gt;</a>&nbsp;&nbsp;&nbsp;UserInit
<LI><a href="#[161]">&gt;&gt;</a>&nbsp;&nbsp;&nbsp;RgbCheckProc
<LI><a href="#[15b]">&gt;&gt;</a>&nbsp;&nbsp;&nbsp;SensorMonitor
<LI><a href="#[80]">&gt;&gt;</a>&nbsp;&nbsp;&nbsp;LightSlaveProc
<LI><a href="#[7f]">&gt;&gt;</a>&nbsp;&nbsp;&nbsp;UnexpectHandle
<LI><a href="#[7c]">&gt;&gt;</a>&nbsp;&nbsp;&nbsp;LightSlaveParaClear
<LI><a href="#[6b]">&gt;&gt;</a>&nbsp;&nbsp;&nbsp;ClearWlcBuf
<LI><a href="#[220]">&gt;&gt;</a>&nbsp;&nbsp;&nbsp;BtnReset
</UL>

<P><STRONG><a name="[36f]"></a>__aeabi_memclr8</STRONG> (Thumb, 0 bytes, Stack size 0 bytes, memseta.o(.text), UNUSED)

<P><STRONG><a name="[2a6]"></a>_memset$wrapper</STRONG> (Thumb, 18 bytes, Stack size 8 bytes, memseta.o(.text), UNUSED)
<BR><BR>[Calls]<UL><LI><a href="#[b9]">&gt;&gt;</a>&nbsp;&nbsp;&nbsp;__aeabi_memset
</UL>

<P><STRONG><a name="[23d]"></a>__aeabi_fadd</STRONG> (Thumb, 164 bytes, Stack size 16 bytes, fadd.o(.text))
<BR><BR>[Stack]<UL><LI>Max Depth = 20<LI>Call Chain = __aeabi_fadd &rArr; _float_epilogue
</UL>
<BR>[Calls]<UL><LI><a href="#[2a8]">&gt;&gt;</a>&nbsp;&nbsp;&nbsp;_float_round
<LI><a href="#[2a7]">&gt;&gt;</a>&nbsp;&nbsp;&nbsp;_float_epilogue
</UL>
<BR>[Called By]<UL><LI><a href="#[1d8]">&gt;&gt;</a>&nbsp;&nbsp;&nbsp;__aeabi_frsub
<LI><a href="#[23c]">&gt;&gt;</a>&nbsp;&nbsp;&nbsp;calcSqrt
<LI><a href="#[2a9]">&gt;&gt;</a>&nbsp;&nbsp;&nbsp;__aeabi_fsub
</UL>

<P><STRONG><a name="[2a9]"></a>__aeabi_fsub</STRONG> (Thumb, 6 bytes, Stack size 0 bytes, fadd.o(.text), UNUSED)
<BR><BR>[Calls]<UL><LI><a href="#[23d]">&gt;&gt;</a>&nbsp;&nbsp;&nbsp;__aeabi_fadd
</UL>

<P><STRONG><a name="[1d8]"></a>__aeabi_frsub</STRONG> (Thumb, 6 bytes, Stack size 0 bytes, fadd.o(.text))
<BR><BR>[Stack]<UL><LI>Max Depth = 20<LI>Call Chain = __aeabi_frsub &rArr; __aeabi_fadd &rArr; _float_epilogue
</UL>
<BR>[Calls]<UL><LI><a href="#[23d]">&gt;&gt;</a>&nbsp;&nbsp;&nbsp;__aeabi_fadd
</UL>
<BR>[Called By]<UL><LI><a href="#[1d7]">&gt;&gt;</a>&nbsp;&nbsp;&nbsp;uart1_init
<LI><a href="#[150]">&gt;&gt;</a>&nbsp;&nbsp;&nbsp;uart2_init
</UL>

<P><STRONG><a name="[70]"></a>__aeabi_fmul</STRONG> (Thumb, 100 bytes, Stack size 8 bytes, fmul.o(.text))
<BR><BR>[Stack]<UL><LI>Max Depth = 8<LI>Call Chain = __aeabi_fmul
</UL>
<BR>[Called By]<UL><LI><a href="#[17e]">&gt;&gt;</a>&nbsp;&nbsp;&nbsp;SetPreFlashDA
<LI><a href="#[c5]">&gt;&gt;</a>&nbsp;&nbsp;&nbsp;DisplayTtlCmp_canStyle
<LI><a href="#[78]">&gt;&gt;</a>&nbsp;&nbsp;&nbsp;HighSpeedTriger
<LI><a href="#[6f]">&gt;&gt;</a>&nbsp;&nbsp;&nbsp;CalcCmpPower
</UL>

<P><STRONG><a name="[7b]"></a>__aeabi_fdiv</STRONG> (Thumb, 124 bytes, Stack size 8 bytes, fdiv.o(.text))
<BR><BR>[Stack]<UL><LI>Max Depth = 8<LI>Call Chain = __aeabi_fdiv
</UL>
<BR>[Calls]<UL><LI><a href="#[2a8]">&gt;&gt;</a>&nbsp;&nbsp;&nbsp;_float_round
</UL>
<BR>[Called By]<UL><LI><a href="#[17e]">&gt;&gt;</a>&nbsp;&nbsp;&nbsp;SetPreFlashDA
<LI><a href="#[78]">&gt;&gt;</a>&nbsp;&nbsp;&nbsp;HighSpeedTriger
<LI><a href="#[1d7]">&gt;&gt;</a>&nbsp;&nbsp;&nbsp;uart1_init
<LI><a href="#[150]">&gt;&gt;</a>&nbsp;&nbsp;&nbsp;uart2_init
<LI><a href="#[23c]">&gt;&gt;</a>&nbsp;&nbsp;&nbsp;calcSqrt
</UL>

<P><STRONG><a name="[1d9]"></a>__ARM_scalbnf</STRONG> (Thumb, 24 bytes, Stack size 0 bytes, fscalb.o(.text))
<BR><BR>[Called By]<UL><LI><a href="#[1d7]">&gt;&gt;</a>&nbsp;&nbsp;&nbsp;uart1_init
<LI><a href="#[150]">&gt;&gt;</a>&nbsp;&nbsp;&nbsp;uart2_init
<LI><a href="#[23c]">&gt;&gt;</a>&nbsp;&nbsp;&nbsp;calcSqrt
</UL>

<P><STRONG><a name="[370]"></a>scalbnf</STRONG> (Thumb, 0 bytes, Stack size 0 bytes, fscalb.o(.text), UNUSED)

<P><STRONG><a name="[240]"></a>__aeabi_dadd</STRONG> (Thumb, 322 bytes, Stack size 48 bytes, dadd.o(.text), UNUSED)
<BR><BR>[Calls]<UL><LI><a href="#[2ab]">&gt;&gt;</a>&nbsp;&nbsp;&nbsp;__aeabi_lasr
<LI><a href="#[2aa]">&gt;&gt;</a>&nbsp;&nbsp;&nbsp;__aeabi_llsl
<LI><a href="#[2ad]">&gt;&gt;</a>&nbsp;&nbsp;&nbsp;_double_round
<LI><a href="#[2ac]">&gt;&gt;</a>&nbsp;&nbsp;&nbsp;_double_epilogue
</UL>
<BR>[Called By]<UL><LI><a href="#[242]">&gt;&gt;</a>&nbsp;&nbsp;&nbsp;__aeabi_dsub
<LI><a href="#[23e]">&gt;&gt;</a>&nbsp;&nbsp;&nbsp;SearchScaleIndex
<LI><a href="#[2ae]">&gt;&gt;</a>&nbsp;&nbsp;&nbsp;__aeabi_drsub
</UL>

<P><STRONG><a name="[242]"></a>__aeabi_dsub</STRONG> (Thumb, 6 bytes, Stack size 0 bytes, dadd.o(.text), UNUSED)
<BR><BR>[Calls]<UL><LI><a href="#[240]">&gt;&gt;</a>&nbsp;&nbsp;&nbsp;__aeabi_dadd
</UL>
<BR>[Called By]<UL><LI><a href="#[23e]">&gt;&gt;</a>&nbsp;&nbsp;&nbsp;SearchScaleIndex
</UL>

<P><STRONG><a name="[2ae]"></a>__aeabi_drsub</STRONG> (Thumb, 6 bytes, Stack size 0 bytes, dadd.o(.text), UNUSED)
<BR><BR>[Calls]<UL><LI><a href="#[240]">&gt;&gt;</a>&nbsp;&nbsp;&nbsp;__aeabi_dadd
</UL>

<P><STRONG><a name="[230]"></a>__aeabi_i2f</STRONG> (Thumb, 18 bytes, Stack size 0 bytes, fflti.o(.text))
<BR><BR>[Stack]<UL><LI>Max Depth = 4<LI>Call Chain = __aeabi_i2f &rArr; _float_epilogue
</UL>
<BR>[Calls]<UL><LI><a href="#[2a7]">&gt;&gt;</a>&nbsp;&nbsp;&nbsp;_float_epilogue
</UL>
<BR>[Called By]<UL><LI><a href="#[c5]">&gt;&gt;</a>&nbsp;&nbsp;&nbsp;DisplayTtlCmp_canStyle
</UL>

<P><STRONG><a name="[79]"></a>__aeabi_ui2f</STRONG> (Thumb, 10 bytes, Stack size 0 bytes, ffltui.o(.text))
<BR><BR>[Stack]<UL><LI>Max Depth = 4<LI>Call Chain = __aeabi_ui2f &rArr; _float_epilogue
</UL>
<BR>[Calls]<UL><LI><a href="#[2a7]">&gt;&gt;</a>&nbsp;&nbsp;&nbsp;_float_epilogue
</UL>
<BR>[Called By]<UL><LI><a href="#[17e]">&gt;&gt;</a>&nbsp;&nbsp;&nbsp;SetPreFlashDA
<LI><a href="#[c5]">&gt;&gt;</a>&nbsp;&nbsp;&nbsp;DisplayTtlCmp_canStyle
<LI><a href="#[cc]">&gt;&gt;</a>&nbsp;&nbsp;&nbsp;SetExtaScr
<LI><a href="#[c2]">&gt;&gt;</a>&nbsp;&nbsp;&nbsp;SetTtlScr
<LI><a href="#[78]">&gt;&gt;</a>&nbsp;&nbsp;&nbsp;HighSpeedTriger
<LI><a href="#[1d7]">&gt;&gt;</a>&nbsp;&nbsp;&nbsp;uart1_init
<LI><a href="#[150]">&gt;&gt;</a>&nbsp;&nbsp;&nbsp;uart2_init
</UL>

<P><STRONG><a name="[7a]"></a>__aeabi_f2uiz</STRONG> (Thumb, 40 bytes, Stack size 0 bytes, ffixui.o(.text))
<BR><BR>[Called By]<UL><LI><a href="#[17e]">&gt;&gt;</a>&nbsp;&nbsp;&nbsp;SetPreFlashDA
<LI><a href="#[c5]">&gt;&gt;</a>&nbsp;&nbsp;&nbsp;DisplayTtlCmp_canStyle
<LI><a href="#[78]">&gt;&gt;</a>&nbsp;&nbsp;&nbsp;HighSpeedTriger
<LI><a href="#[1d7]">&gt;&gt;</a>&nbsp;&nbsp;&nbsp;uart1_init
<LI><a href="#[150]">&gt;&gt;</a>&nbsp;&nbsp;&nbsp;uart2_init
</UL>

<P><STRONG><a name="[23f]"></a>__aeabi_f2d</STRONG> (Thumb, 38 bytes, Stack size 0 bytes, f2d.o(.text), UNUSED)
<BR><BR>[Called By]<UL><LI><a href="#[23e]">&gt;&gt;</a>&nbsp;&nbsp;&nbsp;SearchScaleIndex
</UL>

<P><STRONG><a name="[371]"></a>__aeabi_cdcmpeq</STRONG> (Thumb, 0 bytes, Stack size 0 bytes, cdcmple.o(.text), UNUSED)

<P><STRONG><a name="[241]"></a>__aeabi_cdcmple</STRONG> (Thumb, 48 bytes, Stack size 0 bytes, cdcmple.o(.text), UNUSED)
<BR><BR>[Called By]<UL><LI><a href="#[23e]">&gt;&gt;</a>&nbsp;&nbsp;&nbsp;SearchScaleIndex
</UL>

<P><STRONG><a name="[243]"></a>__aeabi_cdrcmple</STRONG> (Thumb, 48 bytes, Stack size 0 bytes, cdrcmple.o(.text), UNUSED)
<BR><BR>[Called By]<UL><LI><a href="#[23e]">&gt;&gt;</a>&nbsp;&nbsp;&nbsp;SearchScaleIndex
</UL>

<P><STRONG><a name="[372]"></a>__aeabi_cfcmpeq</STRONG> (Thumb, 0 bytes, Stack size 0 bytes, cfcmple.o(.text), UNUSED)

<P><STRONG><a name="[244]"></a>__aeabi_cfcmple</STRONG> (Thumb, 20 bytes, Stack size 0 bytes, cfcmple.o(.text), UNUSED)
<BR><BR>[Called By]<UL><LI><a href="#[23e]">&gt;&gt;</a>&nbsp;&nbsp;&nbsp;SearchScaleIndex
</UL>

<P><STRONG><a name="[2aa]"></a>__aeabi_llsl</STRONG> (Thumb, 30 bytes, Stack size 0 bytes, llshl.o(.text), UNUSED)
<BR><BR>[Called By]<UL><LI><a href="#[240]">&gt;&gt;</a>&nbsp;&nbsp;&nbsp;__aeabi_dadd
<LI><a href="#[2ac]">&gt;&gt;</a>&nbsp;&nbsp;&nbsp;_double_epilogue
</UL>

<P><STRONG><a name="[373]"></a>_ll_shift_l</STRONG> (Thumb, 0 bytes, Stack size 0 bytes, llshl.o(.text), UNUSED)

<P><STRONG><a name="[2ab]"></a>__aeabi_lasr</STRONG> (Thumb, 36 bytes, Stack size 0 bytes, llsshr.o(.text), UNUSED)
<BR><BR>[Called By]<UL><LI><a href="#[240]">&gt;&gt;</a>&nbsp;&nbsp;&nbsp;__aeabi_dadd
</UL>

<P><STRONG><a name="[374]"></a>_ll_sshift_r</STRONG> (Thumb, 0 bytes, Stack size 0 bytes, llsshr.o(.text), UNUSED)

<P><STRONG><a name="[375]"></a>__I$use$fp</STRONG> (Thumb, 0 bytes, Stack size 0 bytes, iusefp.o(.text), UNUSED)

<P><STRONG><a name="[2a8]"></a>_float_round</STRONG> (Thumb, 18 bytes, Stack size 0 bytes, fepilogue.o(.text))
<BR><BR>[Called By]<UL><LI><a href="#[7b]">&gt;&gt;</a>&nbsp;&nbsp;&nbsp;__aeabi_fdiv
<LI><a href="#[23d]">&gt;&gt;</a>&nbsp;&nbsp;&nbsp;__aeabi_fadd
</UL>

<P><STRONG><a name="[2a7]"></a>_float_epilogue</STRONG> (Thumb, 92 bytes, Stack size 4 bytes, fepilogue.o(.text))
<BR><BR>[Stack]<UL><LI>Max Depth = 4<LI>Call Chain = _float_epilogue
</UL>
<BR>[Called By]<UL><LI><a href="#[79]">&gt;&gt;</a>&nbsp;&nbsp;&nbsp;__aeabi_ui2f
<LI><a href="#[230]">&gt;&gt;</a>&nbsp;&nbsp;&nbsp;__aeabi_i2f
<LI><a href="#[23d]">&gt;&gt;</a>&nbsp;&nbsp;&nbsp;__aeabi_fadd
</UL>

<P><STRONG><a name="[2ad]"></a>_double_round</STRONG> (Thumb, 30 bytes, Stack size 8 bytes, depilogue.o(.text), UNUSED)
<BR><BR>[Called By]<UL><LI><a href="#[240]">&gt;&gt;</a>&nbsp;&nbsp;&nbsp;__aeabi_dadd
<LI><a href="#[2ac]">&gt;&gt;</a>&nbsp;&nbsp;&nbsp;_double_epilogue
</UL>

<P><STRONG><a name="[2ac]"></a>_double_epilogue</STRONG> (Thumb, 156 bytes, Stack size 32 bytes, depilogue.o(.text), UNUSED)
<BR><BR>[Calls]<UL><LI><a href="#[2af]">&gt;&gt;</a>&nbsp;&nbsp;&nbsp;__aeabi_llsr
<LI><a href="#[2aa]">&gt;&gt;</a>&nbsp;&nbsp;&nbsp;__aeabi_llsl
<LI><a href="#[2ad]">&gt;&gt;</a>&nbsp;&nbsp;&nbsp;_double_round
</UL>
<BR>[Called By]<UL><LI><a href="#[240]">&gt;&gt;</a>&nbsp;&nbsp;&nbsp;__aeabi_dadd
</UL>

<P><STRONG><a name="[6a]"></a>__scatterload</STRONG> (Thumb, 28 bytes, Stack size 0 bytes, init.o(.text))
<BR><BR>[Calls]<UL><LI><a href="#[2b0]">&gt;&gt;</a>&nbsp;&nbsp;&nbsp;__main_after_scatterload
</UL>
<BR>[Called By]<UL><LI><a href="#[69]">&gt;&gt;</a>&nbsp;&nbsp;&nbsp;_main_scatterload
</UL>

<P><STRONG><a name="[376]"></a>__scatterload_rt2</STRONG> (Thumb, 0 bytes, Stack size 0 bytes, init.o(.text), UNUSED)

<P><STRONG><a name="[2af]"></a>__aeabi_llsr</STRONG> (Thumb, 32 bytes, Stack size 0 bytes, llushr.o(.text), UNUSED)
<BR><BR>[Called By]<UL><LI><a href="#[2ac]">&gt;&gt;</a>&nbsp;&nbsp;&nbsp;_double_epilogue
</UL>

<P><STRONG><a name="[377]"></a>_ll_ushift_r</STRONG> (Thumb, 0 bytes, Stack size 0 bytes, llushr.o(.text), UNUSED)

<P><STRONG><a name="[378]"></a>__decompress</STRONG> (Thumb, 0 bytes, Stack size unknown bytes, __dczerorl2.o(.text), UNUSED)

<P><STRONG><a name="[379]"></a>__decompress1</STRONG> (Thumb, 86 bytes, Stack size unknown bytes, __dczerorl2.o(.text), UNUSED)

<P><STRONG><a name="[37a]"></a>__scatterload_copy</STRONG> (Thumb, 14 bytes, Stack size unknown bytes, handlers.o(i.__scatterload_copy), UNUSED)

<P><STRONG><a name="[37b]"></a>__scatterload_null</STRONG> (Thumb, 2 bytes, Stack size unknown bytes, handlers.o(i.__scatterload_null), UNUSED)

<P><STRONG><a name="[37c]"></a>__scatterload_zeroinit</STRONG> (Thumb, 14 bytes, Stack size unknown bytes, handlers.o(i.__scatterload_zeroinit), UNUSED)
<P>
<H3>
Local Symbols
</H3>
<P><STRONG><a name="[25d]"></a>OS_FlagTaskRdy</STRONG> (Thumb, 64 bytes, Stack size 8 bytes, os_flag.o(.text), UNUSED)
<BR><BR>[Calls]<UL><LI><a href="#[25e]">&gt;&gt;</a>&nbsp;&nbsp;&nbsp;OS_FlagUnlink
</UL>
<BR>[Called By]<UL><LI><a href="#[262]">&gt;&gt;</a>&nbsp;&nbsp;&nbsp;OSFlagPost
<LI><a href="#[25f]">&gt;&gt;</a>&nbsp;&nbsp;&nbsp;OSFlagDel
</UL>

<P><STRONG><a name="[261]"></a>OS_FlagBlock</STRONG> (Thumb, 76 bytes, Stack size 20 bytes, os_flag.o(.text), UNUSED)
<BR><BR>[Called By]<UL><LI><a href="#[260]">&gt;&gt;</a>&nbsp;&nbsp;&nbsp;OSFlagPend
</UL>

<P><STRONG><a name="[28a]"></a>OSTmr_Free</STRONG> (Thumb, 46 bytes, Stack size 0 bytes, os_tmr.o(.text), UNUSED)
<BR><BR>[Called By]<UL><LI><a href="#[288]">&gt;&gt;</a>&nbsp;&nbsp;&nbsp;OSTmrDel
</UL>

<P><STRONG><a name="[289]"></a>OSTmr_Unlink</STRONG> (Thumb, 58 bytes, Stack size 8 bytes, os_tmr.o(.text))
<BR><BR>[Stack]<UL><LI>Max Depth = 8<LI>Call Chain = OSTmr_Unlink
</UL>
<BR>[Called By]<UL><LI><a href="#[85]">&gt;&gt;</a>&nbsp;&nbsp;&nbsp;OSTmrStart
<LI><a href="#[28e]">&gt;&gt;</a>&nbsp;&nbsp;&nbsp;OSTmrStop
<LI><a href="#[288]">&gt;&gt;</a>&nbsp;&nbsp;&nbsp;OSTmrDel
<LI><a href="#[63]">&gt;&gt;</a>&nbsp;&nbsp;&nbsp;OSTmr_Task
</UL>

<P><STRONG><a name="[28d]"></a>OSTmr_Link</STRONG> (Thumb, 66 bytes, Stack size 0 bytes, os_tmr.o(.text))
<BR><BR>[Called By]<UL><LI><a href="#[85]">&gt;&gt;</a>&nbsp;&nbsp;&nbsp;OSTmrStart
<LI><a href="#[63]">&gt;&gt;</a>&nbsp;&nbsp;&nbsp;OSTmr_Task
</UL>

<P><STRONG><a name="[63]"></a>OSTmr_Task</STRONG> (Thumb, 106 bytes, Stack size 8 bytes, os_tmr.o(.text))
<BR><BR>[Stack]<UL><LI>Max Depth = 56 + Unknown Stack Size
<LI>Call Chain = OSTmr_Task &rArr; OSTmr_Lock &rArr; OSSemPend &rArr; OS_EventTaskWait
</UL>
<BR>[Calls]<UL><LI><a href="#[286]">&gt;&gt;</a>&nbsp;&nbsp;&nbsp;OSTmr_Lock
<LI><a href="#[287]">&gt;&gt;</a>&nbsp;&nbsp;&nbsp;OSTmr_Unlock
<LI><a href="#[28d]">&gt;&gt;</a>&nbsp;&nbsp;&nbsp;OSTmr_Link
<LI><a href="#[289]">&gt;&gt;</a>&nbsp;&nbsp;&nbsp;OSTmr_Unlink
<LI><a href="#[278]">&gt;&gt;</a>&nbsp;&nbsp;&nbsp;OSSemPend
</UL>
<BR>[Address Reference Count : 1]<UL><LI> os_tmr.o(.text)
</UL>
<P><STRONG><a name="[287]"></a>OSTmr_Unlock</STRONG> (Thumb, 8 bytes, Stack size 0 bytes, os_tmr.o(.text))
<BR><BR>[Stack]<UL><LI>Max Depth = 28 + Unknown Stack Size
<LI>Call Chain = OSTmr_Unlock &rArr; OSSemPost &rArr; OS_EventTaskRdy
</UL>
<BR>[Calls]<UL><LI><a href="#[279]">&gt;&gt;</a>&nbsp;&nbsp;&nbsp;OSSemPost
</UL>
<BR>[Called By]<UL><LI><a href="#[18a]">&gt;&gt;</a>&nbsp;&nbsp;&nbsp;OSTmrCreate
<LI><a href="#[85]">&gt;&gt;</a>&nbsp;&nbsp;&nbsp;OSTmrStart
<LI><a href="#[28e]">&gt;&gt;</a>&nbsp;&nbsp;&nbsp;OSTmrStop
<LI><a href="#[28c]">&gt;&gt;</a>&nbsp;&nbsp;&nbsp;OSTmrStateGet
<LI><a href="#[28b]">&gt;&gt;</a>&nbsp;&nbsp;&nbsp;OSTmrRemainGet
<LI><a href="#[288]">&gt;&gt;</a>&nbsp;&nbsp;&nbsp;OSTmrDel
<LI><a href="#[63]">&gt;&gt;</a>&nbsp;&nbsp;&nbsp;OSTmr_Task
</UL>

<P><STRONG><a name="[286]"></a>OSTmr_Lock</STRONG> (Thumb, 16 bytes, Stack size 8 bytes, os_tmr.o(.text))
<BR><BR>[Stack]<UL><LI>Max Depth = 48 + Unknown Stack Size
<LI>Call Chain = OSTmr_Lock &rArr; OSSemPend &rArr; OS_EventTaskWait
</UL>
<BR>[Calls]<UL><LI><a href="#[278]">&gt;&gt;</a>&nbsp;&nbsp;&nbsp;OSSemPend
</UL>
<BR>[Called By]<UL><LI><a href="#[18a]">&gt;&gt;</a>&nbsp;&nbsp;&nbsp;OSTmrCreate
<LI><a href="#[85]">&gt;&gt;</a>&nbsp;&nbsp;&nbsp;OSTmrStart
<LI><a href="#[28e]">&gt;&gt;</a>&nbsp;&nbsp;&nbsp;OSTmrStop
<LI><a href="#[28c]">&gt;&gt;</a>&nbsp;&nbsp;&nbsp;OSTmrStateGet
<LI><a href="#[28b]">&gt;&gt;</a>&nbsp;&nbsp;&nbsp;OSTmrRemainGet
<LI><a href="#[288]">&gt;&gt;</a>&nbsp;&nbsp;&nbsp;OSTmrDel
<LI><a href="#[63]">&gt;&gt;</a>&nbsp;&nbsp;&nbsp;OSTmr_Task
</UL>
<P>
<H3>
Undefined Global Symbols
</H3><HR></body></html>
