Component: ARM Compiler 5.06 update 1 (build 61) Tool: armlink [4d35a8]

==============================================================================

Section Cross References

    stm32f10x.o(RESET) refers to stm32f10x.o(STACK) for __initial_sp
    stm32f10x.o(RESET) refers to stm32f10x.o(.text) for Reset_Handler
    stm32f10x.o(RESET) refers to os_cpu_a.o(.text) for PendSV_Handler
    stm32f10x.o(RESET) refers to main.o(.text) for SysTick_Handler
    stm32f10x.o(RESET) refers to keyproc.o(.text) for EXTI1_IRQHandler
    stm32f10x.o(RESET) refers to spi.o(.text) for EXTI2_IRQHandler
    stm32f10x.o(RESET) refers to sys.o(.text) for EXTI3_IRQHandler
    stm32f10x.o(RESET) refers to flash.o(.text) for EXTI4_IRQHandler
    stm32f10x.o(RESET) refers to timer.o(.text) for TIM2_IRQHandler
    stm32f10x.o(.text) refers to entry.o(.ARM.Collect$$$$00000000) for __main
    flash.o(.text) refers to timer.o(.text) for Timer4_Init
    flash.o(.text) refers to memseta.o(.text) for __aeabi_memclr
    flash.o(.text) refers to os_task.o(.text) for OSTaskResume
    flash.o(.text) refers to nikdisplay.o(.text) for GetIsoStdIndex
    flash.o(.text) refers to timer.o(.data) for g_tmHandleFlag
    flash.o(.text) refers to flash.o(.bss) for .bss
    flash.o(.text) refers to flash.o(.data) for .data
    flash.o(.text) refers to main.o(.data) for g_comStatue
    flash.o(.text) refers to main.o(.data) for g_expTTLPara2
    flash.o(.text) refers to main.o(.data) for g_expTTLPara1
    flash.o(.text) refers to spi.o(.bss) for cmrPara
    flash.o(.text) refers to nikdisplay.o(.constdata) for isoValue
    flash.o(.text) refers to spi.o(.data) for g_isFlashWeak
    flash.o(.text) refers to spi.o(.data) for g_FlashWeakLevels
    flash.o(.text) refers to usart.o(.text) for noprintf
    flash.o(.text) refers to moto.o(.text) for SetChargeEnable
    flash.o(.text) refers to delay.o(.text) for delay_us
    flash.o(.text) refers to os_cpu_a.o(.text) for OS_ENTER_CRITICAL
    flash.o(.text) refers to fmul.o(.text) for __aeabi_fmul
    flash.o(.text) refers to ffltui.o(.text) for __aeabi_ui2f
    flash.o(.text) refers to ffixui.o(.text) for __aeabi_f2uiz
    flash.o(.text) refers to fdiv.o(.text) for __aeabi_fdiv
    flash.o(.text) refers to delay.o(.data) for fac_us
    flash.o(.text) refers to flash.o(.constdata) for .constdata
    flash.o(.text) refers to keyproc.o(.data) for g_chargeOk
    flash.o(.text) refers to spi.o(.data) for g_isHotProtect
    flash.o(.text) refers to main.o(.bss) for mainPara
    flash.o(.text) refers to main.o(.data) for flashPara
    flash.o(.text) refers to main.o(.data) for g_GnScale
    flash.o(.text) refers to keyproc.o(.data) for g_rptPilotFlag
    flash.o(.text) refers to nikdisplay.o(.data) for g_dspUpdateFlag
    keyproc.o(.text) refers to timer.o(.text) for StopCapture
    keyproc.o(.text) refers to led.o(.text) for PWM_Init
    keyproc.o(.text) refers to os_tmr.o(.text) for OSTmrReload
    keyproc.o(.text) refers to os_time.o(.text) for OSTimeDlyHMSM
    keyproc.o(.text) refers to sys.o(.text) for Ex_NVIC_Enable
    keyproc.o(.text) refers to moto.o(.text) for SetChargeEnable
    keyproc.o(.text) refers to main.o(.data) for g_isSlaveVoice
    keyproc.o(.text) refers to main.o(.data) for g_bzCount
    keyproc.o(.text) refers to keyproc.o(.data) for .data
    keyproc.o(.text) refers to flash.o(.data) for g_buzzerOn
    keyproc.o(.text) refers to flash.o(.data) for g_slaveBzEn
    keyproc.o(.text) refers to flash.o(.data) for g_slaveBzCnt
    keyproc.o(.text) refers to nikdisplay.o(.data) for g_dspUpdateFlag
    keyproc.o(.text) refers to spi.o(.text) for SetBkLightInfo
    keyproc.o(.text) refers to delay.o(.text) for delay_ms
    keyproc.o(.text) refers to flash.o(.text) for LightSlaveParaClear
    keyproc.o(.text) refers to lcddriver.o(.text) for DspClearAllPara
    keyproc.o(.text) refers to nikdisplay.o(.text) for BuildRfOnlyMenu
    keyproc.o(.text) refers to usart.o(.text) for noprintf
    keyproc.o(.text) refers to spi.o(.data) for g_isHotProtect
    keyproc.o(.text) refers to spi.o(.bss) for cmrPara
    keyproc.o(.text) refers to font.o(.constdata) for pic_mod_rfOnly
    keyproc.o(.text) refers to font.o(.constdata) for pic_mod_afill
    keyproc.o(.text) refers to font.o(.constdata) for pic_mod_Only
    keyproc.o(.text) refers to main.o(.bss) for mainPara
    keyproc.o(.text) refers to menu.o(.constdata) for g_snrPageCnt
    keyproc.o(.text) refers to menu.o(.data) for g_snrPageIndex
    keyproc.o(.text) refers to menu.o(.data) for g_snrStart
    keyproc.o(.text) refers to menu.o(.text) for DspSnrMenu
    keyproc.o(.text) refers to nikdisplay.o(.constdata) for apertValue
    keyproc.o(.text) refers to menu.o(.data) for g_snrMyMenuSelIndex
    keyproc.o(.text) refers to menu.o(.data) for g_snrMyMenuSelStart
    keyproc.o(.text) refers to main.o(.data) for g_GnScale
    keyproc.o(.text) refers to main.o(.data) for g_isReflectPulled
    keyproc.o(.text) refers to moto.o(.constdata) for focLenScape
[...]
    STMFLASH_Write_NoCheck                   0x08010d27   Thumb Code    38  stmflash.o(.text)
    STMFLASH_Read                            0x08010d4d   Thumb Code    26  stmflash.o(.text)
    STMFLASH_Write                           0x08010d67   Thumb Code   210  stmflash.o(.text)
    Test_Write                               0x08010e39   Thumb Code    12  stmflash.o(.text)
    OS_TaskStat                              0x08010e55   Thumb Code    96  os_core.o(.text)
    OS_TaskIdle                              0x08010eb5   Thumb Code    24  os_core.o(.text)
    OSInit                                   0x08010ecd   Thumb Code   192  os_core.o(.text)
    OSIntEnter                               0x08010f8d   Thumb Code    20  os_core.o(.text)
    OSIntExit                                0x08010fa1   Thumb Code    88  os_core.o(.text)
    OSSchedLock                              0x08010ff9   Thumb Code    34  os_core.o(.text)
    OS_Sched                                 0x0801101b   Thumb Code    70  os_core.o(.text)
    OSSchedUnlock                            0x08011061   Thumb Code    50  os_core.o(.text)
    OSStart                                  0x08011093   Thumb Code    48  os_core.o(.text)
    OSStatInit                               0x080110c3   Thumb Code    50  os_core.o(.text)
    OSTimeTick                               0x080110f5   Thumb Code   106  os_core.o(.text)
    OSVersion                                0x0801115f   Thumb Code     4  os_core.o(.text)
    OS_Dummy                                 0x08011163   Thumb Code     2  os_core.o(.text)
    OS_EventTaskRdy                          0x08011165   Thumb Code    88  os_core.o(.text)
    OS_EventTaskWait                         0x080111bd   Thumb Code    66  os_core.o(.text)
    OS_EventTO                               0x080111ff   Thumb Code    46  os_core.o(.text)
    OS_EventWaitListInit                     0x0801122d   Thumb Code    32  os_core.o(.text)
    OS_TCBInit                               0x0801124d   Thumb Code   148  os_core.o(.text)
    OS_MemClr                                0x080112e1   Thumb Code    18  os_core.o(.text)
    OS_MemCopy                               0x080112f3   Thumb Code    20  os_core.o(.text)
    OS_StrLen                                0x08011307   Thumb Code    20  os_core.o(.text)
    OS_StrCopy                               0x0801131b   Thumb Code    28  os_core.o(.text)
    OSFlagAccept                             0x08011345   Thumb Code   174  os_flag.o(.text)
    OSFlagCreate                             0x080113f3   Thumb Code    64  os_flag.o(.text)
    OS_FlagUnlink                            0x08011433   Thumb Code    32  os_flag.o(.text)
    OSFlagDel                                0x08011493   Thumb Code   164  os_flag.o(.text)
    OSFlagPend                               0x08011583   Thumb Code   282  os_flag.o(.text)
    OSFlagPost                               0x0801169d   Thumb Code   178  os_flag.o(.text)
    OSFlagQuery                              0x0801174f   Thumb Code    44  os_flag.o(.text)
    OS_FlagInit                              0x0801177b   Thumb Code    38  os_flag.o(.text)
    OSMemCreate                              0x080117b9   Thumb Code   112  os_mem.o(.text)
    OSMemGet                                 0x08011829   Thumb Code    56  os_mem.o(.text)
    OSMemPut                                 0x08011861   Thumb Code    58  os_mem.o(.text)
    OSMemQuery                               0x0801189b   Thumb Code    58  os_mem.o(.text)
    OS_MemInit                               0x080118d5   Thumb Code    62  os_mem.o(.text)
    OSQAccept                                0x0801191d   Thumb Code    62  os_q.o(.text)
    OSQCreate                                0x0801195b   Thumb Code   110  os_q.o(.text)
    OSQDel                                   0x080119c9   Thumb Code   186  os_q.o(.text)
    OSQFlush                                 0x08011a83   Thumb Code    44  os_q.o(.text)
    OSQPend                                  0x08011aaf   Thumb Code   158  os_q.o(.text)
    OSQPost                                  0x08011b4d   Thumb Code   108  os_q.o(.text)
    OSQPostFront                             0x08011bb9   Thumb Code   106  os_q.o(.text)
    OSQPostOpt                               0x08011c23   Thumb Code   156  os_q.o(.text)
    OSQQuery                                 0x08011cbf   Thumb Code    70  os_q.o(.text)
    OS_QInit                                 0x08011d05   Thumb Code    34  os_q.o(.text)
    OSSemAccept                              0x08011d3d   Thumb Code    36  os_sem.o(.text)
    OSSemCreate                              0x08011d61   Thumb Code    54  os_sem.o(.text)
    OSSemDel                                 0x08011d97   Thumb Code   156  os_sem.o(.text)
    OSSemPend                                0x08011e33   Thumb Code   124  os_sem.o(.text)
    OSSemPost                                0x08011eaf   Thumb Code    78  os_sem.o(.text)
    OSSemQuery                               0x08011efd   Thumb Code    56  os_sem.o(.text)
    OSTaskChangePrio                         0x08011f41   Thumb Code   252  os_task.o(.text)
    OSTaskCreate                             0x0801203d   Thumb Code   134  os_task.o(.text)
    OSTaskDel                                0x080120c3   Thumb Code   242  os_task.o(.text)
    OSTaskDelReq                             0x080121b5   Thumb Code    68  os_task.o(.text)
    OSTaskResume                             0x080121f9   Thumb Code   104  os_task.o(.text)
    OSTaskSuspend                            0x08012261   Thumb Code   120  os_task.o(.text)
    OSTaskQuery                              0x080122d9   Thumb Code    66  os_task.o(.text)
    OSTimeDly                                0x08012349   Thumb Code    58  os_time.o(.text)
    OSTimeDlyHMSM                            0x08012383   Thumb Code   120  os_time.o(.text)
    OSTimeDlyResume                          0x080123fb   Thumb Code    98  os_time.o(.text)
    OSTimeGet                                0x0801245d   Thumb Code    18  os_time.o(.text)
    OSTimeSet                                0x0801246f   Thumb Code    20  os_time.o(.text)
    OSTmrCreate                              0x08012499   Thumb Code   142  os_tmr.o(.text)
    OSTmrReload                              0x08012527   Thumb Code    10  os_tmr.o(.text)
    OSTmrDel                                 0x08012599   Thumb Code   102  os_tmr.o(.text)
    OSTmrRemainGet                           0x080125ff   Thumb Code   134  os_tmr.o(.text)
    OSTmrStateGet                            0x08012685   Thumb Code    78  os_tmr.o(.text)
    OSTmrStart                               0x08012715   Thumb Code   104  os_tmr.o(.text)
    OSTmrStop                                0x0801277d   Thumb Code   154  os_tmr.o(.text)
    OSTmrSignal                              0x08012817   Thumb Code     8  os_tmr.o(.text)
    OSTmr_Init                               0x08012889   Thumb Code   154  os_tmr.o(.text)
    OSTaskStkInit                            0x08012961   Thumb Code   116  os_cpu_c.o(.text)
    OSInitHookBegin                          0x080129d5   Thumb Code     2  os_cpu_c.o(.text)
    OSInitHookEnd                            0x080129d7   Thumb Code     2  os_cpu_c.o(.text)
    OSTaskCreateHook                         0x080129d9   Thumb Code     2  os_cpu_c.o(.text)
    OSTaskDelHook                            0x080129db   Thumb Code     2  os_cpu_c.o(.text)
    OSTaskSwHook                             0x080129dd   Thumb Code     2  os_cpu_c.o(.text)
    OSTaskStatHook                           0x080129df   Thumb Code     2  os_cpu_c.o(.text)
    OSTCBInitHook                            0x080129e1   Thumb Code     2  os_cpu_c.o(.text)
    OSTimeTickHook                           0x080129e3   Thumb Code     2  os_cpu_c.o(.text)
    OSTaskIdleHook                           0x080129e5   Thumb Code     2  os_cpu_c.o(.text)
    OS_ENTER_CRITICAL                        0x080129e9   Thumb Code     0  os_cpu_a.o(.text)
    OS_EXIT_CRITICAL                         0x080129fb   Thumb Code     0  os_cpu_a.o(.text)
    OSStartHighRdy                           0x08012a17   Thumb Code     0  os_cpu_a.o(.text)
    OSCtxSw                                  0x08012a39   Thumb Code     0  os_cpu_a.o(.text)
    OSIntCtxSw                               0x08012a47   Thumb Code     0  os_cpu_a.o(.text)
    PendSV_Handler                           0x08012a57   Thumb Code     0  os_cpu_a.o(.text)
    ItDisAll                                 0x08012a99   Thumb Code     0  os_cpu_a.o(.text)
    NVIC_PriorityGroupConfig                 0x08012ac5   Thumb Code    10  misc.o(.text)
    NVIC_Init                                0x08012acf   Thumb Code    94  misc.o(.text)
    NVIC_SetVectorTable                      0x08012b2d   Thumb Code    14  misc.o(.text)
    NVIC_SystemLPConfig                      0x08012b3b   Thumb Code    20  misc.o(.text)
    SysTick_CLKSourceConfig                  0x08012b4f   Thumb Code    24  misc.o(.text)
    ADC_DeInit                               0x08012b75   Thumb Code    56  stm32f10x_adc.o(.text)
    ADC_Init                                 0x08012bad   Thumb Code    62  stm32f10x_adc.o(.text)
    ADC_StructInit                           0x08012beb   Thumb Code    18  stm32f10x_adc.o(.text)
    ADC_Cmd                                  0x08012bfd   Thumb Code    20  stm32f10x_adc.o(.text)
    ADC_DMACmd                               0x08012c11   Thumb Code    20  stm32f10x_adc.o(.text)
    ADC_ITConfig                             0x08012c25   Thumb Code    18  stm32f10x_adc.o(.text)
    ADC_ResetCalibration                     0x08012c37   Thumb Code    10  stm32f10x_adc.o(.text)
    ADC_GetResetCalibrationStatus            0x08012c41   Thumb Code    14  stm32f10x_adc.o(.text)
    ADC_StartCalibration                     0x08012c4f   Thumb Code    10  stm32f10x_adc.o(.text)
    ADC_GetCalibrationStatus                 0x08012c59   Thumb Code    14  stm32f10x_adc.o(.text)
    ADC_SoftwareStartConvCmd                 0x08012c67   Thumb Code    20  stm32f10x_adc.o(.text)
    ADC_GetSoftwareStartConvStatus           0x08012c7b   Thumb Code    14  stm32f10x_adc.o(.text)
    ADC_DiscModeChannelCountConfig           0x08012c89   Thumb Code    16  stm32f10x_adc.o(.text)
    ADC_DiscModeCmd                          0x08012c99   Thumb Code    20  stm32f10x_adc.o(.text)
    ADC_RegularChannelConfig                 0x08012cad   Thumb Code   116  stm32f10x_adc.o(.text)
    ADC_ExternalTrigConvCmd                  0x08012d21   Thumb Code    20  stm32f10x_adc.o(.text)
    ADC_GetConversionValue                   0x08012d35   Thumb Code     6  stm32f10x_adc.o(.text)
    ADC_GetDualModeConversionValue           0x08012d3b   Thumb Code     8  stm32f10x_adc.o(.text)
    ADC_AutoInjectedConvCmd                  0x08012d43   Thumb Code    20  stm32f10x_adc.o(.text)
    ADC_InjectedDiscModeCmd                  0x08012d57   Thumb Code    20  stm32f10x_adc.o(.text)
    ADC_ExternalTrigInjectedConvConfig       0x08012d6b   Thumb Code    12  stm32f10x_adc.o(.text)
    ADC_ExternalTrigInjectedConvCmd          0x08012d77   Thumb Code    20  stm32f10x_adc.o(.text)
    ADC_SoftwareStartInjectedConvCmd         0x08012d8b   Thumb Code    20  stm32f10x_adc.o(.text)
    ADC_GetSoftwareStartInjectedConvCmdStatus 0x08012d9f   Thumb Code    14  stm32f10x_adc.o(.text)
    ADC_InjectedChannelConfig                0x08012dad   Thumb Code    74  stm32f10x_adc.o(.text)
    ADC_InjectedSequencerLengthConfig        0x08012df7   Thumb Code    16  stm32f10x_adc.o(.text)
    ADC_SetInjectedOffset                    0x08012e07   Thumb Code    10  stm32f10x_adc.o(.text)
    ADC_GetInjectedConversionValue           0x08012e11   Thumb Code    14  stm32f10x_adc.o(.text)
    ADC_AnalogWatchdogCmd                    0x08012e1f   Thumb Code    12  stm32f10x_adc.o(.text)
    ADC_AnalogWatchdogThresholdsConfig       0x08012e2b   Thumb Code     6  stm32f10x_adc.o(.text)
    ADC_AnalogWatchdogSingleChannelConfig    0x08012e31   Thumb Code    12  stm32f10x_adc.o(.text)
    ADC_TempSensorVrefintCmd                 0x08012e3d   Thumb Code    24  stm32f10x_adc.o(.text)
    ADC_GetFlagStatus                        0x08012e55   Thumb Code    14  stm32f10x_adc.o(.text)
    ADC_ClearFlag                            0x08012e63   Thumb Code     6  stm32f10x_adc.o(.text)
    ADC_GetITStatus                          0x08012e69   Thumb Code    28  stm32f10x_adc.o(.text)
    ADC_ClearITPendingBit                    0x08012e85   Thumb Code     8  stm32f10x_adc.o(.text)
    EXTI_DeInit                              0x08012ea5   Thumb Code    28  stm32f10x_exti.o(.text)
    EXTI_Init                                0x08012ec1   Thumb Code   108  stm32f10x_exti.o(.text)
    EXTI_StructInit                          0x08012f2d   Thumb Code    14  stm32f10x_exti.o(.text)
    EXTI_GenerateSWInterrupt                 0x08012f3b   Thumb Code    12  stm32f10x_exti.o(.text)
    EXTI_GetFlagStatus                       0x08012f47   Thumb Code    18  stm32f10x_exti.o(.text)
    EXTI_ClearFlag                           0x08012f59   Thumb Code     8  stm32f10x_exti.o(.text)
    EXTI_GetITStatus                         0x08012f61   Thumb Code    28  stm32f10x_exti.o(.text)
    EXTI_ClearITPendingBit                   0x08012f7d   Thumb Code     8  stm32f10x_exti.o(.text)
    FLASH_SetLatency                         0x08012f8d   Thumb Code    14  stm32f10x_flash.o(.text)
    FLASH_HalfCycleAccessCmd                 0x08012f9b   Thumb Code    18  stm32f10x_flash.o(.text)
    FLASH_PrefetchBufferCmd                  0x08012fad   Thumb Code    18  stm32f10x_flash.o(.text)
    FLASH_Unlock                             0x08012fbf   Thumb Code    12  stm32f10x_flash.o(.text)
    FLASH_UnlockBank1                        0x08012fcb   Thumb Code    12  stm32f10x_flash.o(.text)
    FLASH_Lock                               0x08012fd7   Thumb Code    12  stm32f10x_flash.o(.text)
    FLASH_LockBank1                          0x08012fe3   Thumb Code    12  stm32f10x_flash.o(.text)
    FLASH_GetBank1Status                     0x08012fef   Thumb Code    34  stm32f10x_flash.o(.text)
    FLASH_WaitForLastOperation               0x08013011   Thumb Code    36  stm32f10x_flash.o(.text)
    FLASH_ErasePage                          0x08013035   Thumb Code    56  stm32f10x_flash.o(.text)
    FLASH_EraseAllPages                      0x0801306d   Thumb Code    52  stm32f10x_flash.o(.text)
    FLASH_WaitForLastBank1Operation          0x080130a1   Thumb Code    36  stm32f10x_flash.o(.text)
    FLASH_EraseAllBank1Pages                 0x080130c5   Thumb Code    52  stm32f10x_flash.o(.text)
    FLASH_GetReadOutProtectionStatus         0x080130f9   Thumb Code    14  stm32f10x_flash.o(.text)
    FLASH_EraseOptionBytes                   0x08013107   Thumb Code   108  stm32f10x_flash.o(.text)
    FLASH_ProgramWord                        0x08013173   Thumb Code    72  stm32f10x_flash.o(.text)
    FLASH_ProgramHalfWord                    0x080131bb   Thumb Code    48  stm32f10x_flash.o(.text)
    FLASH_ProgramOptionByteData              0x080131eb   Thumb Code    62  stm32f10x_flash.o(.text)
    FLASH_EnableWriteProtection              0x08013229   Thumb Code   150  stm32f10x_flash.o(.text)
    FLASH_ReadOutProtection                  0x080132bf   Thumb Code   118  stm32f10x_flash.o(.text)
    FLASH_UserOptionByteConfig               0x08013335   Thumb Code    92  stm32f10x_flash.o(.text)
    FLASH_GetUserOptionByte                  0x08013391   Thumb Code     8  stm32f10x_flash.o(.text)
    FLASH_GetWriteProtectionOptionByte       0x08013399   Thumb Code     6  stm32f10x_flash.o(.text)
    FLASH_GetPrefetchBufferStatus            0x0801339f   Thumb Code    14  stm32f10x_flash.o(.text)
    FLASH_ITConfig                           0x080133ad   Thumb Code    18  stm32f10x_flash.o(.text)
    FLASH_GetFlagStatus                      0x080133bf   Thumb Code    28  stm32f10x_flash.o(.text)
    FLASH_ClearFlag                          0x080133db   Thumb Code     6  stm32f10x_flash.o(.text)
    FLASH_GetStatus                          0x080133e1   Thumb Code    34  stm32f10x_flash.o(.text)
    GPIO_DeInit                              0x08013409   Thumb Code   152  stm32f10x_gpio.o(.text)
    GPIO_AFIODeInit                          0x080134a1   Thumb Code    22  stm32f10x_gpio.o(.text)
    GPIO_Init                                0x080134b7   Thumb Code   164  stm32f10x_gpio.o(.text)
    GPIO_StructInit                          0x0801355b   Thumb Code    16  stm32f10x_gpio.o(.text)
    GPIO_ReadInputDataBit                    0x0801356b   Thumb Code    14  stm32f10x_gpio.o(.text)
    GPIO_ReadInputData                       0x08013579   Thumb Code     6  stm32f10x_gpio.o(.text)
    GPIO_ReadOutputDataBit                   0x0801357f   Thumb Code    14  stm32f10x_gpio.o(.text)
    GPIO_ReadOutputData                      0x0801358d   Thumb Code     6  stm32f10x_gpio.o(.text)
    GPIO_SetBits                             0x08013593   Thumb Code     4  stm32f10x_gpio.o(.text)
    GPIO_ResetBits                           0x08013597   Thumb Code     4  stm32f10x_gpio.o(.text)
    GPIO_WriteBit                            0x0801359b   Thumb Code    10  stm32f10x_gpio.o(.text)
    GPIO_Write                               0x080135a5   Thumb Code     4  stm32f10x_gpio.o(.text)
    GPIO_PinLockConfig                       0x080135a9   Thumb Code    16  stm32f10x_gpio.o(.text)
    GPIO_EventOutputConfig                   0x080135b9   Thumb Code    22  stm32f10x_gpio.o(.text)
    GPIO_EventOutputCmd                      0x080135cf   Thumb Code     6  stm32f10x_gpio.o(.text)
    GPIO_PinRemapConfig                      0x080135d5   Thumb Code    82  stm32f10x_gpio.o(.text)
    GPIO_EXTILineConfig                      0x08013627   Thumb Code    34  stm32f10x_gpio.o(.text)
    GPIO_ETH_MediaInterfaceConfig            0x08013649   Thumb Code     8  stm32f10x_gpio.o(.text)
    PWR_DeInit                               0x08013675   Thumb Code    24  stm32f10x_pwr.o(.text)
    PWR_BackupAccessCmd                      0x0801368d   Thumb Code     6  stm32f10x_pwr.o(.text)
    PWR_PVDCmd                               0x08013693   Thumb Code     6  stm32f10x_pwr.o(.text)
    PWR_PVDLevelConfig                       0x08013699   Thumb Code    14  stm32f10x_pwr.o(.text)
    PWR_WakeUpPinCmd                         0x080136a7   Thumb Code     8  stm32f10x_pwr.o(.text)
    PWR_EnterSLEEPMode                       0x080136af   Thumb Code    40  stm32f10x_pwr.o(.text)
    PWR_EnterSTOPMode                        0x080136d7   Thumb Code    42  stm32f10x_pwr.o(.text)
    PWR_EnterSTANDBYMode                     0x08013701   Thumb Code    32  stm32f10x_pwr.o(.text)
    PWR_GetFlagStatus                        0x08013721   Thumb Code    16  stm32f10x_pwr.o(.text)
    PWR_ClearFlag                            0x08013731   Thumb Code    12  stm32f10x_pwr.o(.text)
    RCC_DeInit                               0x08013749   Thumb Code    50  stm32f10x_rcc.o(.text)
    RCC_HSEConfig                            0x0801377b   Thumb Code    48  stm32f10x_rcc.o(.text)
    RCC_GetFlagStatus                        0x080137ab   Thumb Code    42  stm32f10x_rcc.o(.text)
    RCC_WaitForHSEStartUp                    0x080137d5   Thumb Code    44  stm32f10x_rcc.o(.text)
    RCC_AdjustHSICalibrationValue            0x08013801   Thumb Code    16  stm32f10x_rcc.o(.text)
    RCC_HSICmd                               0x08013811   Thumb Code     6  stm32f10x_rcc.o(.text)
    RCC_PLLConfig                            0x08013817   Thumb Code    16  stm32f10x_rcc.o(.text)
    RCC_PLLCmd                               0x08013827   Thumb Code     6  stm32f10x_rcc.o(.text)
    RCC_SYSCLKConfig                         0x0801382d   Thumb Code    14  stm32f10x_rcc.o(.text)
    RCC_GetSYSCLKSource                      0x0801383b   Thumb Code    10  stm32f10x_rcc.o(.text)
    RCC_HCLKConfig                           0x08013845   Thumb Code    14  stm32f10x_rcc.o(.text)
    RCC_PCLK1Config                          0x08013853   Thumb Code    14  stm32f10x_rcc.o(.text)
    RCC_PCLK2Config                          0x08013861   Thumb Code    16  stm32f10x_rcc.o(.text)
    RCC_ITConfig                             0x08013871   Thumb Code    18  stm32f10x_rcc.o(.text)
    RCC_USBCLKConfig                         0x08013883   Thumb Code     8  stm32f10x_rcc.o(.text)
    RCC_ADCCLKConfig                         0x0801388b   Thumb Code    14  stm32f10x_rcc.o(.text)
    RCC_LSEConfig                            0x08013899   Thumb Code    28  stm32f10x_rcc.o(.text)
    RCC_LSICmd                               0x080138b5   Thumb Code     6  stm32f10x_rcc.o(.text)
    RCC_RTCCLKConfig                         0x080138bb   Thumb Code    10  stm32f10x_rcc.o(.text)
    RCC_RTCCLKCmd                            0x080138c5   Thumb Code     8  stm32f10x_rcc.o(.text)
    RCC_GetClocksFreq                        0x080138cd   Thumb Code   128  stm32f10x_rcc.o(.text)
    RCC_AHBPeriphClockCmd                    0x0801394d   Thumb Code    18  stm32f10x_rcc.o(.text)
    RCC_APB2PeriphClockCmd                   0x0801395f   Thumb Code    18  stm32f10x_rcc.o(.text)
    RCC_APB1PeriphClockCmd                   0x08013971   Thumb Code    18  stm32f10x_rcc.o(.text)
    RCC_APB2PeriphResetCmd                   0x08013983   Thumb Code    18  stm32f10x_rcc.o(.text)
    RCC_APB1PeriphResetCmd                   0x08013995   Thumb Code    18  stm32f10x_rcc.o(.text)
    RCC_BackupResetCmd                       0x080139a7   Thumb Code     8  stm32f10x_rcc.o(.text)
    RCC_ClockSecuritySystemCmd               0x080139af   Thumb Code     6  stm32f10x_rcc.o(.text)
    RCC_MCOConfig                            0x080139b5   Thumb Code     6  stm32f10x_rcc.o(.text)
    RCC_ClearFlag                            0x080139bb   Thumb Code    12  stm32f10x_rcc.o(.text)
    RCC_GetITStatus                          0x080139c7   Thumb Code    16  stm32f10x_rcc.o(.text)
    RCC_ClearITPendingBit                    0x080139d7   Thumb Code     6  stm32f10x_rcc.o(.text)
    SPI_I2S_DeInit                           0x080139fd   Thumb Code    72  stm32f10x_spi.o(.text)
    SPI_Init                                 0x08013a45   Thumb Code    56  stm32f10x_spi.o(.text)
    I2S_Init                                 0x08013a7d   Thumb Code   152  stm32f10x_spi.o(.text)
    SPI_StructInit                           0x08013b15   Thumb Code    24  stm32f10x_spi.o(.text)
    I2S_StructInit                           0x08013b2d   Thumb Code    18  stm32f10x_spi.o(.text)
    SPI_Cmd                                  0x08013b3f   Thumb Code    20  stm32f10x_spi.o(.text)
    I2S_Cmd                                  0x08013b53   Thumb Code    20  stm32f10x_spi.o(.text)
    SPI_I2S_ITConfig                         0x08013b67   Thumb Code    24  stm32f10x_spi.o(.text)
    SPI_I2S_DMACmd                           0x08013b7f   Thumb Code    16  stm32f10x_spi.o(.text)
    SPI_I2S_SendData                         0x08013b8f   Thumb Code     4  stm32f10x_spi.o(.text)
    SPI_I2S_ReceiveData                      0x08013b93   Thumb Code     4  stm32f10x_spi.o(.text)
    SPI_NSSInternalSoftwareConfig            0x08013b97   Thumb Code    24  stm32f10x_spi.o(.text)
    SPI_SSOutputCmd                          0x08013baf   Thumb Code    20  stm32f10x_spi.o(.text)
    SPI_DataSizeConfig                       0x08013bc3   Thumb Code    16  stm32f10x_spi.o(.text)
    SPI_TransmitCRC                          0x08013bd3   Thumb Code    10  stm32f10x_spi.o(.text)
    SPI_CalculateCRC                         0x08013bdd   Thumb Code    20  stm32f10x_spi.o(.text)
    SPI_GetCRC                               0x08013bf1   Thumb Code    12  stm32f10x_spi.o(.text)
    SPI_GetCRCPolynomial                     0x08013bfd   Thumb Code     4  stm32f10x_spi.o(.text)
    SPI_BiDirectionalLineConfig              0x08013c01   Thumb Code    22  stm32f10x_spi.o(.text)
    SPI_I2S_GetFlagStatus                    0x08013c17   Thumb Code    14  stm32f10x_spi.o(.text)
    SPI_I2S_ClearFlag                        0x08013c25   Thumb Code     6  stm32f10x_spi.o(.text)
    SPI_I2S_GetITStatus                      0x08013c2b   Thumb Code    42  stm32f10x_spi.o(.text)
    SPI_I2S_ClearITPendingBit                0x08013c55   Thumb Code    14  stm32f10x_spi.o(.text)
    USART_DeInit                             0x08013c71   Thumb Code    96  stm32f10x_usart.o(.text)
    USART_Init                               0x08013cd1   Thumb Code   166  stm32f10x_usart.o(.text)
    USART_StructInit                         0x08013d77   Thumb Code    22  stm32f10x_usart.o(.text)
    USART_ClockInit                          0x08013d8d   Thumb Code    30  stm32f10x_usart.o(.text)
    USART_ClockStructInit                    0x08013dab   Thumb Code    12  stm32f10x_usart.o(.text)
    USART_Cmd                                0x08013db7   Thumb Code    20  stm32f10x_usart.o(.text)
    USART_ITConfig                           0x08013dcb   Thumb Code    48  stm32f10x_usart.o(.text)
    USART_DMACmd                             0x08013dfb   Thumb Code    16  stm32f10x_usart.o(.text)
    USART_SetAddress                         0x08013e0b   Thumb Code    16  stm32f10x_usart.o(.text)
    USART_WakeUpConfig                       0x08013e1b   Thumb Code    16  stm32f10x_usart.o(.text)
    USART_ReceiverWakeUpCmd                  0x08013e2b   Thumb Code    20  stm32f10x_usart.o(.text)
    USART_LINBreakDetectLengthConfig         0x08013e3f   Thumb Code    16  stm32f10x_usart.o(.text)
    USART_LINCmd                             0x08013e4f   Thumb Code    20  stm32f10x_usart.o(.text)
    USART_SendData                           0x08013e63   Thumb Code     8  stm32f10x_usart.o(.text)
    USART_ReceiveData                        0x08013e6b   Thumb Code     8  stm32f10x_usart.o(.text)
    USART_SendBreak                          0x08013e73   Thumb Code    10  stm32f10x_usart.o(.text)
    USART_SetGuardTime                       0x08013e7d   Thumb Code    16  stm32f10x_usart.o(.text)
    USART_SetPrescaler                       0x08013e8d   Thumb Code    16  stm32f10x_usart.o(.text)
    USART_SmartCardCmd                       0x08013e9d   Thumb Code    20  stm32f10x_usart.o(.text)
    USART_SmartCardNACKCmd                   0x08013eb1   Thumb Code    20  stm32f10x_usart.o(.text)
    USART_HalfDuplexCmd                      0x08013ec5   Thumb Code    20  stm32f10x_usart.o(.text)
    USART_OverSampling8Cmd                   0x08013ed9   Thumb Code    20  stm32f10x_usart.o(.text)
    USART_OneBitMethodCmd                    0x08013eed   Thumb Code    20  stm32f10x_usart.o(.text)
    USART_IrDAConfig                         0x08013f01   Thumb Code    16  stm32f10x_usart.o(.text)
    USART_IrDACmd                            0x08013f11   Thumb Code    20  stm32f10x_usart.o(.text)
    USART_GetFlagStatus                      0x08013f25   Thumb Code    14  stm32f10x_usart.o(.text)
    USART_ClearFlag                          0x08013f33   Thumb Code     6  stm32f10x_usart.o(.text)
    USART_GetITStatus                        0x08013f39   Thumb Code    62  stm32f10x_usart.o(.text)
    USART_ClearITPendingBit                  0x08013f77   Thumb Code    12  stm32f10x_usart.o(.text)
    __aeabi_memcpy                           0x08013f99   Thumb Code    36  memcpya.o(.text)
    __aeabi_memcpy4                          0x08013f99   Thumb Code     0  memcpya.o(.text)
    __aeabi_memcpy8                          0x08013f99   Thumb Code     0  memcpya.o(.text)
    __aeabi_memset                           0x08013fbd   Thumb Code    14  memseta.o(.text)
    __aeabi_memset4                          0x08013fbd   Thumb Code     0  memseta.o(.text)
    __aeabi_memset8                          0x08013fbd   Thumb Code     0  memseta.o(.text)
    __aeabi_memclr                           0x08013fcb   Thumb Code     4  memseta.o(.text)
    __aeabi_memclr4                          0x08013fcb   Thumb Code     0  memseta.o(.text)
    __aeabi_memclr8                          0x08013fcb   Thumb Code     0  memseta.o(.text)
    _memset$wrapper                          0x08013fcf   Thumb Code    18  memseta.o(.text)
    __aeabi_fadd                             0x08013fe1   Thumb Code   164  fadd.o(.text)
    __aeabi_fsub                             0x08014085   Thumb Code     6  fadd.o(.text)
    __aeabi_frsub                            0x0801408b   Thumb Code     6  fadd.o(.text)
    __aeabi_fmul                             0x08014091   Thumb Code   100  fmul.o(.text)
    __aeabi_fdiv                             0x080140f5   Thumb Code   124  fdiv.o(.text)
    __ARM_scalbnf                            0x08014171   Thumb Code    24  fscalb.o(.text)
    scalbnf                                  0x08014171   Thumb Code     0  fscalb.o(.text)
    __aeabi_ui2f                             0x08014189   Thumb Code    10  ffltui.o(.text)
    __aeabi_f2iz                             0x08014193   Thumb Code    50  ffixi.o(.text)
    __aeabi_f2uiz                            0x080141c5   Thumb Code    40  ffixui.o(.text)
    __aeabi_cfcmpeq                          0x080141ed   Thumb Code     0  cfcmple.o(.text)
    __aeabi_cfcmple                          0x080141ed   Thumb Code    20  cfcmple.o(.text)
    __I$use$fp                               0x08014201   Thumb Code     0  iusefp.o(.text)
    _float_round                             0x08014201   Thumb Code    18  fepilogue.o(.text)
    _float_epilogue                          0x08014213   Thumb Code    92  fepilogue.o(.text)
    __scatterload                            0x08014271   Thumb Code    28  init.o(.text)
    __scatterload_rt2                        0x08014271   Thumb Code     0  init.o(.text)
    __decompress                             0x08014295   Thumb Code     0  __dczerorl2.o(.text)
    __decompress1                            0x08014295   Thumb Code    86  __dczerorl2.o(.text)
    __scatterload_copy                       0x080142eb   Thumb Code    14  handlers.o(i.__scatterload_copy)
    __scatterload_null                       0x080142f9   Thumb Code     2  handlers.o(i.__scatterload_null)
    __scatterload_zeroinit                   0x080142fb   Thumb Code    14  handlers.o(i.__scatterload_zeroinit)
    g_expTime                                0x08014308   Data          62  flash.o(.constdata)
    g_hpExpCode                              0x08014346   Data          44  flash.o(.constdata)
    g_extExpCode                             0x08014372   Data          56  flash.o(.constdata)
    g_flaExpCode                             0x080143aa   Data          62  flash.o(.constdata)
    g_snrPageCnt                             0x080143e8   Data           3  menu.o(.constdata)
    g_snrMenuP1                              0x080143ec   Data          96  menu.o(.constdata)
    g_snrMenuP2                              0x0801444c   Data          80  menu.o(.constdata)
    g_snrMenuP3                              0x0801449c   Data          48  menu.o(.constdata)
    MotoDrv_Forward                          0x080144cc   Data           4  moto.o(.constdata)
    MotoDrv_Backward                         0x080144d0   Data           4  moto.o(.constdata)
    focLenScape                              0x080144d4   Data          13  moto.o(.constdata)
    focLenCoordinate                         0x080144e2   Data          26  moto.o(.constdata)
    apertValue                               0x080144fc   Data          68  nikdisplay.o(.constdata)
    isoValue                                 0x08014540   Data         232  nikdisplay.o(.constdata)
    gn_min                                   0x08014628   Data         136  nikdisplay.o(.constdata)
    gn_max                                   0x080146b0   Data         204  nikdisplay.o(.constdata)
    g_gnByExp                                0x0801477c   Data         272  nikdisplay.o(.constdata)
    g_gnByExpHp                              0x0801488c   Data         272  nikdisplay.o(.constdata)
    cmrApertVal                              0x0801499c   Data          88  nikdisplay.o(.constdata)
    apert_code                               0x080149f4   Data          44  spi.o(.constdata)
    cmrIsoVal                                0x08014a20   Data         184  spi.o(.constdata)
    cmrIsoValExt                             0x08014ad8   Data         124  spi.o(.constdata)
    nShutter                                 0x08014b54   Data         156  spi.o(.constdata)
    focLen_code                              0x08014bf0   Data          55  spi.o(.constdata)
    focLen_val                               0x08014c27   Data          55  spi.o(.constdata)
    output_calc                              0x08014c5e   Data          22  spi.o(.constdata)
    cmp_calc                                 0x08014c74   Data          19  spi.o(.constdata)
    pic_mod_a                                0x08014c87   Data          34  font.o(.constdata)
    pic_mod_gn                               0x08014ca9   Data          50  font.o(.constdata)
    pic_mod_ttl                              0x08014cdb   Data          62  font.o(.constdata)
    pic_mod_m                                0x08014d19   Data          38  font.o(.constdata)
    pic_mod_rpt                              0x08014d3f   Data          68  font.o(.constdata)
    pic_mod_bl                               0x08014d83   Data          44  font.o(.constdata)
    pic_mod_fp                               0x08014daf   Data          46  font.o(.constdata)
    pic_mod_ak                               0x08014ddd   Data          56  font.o(.constdata)
    pic_mod_afill                            0x08014e15   Data          80  font.o(.constdata)
    pic_mod_rfOnly                           0x08014e65   Data         128  font.o(.constdata)
    pic_mod_Only                             0x08014ee5   Data          60  font.o(.constdata)
    font_isoNum                              0x08014f21   Data         100  font.o(.constdata)
    font_apertNum                            0x08014f85   Data         160  font.o(.constdata)
    font_mExpApart                           0x08015025   Data          14  font.o(.constdata)
    font_scaleNum                            0x08015033   Data         200  font.o(.constdata)
    font_exp2Num                             0x080150fb   Data         120  font.o(.constdata)
    font_gnScaleSmNum                        0x08015173   Data         120  font.o(.constdata)
    picExp2Dot                               0x080151eb   Data           4  font.o(.constdata)
    picGnSmDot                               0x080151ef   Data           4  font.o(.constdata)
    picEv                                    0x080151f3   Data          22  font.o(.constdata)
    picIso                                   0x08015209   Data          34  font.o(.constdata)
    picIsoAuto                               0x0801522b   Data          56  font.o(.constdata)
    picStby                                  0x08015263   Data         144  font.o(.constdata)
    picCmpAdd                                0x080152f3   Data          10  font.o(.constdata)
    picCmpSub                                0x080152fd   Data          10  font.o(.constdata)
    picGnFoc                                 0x08015307   Data          14  font.o(.constdata)
    picGnFocMask                             0x08015315   Data          18  font.o(.constdata)
    picMultiTimes                            0x08015327   Data          40  font.o(.constdata)
    picMultiHz                               0x0801534f   Data          16  font.o(.constdata)
    picMstRptTimes                           0x0801535f   Data          40  font.o(.constdata)
    picMultiTmsHz                            0x08015387   Data           6  font.o(.constdata)
    picMstRptHz                              0x0801538d   Data          16  font.o(.constdata)
    picMstRptOn                              0x0801539d   Data          30  font.o(.constdata)
    picMstRptOff                             0x080153bb   Data          42  font.o(.constdata)
    picScale_m                               0x080153e5   Data         216  font.o(.constdata)
    picScale_ft                              0x080154bd   Data         216  font.o(.constdata)
    picGnScale_ft                            0x08015595   Data         224  font.o(.constdata)
    picGnScale_m                             0x08015675   Data         226  font.o(.constdata)
    picZoomModZoom                           0x08015757   Data          22  font.o(.constdata)
    picZoomModM                              0x0801576d   Data           9  font.o(.constdata)
    picMm                                    0x08015776   Data          11  font.o(.constdata)
    picZoomMin                               0x08015781   Data           6  font.o(.constdata)
    picZoomMax                               0x08015787   Data           6  font.o(.constdata)
    picApert_F                               0x0801578d   Data          14  font.o(.constdata)
    picBtnZoom                               0x0801579b   Data          50  font.o(.constdata)
    picBtnZoomBack                           0x080157cd   Data          52  font.o(.constdata)
    picBtnFlashMode                          0x08015801   Data          26  font.o(.constdata)
    picBtnFlash                              0x0801581b   Data          14  font.o(.constdata)
    picBtnLock                               0x08015829   Data         100  font.o(.constdata)
    picCurse                                 0x0801588d   Data          14  font.o(.constdata)
    fontScaleDot                             0x0801589b   Data           6  font.o(.constdata)
    fontScale_m                              0x080158a1   Data          20  font.o(.constdata)
    fontScale_ft                             0x080158b5   Data          26  font.o(.constdata)
    fontScale_div                            0x080158cf   Data           8  font.o(.constdata)
    fontGn_Arrow_Left                        0x080158d7   Data           6  font.o(.constdata)
    fontGn_Arrow_Right                       0x080158dd   Data           6  font.o(.constdata)
    picSnrSubBack                            0x080158e3   Data          22  font.o(.constdata)
    picSnrSubMyMenuSel                       0x080158f9   Data          44  font.o(.constdata)
    picSnrSubArrow                           0x08015925   Data           8  font.o(.constdata)
    picSnrSubArrowEx                         0x0801592d   Data           8  font.o(.constdata)
    picSnrFrame                              0x08015935   Data          39  font.o(.constdata)
    picSnrSubMyMenu_sel                      0x0801595c   Data          26  font.o(.constdata)
    picSnrSubMyMenu_unsel                    0x08015976   Data          26  font.o(.constdata)
    fontSnrSubChar                           0x08015990   Data        1352  font.o(.constdata)
    picRmtIcon                               0x08015ed8   Data          32  font.o(.constdata)
    picMstIcon                               0x08015ef8   Data          32  font.o(.constdata)
    picRmtTitle                              0x08015f18   Data         132  font.o(.constdata)
    picRmtGrMsk                              0x08015f9c   Data          30  font.o(.constdata)
    picRmtGr                                 0x08015fba   Data          30  font.o(.constdata)
    picRmtChMsk                              0x08015fd8   Data          30  font.o(.constdata)
    picRmtCh                                 0x08015ff6   Data          30  font.o(.constdata)
    picRmtDot                                0x08016014   Data           4  font.o(.constdata)
    picRmtLeft                               0x08016018   Data           6  font.o(.constdata)
    picRmtRight                              0x0801601e   Data           6  font.o(.constdata)
    fontRmtGr                                0x08016024   Data          30  font.o(.constdata)
    fontRmtGrSel                             0x08016042   Data          54  font.o(.constdata)
    fontRmtCh                                0x08016078   Data          40  font.o(.constdata)
    picMstFrame                              0x080160a0   Data          22  font.o(.constdata)
    picMstGrm                                0x080160b6   Data          22  font.o(.constdata)
    picMstGra                                0x080160cc   Data          22  font.o(.constdata)
    picMstGrb                                0x080160e2   Data          22  font.o(.constdata)
    picMstGrc                                0x080160f8   Data          22  font.o(.constdata)
    picMstModM                               0x0801610e   Data          22  font.o(.constdata)
    picMstModTtl                             0x08016124   Data          54  font.o(.constdata)
    picMstModAuto                            0x0801615a   Data          18  font.o(.constdata)
    picMstModOff                             0x0801616c   Data          38  font.o(.constdata)
    picMstExpHead                            0x08016192   Data          22  font.o(.constdata)
    picMstEv                                 0x080161a8   Data          18  font.o(.constdata)
    fontMstManuExp                           0x080161ba   Data         160  font.o(.constdata)
    fontSu4                                  0x0801625a   Data          66  font.o(.constdata)
    picRmtSu4ModOff                          0x0801629c   Data          88  font.o(.constdata)
    picRmtSu4ModAuto                         0x080162f4   Data          72  font.o(.constdata)
    picChFrameMask                           0x0801633c   Data          56  font.o(.constdata)
    picChFrame                               0x08016374   Data          56  font.o(.constdata)
    fontMstCh                                0x080163ac   Data          48  font.o(.constdata)
    picLightBody_up                          0x080163dc   Data          42  font.o(.constdata)
    picLightBody_un                          0x08016406   Data          20  font.o(.constdata)
    picLightBody_af                          0x0801641a   Data          11  font.o(.constdata)
    picLightBody_bk                          0x08016425   Data           4  font.o(.constdata)
    picLightBody_fr_parallel                 0x08016429   Data          16  font.o(.constdata)
    picLightBody_fr_reflect                  0x08016439   Data          28  font.o(.constdata)
    picTempratureWarn                        0x08016455   Data          60  font.o(.constdata)
    picVoiceOff                              0x08016491   Data          32  font.o(.constdata)
    picVoiceOn                               0x080164b1   Data          26  font.o(.constdata)
    picHeadUp                                0x080164cb   Data          14  font.o(.constdata)
    picHeadDn                                0x080164d9   Data          14  font.o(.constdata)
    picLowBat                                0x080164e7   Data         132  font.o(.constdata)
    picLinkCls                               0x0801656b   Data          45  font.o(.constdata)
    picLinkFla                               0x08016598   Data          30  font.o(.constdata)
    picScaleOver                             0x080165b6   Data          16  font.o(.constdata)
    picScaleUnder                            0x080165c6   Data          16  font.o(.constdata)
    picReset                                 0x080165d6   Data         372  font.o(.constdata)
    picZoomFixedFrame                        0x0801674a   Data          44  font.o(.constdata)
    picBtnFlashWeak                          0x08016776   Data          18  font.o(.constdata)
    picMenuLabel                             0x08016788   Data         135  font.o(.constdata)
    picMenuLabel_f1                          0x0801680f   Data          26  font.o(.constdata)
    picMenuLabel_f2                          0x08016829   Data          26  font.o(.constdata)
    picMenuLabel_f3                          0x08016843   Data          26  font.o(.constdata)
    picMenuLabel_s1                          0x0801685d   Data           9  font.o(.constdata)
    picMenuLabel_s2                          0x08016866   Data           9  font.o(.constdata)
    picMenuLabel_s3                          0x0801686f   Data           9  font.o(.constdata)
    picMenuLabel_1                           0x08016878   Data         135  font.o(.constdata)
    picMenuLabel_2                           0x080168ff   Data         135  font.o(.constdata)
    picMenuLabel_3                           0x08016986   Data         135  font.o(.constdata)
    picMenuMode                              0x08016a0d   Data         129  font.o(.constdata)
    picMenuAuto                              0x08016a8e   Data          45  font.o(.constdata)
    picMenuFxDx                              0x08016abb   Data         105  font.o(.constdata)
    picMenuAf                                0x08016b24   Data         141  font.o(.constdata)
    picMenuIso                               0x08016bb1   Data          60  font.o(.constdata)
    picMenuReset0                            0x08016bed   Data         141  font.o(.constdata)
    picMenuChan                              0x08016c7a   Data         144  font.o(.constdata)
    picMenuLinkMode                          0x08016d0a   Data         150  font.o(.constdata)
    picMenuPair                              0x08016da0   Data          84  font.o(.constdata)
    picMenuPin                               0x08016df4   Data          60  font.o(.constdata)
    picMenuName                              0x08016e30   Data          81  font.o(.constdata)
    picMenuMft                               0x08016e81   Data          93  font.o(.constdata)
    picMenuVer                               0x08016ede   Data          78  font.o(.constdata)
    picMenuReset1                            0x08016f2c   Data         144  font.o(.constdata)
    picMenuShadowLeft_1                      0x08016fbc   Data          12  font.o(.constdata)
    picMenuShadowLeft_2                      0x08016fc8   Data          12  font.o(.constdata)
    picMenuShadowRight_1                     0x08016fd4   Data          12  font.o(.constdata)
    picMenuShadowRight_2                     0x08016fe0   Data          12  font.o(.constdata)
    picSubModRpt                             0x08016fec   Data          70  font.o(.constdata)
    picSubModManu                            0x08017032   Data          38  font.o(.constdata)
    picSubModGn                              0x08017058   Data          54  font.o(.constdata)
    picSubModAuto                            0x0801708e   Data          64  font.o(.constdata)
    picSubModFunc                            0x080170ce   Data          90  font.o(.constdata)
    OSMapTbl                                 0x08017128   Data           8  os_core.o(.constdata)
    OSUnMapTbl                               0x08017130   Data         256  os_core.o(.constdata)
    Region$$Table$$Base                      0x08017234   Number         0  anon$$obj.o(Region$$Table)
    Region$$Table$$Limit                     0x08017254   Number         0  anon$$obj.o(Region$$Table)
    ttl_pre2_flag                            0x20000000   Data           1  flash.o(.data)
    g_signalFlash                            0x20000001   Data           1  flash.o(.data)
    g_buzzerOn                               0x20000002   Data           1  flash.o(.data)
    wl_preIndex                              0x20000003   Data           1  flash.o(.data)
    g_wtch_wt1                               0x20000004   Data           2  flash.o(.data)
    g_wtch_wt2                               0x20000006   Data           2  flash.o(.data)
    g_slaveBzEn                              0x20000008   Data           1  flash.o(.data)
    g_slaveBzCnt                             0x20000009   Data           1  flash.o(.data)
    g_keyDir                                 0x2000000c   Data           1  keyproc.o(.data)
    g_chargeOk                               0x2000000d   Data           1  keyproc.o(.data)
    g_SettingIndex                           0x2000000e   Data           1  keyproc.o(.data)
    g_menuLevel                              0x2000000f   Data           1  keyproc.o(.data)
    g_mstSetRsv                              0x20000010   Data           1  keyproc.o(.data)
    g_mstSetting                             0x20000011   Data           1  keyproc.o(.data)
    g_shadowKey                              0x20000012   Data           1  keyproc.o(.data)
    g_stbyStatue                             0x20000013   Data           1  keyproc.o(.data)
    g_chargeflag                             0x2000001b   Data           1  keyproc.o(.data)
    g_mpIndex                                0x20000020   Data           3  keyproc.o(.data)
    g_modeRsv                                0x20000023   Data           3  keyproc.o(.data)
    gWSleepCounter                           0x20000028   Data           4  keyproc.o(.data)
    pMenuList                                0x2000002c   Data           4  keyproc.o(.data)
    g_bzDuration                             0x20000030   Data           4  keyproc.o(.data)
    g_mstFlaEnable                           0x2000003c   Data           1  keyproc.o(.data)
    g_mstEnFlag                              0x2000003d   Data           1  keyproc.o(.data)
    g_rptPilotFlag                           0x2000003e   Data           1  keyproc.o(.data)
    g_bzCount                                0x2000003f   Data           1  main.o(.data)
    g_keyAdcEnable                           0x20000040   Data           1  main.o(.data)
    g_isSlaveVoice                           0x20000041   Data           1  main.o(.data)
    g_motoInvalidCounter                     0x20000042   Data           1  main.o(.data)
    g_upDnSensor                             0x20000043   Data           1  main.o(.data)
    g_comStatue                              0x20000044   Data           1  main.o(.data)
    slvPilotSet                              0x2000004c   Data           2  main.o(.data)
    bkParas                                  0x2000004e   Data           3  main.o(.data)
    mstPara                                  0x20000054   Data           4  main.o(.data)
    g_cmdMode                                0x20000058   Data           4  main.o(.data)
    g_expAccHotWarnValue                     0x2000005c   Data           4  main.o(.data)
    g_bkTmr                                  0x20000064   Data           4  main.o(.data)
    g_bzTmr                                  0x20000068   Data           4  main.o(.data)
    pSnrSet                                  0x2000006c   Data           4  main.o(.data)
    TASK_RPTFLASH_STK                        0x20000070   Data           4  main.o(.data)
    g_expTTLPara1                            0x20000074   Data           1  main.o(.data)
    g_expTTLPara2                            0x20000075   Data           1  main.o(.data)
    g_isReflectPulled                        0x20000076   Data           1  main.o(.data)
    g_GnScale                                0x20000077   Data          34  main.o(.data)
    g_comAck                                 0x20000099   Data           1  main.o(.data)
    flashPara                                0x2000009c   Data           8  main.o(.data)
    g_snrIndex                               0x200000a4   Data           1  menu.o(.data)
    g_snrSubIndex                            0x200000a5   Data           1  menu.o(.data)
    g_snrPageIndex                           0x200000a6   Data           1  menu.o(.data)
    g_snrMyMenuBits                          0x200000a8   Data           4  menu.o(.data)
    g_snrStart                               0x200000ac   Data           1  menu.o(.data)
    g_snrMyMenuSelStart                      0x200000ad   Data           1  menu.o(.data)
    g_snrMyMenuSelIndex                      0x200000ae   Data           1  menu.o(.data)
    snrSubMode                               0x200000b0   Data          12  menu.o(.data)
    snrSubApert                              0x200000bc   Data          12  menu.o(.data)
    snrSubFxDx                               0x200000c8   Data          12  menu.o(.data)
    snrSubAf                                 0x200000d4   Data          12  menu.o(.data)
    snrSubIso                                0x200000e0   Data          12  menu.o(.data)
    snrSubReset0                             0x200000ec   Data          12  menu.o(.data)
    snrSubChan                               0x200000f8   Data          12  menu.o(.data)
    snrSubLinkMode                           0x20000104   Data          12  menu.o(.data)
    snrSubPair                               0x20000110   Data          12  menu.o(.data)
    snrSubPin                                0x2000011c   Data          12  menu.o(.data)
    snrSubName                               0x20000128   Data          12  menu.o(.data)
    snrSubMft                                0x20000134   Data          12  menu.o(.data)
    snrSubVer                                0x20000140   Data          12  menu.o(.data)
    snrSubReset1                             0x2000014c   Data          12  menu.o(.data)
    g_moto_error                             0x20000158   Data           1  moto.o(.data)
    g_chargeShadow                           0x2000015b   Data           1  moto.o(.data)
    g_flectDestRsv                           0x20000160   Data           2  moto.o(.data)
    g_menuId                                 0x20000164   Data           1  nikdisplay.o(.data)
    g_allMyMenuSw                            0x20000165   Data           1  nikdisplay.o(.data)
    g_flashMode                              0x20000166   Data           1  nikdisplay.o(.data)
    g_cmrFxOrDx                              0x20000167   Data           1  nikdisplay.o(.data)
    g_isSoftLightCoverOn                     0x20000168   Data           1  nikdisplay.o(.data)
    g_dspCmpMod                              0x20000169   Data           1  nikdisplay.o(.data)
    g_dspUpdateFlag                          0x2000016a   Data           2  nikdisplay.o(.data)
    nikMaxCalc                               0x2000016c   Data         140  nikdisplay.o(.data)
    btnNull                                  0x200001f8   Data          20  nikdisplay.o(.data)
    btnNullBack                              0x2000020c   Data          20  nikdisplay.o(.data)
    btnZoom                                  0x20000220   Data          20  nikdisplay.o(.data)
    btnZoomBack                              0x20000234   Data          20  nikdisplay.o(.data)
    btnPilot                                 0x20000248   Data          20  nikdisplay.o(.data)
    btnMyMenuBack                            0x2000025c   Data          20  nikdisplay.o(.data)
    btnMyMenuSel                             0x20000270   Data          20  nikdisplay.o(.data)
    btnFlashMode                             0x20000284   Data          20  nikdisplay.o(.data)
    fac_us                                   0x20000298   Data           1  delay.o(.data)
    fac_ms                                   0x2000029a   Data           2  delay.o(.data)
    g_rcvBufIndex                            0x2000029c   Data           1  spi.o(.data)
    g_srFlag                                 0x2000029d   Data           1  spi.o(.data)
    g_srMod                                  0x2000029e   Data           1  spi.o(.data)
    g_spiBuf                                 0x2000029f   Data           1  spi.o(.data)
    g_cmdCode                                0x200002a0   Data           1  spi.o(.data)
    g_datRcvFlag                             0x200002a1   Data           1  spi.o(.data)
    g_isAfOn                                 0x200002a2   Data           1  spi.o(.data)
    g_afOnCnt                                0x200002a3   Data           1  spi.o(.data)
    g_cmdSrFlag                              0x200002a4   Data           1  spi.o(.data)
    g_srTotal                                0x200002a5   Data           1  spi.o(.data)
    g_srIndex                                0x200002a6   Data           1  spi.o(.data)
    g_isComStop                              0x200002a7   Data           1  spi.o(.data)
    g_flaLockFlag                            0x200002a8   Data           1  spi.o(.data)
    g_isHotProtect                           0x200002a9   Data           1  spi.o(.data)
    g_isAutoStby                             0x200002aa   Data           1  spi.o(.data)
    macData4                                 0x200002ab   Data           3  spi.o(.data)
    macData5                                 0x200002ae   Data           3  spi.o(.data)
    sendRecord                               0x200002b1   Data           3  spi.o(.data)
    g_pSendRcv                               0x200002b4   Data           4  spi.o(.data)
    macData1                                 0x200002b8   Data          18  spi.o(.data)
    macData2                                 0x200002ca   Data          22  spi.o(.data)
    macData3                                 0x200002e0   Data          46  spi.o(.data)
    g_isFlashWeak                            0x2000030e   Data           1  spi.o(.data)
    g_FlashWeakLevels                        0x2000030f   Data           1  spi.o(.data)
    g_tmHandleFlag                           0x20000310   Data           1  timer.o(.data)
    OSCPUUsage                               0x20000314   Data           1  os_core.o(.data)
    OSStatRdy                                0x20000315   Data           1  os_core.o(.data)
    OSIntNesting                             0x20000316   Data           1  os_core.o(.data)
    OSIntExitY                               0x20000317   Data           1  os_core.o(.data)
    OSLockNesting                            0x20000318   Data           1  os_core.o(.data)
    OSPrioCur                                0x20000319   Data           1  os_core.o(.data)
    OSPrioHighRdy                            0x2000031a   Data           1  os_core.o(.data)
    OSRdyGrp                                 0x2000031b   Data           1  os_core.o(.data)
    OSRunning                                0x2000031c   Data           1  os_core.o(.data)
    OSTaskCtr                                0x2000031d   Data           1  os_core.o(.data)
    OSRdyTbl                                 0x2000031e   Data           3  os_core.o(.data)
    OSCtxSwCtr                               0x20000324   Data           4  os_core.o(.data)
    OSEventFreeList                          0x20000328   Data           4  os_core.o(.data)
    OSIdleCtrMax                             0x2000032c   Data           4  os_core.o(.data)
    OSIdleCtrRun                             0x20000330   Data           4  os_core.o(.data)
    OSIdleCtr                                0x20000334   Data           4  os_core.o(.data)
    OSTCBCur                                 0x20000338   Data           4  os_core.o(.data)
    OSTCBFreeList                            0x2000033c   Data           4  os_core.o(.data)
    OSTCBHighRdy                             0x20000340   Data           4  os_core.o(.data)
    OSTCBList                                0x20000344   Data           4  os_core.o(.data)
    OSTime                                   0x20000348   Data           4  os_core.o(.data)
    OSFlagFreeList                           0x2000034c   Data           4  os_core.o(.data)
    OSMemFreeList                            0x20000350   Data           4  os_core.o(.data)
    OSQFreeList                              0x20000354   Data           4  os_core.o(.data)
    OSTmrFree                                0x20000358   Data           2  os_core.o(.data)
    OSTmrUsed                                0x2000035a   Data           2  os_core.o(.data)
    OSTmrTime                                0x2000035c   Data           4  os_core.o(.data)
    OSTmrSem                                 0x20000360   Data           4  os_core.o(.data)
    OSTmrSemSignal                           0x20000364   Data           4  os_core.o(.data)
    OSTmrFreeList                            0x20000368   Data           4  os_core.o(.data)
    OSInterrputSum                           0x2000036c   Data           4  os_cpu_c.o(.data)
    nikWireless                              0x20000384   Data          92  flash.o(.bss)
    mainPara                                 0x200003e0   Data         112  main.o(.bss)
    rptSet                                   0x20000450   Data          32  main.o(.bss)
    TASK_LED1_STK                            0x20000470   Data         512  main.o(.bss)
    TASK_VOLTAGE_STK                         0x20000670   Data         256  main.o(.bss)
    TASK_COMPROC_STK                         0x20000770   Data         512  main.o(.bss)
    TASK_KEYPROC_STK                         0x20000970   Data         512  main.o(.bss)
    TASK_START_STK                           0x20000b70   Data         256  main.o(.bss)
    TASK_MOTOTICK_STK                        0x20000c70   Data         256  main.o(.bss)
    funcMenu                                 0x20000d70   Data          84  nikdisplay.o(.bss)
    wlSet                                    0x20000dc4   Data          10  spi.o(.bss)
    motoSet                                  0x20000dd0   Data          40  spi.o(.bss)
    receive_arrary                           0x20000df8   Data         100  spi.o(.bss)
    cmrPara                                  0x20000e5c   Data          32  spi.o(.bss)
    STMFLASH_BUF                             0x20000e7c   Data        2400  stmflash.o(.bss)
    OSEventTbl                               0x200017dc   Data          24  os_core.o(.bss)
    OSTaskStatStk                            0x200017f4   Data        2048  os_core.o(.bss)
    OSTaskIdleStk                            0x20001ff4   Data        2048  os_core.o(.bss)
    OSTCBPrioTbl                             0x200027f4   Data          80  os_core.o(.bss)
    OSTCBTbl                                 0x20002844   Data         468  os_core.o(.bss)
    OSFlagTbl                                0x20002a18   Data          60  os_core.o(.bss)
    OSMemTbl                                 0x20002a54   Data         100  os_core.o(.bss)
    OSQTbl                                   0x20002ab8   Data          48  os_core.o(.bss)
    OSTmrTbl                                 0x20002ae8   Data         576  os_core.o(.bss)
    OSTmrTaskStk                             0x20002d28   Data         512  os_core.o(.bss)
    OSTmrWheelTbl                            0x20002f28   Data          64  os_core.o(.bss)
    __initial_sp                             0x20003168   Data           0  stm32f10x.o(STACK)



==============================================================================

Memory Map of the image

  Image Entry point : 0x080050ed

  Load Region LR_IROM1 (Base: 0x08005000, Size: 0x000125d8, Max: 0x00020000, ABSOLUTE, COMPRESSED[0x000123d4])

    Execution Region ER_IROM1 (Base: 0x08005000, Size: 0x00012254, Max: 0x00020000, ABSOLUTE)

    Base Addr    Size         Type   Attr      Idx    E Section Name        Object

    0x08005000   0x000000ec   Data   RO            3    RESET               stm32f10x.o
    0x080050ec   0x00000000   Code   RO         1298  * .ARM.Collect$$$$00000000  mc_w.l(entry.o)
    0x080050ec   0x00000004   Code   RO         1323    .ARM.Collect$$$$00000001  mc_w.l(entry2.o)
    0x080050f0   0x00000004   Code   RO         1326    .ARM.Collect$$$$00000004  mc_w.l(entry5.o)
    0x080050f4   0x00000000   Code   RO         1328    .ARM.Collect$$$$00000008  mc_w.l(entry7b.o)
    0x080050f4   0x00000000   Code   RO         1330    .ARM.Collect$$$$0000000A  mc_w.l(entry8b.o)
    0x080050f4   0x00000008   Code   RO         1331    .ARM.Collect$$$$0000000B  mc_w.l(entry9a.o)
    0x080050fc   0x00000000   Code   RO         1333    .ARM.Collect$$$$0000000D  mc_w.l(entry10a.o)
    0x080050fc   0x00000000   Code   RO         1335    .ARM.Collect$$$$0000000F  mc_w.l(entry11a.o)
    0x080050fc   0x00000004   Code   RO         1324    .ARM.Collect$$$$00002712  mc_w.l(entry2.o)
    0x08005100   0x00000002   Code   RO          377    .emb_text           sys.o
    0x08005102   0x00000002   PAD
    0x08005104   0x0000001c   Code   RO            4    .text               stm32f10x.o
    0x08005120   0x00001ca8   Code   RO           10    .text               flash.o
    0x08006dc8   0x00001594   Code   RO          175    .text               keyproc.o
    0x0800835c   0x00000a8c   Code   RO          211    .text               main.o
    0x08008de8   0x000012bc   Code   RO          258    .text               menu.o
    0x0800a0a4   0x000004e8   Code   RO          297    .text               moto.o
    0x0800a58c   0x00003f08   Code   RO          321    .text               nikdisplay.o
    0x0800e494   0x000000a8   Code   RO          362    .text               delay.o
    0x0800e53c   0x00000598   Code   RO          378    .text               sys.o
    0x0800ead4   0x000000b4   Code   RO          404    .text               usart.o
    0x0800eb88   0x00000448   Code   RO          433    .text               led.o
    0x0800efd0   0x00001468   Code   RO          468    .text               spi.o
    0x08010438   0x00000308   Code   RO          518    .text               timer.o
    0x08010740   0x0000051c   Code   RO          547    .text               lcddriver.o
    0x08010c5c   0x000001f8   Code   RO          805    .text               stmflash.o
    0x08010e54   0x000004f0   Code   RO          824    .text               os_core.o
    0x08011344   0x00000474   Code   RO          859    .text               os_flag.o
    0x080117b8   0x00000164   Code   RO          884    .text               os_mem.o
    0x0801191c   0x00000420   Code   RO          908    .text               os_q.o
    0x08011d3c   0x00000204   Code   RO          920    .text               os_sem.o
    0x08011f40   0x00000408   Code   RO          932    .text               os_task.o
    0x08012348   0x00000150   Code   RO          944    .text               os_time.o
    0x08012498   0x000004c8   Code   RO          956    .text               os_tmr.o
    0x08012960   0x00000086   Code   RO          982    .text               os_cpu_c.o
    0x080129e6   0x00000002   PAD
    0x080129e8   0x000000dc   Code   RO         1004    .text               os_cpu_a.o
    0x08012ac4   0x000000b0   Code   RO         1017    .text               misc.o
    0x08012b74   0x00000330   Code   RO         1029    .text               stm32f10x_adc.o
    0x08012ea4   0x000000e8   Code   RO         1125    .text               stm32f10x_exti.o
    0x08012f8c   0x0000047c   Code   RO         1137    .text               stm32f10x_flash.o
    0x08013408   0x0000026c   Code   RO         1162    .text               stm32f10x_gpio.o
    0x08013674   0x000000d4   Code   RO         1198    .text               stm32f10x_pwr.o
    0x08013748   0x000002b4   Code   RO         1210    .text               stm32f10x_rcc.o
    0x080139fc   0x00000274   Code   RO         1249    .text               stm32f10x_spi.o
    0x08013c70   0x00000328   Code   RO         1274    .text               stm32f10x_usart.o
    0x08013f98   0x00000024   Code   RO         1301    .text               mc_w.l(memcpya.o)
    0x08013fbc   0x00000024   Code   RO         1303    .text               mc_w.l(memseta.o)
    0x08013fe0   0x000000b0   Code   RO         1307    .text               mf_w.l(fadd.o)
    0x08014090   0x00000064   Code   RO         1309    .text               mf_w.l(fmul.o)
    0x080140f4   0x0000007c   Code   RO         1311    .text               mf_w.l(fdiv.o)
    0x08014170   0x00000018   Code   RO         1313    .text               mf_w.l(fscalb.o)
    0x08014188   0x0000000a   Code   RO         1315    .text               mf_w.l(ffltui.o)
    0x08014192   0x00000032   Code   RO         1317    .text               mf_w.l(ffixi.o)
    0x080141c4   0x00000028   Code   RO         1319    .text               mf_w.l(ffixui.o)
    0x080141ec   0x00000014   Code   RO         1321    .text               mf_w.l(cfcmple.o)
    0x08014200   0x00000000   Code   RO         1337    .text               mc_w.l(iusefp.o)
    0x08014200   0x0000006e   Code   RO         1338    .text               mf_w.l(fepilogue.o)
    0x0801426e   0x00000002   PAD
    0x08014270   0x00000024   Code   RO         1340    .text               mc_w.l(init.o)
    0x08014294   0x00000056   Code   RO         1350    .text               mc_w.l(__dczerorl2.o)
    0x080142ea   0x0000000e   Code   RO         1344    i.__scatterload_copy  mc_w.l(handlers.o)
    0x080142f8   0x00000002   Code   RO         1345    i.__scatterload_null  mc_w.l(handlers.o)
    0x080142fa   0x0000000e   Code   RO         1346    i.__scatterload_zeroinit  mc_w.l(handlers.o)
    0x08014308   0x000000e0   Data   RO           12    .constdata          flash.o
    0x080143e8   0x00000003   Data   RO          259    .constdata          menu.o
    0x080143eb   0x00000001   PAD
    0x080143ec   0x000000e0   Data   RO          260    .constdata          menu.o
    0x080144cc   0x00000030   Data   RO          298    .constdata          moto.o
    0x080144fc   0x000004a0   Data   RO          323    .constdata          nikdisplay.o
    0x0801499c   0x00000058   Data   RO          324    .constdata          nikdisplay.o
    0x080149f4   0x00000293   Data   RO          472    .constdata          spi.o
    0x08014c87   0x00000022   Data   RO          586    .constdata          font.o
    0x08014ca9   0x00000032   Data   RO          587    .constdata          font.o
    0x08014cdb   0x0000003e   Data   RO          588    .constdata          font.o
    0x08014d19   0x00000026   Data   RO          589    .constdata          font.o
    0x08014d3f   0x00000044   Data   RO          590    .constdata          font.o
    0x08014d83   0x0000002c   Data   RO          591    .constdata          font.o
    0x08014daf   0x0000002e   Data   RO          592    .constdata          font.o
    0x08014ddd   0x00000038   Data   RO          593    .constdata          font.o
    0x08014e15   0x00000050   Data   RO          594    .constdata          font.o
    0x08014e65   0x00000080   Data   RO          595    .constdata          font.o
    0x08014ee5   0x0000003c   Data   RO          596    .constdata          font.o
    0x08014f21   0x00000064   Data   RO          597    .constdata          font.o
    0x08014f85   0x000000a0   Data   RO          598    .constdata          font.o
    0x08015025   0x0000000e   Data   RO          599    .constdata          font.o
    0x08015033   0x000000c8   Data   RO          600    .constdata          font.o
    0x080150fb   0x00000078   Data   RO          601    .constdata          font.o
    0x08015173   0x00000078   Data   RO          602    .constdata          font.o
    0x080151eb   0x00000004   Data   RO          603    .constdata          font.o
    0x080151ef   0x00000004   Data   RO          604    .constdata          font.o
    0x080151f3   0x00000016   Data   RO          605    .constdata          font.o
    0x08015209   0x00000022   Data   RO          606    .constdata          font.o
    0x0801522b   0x00000038   Data   RO          607    .constdata          font.o
    0x08015263   0x00000090   Data   RO          609    .constdata          font.o
    0x080152f3   0x0000000a   Data   RO          611    .constdata          font.o
    0x080152fd   0x0000000a   Data   RO          612    .constdata          font.o
    0x08015307   0x0000000e   Data   RO          613    .constdata          font.o
    0x08015315   0x00000012   Data   RO          614    .constdata          font.o
    0x08015327   0x00000028   Data   RO          615    .constdata          font.o
    0x0801534f   0x00000010   Data   RO          616    .constdata          font.o
    0x0801535f   0x00000028   Data   RO          617    .constdata          font.o
    0x08015387   0x00000006   Data   RO          618    .constdata          font.o
    0x0801538d   0x00000010   Data   RO          619    .constdata          font.o
    0x0801539d   0x0000001e   Data   RO          620    .constdata          font.o
    0x080153bb   0x0000002a   Data   RO          621    .constdata          font.o
    0x080153e5   0x000000d8   Data   RO          622    .constdata          font.o
    0x080154bd   0x000000d8   Data   RO          623    .constdata          font.o
    0x08015595   0x000000e0   Data   RO          624    .constdata          font.o
    0x08015675   0x000000e2   Data   RO          625    .constdata          font.o
    0x08015757   0x00000016   Data   RO          629    .constdata          font.o
    0x0801576d   0x00000009   Data   RO          630    .constdata          font.o
    0x08015776   0x0000000b   Data   RO          631    .constdata          font.o
    0x08015781   0x00000006   Data   RO          632    .constdata          font.o
    0x08015787   0x00000006   Data   RO          633    .constdata          font.o
    0x0801578d   0x0000000e   Data   RO          634    .constdata          font.o
    0x0801579b   0x00000032   Data   RO          635    .constdata          font.o
    0x080157cd   0x00000034   Data   RO          636    .constdata          font.o
    0x08015801   0x0000001a   Data   RO          637    .constdata          font.o
    0x0801581b   0x0000000e   Data   RO          640    .constdata          font.o
    0x08015829   0x00000064   Data   RO          648    .constdata          font.o
    0x0801588d   0x0000000e   Data   RO          655    .constdata          font.o
    0x0801589b   0x00000006   Data   RO          656    .constdata          font.o
    0x080158a1   0x00000014   Data   RO          657    .constdata          font.o
    0x080158b5   0x0000001a   Data   RO          658    .constdata          font.o
    0x080158cf   0x00000008   Data   RO          659    .constdata          font.o
    0x080158d7   0x00000006   Data   RO          660    .constdata          font.o
    0x080158dd   0x00000006   Data   RO          661    .constdata          font.o
    0x080158e3   0x00000016   Data   RO          662    .constdata          font.o
    0x080158f9   0x0000002c   Data   RO          663    .constdata          font.o
    0x08015925   0x00000008   Data   RO          686    .constdata          font.o
    0x0801592d   0x00000008   Data   RO          687    .constdata          font.o
    0x08015935   0x00000027   Data   RO          697    .constdata          font.o
    0x0801595c   0x0000001a   Data   RO          700    .constdata          font.o
    0x08015976   0x0000001a   Data   RO          701    .constdata          font.o
    0x08015990   0x00000548   Data   RO          704    .constdata          font.o
    0x08015ed8   0x00000020   Data   RO          705    .constdata          font.o
    0x08015ef8   0x00000020   Data   RO          706    .constdata          font.o
    0x08015f18   0x00000084   Data   RO          707    .constdata          font.o
    0x08015f9c   0x0000001e   Data   RO          708    .constdata          font.o
    0x08015fba   0x0000001e   Data   RO          709    .constdata          font.o
    0x08015fd8   0x0000001e   Data   RO          710    .constdata          font.o
    0x08015ff6   0x0000001e   Data   RO          711    .constdata          font.o
    0x08016014   0x00000004   Data   RO          712    .constdata          font.o
    0x08016018   0x00000006   Data   RO          713    .constdata          font.o
    0x0801601e   0x00000006   Data   RO          714    .constdata          font.o
    0x08016024   0x0000001e   Data   RO          715    .constdata          font.o
    0x08016042   0x00000036   Data   RO          716    .constdata          font.o
    0x08016078   0x00000028   Data   RO          717    .constdata          font.o
    0x080160a0   0x00000016   Data   RO          718    .constdata          font.o
    0x080160b6   0x00000016   Data   RO          719    .constdata          font.o
    0x080160cc   0x00000016   Data   RO          720    .constdata          font.o
    0x080160e2   0x00000016   Data   RO          721    .constdata          font.o
    0x080160f8   0x00000016   Data   RO          722    .constdata          font.o
    0x0801610e   0x00000016   Data   RO          723    .constdata          font.o
    0x08016124   0x00000036   Data   RO          724    .constdata          font.o
    0x0801615a   0x00000012   Data   RO          725    .constdata          font.o
    0x0801616c   0x00000026   Data   RO          726    .constdata          font.o
    0x08016192   0x00000016   Data   RO          727    .constdata          font.o
    0x080161a8   0x00000012   Data   RO          728    .constdata          font.o
    0x080161ba   0x000000a0   Data   RO          729    .constdata          font.o
    0x0801625a   0x00000042   Data   RO          730    .constdata          font.o
    0x0801629c   0x00000058   Data   RO          731    .constdata          font.o
    0x080162f4   0x00000048   Data   RO          732    .constdata          font.o
    0x0801633c   0x00000038   Data   RO          733    .constdata          font.o
    0x08016374   0x00000038   Data   RO          734    .constdata          font.o
    0x080163ac   0x00000030   Data   RO          735    .constdata          font.o
    0x080163dc   0x0000002a   Data   RO          736    .constdata          font.o
    0x08016406   0x00000014   Data   RO          737    .constdata          font.o
    0x0801641a   0x0000000b   Data   RO          738    .constdata          font.o
    0x08016425   0x00000004   Data   RO          739    .constdata          font.o
    0x08016429   0x00000010   Data   RO          740    .constdata          font.o
    0x08016439   0x0000001c   Data   RO          741    .constdata          font.o
    0x08016455   0x0000003c   Data   RO          742    .constdata          font.o
    0x08016491   0x00000020   Data   RO          743    .constdata          font.o
    0x080164b1   0x0000001a   Data   RO          744    .constdata          font.o
    0x080164cb   0x0000000e   Data   RO          745    .constdata          font.o
    0x080164d9   0x0000000e   Data   RO          746    .constdata          font.o
    0x080164e7   0x00000084   Data   RO          747    .constdata          font.o
    0x0801656b   0x0000002d   Data   RO          748    .constdata          font.o
    0x08016598   0x0000001e   Data   RO          749    .constdata          font.o
    0x080165b6   0x00000010   Data   RO          751    .constdata          font.o
    0x080165c6   0x00000010   Data   RO          752    .constdata          font.o
    0x080165d6   0x00000174   Data   RO          753    .constdata          font.o
    0x0801674a   0x0000002c   Data   RO          754    .constdata          font.o
    0x08016776   0x00000012   Data   RO          755    .constdata          font.o
    0x08016788   0x00000087   Data   RO          756    .constdata          font.o
    0x0801680f   0x0000001a   Data   RO          757    .constdata          font.o
    0x08016829   0x0000001a   Data   RO          758    .constdata          font.o
    0x08016843   0x0000001a   Data   RO          759    .constdata          font.o
    0x0801685d   0x00000009   Data   RO          760    .constdata          font.o
    0x08016866   0x00000009   Data   RO          761    .constdata          font.o
    0x0801686f   0x00000009   Data   RO          762    .constdata          font.o
    0x08016878   0x00000087   Data   RO          763    .constdata          font.o
    0x080168ff   0x00000087   Data   RO          764    .constdata          font.o
    0x08016986   0x00000087   Data   RO          765    .constdata          font.o
    0x08016a0d   0x00000081   Data   RO          766    .constdata          font.o
    0x08016a8e   0x0000002d   Data   RO          767    .constdata          font.o
    0x08016abb   0x00000069   Data   RO          768    .constdata          font.o
    0x08016b24   0x0000008d   Data   RO          769    .constdata          font.o
    0x08016bb1   0x0000003c   Data   RO          770    .constdata          font.o
    0x08016bed   0x0000008d   Data   RO          771    .constdata          font.o
    0x08016c7a   0x00000090   Data   RO          772    .constdata          font.o
    0x08016d0a   0x00000096   Data   RO          773    .constdata          font.o
    0x08016da0   0x00000054   Data   RO          774    .constdata          font.o
    0x08016df4   0x0000003c   Data   RO          775    .constdata          font.o
    0x08016e30   0x00000051   Data   RO          776    .constdata          font.o
    0x08016e81   0x0000005d   Data   RO          782    .constdata          font.o
    0x08016ede   0x0000004e   Data   RO          783    .constdata          font.o
    0x08016f2c   0x00000090   Data   RO          784    .constdata          font.o
    0x08016fbc   0x0000000c   Data   RO          785    .constdata          font.o
    0x08016fc8   0x0000000c   Data   RO          786    .constdata          font.o
    0x08016fd4   0x0000000c   Data   RO          787    .constdata          font.o
    0x08016fe0   0x0000000c   Data   RO          788    .constdata          font.o
    0x08016fec   0x00000046   Data   RO          789    .constdata          font.o
    0x08017032   0x00000026   Data   RO          790    .constdata          font.o
    0x08017058   0x00000036   Data   RO          791    .constdata          font.o
    0x0801708e   0x00000040   Data   RO          792    .constdata          font.o
    0x080170ce   0x0000005a   Data   RO          793    .constdata          font.o
    0x08017128   0x00000108   Data   RO          832    .constdata          os_core.o
    0x08017230   0x00000001   Data   RO          325    .conststring        nikdisplay.o
    0x08017231   0x00000003   PAD
    0x08017234   0x00000020   Data   RO         1342    Region$$Table       anon$$obj.o


    Execution Region RW_IRAM1 (Base: 0x20000000, Size: 0x00003168, Max: 0x00005000, ABSOLUTE, COMPRESSED[0x00000180])

    Base Addr    Size         Type   Attr      Idx    E Section Name        Object

    0x20000000   0x00000008   Data   RW           13    .data               flash.o
    0x20000008   0x00000001   Data   RW           14    .data               flash.o
    0x20000009   0x00000001   Data   RW           15    .data               flash.o
    0x2000000a   0x00000002   PAD
    0x2000000c   0x00000030   Data   RW          176    .data               keyproc.o
    0x2000003c   0x00000001   Data   RW          177    .data               keyproc.o
    0x2000003d   0x00000001   Data   RW          178    .data               keyproc.o
    0x2000003e   0x00000001   Data   RW          179    .data               keyproc.o
    0x2000003f   0x00000001   Data   RW          215    .data               main.o
    0x20000040   0x00000034   Data   RW          216    .data               main.o
    0x20000074   0x00000001   Data   RW          217    .data               main.o
    0x20000075   0x00000001   Data   RW          218    .data               main.o
    0x20000076   0x00000001   Data   RW          219    .data               main.o
    0x20000077   0x00000022   Data   RW          221    .data               main.o
    0x20000099   0x00000001   Data   RW          222    .data               main.o
    0x2000009a   0x00000002   PAD
    0x2000009c   0x00000008   Data   RW          229    .data               main.o
    0x200000a4   0x00000008   Data   RW          261    .data               menu.o
    0x200000ac   0x00000001   Data   RW          262    .data               menu.o
    0x200000ad   0x00000001   Data   RW          263    .data               menu.o
    0x200000ae   0x00000001   Data   RW          264    .data               menu.o
    0x200000af   0x00000001   PAD
    0x200000b0   0x0000000c   Data   RW          265    .data               menu.o
    0x200000bc   0x0000000c   Data   RW          266    .data               menu.o
    0x200000c8   0x0000000c   Data   RW          267    .data               menu.o
    0x200000d4   0x0000000c   Data   RW          268    .data               menu.o
    0x200000e0   0x0000000c   Data   RW          269    .data               menu.o
    0x200000ec   0x0000000c   Data   RW          270    .data               menu.o
    0x200000f8   0x0000000c   Data   RW          271    .data               menu.o
    0x20000104   0x0000000c   Data   RW          272    .data               menu.o
    0x20000110   0x0000000c   Data   RW          273    .data               menu.o
    0x2000011c   0x0000000c   Data   RW          274    .data               menu.o
    0x20000128   0x0000000c   Data   RW          275    .data               menu.o
    0x20000134   0x0000000c   Data   RW          276    .data               menu.o
    0x20000140   0x0000000c   Data   RW          277    .data               menu.o
    0x2000014c   0x0000000c   Data   RW          278    .data               menu.o
    0x20000158   0x0000000a   Data   RW          299    .data               moto.o
    0x20000162   0x00000002   PAD
    0x20000164   0x00000134   Data   RW          326    .data               nikdisplay.o
    0x20000298   0x00000004   Data   RW          363    .data               delay.o
    0x2000029c   0x00000072   Data   RW          480    .data               spi.o
    0x2000030e   0x00000001   Data   RW          481    .data               spi.o
    0x2000030f   0x00000001   Data   RW          482    .data               spi.o
    0x20000310   0x00000001   Data   RW          519    .data               timer.o
    0x20000311   0x00000003   PAD
    0x20000314   0x00000038   Data   RW          833    .data               os_core.o
    0x2000034c   0x00000004   Data   RW          834    .data               os_core.o
    0x20000350   0x00000004   Data   RW          835    .data               os_core.o
    0x20000354   0x00000004   Data   RW          836    .data               os_core.o
    0x20000358   0x00000002   Data   RW          837    .data               os_core.o
    0x2000035a   0x00000002   Data   RW          838    .data               os_core.o
    0x2000035c   0x00000004   Data   RW          839    .data               os_core.o
    0x20000360   0x00000004   Data   RW          840    .data               os_core.o
    0x20000364   0x00000004   Data   RW          841    .data               os_core.o
    0x20000368   0x00000004   Data   RW          842    .data               os_core.o
    0x2000036c   0x00000004   Data   RW          983    .data               os_cpu_c.o
    0x20000370   0x00000014   Data   RW         1211    .data               stm32f10x_rcc.o
    0x20000384   0x0000005c   Zero   RW           11    .bss                flash.o
    0x200003e0   0x00000990   Zero   RW          212    .bss                main.o
    0x20000d70   0x00000054   Zero   RW          322    .bss                nikdisplay.o
    0x20000dc4   0x000000b8   Zero   RW          471    .bss                spi.o
    0x20000e7c   0x00000960   Zero   RW          806    .bss                stmflash.o
    0x200017dc   0x0000123c   Zero   RW          825    .bss                os_core.o
    0x20002a18   0x0000003c   Zero   RW          826    .bss                os_core.o
    0x20002a54   0x00000064   Zero   RW          827    .bss                os_core.o
    0x20002ab8   0x00000030   Zero   RW          828    .bss                os_core.o
    0x20002ae8   0x00000240   Zero   RW          829    .bss                os_core.o
    0x20002d28   0x00000200   Zero   RW          830    .bss                os_core.o
    0x20002f28   0x00000040   Zero   RW          831    .bss                os_core.o
    0x20002f68   0x00000200   Zero   RW            1    STACK               stm32f10x.o


==============================================================================

Image component sizes


      Code (inc. data)   RO Data    RW Data    ZI Data      Debug   Object Name

       168          6          0          4          0       1573   delay.o
      7336        406        224         10         92     305579   flash.o
         0          0       9377          0          0      12029   font.o
      5524        490          0         51          0      35676   keyproc.o
      1308         56          0          0          0       5223   lcddriver.o
      1096        126          0          0          0       1699   led.o
      2700        294          0         99       2448      23680   main.o
      4796        204        227        179          0      17590   menu.o
       176         14          0          0          0       1985   misc.o
      1256         54         48         10          0       5939   moto.o
     16136        866       1273        308         84      38114   nikdisplay.o
      1264         34        264         88       6028      13879   os_core.o
       220         40          0          0          0        356   os_cpu_a.o
       134          0          0          4          0       9977   os_cpu_c.o
      1140         24          0          0          0       5756   os_flag.o
       356         10          0          0          0       2622   os_mem.o
      1056         22          0          0          0       4996   os_q.o
       516         12          0          0          0       2918   os_sem.o
      1032         46          0          0          0       4274   os_task.o
       336         22          0          0          0       1834   os_time.o
      1224         72          0          0          0      12631   os_tmr.o
      5224        334        659        116        184      30262   spi.o
        28          4        236          0        512        804   stm32f10x.o
       816         24          0          0          0      11373   stm32f10x_adc.o
       232          8          0          0          0       2483   stm32f10x_exti.o
      1148         22          0          0          0       9388   stm32f10x_flash.o
       620         36          0          0          0       5945   stm32f10x_gpio.o
       212         12          0          0          0       2274   stm32f10x_pwr.o
       692         32          0         20          0       9128   stm32f10x_rcc.o
       628         14          0          0          0       7086   stm32f10x_spi.o
       808         22          0          0          0       8864   stm32f10x_usart.o
       504         16          0          0       2400       4349   stmflash.o
      1434         88          0          0          0       5516   sys.o
       776         50          0          1          0       2781   timer.o
       180         18          0          0          0       2796   usart.o

    ----------------------------------------------------------------------
     61080       3478      12344        900      11748     611379   Object Totals
         0          0         32          0          0          0   (incl. Generated)
         4          0          4         10          0          0   (incl. Padding)

    ----------------------------------------------------------------------

      Code (inc. data)   RO Data    RW Data    ZI Data      Debug   Library Member Name

        86          0          0          0          0          0   __dczerorl2.o
         0          0          0          0          0          0   entry.o
         0          0          0          0          0          0   entry10a.o
         0          0          0          0          0          0   entry11a.o
         8          4          0          0          0          0   entry2.o
         4          0          0          0          0          0   entry5.o
         0          0          0          0          0          0   entry7b.o
         0          0          0          0          0          0   entry8b.o
         8          4          0          0          0          0   entry9a.o
        30          0          0          0          0          0   handlers.o
        36          8          0          0          0         68   init.o
         0          0          0          0          0          0   iusefp.o
        36          0          0          0          0         68   memcpya.o
        36          0          0          0          0        108   memseta.o
        20          0          0          0          0         68   cfcmple.o
       176          0          0          0          0        140   fadd.o
       124          0          0          0          0         88   fdiv.o
       110          0          0          0          0        168   fepilogue.o
        50          0          0          0          0         68   ffixi.o
        40          0          0          0          0         68   ffixui.o
        10          0          0          0          0         68   ffltui.o
       100          0          0          0          0         76   fmul.o
        24          0          0          0          0         68   fscalb.o

    ----------------------------------------------------------------------
       900         16          0          0          0       1056   Library Totals
         2          0          0          0          0          0   (incl. Padding)

    ----------------------------------------------------------------------

      Code (inc. data)   RO Data    RW Data    ZI Data      Debug   Library Name

       244         16          0          0          0        244   mc_w.l
       654          0          0          0          0        812   mf_w.l

    ----------------------------------------------------------------------
       900         16          0          0          0       1056   Library Totals

    ----------------------------------------------------------------------

==============================================================================


      Code (inc. data)   RO Data    RW Data    ZI Data      Debug   

     61980       3494      12344        900      11748     606115   Grand Totals
     61980       3494      12344        384      11748     606115   ELF Image Totals (compressed)
     61980       3494      12344        384          0          0   ROM Totals

==============================================================================

    Total RO  Size (Code + RO Data)                74324 (  72.58kB)
    Total RW  Size (RW Data + ZI Data)             12648 (  12.35kB)
    Total ROM Size (Code + RO Data + RW Data)      74708 (  72.96kB)

==============================================================================

